Archive member included to satisfy reference by file (symbol)

/home/dereklai/intelFPGA_lite/21.1/nios2eds/bin/gnu/H-x86_64-pc-linux-gnu/bin/../lib/gcc/nios2-elf/10.3.1/mno-hw-mul/libgcc.a(lib2-mul.o)
                              obj/default/main.o (__mulsi3)
/home/dereklai/intelFPGA_lite/21.1/nios2eds/bin/gnu/H-x86_64-pc-linux-gnu/bin/../lib/gcc/nios2-elf/10.3.1/mno-hw-mul/libgcc.a(divsf3.o)
                              obj/default/main.o (__divsf3)
/home/dereklai/intelFPGA_lite/21.1/nios2eds/bin/gnu/H-x86_64-pc-linux-gnu/bin/../lib/gcc/nios2-elf/10.3.1/mno-hw-mul/libgcc.a(floatsisf.o)
                              obj/default/main.o (__floatsisf)
/home/dereklai/intelFPGA_lite/21.1/nios2eds/bin/gnu/H-x86_64-pc-linux-gnu/bin/../lib/gcc/nios2-elf/10.3.1/mno-hw-mul/libgcc.a(_clzsi2.o)
                              /home/dereklai/intelFPGA_lite/21.1/nios2eds/bin/gnu/H-x86_64-pc-linux-gnu/bin/../lib/gcc/nios2-elf/10.3.1/mno-hw-mul/libgcc.a(divsf3.o) (__clzsi2)
/home/dereklai/intelFPGA_lite/21.1/nios2eds/bin/gnu/H-x86_64-pc-linux-gnu/bin/../lib/gcc/nios2-elf/10.3.1/mno-hw-mul/libgcc.a(_clz.o)
                              /home/dereklai/intelFPGA_lite/21.1/nios2eds/bin/gnu/H-x86_64-pc-linux-gnu/bin/../lib/gcc/nios2-elf/10.3.1/mno-hw-mul/libgcc.a(_clzsi2.o) (__clz_tab)
/home/dereklai/intelFPGA_lite/21.1/nios2eds/bin/gnu/H-x86_64-pc-linux-gnu/bin/../lib/gcc/nios2-elf/10.3.1/../../../../../H-x86_64-pc-linux-gnu/nios2-elf/lib/mno-hw-mul/libc.a(lib_a-fflush.o)
                              obj/default/main.o (fflush)
/home/dereklai/intelFPGA_lite/21.1/nios2eds/bin/gnu/H-x86_64-pc-linux-gnu/bin/../lib/gcc/nios2-elf/10.3.1/../../../../../H-x86_64-pc-linux-gnu/nios2-elf/lib/mno-hw-mul/libc.a(lib_a-findfp.o)
                              /home/dereklai/intelFPGA_lite/21.1/nios2eds/bin/gnu/H-x86_64-pc-linux-gnu/bin/../lib/gcc/nios2-elf/10.3.1/../../../../../H-x86_64-pc-linux-gnu/nios2-elf/lib/mno-hw-mul/libc.a(lib_a-fflush.o) (__sinit)
/home/dereklai/intelFPGA_lite/21.1/nios2eds/bin/gnu/H-x86_64-pc-linux-gnu/bin/../lib/gcc/nios2-elf/10.3.1/../../../../../H-x86_64-pc-linux-gnu/nios2-elf/lib/mno-hw-mul/libc.a(lib_a-freer.o)
                              /home/dereklai/intelFPGA_lite/21.1/nios2eds/bin/gnu/H-x86_64-pc-linux-gnu/bin/../lib/gcc/nios2-elf/10.3.1/../../../../../H-x86_64-pc-linux-gnu/nios2-elf/lib/mno-hw-mul/libc.a(lib_a-fflush.o) (_free_r)
/home/dereklai/intelFPGA_lite/21.1/nios2eds/bin/gnu/H-x86_64-pc-linux-gnu/bin/../lib/gcc/nios2-elf/10.3.1/../../../../../H-x86_64-pc-linux-gnu/nios2-elf/lib/mno-hw-mul/libc.a(lib_a-fwalk.o)
                              /home/dereklai/intelFPGA_lite/21.1/nios2eds/bin/gnu/H-x86_64-pc-linux-gnu/bin/../lib/gcc/nios2-elf/10.3.1/../../../../../H-x86_64-pc-linux-gnu/nios2-elf/lib/mno-hw-mul/libc.a(lib_a-findfp.o) (_fwalk)
/home/dereklai/intelFPGA_lite/21.1/nios2eds/bin/gnu/H-x86_64-pc-linux-gnu/bin/../lib/gcc/nios2-elf/10.3.1/../../../../../H-x86_64-pc-linux-gnu/nios2-elf/lib/mno-hw-mul/libc.a(lib_a-impure.o)
                              /home/dereklai/intelFPGA_lite/21.1/nios2eds/bin/gnu/H-x86_64-pc-linux-gnu/bin/../lib/gcc/nios2-elf/10.3.1/../../../../../H-x86_64-pc-linux-gnu/nios2-elf/lib/mno-hw-mul/libc.a(lib_a-fflush.o) (_global_impure_ptr)
/home/dereklai/intelFPGA_lite/21.1/nios2eds/bin/gnu/H-x86_64-pc-linux-gnu/bin/../lib/gcc/nios2-elf/10.3.1/../../../../../H-x86_64-pc-linux-gnu/nios2-elf/lib/mno-hw-mul/libc.a(lib_a-mallocr.o)
                              /home/dereklai/intelFPGA_lite/21.1/nios2eds/bin/gnu/H-x86_64-pc-linux-gnu/bin/../lib/gcc/nios2-elf/10.3.1/../../../../../H-x86_64-pc-linux-gnu/nios2-elf/lib/mno-hw-mul/libc.a(lib_a-findfp.o) (_malloc_r)
/home/dereklai/intelFPGA_lite/21.1/nios2eds/bin/gnu/H-x86_64-pc-linux-gnu/bin/../lib/gcc/nios2-elf/10.3.1/../../../../../H-x86_64-pc-linux-gnu/nios2-elf/lib/mno-hw-mul/libc.a(lib_a-memcpy.o)
                              obj/default/main.o (memcpy)
/home/dereklai/intelFPGA_lite/21.1/nios2eds/bin/gnu/H-x86_64-pc-linux-gnu/bin/../lib/gcc/nios2-elf/10.3.1/../../../../../H-x86_64-pc-linux-gnu/nios2-elf/lib/mno-hw-mul/libc.a(lib_a-memset.o)
                              obj/default/main.o (memset)
/home/dereklai/intelFPGA_lite/21.1/nios2eds/bin/gnu/H-x86_64-pc-linux-gnu/bin/../lib/gcc/nios2-elf/10.3.1/../../../../../H-x86_64-pc-linux-gnu/nios2-elf/lib/mno-hw-mul/libc.a(lib_a-sbrkr.o)
                              /home/dereklai/intelFPGA_lite/21.1/nios2eds/bin/gnu/H-x86_64-pc-linux-gnu/bin/../lib/gcc/nios2-elf/10.3.1/../../../../../H-x86_64-pc-linux-gnu/nios2-elf/lib/mno-hw-mul/libc.a(lib_a-freer.o) (_sbrk_r)
/home/dereklai/intelFPGA_lite/21.1/nios2eds/bin/gnu/H-x86_64-pc-linux-gnu/bin/../lib/gcc/nios2-elf/10.3.1/../../../../../H-x86_64-pc-linux-gnu/nios2-elf/lib/mno-hw-mul/libc.a(lib_a-stdio.o)
                              /home/dereklai/intelFPGA_lite/21.1/nios2eds/bin/gnu/H-x86_64-pc-linux-gnu/bin/../lib/gcc/nios2-elf/10.3.1/../../../../../H-x86_64-pc-linux-gnu/nios2-elf/lib/mno-hw-mul/libc.a(lib_a-findfp.o) (__sread)
[...]
Memory Configuration

Name             Origin             Length             Attributes
reset            0x0000000000020000 0x0000000000000020
onchip_memory    0x0000000000020020 0x0000000000015f70
*default*        0x0000000000000000 0xffffffffffffffff

Linker script and memory map

LOAD ../firmware02_bsp//obj/HAL/src/crt0.o
LOAD obj/default/main.o
LOAD /home/dereklai/intelFPGA_lite/21.1/nios2eds/bin/gnu/H-x86_64-pc-linux-gnu/bin/../lib/gcc/nios2-elf/10.3.1/../../../../../H-x86_64-pc-linux-gnu/nios2-elf/lib/mno-hw-mul/libstdc++.a
LOAD /home/dereklai/intelFPGA_lite/21.1/nios2eds/bin/gnu/H-x86_64-pc-linux-gnu/bin/../lib/gcc/nios2-elf/10.3.1/../../../../../H-x86_64-pc-linux-gnu/nios2-elf/lib/mno-hw-mul/libm.a
LOAD /home/dereklai/intelFPGA_lite/21.1/nios2eds/bin/gnu/H-x86_64-pc-linux-gnu/bin/../lib/gcc/nios2-elf/10.3.1/mno-hw-mul/libgcc.a
START GROUP
LOAD /home/dereklai/intelFPGA_lite/21.1/nios2eds/bin/gnu/H-x86_64-pc-linux-gnu/bin/../lib/gcc/nios2-elf/10.3.1/../../../../../H-x86_64-pc-linux-gnu/nios2-elf/lib/mno-hw-mul/libc.a
LOAD /home/dereklai/intelFPGA_lite/21.1/nios2eds/bin/gnu/H-x86_64-pc-linux-gnu/bin/../lib/gcc/nios2-elf/10.3.1/mno-hw-mul/libgcc.a
LOAD ../firmware02_bsp//libhal_bsp.a
LOAD /home/dereklai/intelFPGA_lite/21.1/nios2eds/bin/gnu/H-x86_64-pc-linux-gnu/bin/../lib/gcc/nios2-elf/10.3.1/../../../../../H-x86_64-pc-linux-gnu/nios2-elf/lib/mno-hw-mul/libm.a
END GROUP
LOAD /home/dereklai/intelFPGA_lite/21.1/nios2eds/bin/gnu/H-x86_64-pc-linux-gnu/bin/../lib/gcc/nios2-elf/10.3.1/mno-hw-mul/libgcc.a
                0x0000000000020000                __alt_mem_onchip_memory = 0x20000

.entry          0x0000000000020000       0x20
 *(.entry)
 .entry         0x0000000000020000       0x20 ../firmware02_bsp//obj/HAL/src/crt0.o
                0x0000000000020000                __reset

.exceptions     0x0000000000020020      0x208
                0x0000000000020020                PROVIDE (__ram_exceptions_start = ABSOLUTE (.))
                0x0000000000020020                . = ALIGN (0x20)
 *(.irq)
 *(.exceptions.entry.label)
 .exceptions.entry.label
                0x0000000000020020        0x0 ../firmware02_bsp//libhal_bsp.a(alt_irq_entry.o)
                0x0000000000020020                alt_irq_entry
 .exceptions.entry.label
                0x0000000000020020        0x0 ../firmware02_bsp//libhal_bsp.a(alt_exception_entry.o)
                0x0000000000020020                alt_exception
 *(.exceptions.entry.user)
 *(.exceptions.entry.ecc_fatal)
 *(.exceptions.entry)
 .exceptions.entry
                0x0000000000020020       0x54 ../firmware02_bsp//libhal_bsp.a(alt_exception_entry.o)
 *(.exceptions.irqtest.user)
 *(.exceptions.irqtest)
 .exceptions.irqtest
                0x0000000000020074       0x10 ../firmware02_bsp//libhal_bsp.a(alt_irq_entry.o)
 *(.exceptions.irqhandler.user)
 *(.exceptions.irqhandler)
 .exceptions.irqhandler
                0x0000000000020084        0x4 ../firmware02_bsp//libhal_bsp.a(alt_irq_entry.o)
 *(.exceptions.irqreturn.user)
 *(.exceptions.irqreturn)
 .exceptions.irqreturn
                0x0000000000020088        0x4 ../firmware02_bsp//libhal_bsp.a(alt_irq_entry.o)
 *(.exceptions.notirq.label)
 .exceptions.notirq.label
                0x000000000002008c        0x0 ../firmware02_bsp//libhal_bsp.a(alt_irq_entry.o)
 *(.exceptions.notirq.user)
 *(.exceptions.notirq)
 .exceptions.notirq
                0x000000000002008c        0x8 ../firmware02_bsp//libhal_bsp.a(alt_exception_entry.o)
 *(.exceptions.soft.user)
 *(.exceptions.soft)
 *(.exceptions.unknown.user)
 *(.exceptions.unknown)
 .exceptions.unknown
                0x0000000000020094       0x14 ../firmware02_bsp//libhal_bsp.a(alt_exception_entry.o)
 *(.exceptions.exit.label)
 .exceptions.exit.label
                0x00000000000200a8        0x0 ../firmware02_bsp//libhal_bsp.a(alt_irq_entry.o)
 .exceptions.exit.label
                0x00000000000200a8        0x0 ../firmware02_bsp//libhal_bsp.a(alt_exception_entry.o)
 *(.exceptions.exit.user)
 *(.exceptions.exit)
 .exceptions.exit
                0x00000000000200a8       0x54 ../firmware02_bsp//libhal_bsp.a(alt_exception_entry.o)
 *(.exceptions)
 .exceptions    0x00000000000200fc       0xcc ../firmware02_bsp//libhal_bsp.a(alt_irq_handler.o)
                0x00000000000200fc                alt_irq_handler
 .exceptions    0x00000000000201c8       0x60 ../firmware02_bsp//libhal_bsp.a(alt_instruction_exception_entry.o)
                0x00000000000201c8                alt_instruction_exception_entry
                0x0000000000020228                PROVIDE (__ram_exceptions_end = ABSOLUTE (.))
                0x0000000000020020                PROVIDE (__flash_exceptions_start = LOADADDR (.exceptions))

.text           0x0000000000020228     0x64f0
                [!provide]                        PROVIDE (stext = ABSOLUTE (.))
 *(.interp)
 *(.hash)
 *(.dynsym)
 *(.dynstr)
 *(.gnu.version)
 *(.gnu.version_d)
 *(.gnu.version_r)
 *(.rel.init)
 *(.rela.init)
 *(.rel.text .rel.text.* .rel.gnu.linkonce.t.*)
 *(.rela.text .rela.text.* .rela.gnu.linkonce.t.*)
 *(.rel.fini)
 *(.rela.fini)
 *(.rel.rodata .rel.rodata.* .rel.gnu.linkonce.r.*)
 *(.rela.rodata .rela.rodata.* .rela.gnu.linkonce.r.*)
 *(.rel.data .rel.data.* .rel.gnu.linkonce.d.*)
 *(.rela.data .rela.data.* .rela.gnu.linkonce.d.*)
 *(.rel.tdata .rel.tdata.* .rel.gnu.linkonce.td.*)
 *(.rela.tdata .rela.tdata.* .rela.gnu.linkonce.td.*)
 *(.rel.tbss .rel.tbss.* .rel.gnu.linkonce.tb.*)
 *(.rela.tbss .rela.tbss.* .rela.gnu.linkonce.tb.*)
 *(.rel.ctors)
 *(.rela.ctors)
 *(.rel.dtors)
 *(.rela.dtors)
 *(.rel.got)
 *(.rela.got)
 *(.rel.sdata .rel.sdata.* .rel.gnu.linkonce.s.*)
 *(.rela.sdata .rela.sdata.* .rela.gnu.linkonce.s.*)
 *(.rel.sbss .rel.sbss.* .rel.gnu.linkonce.sb.*)
 *(.rela.sbss .rela.sbss.* .rela.gnu.linkonce.sb.*)
 *(.rel.sdata2 .rel.sdata2.* .rel.gnu.linkonce.s2.*)
 *(.rela.sdata2 .rela.sdata2.* .rela.gnu.linkonce.s2.*)
 *(.rel.sbss2 .rel.sbss2.* .rel.gnu.linkonce.sb2.*)
 *(.rela.sbss2 .rela.sbss2.* .rela.gnu.linkonce.sb2.*)
 *(.rel.bss .rel.bss.* .rel.gnu.linkonce.b.*)
 *(.rela.bss .rela.bss.* .rela.gnu.linkonce.b.*)
 *(.rel.plt)
 *(.rela.plt)
 *(.rel.dyn)
 *(.init)
 *(.plt)
 *(.text .stub .text.* .gnu.linkonce.t.*)
 .text          0x0000000000020228       0x3c ../firmware02_bsp//obj/HAL/src/crt0.o
                0x0000000000020228                _start
 .text          0x0000000000020264      0xd94 obj/default/main.o
                0x0000000000020264                write_leds
                0x0000000000020294                write_hex
                0x0000000000020344                read_switches
                0x0000000000020368                read_buttons
                0x000000000002038c                read_accerometer
                0x00000000000203f0                decode_7seg
                0x0000000000020468                setBuffer
                0x00000000000204c0                shiftBuffer
                0x000000000002054c                getWindow
                0x000000000002058c                float_to_fixed23
                0x0000000000020644                fixed23_to_float
                0x0000000000020690                fir_filter_fixed
                0x00000000000207e8                generate_fixed
                0x000000000002089c                update_hex
                0x0000000000020954                update_leds
                0x00000000000209b4                get_accler_isr
                0x0000000000020a04                timer_init
                0x0000000000020a80                main
 .text          0x0000000000020ff8       0x28 /home/dereklai/intelFPGA_lite/21.1/nios2eds/bin/gnu/H-x86_64-pc-linux-gnu/bin/../lib/gcc/nios2-elf/10.3.1/mno-hw-mul/libgcc.a(lib2-mul.o)
                0x0000000000020ff8                __mulsi3
 .text          0x0000000000021020      0x3f8 /home/dereklai/intelFPGA_lite/21.1/nios2eds/bin/gnu/H-x86_64-pc-linux-gnu/bin/../lib/gcc/nios2-elf/10.3.1/mno-hw-mul/libgcc.a(divsf3.o)
                0x0000000000021020                __divsf3
 .text          0x0000000000021418      0x124 /home/dereklai/intelFPGA_lite/21.1/nios2eds/bin/gnu/H-x86_64-pc-linux-gnu/bin/../lib/gcc/nios2-elf/10.3.1/mno-hw-mul/libgcc.a(floatsisf.o)
                0x0000000000021418                __floatsisf
 .text          0x000000000002153c       0x54 /home/dereklai/intelFPGA_lite/21.1/nios2eds/bin/gnu/H-x86_64-pc-linux-gnu/bin/../lib/gcc/nios2-elf/10.3.1/mno-hw-mul/libgcc.a(_clzsi2.o)
                0x000000000002153c                __clzsi2
 .text          0x0000000000021590        0x0 /home/dereklai/intelFPGA_lite/21.1/nios2eds/bin/gnu/H-x86_64-pc-linux-gnu/bin/../lib/gcc/nios2-elf/10.3.1/mno-hw-mul/libgcc.a(_clz.o)
 .text          0x0000000000021590        0x0 /home/dereklai/intelFPGA_lite/21.1/nios2eds/bin/gnu/H-x86_64-pc-linux-gnu/bin/../lib/gcc/nios2-elf/10.3.1/../../../../../H-x86_64-pc-linux-gnu/nios2-elf/lib/mno-hw-mul/libc.a(lib_a-fflush.o)
 .text.__sflush_r
                0x0000000000021590      0x228 /home/dereklai/intelFPGA_lite/21.1/nios2eds/bin/gnu/H-x86_64-pc-linux-gnu/bin/../lib/gcc/nios2-elf/10.3.1/../../../../../H-x86_64-pc-linux-gnu/nios2-elf/lib/mno-hw-mul/libc.a(lib_a-fflush.o)
                0x0000000000021590                __sflush_r
 .text._fflush_r
                0x00000000000217b8       0x60 /home/dereklai/intelFPGA_lite/21.1/nios2eds/bin/gnu/H-x86_64-pc-linux-gnu/bin/../lib/gcc/nios2-elf/10.3.1/../../../../../H-x86_64-pc-linux-gnu/nios2-elf/lib/mno-hw-mul/libc.a(lib_a-fflush.o)
                0x00000000000217b8                _fflush_r
 .text.fflush   0x0000000000021818       0x84 /home/dereklai/intelFPGA_lite/21.1/nios2eds/bin/gnu/H-x86_64-pc-linux-gnu/bin/../lib/gcc/nios2-elf/10.3.1/../../../../../H-x86_64-pc-linux-gnu/nios2-elf/lib/mno-hw-mul/libc.a(lib_a-fflush.o)
                0x0000000000021818                fflush
 .text          0x000000000002189c        0x0 /home/dereklai/intelFPGA_lite/21.1/nios2eds/bin/gnu/H-x86_64-pc-linux-gnu/bin/../lib/gcc/nios2-elf/10.3.1/../../../../../H-x86_64-pc-linux-gnu/nios2-elf/lib/mno-hw-mul/libc.a(lib_a-findfp.o)
 .text.__fp_lock
                0x000000000002189c        0x8 /home/dereklai/intelFPGA_lite/21.1/nios2eds/bin/gnu/H-x86_64-pc-linux-gnu/bin/../lib/gcc/nios2-elf/10.3.1/../../../../../H-x86_64-pc-linux-gnu/nios2-elf/lib/mno-hw-mul/libc.a(lib_a-findfp.o)
 .text._cleanup_r
                0x00000000000218a4        0xc /home/dereklai/intelFPGA_lite/21.1/nios2eds/bin/gnu/H-x86_64-pc-linux-gnu/bin/../lib/gcc/nios2-elf/10.3.1/../../../../../H-x86_64-pc-linux-gnu/nios2-elf/lib/mno-hw-mul/libc.a(lib_a-findfp.o)
                0x00000000000218a4                _cleanup_r
 .text.__fp_unlock
                0x00000000000218b0        0x8 /home/dereklai/intelFPGA_lite/21.1/nios2eds/bin/gnu/H-x86_64-pc-linux-gnu/bin/../lib/gcc/nios2-elf/10.3.1/../../../../../H-x86_64-pc-linux-gnu/nios2-elf/lib/mno-hw-mul/libc.a(lib_a-findfp.o)
 .text.__sinit.part.0
                0x00000000000218b8      0x168 /home/dereklai/intelFPGA_lite/21.1/nios2eds/bin/gnu/H-x86_64-pc-linux-gnu/bin/../lib/gcc/nios2-elf/10.3.1/../../../../../H-x86_64-pc-linux-gnu/nios2-elf/lib/mno-hw-mul/libc.a(lib_a-findfp.o)
 .text.__sfmoreglue
                0x0000000000021a20       0x78 /home/dereklai/intelFPGA_lite/21.1/nios2eds/bin/gnu/H-x86_64-pc-linux-gnu/bin/../lib/gcc/nios2-elf/10.3.1/../../../../../H-x86_64-pc-linux-gnu/nios2-elf/lib/mno-hw-mul/libc.a(lib_a-findfp.o)
                0x0000000000021a20                __sfmoreglue
 .text.__sfp    0x0000000000021a98      0x154 /home/dereklai/intelFPGA_lite/21.1/nios2eds/bin/gnu/H-x86_64-pc-linux-gnu/bin/../lib/gcc/nios2-elf/10.3.1/../../../../../H-x86_64-pc-linux-gnu/nios2-elf/lib/mno-hw-mul/libc.a(lib_a-findfp.o)
                0x0000000000021a98                __sfp
 .text._cleanup
                0x0000000000021bec       0x14 /home/dereklai/intelFPGA_lite/21.1/nios2eds/bin/gnu/H-x86_64-pc-linux-gnu/bin/../lib/gcc/nios2-elf/10.3.1/../../../../../H-x86_64-pc-linux-gnu/nios2-elf/lib/mno-hw-mul/libc.a(lib_a-findfp.o)
                0x0000000000021bec                _cleanup
 .text.__sinit  0x0000000000021c00       0x10 /home/dereklai/intelFPGA_lite/21.1/nios2eds/bin/gnu/H-x86_64-pc-linux-gnu/bin/../lib/gcc/nios2-elf/10.3.1/../../../../../H-x86_64-pc-linux-gnu/nios2-elf/lib/mno-hw-mul/libc.a(lib_a-findfp.o)
                0x0000000000021c00                __sinit
 .text.__sfp_lock_acquire
                0x0000000000021c10        0x4 /home/dereklai/intelFPGA_lite/21.1/nios2eds/bin/gnu/H-x86_64-pc-linux-gnu/bin/../lib/gcc/nios2-elf/10.3.1/../../../../../H-x86_64-pc-linux-gnu/nios2-elf/lib/mno-hw-mul/libc.a(lib_a-findfp.o)
                0x0000000000021c10                __sfp_lock_acquire
 .text.__sfp_lock_release
                0x0000000000021c14        0x4 /home/dereklai/intelFPGA_lite/21.1/nios2eds/bin/gnu/H-x86_64-pc-linux-gnu/bin/../lib/gcc/nios2-elf/10.3.1/../../../../../H-x86_64-pc-linux-gnu/nios2-elf/lib/mno-hw-mul/libc.a(lib_a-findfp.o)
                0x0000000000021c14                __sfp_lock_release
 .text.__sinit_lock_acquire
                0x0000000000021c18        0x4 /home/dereklai/intelFPGA_lite/21.1/nios2eds/bin/gnu/H-x86_64-pc-linux-gnu/bin/../lib/gcc/nios2-elf/10.3.1/../../../../../H-x86_64-pc-linux-gnu/nios2-elf/lib/mno-hw-mul/libc.a(lib_a-findfp.o)
                0x0000000000021c18                __sinit_lock_acquire
 .text.__sinit_lock_release
                0x0000000000021c1c        0x4 /home/dereklai/intelFPGA_lite/21.1/nios2eds/bin/gnu/H-x86_64-pc-linux-gnu/bin/../lib/gcc/nios2-elf/10.3.1/../../../../../H-x86_64-pc-linux-gnu/nios2-elf/lib/mno-hw-mul/libc.a(lib_a-findfp.o)
                0x0000000000021c1c                __sinit_lock_release
 .text.__fp_lock_all
                0x0000000000021c20       0x14 /home/dereklai/intelFPGA_lite/21.1/nios2eds/bin/gnu/H-x86_64-pc-linux-gnu/bin/../lib/gcc/nios2-elf/10.3.1/../../../../../H-x86_64-pc-linux-gnu/nios2-elf/lib/mno-hw-mul/libc.a(lib_a-findfp.o)
                0x0000000000021c20                __fp_lock_all
 .text.__fp_unlock_all
                0x0000000000021c34       0x14 /home/dereklai/intelFPGA_lite/21.1/nios2eds/bin/gnu/H-x86_64-pc-linux-gnu/bin/../lib/gcc/nios2-elf/10.3.1/../../../../../H-x86_64-pc-linux-gnu/nios2-elf/lib/mno-hw-mul/libc.a(lib_a-findfp.o)
                0x0000000000021c34                __fp_unlock_all
 .text          0x0000000000021c48        0x0 /home/dereklai/intelFPGA_lite/21.1/nios2eds/bin/gnu/H-x86_64-pc-linux-gnu/bin/../lib/gcc/nios2-elf/10.3.1/../../../../../H-x86_64-pc-linux-gnu/nios2-elf/lib/mno-hw-mul/libc.a(lib_a-freer.o)
 .text._malloc_trim_r
                0x0000000000021c48      0x11c /home/dereklai/intelFPGA_lite/21.1/nios2eds/bin/gnu/H-x86_64-pc-linux-gnu/bin/../lib/gcc/nios2-elf/10.3.1/../../../../../H-x86_64-pc-linux-gnu/nios2-elf/lib/mno-hw-mul/libc.a(lib_a-freer.o)
                0x0000000000021c48                _malloc_trim_r
 .text._free_r  0x0000000000021d64      0x2fc /home/dereklai/intelFPGA_lite/21.1/nios2eds/bin/gnu/H-x86_64-pc-linux-gnu/bin/../lib/gcc/nios2-elf/10.3.1/../../../../../H-x86_64-pc-linux-gnu/nios2-elf/lib/mno-hw-mul/libc.a(lib_a-freer.o)
                0x0000000000021d64                _free_r
 .text          0x0000000000022060        0x0 /home/dereklai/intelFPGA_lite/21.1/nios2eds/bin/gnu/H-x86_64-pc-linux-gnu/bin/../lib/gcc/nios2-elf/10.3.1/../../../../../H-x86_64-pc-linux-gnu/nios2-elf/lib/mno-hw-mul/libc.a(lib_a-fwalk.o)
 .text._fwalk   0x0000000000022060       0x98 /home/dereklai/intelFPGA_lite/21.1/nios2eds/bin/gnu/H-x86_64-pc-linux-gnu/bin/../lib/gcc/nios2-elf/10.3.1/../../../../../H-x86_64-pc-linux-gnu/nios2-elf/lib/mno-hw-mul/libc.a(lib_a-fwalk.o)
                0x0000000000022060                _fwalk
 .text._fwalk_reent
                0x00000000000220f8       0xa8 /home/dereklai/intelFPGA_lite/21.1/nios2eds/bin/gnu/H-x86_64-pc-linux-gnu/bin/../lib/gcc/nios2-elf/10.3.1/../../../../../H-x86_64-pc-linux-gnu/nios2-elf/lib/mno-hw-mul/libc.a(lib_a-fwalk.o)
                0x00000000000220f8                _fwalk_reent
 .text          0x00000000000221a0        0x0 /home/dereklai/intelFPGA_lite/21.1/nios2eds/bin/gnu/H-x86_64-pc-linux-gnu/bin/../lib/gcc/nios2-elf/10.3.1/../../../../../H-x86_64-pc-linux-gnu/nios2-elf/lib/mno-hw-mul/libc.a(lib_a-impure.o)
 .text          0x00000000000221a0        0x0 /home/dereklai/intelFPGA_lite/21.1/nios2eds/bin/gnu/H-x86_64-pc-linux-gnu/bin/../lib/gcc/nios2-elf/10.3.1/../../../../../H-x86_64-pc-linux-gnu/nios2-elf/lib/mno-hw-mul/libc.a(lib_a-mallocr.o)
 .text._malloc_r
                0x00000000000221a0      0x7e0 /home/dereklai/intelFPGA_lite/21.1/nios2eds/bin/gnu/H-x86_64-pc-linux-gnu/bin/../lib/gcc/nios2-elf/10.3.1/../../../../../H-x86_64-pc-linux-gnu/nios2-elf/lib/mno-hw-mul/libc.a(lib_a-mallocr.o)
                0x00000000000221a0                _malloc_r
 .text          0x0000000000022980        0x0 /home/dereklai/intelFPGA_lite/21.1/nios2eds/bin/gnu/H-x86_64-pc-linux-gnu/bin/../lib/gcc/nios2-elf/10.3.1/../../../../../H-x86_64-pc-linux-gnu/nios2-elf/lib/mno-hw-mul/libc.a(lib_a-memcpy.o)
 .text.memcpy   0x0000000000022980      0x100 /home/dereklai/intelFPGA_lite/21.1/nios2eds/bin/gnu/H-x86_64-pc-linux-gnu/bin/../lib/gcc/nios2-elf/10.3.1/../../../../../H-x86_64-pc-linux-gnu/nios2-elf/lib/mno-hw-mul/libc.a(lib_a-memcpy.o)
                0x0000000000022980                memcpy
 .text          0x0000000000022a80        0x0 /home/dereklai/intelFPGA_lite/21.1/nios2eds/bin/gnu/H-x86_64-pc-linux-gnu/bin/../lib/gcc/nios2-elf/10.3.1/../../../../../H-x86_64-pc-linux-gnu/nios2-elf/lib/mno-hw-mul/libc.a(lib_a-memset.o)
 .text.memset   0x0000000000022a80       0xf0 /home/dereklai/intelFPGA_lite/21.1/nios2eds/bin/gnu/H-x86_64-pc-linux-gnu/bin/../lib/gcc/nios2-elf/10.3.1/../../../../../H-x86_64-pc-linux-gnu/nios2-elf/lib/mno-hw-mul/libc.a(lib_a-memset.o)
                0x0000000000022a80                memset
 .text          0x0000000000022b70        0x0 /home/dereklai/intelFPGA_lite/21.1/nios2eds/bin/gnu/H-x86_64-pc-linux-gnu/bin/../lib/gcc/nios2-elf/10.3.1/../../../../../H-x86_64-pc-linux-gnu/nios2-elf/lib/mno-hw-mul/libc.a(lib_a-sbrkr.o)
 .text._sbrk_r  0x0000000000022b70       0x58 /home/dereklai/intelFPGA_lite/21.1/nios2eds/bin/gnu/H-x86_64-pc-linux-gnu/bin/../lib/gcc/nios2-elf/10.3.1/../../../../../H-x86_64-pc-linux-gnu/nios2-elf/lib/mno-hw-mul/libc.a(lib_a-sbrkr.o)
                0x0000000000022b70                _sbrk_r
 .text          0x0000000000022bc8        0x0 /home/dereklai/intelFPGA_lite/21.1/nios2eds/bin/gnu/H-x86_64-pc-linux-gnu/bin/../lib/gcc/nios2-elf/10.3.1/../../../../../H-x86_64-pc-linux-gnu/nios2-elf/lib/mno-hw-mul/libc.a(lib_a-stdio.o)
 .text.__sread  0x0000000000022bc8       0x54 /home/dereklai/intelFPGA_lite/21.1/nios2eds/bin/gnu/H-x86_64-pc-linux-gnu/bin/../lib/gcc/nios2-elf/10.3.1/../../../../../H-x86_64-pc-linux-gnu/nios2-elf/lib/mno-hw-mul/libc.a(lib_a-stdio.o)
                0x0000000000022bc8                __sread
 .text.__seofread
                0x0000000000022c1c        0x8 /home/dereklai/intelFPGA_lite/21.1/nios2eds/bin/gnu/H-x86_64-pc-linux-gnu/bin/../lib/gcc/nios2-elf/10.3.1/../../../../../H-x86_64-pc-linux-gnu/nios2-elf/lib/mno-hw-mul/libc.a(lib_a-stdio.o)
                0x0000000000022c1c                __seofread
 .text.__swrite
                0x0000000000022c24       0x80 /home/dereklai/intelFPGA_lite/21.1/nios2eds/bin/gnu/H-x86_64-pc-linux-gnu/bin/../lib/gcc/nios2-elf/10.3.1/../../../../../H-x86_64-pc-linux-gnu/nios2-elf/lib/mno-hw-mul/libc.a(lib_a-stdio.o)
                0x0000000000022c24                __swrite
 .text.__sseek  0x0000000000022ca4       0x5c /home/dereklai/intelFPGA_lite/21.1/nios2eds/bin/gnu/H-x86_64-pc-linux-gnu/bin/../lib/gcc/nios2-elf/10.3.1/../../../../../H-x86_64-pc-linux-gnu/nios2-elf/lib/mno-hw-mul/libc.a(lib_a-stdio.o)
                0x0000000000022ca4                __sseek
 .text.__sclose
                0x0000000000022d00        0x8 /home/dereklai/intelFPGA_lite/21.1/nios2eds/bin/gnu/H-x86_64-pc-linux-gnu/bin/../lib/gcc/nios2-elf/10.3.1/../../../../../H-x86_64-pc-linux-gnu/nios2-elf/lib/mno-hw-mul/libc.a(lib_a-stdio.o)
                0x0000000000022d00                __sclose
 .text          0x0000000000022d08        0x0 /home/dereklai/intelFPGA_lite/21.1/nios2eds/bin/gnu/H-x86_64-pc-linux-gnu/bin/../lib/gcc/nios2-elf/10.3.1/../../../../../H-x86_64-pc-linux-gnu/nios2-elf/lib/mno-hw-mul/libc.a(lib_a-strlen.o)
 .text.strlen   0x0000000000022d08       0x98 /home/dereklai/intelFPGA_lite/21.1/nios2eds/bin/gnu/H-x86_64-pc-linux-gnu/bin/../lib/gcc/nios2-elf/10.3.1/../../../../../H-x86_64-pc-linux-gnu/nios2-elf/lib/mno-hw-mul/libc.a(lib_a-strlen.o)
                0x0000000000022d08                strlen
 .text          0x0000000000022da0        0x0 /home/dereklai/intelFPGA_lite/21.1/nios2eds/bin/gnu/H-x86_64-pc-linux-gnu/bin/../lib/gcc/nios2-elf/10.3.1/../../../../../H-x86_64-pc-linux-gnu/nios2-elf/lib/mno-hw-mul/libc.a(lib_a-writer.o)
 .text._write_r
                0x0000000000022da0       0x64 /home/dereklai/intelFPGA_lite/21.1/nios2eds/bin/gnu/H-x86_64-pc-linux-gnu/bin/../lib/gcc/nios2-elf/10.3.1/../../../../../H-x86_64-pc-linux-gnu/nios2-elf/lib/mno-hw-mul/libc.a(lib_a-writer.o)
                0x0000000000022da0                _write_r
 .text          0x0000000000022e04        0x0 /home/dereklai/intelFPGA_lite/21.1/nios2eds/bin/gnu/H-x86_64-pc-linux-gnu/bin/../lib/gcc/nios2-elf/10.3.1/../../../../../H-x86_64-pc-linux-gnu/nios2-elf/lib/mno-hw-mul/libc.a(closer.o)
 .text._close_r
                0x0000000000022e04       0x58 /home/dereklai/intelFPGA_lite/21.1/nios2eds/bin/gnu/H-x86_64-pc-linux-gnu/bin/../lib/gcc/nios2-elf/10.3.1/../../../../../H-x86_64-pc-linux-gnu/nios2-elf/lib/mno-hw-mul/libc.a(closer.o)
                0x0000000000022e04                _close_r
 .text          0x0000000000022e5c        0x0 /home/dereklai/intelFPGA_lite/21.1/nios2eds/bin/gnu/H-x86_64-pc-linux-gnu/bin/../lib/gcc/nios2-elf/10.3.1/../../../../../H-x86_64-pc-linux-gnu/nios2-elf/lib/mno-hw-mul/libc.a(lib_a-fclose.o)
 .text._fclose_r.part.0
                0x0000000000022e5c       0xc0 /home/dereklai/intelFPGA_lite/21.1/nios2eds/bin/gnu/H-x86_64-pc-linux-gnu/bin/../lib/gcc/nios2-elf/10.3.1/../../../../../H-x86_64-pc-linux-gnu/nios2-elf/lib/mno-hw-mul/libc.a(lib_a-fclose.o)
 .text._fclose_r
                0x0000000000022f1c       0x70 /home/dereklai/intelFPGA_lite/21.1/nios2eds/bin/gnu/H-x86_64-pc-linux-gnu/bin/../lib/gcc/nios2-elf/10.3.1/../../../../../H-x86_64-pc-linux-gnu/nios2-elf/lib/mno-hw-mul/libc.a(lib_a-fclose.o)
                0x0000000000022f1c                _fclose_r
 .text.fclose   0x0000000000022f8c       0x70 /home/dereklai/intelFPGA_lite/21.1/nios2eds/bin/gnu/H-x86_64-pc-linux-gnu/bin/../lib/gcc/nios2-elf/10.3.1/../../../../../H-x86_64-pc-linux-gnu/nios2-elf/lib/mno-hw-mul/libc.a(lib_a-fclose.o)
                0x0000000000022f8c                fclose
 .text          0x0000000000022ffc        0x0 /home/dereklai/intelFPGA_lite/21.1/nios2eds/bin/gnu/H-x86_64-pc-linux-gnu/bin/../lib/gcc/nios2-elf/10.3.1/../../../../../H-x86_64-pc-linux-gnu/nios2-elf/lib/mno-hw-mul/libc.a(lib_a-int_errno.o)
 .text          0x0000000000022ffc        0x0 /home/dereklai/intelFPGA_lite/21.1/nios2eds/bin/gnu/H-x86_64-pc-linux-gnu/bin/../lib/gcc/nios2-elf/10.3.1/../../../../../H-x86_64-pc-linux-gnu/nios2-elf/lib/mno-hw-mul/libc.a(lib_a-lseekr.o)
 .text._lseek_r
                0x0000000000022ffc       0x64 /home/dereklai/intelFPGA_lite/21.1/nios2eds/bin/gnu/H-x86_64-pc-linux-gnu/bin/../lib/gcc/nios2-elf/10.3.1/../../../../../H-x86_64-pc-linux-gnu/nios2-elf/lib/mno-hw-mul/libc.a(lib_a-lseekr.o)
                0x0000000000022ffc                _lseek_r
 .text          0x0000000000023060        0x0 /home/dereklai/intelFPGA_lite/21.1/nios2eds/bin/gnu/H-x86_64-pc-linux-gnu/bin/../lib/gcc/nios2-elf/10.3.1/../../../../../H-x86_64-pc-linux-gnu/nios2-elf/lib/mno-hw-mul/libc.a(lib_a-readr.o)
 .text._read_r  0x0000000000023060       0x64 /home/dereklai/intelFPGA_lite/21.1/nios2eds/bin/gnu/H-x86_64-pc-linux-gnu/bin/../lib/gcc/nios2-elf/10.3.1/../../../../../H-x86_64-pc-linux-gnu/nios2-elf/lib/mno-hw-mul/libc.a(lib_a-readr.o)
                0x0000000000023060                _read_r
 .text          0x00000000000230c4      0x118 ../firmware02_bsp//libhal_bsp.a(alt_close.o)
                0x0000000000023100                close
 .text          0x00000000000231dc       0x2c ../firmware02_bsp//libhal_bsp.a(alt_dev.o)
 .text          0x0000000000023208        0x0 ../firmware02_bsp//libhal_bsp.a(alt_errno.o)
 .text          0x0000000000023208      0x16c ../firmware02_bsp//libhal_bsp.a(alt_fcntl.o)
                0x0000000000023244                fcntl
 .text          0x0000000000023374      0x180 ../firmware02_bsp//libhal_bsp.a(alt_irq_register.o)
                0x0000000000023374                alt_irq_register
 .text          0x00000000000234f4        0x0 ../firmware02_bsp//libhal_bsp.a(alt_irq_vars.o)
 .text          0x00000000000234f4       0xec ../firmware02_bsp//libhal_bsp.a(alt_load.o)
                0x000000000002355c                alt_load
 .text          0x00000000000235e0      0x11c ../firmware02_bsp//libhal_bsp.a(alt_lseek.o)
                0x000000000002361c                lseek
 .text          0x00000000000236fc       0x7c ../firmware02_bsp//libhal_bsp.a(alt_main.o)
                0x00000000000236fc                alt_main
 .text          0x0000000000023778       0x48 ../firmware02_bsp//libhal_bsp.a(alt_malloc_lock.o)
                0x0000000000023778                __malloc_lock
                0x000000000002379c                __malloc_unlock
 .text          0x00000000000237c0      0x22c ../firmware02_bsp//libhal_bsp.a(alt_printf.o)
                0x00000000000237c0                alt_printf
 .text          0x00000000000239ec       0x30 ../firmware02_bsp//libhal_bsp.a(alt_putchar.o)
                0x00000000000239ec                alt_putchar
 .text          0x0000000000023a1c      0x144 ../firmware02_bsp//libhal_bsp.a(alt_read.o)
                0x0000000000023a58                read
 .text          0x0000000000023b60       0x70 ../firmware02_bsp//libhal_bsp.a(alt_release_fd.o)
                0x0000000000023b60                alt_release_fd
 .text          0x0000000000023bd0       0xb8 ../firmware02_bsp//libhal_bsp.a(alt_sbrk.o)
                0x0000000000023bd0                sbrk
 .text          0x0000000000023c88      0x140 ../firmware02_bsp//libhal_bsp.a(alt_write.o)
                0x0000000000023cc4                write
 .text          0x0000000000023dc8       0xf8 ../firmware02_bsp//libhal_bsp.a(alt_sys_init.o)
                0x0000000000023dfc                alt_irq_init
                0x0000000000023e38                alt_sys_init
 .text          0x0000000000023ec0      0x164 ../firmware02_bsp//libhal_bsp.a(altera_avalon_jtag_uart_fd.o)
                0x0000000000023ec0                altera_avalon_jtag_uart_read_fd
                0x0000000000023f20                altera_avalon_jtag_uart_write_fd
                0x0000000000023f80                altera_avalon_jtag_uart_close_fd
                0x0000000000023fd0                altera_avalon_jtag_uart_ioctl_fd
 .text          0x0000000000024024      0x3cc ../firmware02_bsp//libhal_bsp.a(altera_avalon_jtag_uart_init.o)
                0x0000000000024024                altera_avalon_jtag_uart_init
                0x0000000000024388                altera_avalon_jtag_uart_close
 .text          0x00000000000243f0       0xf4 ../firmware02_bsp//libhal_bsp.a(altera_avalon_jtag_uart_ioctl.o)
                0x00000000000243f0                altera_avalon_jtag_uart_ioctl
 .text          0x00000000000244e4      0x220 ../firmware02_bsp//libhal_bsp.a(altera_avalon_jtag_uart_read.o)
                0x00000000000244e4                altera_avalon_jtag_uart_read
 .text          0x0000000000024704      0x228 ../firmware02_bsp//libhal_bsp.a(altera_avalon_jtag_uart_write.o)
                0x0000000000024704                altera_avalon_jtag_uart_write
 .text          0x000000000002492c       0xfc ../firmware02_bsp//libhal_bsp.a(altera_avalon_timer_sc.o)
                0x00000000000249ac                alt_avalon_timer_sc_init
 .text          0x0000000000024a28      0x118 ../firmware02_bsp//libhal_bsp.a(altera_avalon_timer_ts.o)
                0x0000000000024a28                alt_timestamp_start
                0x0000000000024aa0                alt_timestamp
                0x0000000000024b20                alt_timestamp_freq
 .text          0x0000000000024b40        0x0 ../firmware02_bsp//libhal_bsp.a(altera_avalon_timer_vars.o)
 .text          0x0000000000024b40      0x3cc ../firmware02_bsp//libhal_bsp.a(altera_up_avalon_accelerometer_spi.o)
                0x0000000000024b40                alt_up_accelerometer_spi_open_dev
                0x0000000000024b7c                alt_up_accelerometer_spi_read_address_register
                0x0000000000024bc0                alt_up_accelerometer_spi_read
                0x0000000000024c28                alt_up_accelerometer_spi_write
                0x0000000000024c90                alt_up_accelerometer_spi_read_x_axis
                0x0000000000024d64                alt_up_accelerometer_spi_read_y_axis
                0x0000000000024e38                alt_up_accelerometer_spi_read_z_axis
 .text          0x0000000000024f0c      0x160 ../firmware02_bsp//libhal_bsp.a(alt_alarm_start.o)
                0x0000000000024f0c                alt_alarm_start
 .text          0x000000000002506c       0x20 ../firmware02_bsp//libhal_bsp.a(alt_dcache_flush_all.o)
                0x000000000002506c                alt_dcache_flush_all
 .text          0x000000000002508c       0xe4 ../firmware02_bsp//libhal_bsp.a(alt_dev_llist_insert.o)
                0x00000000000250c8                alt_dev_llist_insert
 .text          0x0000000000025170       0x64 ../firmware02_bsp//libhal_bsp.a(alt_do_ctors.o)
                0x0000000000025170                _do_ctors
 .text          0x00000000000251d4       0x64 ../firmware02_bsp//libhal_bsp.a(alt_do_dtors.o)
                0x00000000000251d4                _do_dtors
 .text          0x0000000000025238       0x90 ../firmware02_bsp//libhal_bsp.a(alt_find_dev.o)
                0x0000000000025238                alt_find_dev
 .text          0x00000000000252c8       0x20 ../firmware02_bsp//libhal_bsp.a(alt_icache_flush_all.o)
                0x00000000000252c8                alt_icache_flush_all
 .text          0x00000000000252e8      0x150 ../firmware02_bsp//libhal_bsp.a(alt_io_redirect.o)
                0x00000000000253bc                alt_io_redirect
 .text          0x0000000000025438        0x0 ../firmware02_bsp//libhal_bsp.a(alt_irq_entry.o)
 .text          0x0000000000025438        0x0 ../firmware02_bsp//libhal_bsp.a(alt_irq_handler.o)
 .text          0x0000000000025438      0x278 ../firmware02_bsp//libhal_bsp.a(alt_open.o)
                0x0000000000025550                open
 .text          0x00000000000256b0      0x1d0 ../firmware02_bsp//libhal_bsp.a(alt_tick.o)
                0x00000000000256b0                alt_alarm_stop
                0x0000000000025754                alt_tick
 .text          0x0000000000025880       0x24 ../firmware02_bsp//libhal_bsp.a(altera_nios2_gen2_irq.o)
                0x0000000000025880                altera_nios2_gen2_irq_init
 .text          0x00000000000258a4        0x0 ../firmware02_bsp//libhal_bsp.a(alt_exception_entry.o)
 .text          0x00000000000258a4      0x108 ../firmware02_bsp//libhal_bsp.a(alt_find_file.o)
                0x00000000000258a4                alt_find_file
 .text          0x00000000000259ac       0xb8 ../firmware02_bsp//libhal_bsp.a(alt_get_fd.o)
                0x00000000000259ac                alt_get_fd
 .text          0x0000000000025a64       0x98 ../firmware02_bsp//libhal_bsp.a(alt_instruction_exception_entry.o)
                0x0000000000025a64                alt_exception_cause_generated_bad_addr
 .text          0x0000000000025afc        0x0 /home/dereklai/intelFPGA_lite/21.1/nios2eds/bin/gnu/H-x86_64-pc-linux-gnu/bin/../lib/gcc/nios2-elf/10.3.1/../../../../../H-x86_64-pc-linux-gnu/nios2-elf/lib/mno-hw-mul/libc.a(lib_a-atexit.o)
 .text.atexit   0x0000000000025afc       0x14 /home/dereklai/intelFPGA_lite/21.1/nios2eds/bin/gnu/H-x86_64-pc-linux-gnu/bin/../lib/gcc/nios2-elf/10.3.1/../../../../../H-x86_64-pc-linux-gnu/nios2-elf/lib/mno-hw-mul/libc.a(lib_a-atexit.o)
                0x0000000000025afc                atexit
 .text          0x0000000000025b10        0x0 /home/dereklai/intelFPGA_lite/21.1/nios2eds/bin/gnu/H-x86_64-pc-linux-gnu/bin/../lib/gcc/nios2-elf/10.3.1/../../../../../H-x86_64-pc-linux-gnu/nios2-elf/lib/mno-hw-mul/libc.a(lib_a-exit.o)
 .text.exit     0x0000000000025b10       0x34 /home/dereklai/intelFPGA_lite/21.1/nios2eds/bin/gnu/H-x86_64-pc-linux-gnu/bin/../lib/gcc/nios2-elf/10.3.1/../../../../../H-x86_64-pc-linux-gnu/nios2-elf/lib/mno-hw-mul/libc.a(lib_a-exit.o)
                0x0000000000025b10                exit
 .text          0x0000000000025b44        0x0 /home/dereklai/intelFPGA_lite/21.1/nios2eds/bin/gnu/H-x86_64-pc-linux-gnu/bin/../lib/gcc/nios2-elf/10.3.1/../../../../../H-x86_64-pc-linux-gnu/nios2-elf/lib/mno-hw-mul/libc.a(lib_a-memcmp.o)
 .text.memcmp   0x0000000000025b44       0x78 /home/dereklai/intelFPGA_lite/21.1/nios2eds/bin/gnu/H-x86_64-pc-linux-gnu/bin/../lib/gcc/nios2-elf/10.3.1/../../../../../H-x86_64-pc-linux-gnu/nios2-elf/lib/mno-hw-mul/libc.a(lib_a-memcmp.o)
                0x0000000000025b44                memcmp
 .text          0x0000000000025bbc        0x0 /home/dereklai/intelFPGA_lite/21.1/nios2eds/bin/gnu/H-x86_64-pc-linux-gnu/bin/../lib/gcc/nios2-elf/10.3.1/../../../../../H-x86_64-pc-linux-gnu/nios2-elf/lib/mno-hw-mul/libc.a(lib_a-putchar.o)
 .text._putchar_r
                0x0000000000025bbc        0x8 /home/dereklai/intelFPGA_lite/21.1/nios2eds/bin/gnu/H-x86_64-pc-linux-gnu/bin/../lib/gcc/nios2-elf/10.3.1/../../../../../H-x86_64-pc-linux-gnu/nios2-elf/lib/mno-hw-mul/libc.a(lib_a-putchar.o)
                0x0000000000025bbc                _putchar_r
 .text.putchar  0x0000000000025bc4       0x18 /home/dereklai/intelFPGA_lite/21.1/nios2eds/bin/gnu/H-x86_64-pc-linux-gnu/bin/../lib/gcc/nios2-elf/10.3.1/../../../../../H-x86_64-pc-linux-gnu/nios2-elf/lib/mno-hw-mul/libc.a(lib_a-putchar.o)
                0x0000000000025bc4                putchar
 .text          0x0000000000025bdc        0x0 /home/dereklai/intelFPGA_lite/21.1/nios2eds/bin/gnu/H-x86_64-pc-linux-gnu/bin/../lib/gcc/nios2-elf/10.3.1/../../../../../H-x86_64-pc-linux-gnu/nios2-elf/lib/mno-hw-mul/libc.a(lib_a-__atexit.o)
 .text.__register_exitproc
                0x0000000000025bdc       0x90 /home/dereklai/intelFPGA_lite/21.1/nios2eds/bin/gnu/H-x86_64-pc-linux-gnu/bin/../lib/gcc/nios2-elf/10.3.1/../../../../../H-x86_64-pc-linux-gnu/nios2-elf/lib/mno-hw-mul/libc.a(lib_a-__atexit.o)
                0x0000000000025bdc                __register_exitproc
 .text          0x0000000000025c6c        0x0 /home/dereklai/intelFPGA_lite/21.1/nios2eds/bin/gnu/H-x86_64-pc-linux-gnu/bin/../lib/gcc/nios2-elf/10.3.1/../../../../../H-x86_64-pc-linux-gnu/nios2-elf/lib/mno-hw-mul/libc.a(lib_a-__call_atexit.o)
 .text.__call_exitprocs
                0x0000000000025c6c      0x120 /home/dereklai/intelFPGA_lite/21.1/nios2eds/bin/gnu/H-x86_64-pc-linux-gnu/bin/../lib/gcc/nios2-elf/10.3.1/../../../../../H-x86_64-pc-linux-gnu/nios2-elf/lib/mno-hw-mul/libc.a(lib_a-__call_atexit.o)
                0x0000000000025c6c                __call_exitprocs
 .text          0x0000000000025d8c        0x0 /home/dereklai/intelFPGA_lite/21.1/nios2eds/bin/gnu/H-x86_64-pc-linux-gnu/bin/../lib/gcc/nios2-elf/10.3.1/../../../../../H-x86_64-pc-linux-gnu/nios2-elf/lib/mno-hw-mul/libc.a(lib_a-putc.o)
 .text._putc_r  0x0000000000025d8c       0xcc /home/dereklai/intelFPGA_lite/21.1/nios2eds/bin/gnu/H-x86_64-pc-linux-gnu/bin/../lib/gcc/nios2-elf/10.3.1/../../../../../H-x86_64-pc-linux-gnu/nios2-elf/lib/mno-hw-mul/libc.a(lib_a-putc.o)
                0x0000000000025d8c                _putc_r
 .text.putc     0x0000000000025e58       0xe0 /home/dereklai/intelFPGA_lite/21.1/nios2eds/bin/gnu/H-x86_64-pc-linux-gnu/bin/../lib/gcc/nios2-elf/10.3.1/../../../../../H-x86_64-pc-linux-gnu/nios2-elf/lib/mno-hw-mul/libc.a(lib_a-putc.o)
                0x0000000000025e58                putc
 .text          0x0000000000025f38        0x0 /home/dereklai/intelFPGA_lite/21.1/nios2eds/bin/gnu/H-x86_64-pc-linux-gnu/bin/../lib/gcc/nios2-elf/10.3.1/../../../../../H-x86_64-pc-linux-gnu/nios2-elf/lib/mno-hw-mul/libc.a(lib_a-wbuf.o)
 .text.__swbuf_r
                0x0000000000025f38      0x148 /home/dereklai/intelFPGA_lite/21.1/nios2eds/bin/gnu/H-x86_64-pc-linux-gnu/bin/../lib/gcc/nios2-elf/10.3.1/../../../../../H-x86_64-pc-linux-gnu/nios2-elf/lib/mno-hw-mul/libc.a(lib_a-wbuf.o)
                0x0000000000025f38                __swbuf_r
 .text.__swbuf  0x0000000000026080       0x18 /home/dereklai/intelFPGA_lite/21.1/nios2eds/bin/gnu/H-x86_64-pc-linux-gnu/bin/../lib/gcc/nios2-elf/10.3.1/../../../../../H-x86_64-pc-linux-gnu/nios2-elf/lib/mno-hw-mul/libc.a(lib_a-wbuf.o)
                0x0000000000026080                __swbuf
 .text          0x0000000000026098        0x0 /home/dereklai/intelFPGA_lite/21.1/nios2eds/bin/gnu/H-x86_64-pc-linux-gnu/bin/../lib/gcc/nios2-elf/10.3.1/../../../../../H-x86_64-pc-linux-gnu/nios2-elf/lib/mno-hw-mul/libc.a(lib_a-wsetup.o)
 .text.__swsetup_r
                0x0000000000026098      0x164 /home/dereklai/intelFPGA_lite/21.1/nios2eds/bin/gnu/H-x86_64-pc-linux-gnu/bin/../lib/gcc/nios2-elf/10.3.1/../../../../../H-x86_64-pc-linux-gnu/nios2-elf/lib/mno-hw-mul/libc.a(lib_a-wsetup.o)
                0x0000000000026098                __swsetup_r
 .text          0x00000000000261fc        0x0 /home/dereklai/intelFPGA_lite/21.1/nios2eds/bin/gnu/H-x86_64-pc-linux-gnu/bin/../lib/gcc/nios2-elf/10.3.1/../../../../../H-x86_64-pc-linux-gnu/nios2-elf/lib/mno-hw-mul/libc.a(lib_a-makebuf.o)
 .text.__smakebuf_r
                0x00000000000261fc      0x1b0 /home/dereklai/intelFPGA_lite/21.1/nios2eds/bin/gnu/H-x86_64-pc-linux-gnu/bin/../lib/gcc/nios2-elf/10.3.1/../../../../../H-x86_64-pc-linux-gnu/nios2-elf/lib/mno-hw-mul/libc.a(lib_a-makebuf.o)
                0x00000000000261fc                __smakebuf_r
 .text.__swhatbuf_r
                0x00000000000263ac       0x98 /home/dereklai/intelFPGA_lite/21.1/nios2eds/bin/gnu/H-x86_64-pc-linux-gnu/bin/../lib/gcc/nios2-elf/10.3.1/../../../../../H-x86_64-pc-linux-gnu/nios2-elf/lib/mno-hw-mul/libc.a(lib_a-makebuf.o)
                0x00000000000263ac                __swhatbuf_r
 .text          0x0000000000026444        0x0 /home/dereklai/intelFPGA_lite/21.1/nios2eds/bin/gnu/H-x86_64-pc-linux-gnu/bin/../lib/gcc/nios2-elf/10.3.1/../../../../../H-x86_64-pc-linux-gnu/nios2-elf/lib/mno-hw-mul/libc.a(lib_a-fstatr.o)
 .text._fstat_r
                0x0000000000026444       0x60 /home/dereklai/intelFPGA_lite/21.1/nios2eds/bin/gnu/H-x86_64-pc-linux-gnu/bin/../lib/gcc/nios2-elf/10.3.1/../../../../../H-x86_64-pc-linux-gnu/nios2-elf/lib/mno-hw-mul/libc.a(lib_a-fstatr.o)
                0x0000000000026444                _fstat_r
 .text          0x00000000000264a4        0x0 /home/dereklai/intelFPGA_lite/21.1/nios2eds/bin/gnu/H-x86_64-pc-linux-gnu/bin/../lib/gcc/nios2-elf/10.3.1/../../../../../H-x86_64-pc-linux-gnu/nios2-elf/lib/mno-hw-mul/libc.a(lib_a-isattyr.o)
 .text._isatty_r
                0x00000000000264a4       0x58 /home/dereklai/intelFPGA_lite/21.1/nios2eds/bin/gnu/H-x86_64-pc-linux-gnu/bin/../lib/gcc/nios2-elf/10.3.1/../../../../../H-x86_64-pc-linux-gnu/nios2-elf/lib/mno-hw-mul/libc.a(lib_a-isattyr.o)
                0x00000000000264a4                _isatty_r
 .text          0x00000000000264fc       0x38 ../firmware02_bsp//libhal_bsp.a(alt_exit.o)
                0x00000000000264fc                _exit
 .text          0x0000000000026534       0xf8 ../firmware02_bsp//libhal_bsp.a(alt_fstat.o)
                0x0000000000026570                fstat
 .text          0x000000000002662c       0xec ../firmware02_bsp//libhal_bsp.a(alt_isatty.o)
                0x0000000000026668                isatty
 *(.gnu.warning.*)
 *(.fini)
                [!provide]                        PROVIDE (__etext = ABSOLUTE (.))
                [!provide]                        PROVIDE (_etext = ABSOLUTE (.))
                [!provide]                        PROVIDE (etext = ABSOLUTE (.))
 *(.eh_frame_hdr)
                0x0000000000026718                . = ALIGN (0x4)
                [!provide]                        PROVIDE (__preinit_array_start = ABSOLUTE (.))
 *(.preinit_array)
                [!provide]                        PROVIDE (__preinit_array_end = ABSOLUTE (.))
                [!provide]                        PROVIDE (__init_array_start = ABSOLUTE (.))
 *(.init_array)
                [!provide]                        PROVIDE (__init_array_end = ABSOLUTE (.))
                [!provide]                        PROVIDE (__fini_array_start = ABSOLUTE (.))
 *(.fini_array)
                [!provide]                        PROVIDE (__fini_array_end = ABSOLUTE (.))
 *(.eh_frame)
 *(.gcc_except_table .gcc_except_table.*)
 *(.dynamic)
                0x0000000000026718                PROVIDE (__CTOR_LIST__ = ABSOLUTE (.))
 *(.ctors)
 *(SORT_BY_NAME(.ctors.*))
                0x0000000000026718                PROVIDE (__CTOR_END__ = ABSOLUTE (.))
                0x0000000000026718                PROVIDE (__DTOR_LIST__ = ABSOLUTE (.))
 *(.dtors)
 *(SORT_BY_NAME(.dtors.*))
                0x0000000000026718                PROVIDE (__DTOR_END__ = ABSOLUTE (.))
 *(.jcr)
                0x0000000000026718                . = ALIGN (0x4)

.rodata         0x0000000000026718      0x240
                0x0000000000026718                PROVIDE (__ram_rodata_start = ABSOLUTE (.))
                0x0000000000026718                . = ALIGN (0x4)
 *(.rodata .rodata.* .gnu.linkonce.r.*)
 .rodata        0x0000000000026718       0xfc obj/default/main.o
                0x0000000000026718                seven_seg_digits_decode_abcdefg
                0x0000000000026764                seven_seg_digits_decode_gfedcba
 .rodata        0x0000000000026814      0x100 /home/dereklai/intelFPGA_lite/21.1/nios2eds/bin/gnu/H-x86_64-pc-linux-gnu/bin/../lib/gcc/nios2-elf/10.3.1/mno-hw-mul/libgcc.a(_clz.o)
                0x0000000000026814                __clz_tab
 .rodata        0x0000000000026914        0xa ../firmware02_bsp//libhal_bsp.a(alt_dev.o)
 *fill*         0x000000000002691e        0x2 
 .rodata        0x0000000000026920        0xf ../firmware02_bsp//libhal_bsp.a(alt_main.o)
 *fill*         0x000000000002692f        0x1 
 .rodata        0x0000000000026930       0x27 ../firmware02_bsp//libhal_bsp.a(alt_sys_init.o)
 *(.rodata1)
                0x0000000000026958                . = ALIGN (0x4)
 *fill*         0x0000000000026957        0x1 
                0x0000000000026958                PROVIDE (__ram_rodata_end = ABSOLUTE (.))
                0x0000000000026718                PROVIDE (__flash_rodata_start = LOADADDR (.rodata))

.rwdata         0x0000000000026958     0x1b60 load address 0x00000000000284b8
                0x0000000000026958                PROVIDE (__ram_rwdata_start = ABSOLUTE (.))
                0x0000000000026958                . = ALIGN (0x4)
 *(.got.plt)
 *(.got)
 *(.data1)
 *(.data .data.* .gnu.linkonce.d.*)
 .data          0x0000000000026958        0x0 ../firmware02_bsp//obj/HAL/src/crt0.o
 .data          0x0000000000026958       0xc8 obj/default/main.o
                0x0000000000026958                easy_filter_coeff_float
                0x00000000000269bc                hard_filter_coeff_float
 .data          0x0000000000026a20        0x0 /home/dereklai/intelFPGA_lite/21.1/nios2eds/bin/gnu/H-x86_64-pc-linux-gnu/bin/../lib/gcc/nios2-elf/10.3.1/mno-hw-mul/libgcc.a(lib2-mul.o)
 .data          0x0000000000026a20        0x0 /home/dereklai/intelFPGA_lite/21.1/nios2eds/bin/gnu/H-x86_64-pc-linux-gnu/bin/../lib/gcc/nios2-elf/10.3.1/mno-hw-mul/libgcc.a(divsf3.o)
 .data          0x0000000000026a20        0x0 /home/dereklai/intelFPGA_lite/21.1/nios2eds/bin/gnu/H-x86_64-pc-linux-gnu/bin/../lib/gcc/nios2-elf/10.3.1/mno-hw-mul/libgcc.a(floatsisf.o)
 .data          0x0000000000026a20        0x0 /home/dereklai/intelFPGA_lite/21.1/nios2eds/bin/gnu/H-x86_64-pc-linux-gnu/bin/../lib/gcc/nios2-elf/10.3.1/mno-hw-mul/libgcc.a(_clzsi2.o)
 .data          0x0000000000026a20        0x0 /home/dereklai/intelFPGA_lite/21.1/nios2eds/bin/gnu/H-x86_64-pc-linux-gnu/bin/../lib/gcc/nios2-elf/10.3.1/mno-hw-mul/libgcc.a(_clz.o)
 .data          0x0000000000026a20        0x0 /home/dereklai/intelFPGA_lite/21.1/nios2eds/bin/gnu/H-x86_64-pc-linux-gnu/bin/../lib/gcc/nios2-elf/10.3.1/../../../../../H-x86_64-pc-linux-gnu/nios2-elf/lib/mno-hw-mul/libc.a(lib_a-fflush.o)
 .data          0x0000000000026a20        0x0 /home/dereklai/intelFPGA_lite/21.1/nios2eds/bin/gnu/H-x86_64-pc-linux-gnu/bin/../lib/gcc/nios2-elf/10.3.1/../../../../../H-x86_64-pc-linux-gnu/nios2-elf/lib/mno-hw-mul/libc.a(lib_a-findfp.o)
 .data          0x0000000000026a20        0x0 /home/dereklai/intelFPGA_lite/21.1/nios2eds/bin/gnu/H-x86_64-pc-linux-gnu/bin/../lib/gcc/nios2-elf/10.3.1/../../../../../H-x86_64-pc-linux-gnu/nios2-elf/lib/mno-hw-mul/libc.a(lib_a-freer.o)
 .data          0x0000000000026a20        0x0 /home/dereklai/intelFPGA_lite/21.1/nios2eds/bin/gnu/H-x86_64-pc-linux-gnu/bin/../lib/gcc/nios2-elf/10.3.1/../../../../../H-x86_64-pc-linux-gnu/nios2-elf/lib/mno-hw-mul/libc.a(lib_a-fwalk.o)
 .data          0x0000000000026a20        0x0 /home/dereklai/intelFPGA_lite/21.1/nios2eds/bin/gnu/H-x86_64-pc-linux-gnu/bin/../lib/gcc/nios2-elf/10.3.1/../../../../../H-x86_64-pc-linux-gnu/nios2-elf/lib/mno-hw-mul/libc.a(lib_a-impure.o)
 .data.impure_data
                0x0000000000026a20      0x424 /home/dereklai/intelFPGA_lite/21.1/nios2eds/bin/gnu/H-x86_64-pc-linux-gnu/bin/../lib/gcc/nios2-elf/10.3.1/../../../../../H-x86_64-pc-linux-gnu/nios2-elf/lib/mno-hw-mul/libc.a(lib_a-impure.o)
 .data          0x0000000000026e44        0x0 /home/dereklai/intelFPGA_lite/21.1/nios2eds/bin/gnu/H-x86_64-pc-linux-gnu/bin/../lib/gcc/nios2-elf/10.3.1/../../../../../H-x86_64-pc-linux-gnu/nios2-elf/lib/mno-hw-mul/libc.a(lib_a-mallocr.o)
 .data.__malloc_av_
                0x0000000000026e44      0x408 /home/dereklai/intelFPGA_lite/21.1/nios2eds/bin/gnu/H-x86_64-pc-linux-gnu/bin/../lib/gcc/nios2-elf/10.3.1/../../../../../H-x86_64-pc-linux-gnu/nios2-elf/lib/mno-hw-mul/libc.a(lib_a-mallocr.o)
                0x0000000000026e44                __malloc_av_
 .data          0x000000000002724c        0x0 /home/dereklai/intelFPGA_lite/21.1/nios2eds/bin/gnu/H-x86_64-pc-linux-gnu/bin/../lib/gcc/nios2-elf/10.3.1/../../../../../H-x86_64-pc-linux-gnu/nios2-elf/lib/mno-hw-mul/libc.a(lib_a-memcpy.o)
 .data          0x000000000002724c        0x0 /home/dereklai/intelFPGA_lite/21.1/nios2eds/bin/gnu/H-x86_64-pc-linux-gnu/bin/../lib/gcc/nios2-elf/10.3.1/../../../../../H-x86_64-pc-linux-gnu/nios2-elf/lib/mno-hw-mul/libc.a(lib_a-memset.o)
 .data          0x000000000002724c        0x0 /home/dereklai/intelFPGA_lite/21.1/nios2eds/bin/gnu/H-x86_64-pc-linux-gnu/bin/../lib/gcc/nios2-elf/10.3.1/../../../../../H-x86_64-pc-linux-gnu/nios2-elf/lib/mno-hw-mul/libc.a(lib_a-sbrkr.o)
 .data          0x000000000002724c        0x0 /home/dereklai/intelFPGA_lite/21.1/nios2eds/bin/gnu/H-x86_64-pc-linux-gnu/bin/../lib/gcc/nios2-elf/10.3.1/../../../../../H-x86_64-pc-linux-gnu/nios2-elf/lib/mno-hw-mul/libc.a(lib_a-stdio.o)
 .data          0x000000000002724c        0x0 /home/dereklai/intelFPGA_lite/21.1/nios2eds/bin/gnu/H-x86_64-pc-linux-gnu/bin/../lib/gcc/nios2-elf/10.3.1/../../../../../H-x86_64-pc-linux-gnu/nios2-elf/lib/mno-hw-mul/libc.a(lib_a-strlen.o)
 .data          0x000000000002724c        0x0 /home/dereklai/intelFPGA_lite/21.1/nios2eds/bin/gnu/H-x86_64-pc-linux-gnu/bin/../lib/gcc/nios2-elf/10.3.1/../../../../../H-x86_64-pc-linux-gnu/nios2-elf/lib/mno-hw-mul/libc.a(lib_a-writer.o)
 .data          0x000000000002724c        0x0 /home/dereklai/intelFPGA_lite/21.1/nios2eds/bin/gnu/H-x86_64-pc-linux-gnu/bin/../lib/gcc/nios2-elf/10.3.1/../../../../../H-x86_64-pc-linux-gnu/nios2-elf/lib/mno-hw-mul/libc.a(closer.o)
 .data          0x000000000002724c        0x0 /home/dereklai/intelFPGA_lite/21.1/nios2eds/bin/gnu/H-x86_64-pc-linux-gnu/bin/../lib/gcc/nios2-elf/10.3.1/../../../../../H-x86_64-pc-linux-gnu/nios2-elf/lib/mno-hw-mul/libc.a(lib_a-fclose.o)
 .data          0x000000000002724c        0x0 /home/dereklai/intelFPGA_lite/21.1/nios2eds/bin/gnu/H-x86_64-pc-linux-gnu/bin/../lib/gcc/nios2-elf/10.3.1/../../../../../H-x86_64-pc-linux-gnu/nios2-elf/lib/mno-hw-mul/libc.a(lib_a-int_errno.o)
 .data          0x000000000002724c        0x0 /home/dereklai/intelFPGA_lite/21.1/nios2eds/bin/gnu/H-x86_64-pc-linux-gnu/bin/../lib/gcc/nios2-elf/10.3.1/../../../../../H-x86_64-pc-linux-gnu/nios2-elf/lib/mno-hw-mul/libc.a(lib_a-lseekr.o)
 .data          0x000000000002724c        0x0 /home/dereklai/intelFPGA_lite/21.1/nios2eds/bin/gnu/H-x86_64-pc-linux-gnu/bin/../lib/gcc/nios2-elf/10.3.1/../../../../../H-x86_64-pc-linux-gnu/nios2-elf/lib/mno-hw-mul/libc.a(lib_a-readr.o)
 .data          0x000000000002724c        0x0 ../firmware02_bsp//libhal_bsp.a(alt_close.o)
 .data          0x000000000002724c      0x1a8 ../firmware02_bsp//libhal_bsp.a(alt_dev.o)
                0x000000000002724c                alt_dev_null
                0x0000000000027274                alt_fd_list
 .data          0x00000000000273f4        0x0 ../firmware02_bsp//libhal_bsp.a(alt_errno.o)
 .data          0x00000000000273f4        0x0 ../firmware02_bsp//libhal_bsp.a(alt_fcntl.o)
 .data          0x00000000000273f4        0x0 ../firmware02_bsp//libhal_bsp.a(alt_irq_register.o)
 .data          0x00000000000273f4        0x0 ../firmware02_bsp//libhal_bsp.a(alt_irq_vars.o)
 .data          0x00000000000273f4        0x0 ../firmware02_bsp//libhal_bsp.a(alt_load.o)
 .data          0x00000000000273f4        0x0 ../firmware02_bsp//libhal_bsp.a(alt_lseek.o)
 .data          0x00000000000273f4        0x0 ../firmware02_bsp//libhal_bsp.a(alt_main.o)
 .data          0x00000000000273f4        0x0 ../firmware02_bsp//libhal_bsp.a(alt_malloc_lock.o)
 .data          0x00000000000273f4        0x0 ../firmware02_bsp//libhal_bsp.a(alt_printf.o)
 .data          0x00000000000273f4        0x0 ../firmware02_bsp//libhal_bsp.a(alt_putchar.o)
 .data          0x00000000000273f4        0x0 ../firmware02_bsp//libhal_bsp.a(alt_read.o)
 .data          0x00000000000273f4        0x0 ../firmware02_bsp//libhal_bsp.a(alt_release_fd.o)
 .data          0x00000000000273f4        0x0 ../firmware02_bsp//libhal_bsp.a(alt_sbrk.o)
 .data          0x00000000000273f4        0x0 ../firmware02_bsp//libhal_bsp.a(alt_write.o)
 .data          0x00000000000273f4     0x108c ../firmware02_bsp//libhal_bsp.a(alt_sys_init.o)
 .data          0x0000000000028480        0x0 ../firmware02_bsp//libhal_bsp.a(altera_avalon_jtag_uart_fd.o)
 .data          0x0000000000028480        0x0 ../firmware02_bsp//libhal_bsp.a(altera_avalon_jtag_uart_init.o)
 .data          0x0000000000028480        0x0 ../firmware02_bsp//libhal_bsp.a(altera_avalon_jtag_uart_ioctl.o)
 .data          0x0000000000028480        0x0 ../firmware02_bsp//libhal_bsp.a(altera_avalon_jtag_uart_read.o)
 .data          0x0000000000028480        0x0 ../firmware02_bsp//libhal_bsp.a(altera_avalon_jtag_uart_write.o)
 .data          0x0000000000028480        0x0 ../firmware02_bsp//libhal_bsp.a(altera_avalon_timer_sc.o)
 .data          0x0000000000028480        0x0 ../firmware02_bsp//libhal_bsp.a(altera_avalon_timer_ts.o)
 .data          0x0000000000028480        0x0 ../firmware02_bsp//libhal_bsp.a(altera_avalon_timer_vars.o)
 .data          0x0000000000028480        0x0 ../firmware02_bsp//libhal_bsp.a(altera_up_avalon_accelerometer_spi.o)
 .data          0x0000000000028480        0x0 ../firmware02_bsp//libhal_bsp.a(alt_alarm_start.o)
 .data          0x0000000000028480        0x0 ../firmware02_bsp//libhal_bsp.a(alt_dcache_flush_all.o)
 .data          0x0000000000028480        0x0 ../firmware02_bsp//libhal_bsp.a(alt_dev_llist_insert.o)
 .data          0x0000000000028480        0x0 ../firmware02_bsp//libhal_bsp.a(alt_do_ctors.o)
 .data          0x0000000000028480        0x0 ../firmware02_bsp//libhal_bsp.a(alt_do_dtors.o)
 .data          0x0000000000028480        0x0 ../firmware02_bsp//libhal_bsp.a(alt_find_dev.o)
 .data          0x0000000000028480        0x0 ../firmware02_bsp//libhal_bsp.a(alt_icache_flush_all.o)
 .data          0x0000000000028480        0x0 ../firmware02_bsp//libhal_bsp.a(alt_io_redirect.o)
 .data          0x0000000000028480        0x0 ../firmware02_bsp//libhal_bsp.a(alt_irq_entry.o)
 .data          0x0000000000028480        0x0 ../firmware02_bsp//libhal_bsp.a(alt_irq_handler.o)
 .data          0x0000000000028480        0x0 ../firmware02_bsp//libhal_bsp.a(alt_open.o)
 .data          0x0000000000028480        0x0 ../firmware02_bsp//libhal_bsp.a(alt_tick.o)
 .data          0x0000000000028480        0x0 ../firmware02_bsp//libhal_bsp.a(altera_nios2_gen2_irq.o)
 .data          0x0000000000028480        0x0 ../firmware02_bsp//libhal_bsp.a(alt_exception_entry.o)
 .data          0x0000000000028480        0x0 ../firmware02_bsp//libhal_bsp.a(alt_find_file.o)
 .data          0x0000000000028480        0x0 ../firmware02_bsp//libhal_bsp.a(alt_get_fd.o)
 .data          0x0000000000028480        0x0 ../firmware02_bsp//libhal_bsp.a(alt_instruction_exception_entry.o)
 .data          0x0000000000028480        0x0 /home/dereklai/intelFPGA_lite/21.1/nios2eds/bin/gnu/H-x86_64-pc-linux-gnu/bin/../lib/gcc/nios2-elf/10.3.1/../../../../../H-x86_64-pc-linux-gnu/nios2-elf/lib/mno-hw-mul/libc.a(lib_a-atexit.o)
 .data          0x0000000000028480        0x0 /home/dereklai/intelFPGA_lite/21.1/nios2eds/bin/gnu/H-x86_64-pc-linux-gnu/bin/../lib/gcc/nios2-elf/10.3.1/../../../../../H-x86_64-pc-linux-gnu/nios2-elf/lib/mno-hw-mul/libc.a(lib_a-exit.o)
 .data          0x0000000000028480        0x0 /home/dereklai/intelFPGA_lite/21.1/nios2eds/bin/gnu/H-x86_64-pc-linux-gnu/bin/../lib/gcc/nios2-elf/10.3.1/../../../../../H-x86_64-pc-linux-gnu/nios2-elf/lib/mno-hw-mul/libc.a(lib_a-memcmp.o)
 .data          0x0000000000028480        0x0 /home/dereklai/intelFPGA_lite/21.1/nios2eds/bin/gnu/H-x86_64-pc-linux-gnu/bin/../lib/gcc/nios2-elf/10.3.1/../../../../../H-x86_64-pc-linux-gnu/nios2-elf/lib/mno-hw-mul/libc.a(lib_a-putchar.o)
 .data          0x0000000000028480        0x0 /home/dereklai/intelFPGA_lite/21.1/nios2eds/bin/gnu/H-x86_64-pc-linux-gnu/bin/../lib/gcc/nios2-elf/10.3.1/../../../../../H-x86_64-pc-linux-gnu/nios2-elf/lib/mno-hw-mul/libc.a(lib_a-__atexit.o)
 .data          0x0000000000028480        0x0 /home/dereklai/intelFPGA_lite/21.1/nios2eds/bin/gnu/H-x86_64-pc-linux-gnu/bin/../lib/gcc/nios2-elf/10.3.1/../../../../../H-x86_64-pc-linux-gnu/nios2-elf/lib/mno-hw-mul/libc.a(lib_a-__call_atexit.o)
 .data          0x0000000000028480        0x0 /home/dereklai/intelFPGA_lite/21.1/nios2eds/bin/gnu/H-x86_64-pc-linux-gnu/bin/../lib/gcc/nios2-elf/10.3.1/../../../../../H-x86_64-pc-linux-gnu/nios2-elf/lib/mno-hw-mul/libc.a(lib_a-putc.o)
 .data          0x0000000000028480        0x0 /home/dereklai/intelFPGA_lite/21.1/nios2eds/bin/gnu/H-x86_64-pc-linux-gnu/bin/../lib/gcc/nios2-elf/10.3.1/../../../../../H-x86_64-pc-linux-gnu/nios2-elf/lib/mno-hw-mul/libc.a(lib_a-wbuf.o)
 .data          0x0000000000028480        0x0 /home/dereklai/intelFPGA_lite/21.1/nios2eds/bin/gnu/H-x86_64-pc-linux-gnu/bin/../lib/gcc/nios2-elf/10.3.1/../../../../../H-x86_64-pc-linux-gnu/nios2-elf/lib/mno-hw-mul/libc.a(lib_a-wsetup.o)
 .data          0x0000000000028480        0x0 /home/dereklai/intelFPGA_lite/21.1/nios2eds/bin/gnu/H-x86_64-pc-linux-gnu/bin/../lib/gcc/nios2-elf/10.3.1/../../../../../H-x86_64-pc-linux-gnu/nios2-elf/lib/mno-hw-mul/libc.a(lib_a-makebuf.o)
 .data          0x0000000000028480        0x0 /home/dereklai/intelFPGA_lite/21.1/nios2eds/bin/gnu/H-x86_64-pc-linux-gnu/bin/../lib/gcc/nios2-elf/10.3.1/../../../../../H-x86_64-pc-linux-gnu/nios2-elf/lib/mno-hw-mul/libc.a(lib_a-fstatr.o)
 .data          0x0000000000028480        0x0 /home/dereklai/intelFPGA_lite/21.1/nios2eds/bin/gnu/H-x86_64-pc-linux-gnu/bin/../lib/gcc/nios2-elf/10.3.1/../../../../../H-x86_64-pc-linux-gnu/nios2-elf/lib/mno-hw-mul/libc.a(lib_a-isattyr.o)
 .data          0x0000000000028480        0x0 ../firmware02_bsp//libhal_bsp.a(alt_exit.o)
 .data          0x0000000000028480        0x0 ../firmware02_bsp//libhal_bsp.a(alt_fstat.o)
 .data          0x0000000000028480        0x0 ../firmware02_bsp//libhal_bsp.a(alt_isatty.o)
                0x0000000000030480                _gp = ABSOLUTE ((. + 0x8000))
                [!provide]                        PROVIDE (gp = _gp)
 *(.rwdata .rwdata.*)
 *(.sdata .sdata.* .gnu.linkonce.s.*)
 .sdata._global_impure_ptr
                0x0000000000028480        0x4 /home/dereklai/intelFPGA_lite/21.1/nios2eds/bin/gnu/H-x86_64-pc-linux-gnu/bin/../lib/gcc/nios2-elf/10.3.1/../../../../../H-x86_64-pc-linux-gnu/nios2-elf/lib/mno-hw-mul/libc.a(lib_a-impure.o)
                0x0000000000028480                _global_impure_ptr
 .sdata._impure_ptr
                0x0000000000028484        0x4 /home/dereklai/intelFPGA_lite/21.1/nios2eds/bin/gnu/H-x86_64-pc-linux-gnu/bin/../lib/gcc/nios2-elf/10.3.1/../../../../../H-x86_64-pc-linux-gnu/nios2-elf/lib/mno-hw-mul/libc.a(lib_a-impure.o)
                0x0000000000028484                _impure_ptr
 .sdata.__malloc_sbrk_base
                0x0000000000028488        0x4 /home/dereklai/intelFPGA_lite/21.1/nios2eds/bin/gnu/H-x86_64-pc-linux-gnu/bin/../lib/gcc/nios2-elf/10.3.1/../../../../../H-x86_64-pc-linux-gnu/nios2-elf/lib/mno-hw-mul/libc.a(lib_a-mallocr.o)
                0x0000000000028488                __malloc_sbrk_base
 .sdata.__malloc_trim_threshold
                0x000000000002848c        0x4 /home/dereklai/intelFPGA_lite/21.1/nios2eds/bin/gnu/H-x86_64-pc-linux-gnu/bin/../lib/gcc/nios2-elf/10.3.1/../../../../../H-x86_64-pc-linux-gnu/nios2-elf/lib/mno-hw-mul/libc.a(lib_a-mallocr.o)
                0x000000000002848c                __malloc_trim_threshold
 .sdata         0x0000000000028490       0x14 ../firmware02_bsp//libhal_bsp.a(alt_dev.o)
                0x0000000000028490                alt_fs_list
                0x0000000000028498                alt_dev_list
                0x00000000000284a0                alt_max_fd
 .sdata         0x00000000000284a4        0x4 ../firmware02_bsp//libhal_bsp.a(alt_errno.o)
                0x00000000000284a4                alt_errno
 .sdata         0x00000000000284a8        0x4 ../firmware02_bsp//libhal_bsp.a(alt_irq_vars.o)
                0x00000000000284a8                alt_priority_mask
 .sdata         0x00000000000284ac        0x4 ../firmware02_bsp//libhal_bsp.a(alt_sbrk.o)
 .sdata         0x00000000000284b0        0x8 ../firmware02_bsp//libhal_bsp.a(alt_tick.o)
                0x00000000000284b0                alt_alarm_list
 *(.sdata2 .sdata2.* .gnu.linkonce.s2.*)
                0x00000000000284b8                . = ALIGN (0x4)
                0x00000000000284b8                _edata = ABSOLUTE (.)
                [!provide]                        PROVIDE (edata = ABSOLUTE (.))
                0x00000000000284b8                PROVIDE (__ram_rwdata_end = ABSOLUTE (.))
                0x00000000000284b8                PROVIDE (__flash_rwdata_start = LOADADDR (.rwdata))

.bss            0x000000000002a018      0x3cc
                0x000000000002a018                __bss_start = ABSOLUTE (.)
                [!provide]                        PROVIDE (__sbss_start = ABSOLUTE (.))
                [!provide]                        PROVIDE (___sbss_start = ABSOLUTE (.))
 *(.dynsbss)
 *(.sbss .sbss.* .gnu.linkonce.sb.*)
 .sbss          0x000000000002a018       0x2a obj/default/main.o
                0x000000000002a018                filter
                0x000000000002a01c                state
                0x000000000002a020                buttons
                0x000000000002a024                switches
                0x000000000002a028                leds
                0x000000000002a02c                stopscroll
                0x000000000002a030                coord_data_ready
                0x000000000002a034                acc_dev
                0x000000000002a038                delay
                0x000000000002a03c                window
 *fill*         0x000000000002a042        0x2 
 .sbss.__malloc_max_total_mem
                0x000000000002a044        0x4 /home/dereklai/intelFPGA_lite/21.1/nios2eds/bin/gnu/H-x86_64-pc-linux-gnu/bin/../lib/gcc/nios2-elf/10.3.1/../../../../../H-x86_64-pc-linux-gnu/nios2-elf/lib/mno-hw-mul/libc.a(lib_a-mallocr.o)
                0x000000000002a044                __malloc_max_total_mem
 .sbss.__malloc_max_sbrked_mem
                0x000000000002a048        0x4 /home/dereklai/intelFPGA_lite/21.1/nios2eds/bin/gnu/H-x86_64-pc-linux-gnu/bin/../lib/gcc/nios2-elf/10.3.1/../../../../../H-x86_64-pc-linux-gnu/nios2-elf/lib/mno-hw-mul/libc.a(lib_a-mallocr.o)
                0x000000000002a048                __malloc_max_sbrked_mem
 .sbss.__malloc_top_pad
                0x000000000002a04c        0x4 /home/dereklai/intelFPGA_lite/21.1/nios2eds/bin/gnu/H-x86_64-pc-linux-gnu/bin/../lib/gcc/nios2-elf/10.3.1/../../../../../H-x86_64-pc-linux-gnu/nios2-elf/lib/mno-hw-mul/libc.a(lib_a-mallocr.o)
                0x000000000002a04c                __malloc_top_pad
 .sbss.errno    0x000000000002a050        0x4 /home/dereklai/intelFPGA_lite/21.1/nios2eds/bin/gnu/H-x86_64-pc-linux-gnu/bin/../lib/gcc/nios2-elf/10.3.1/../../../../../H-x86_64-pc-linux-gnu/nios2-elf/lib/mno-hw-mul/libc.a(lib_a-int_errno.o)
                0x000000000002a050                errno
 .sbss          0x000000000002a054        0x4 ../firmware02_bsp//libhal_bsp.a(alt_irq_vars.o)
                0x000000000002a054                alt_irq_active
 .sbss          0x000000000002a058        0xc ../firmware02_bsp//libhal_bsp.a(alt_main.o)
                0x000000000002a058                alt_argc
                0x000000000002a05c                alt_argv
                0x000000000002a060                alt_envp
 .sbss          0x000000000002a064        0x8 ../firmware02_bsp//libhal_bsp.a(altera_avalon_timer_vars.o)
                0x000000000002a064                altera_avalon_timer_ts_base
                0x000000000002a068                altera_avalon_timer_ts_freq
 .sbss          0x000000000002a06c        0xc ../firmware02_bsp//libhal_bsp.a(alt_tick.o)
                0x000000000002a06c                _alt_tick_rate
                0x000000000002a070                _alt_nticks
 .sbss          0x000000000002a078        0x4 ../firmware02_bsp//libhal_bsp.a(alt_instruction_exception_entry.o)
                0x000000000002a078                alt_instruction_exception_handler
 *(.sbss2 .sbss2.* .gnu.linkonce.sb2.*)
 *(.scommon)
                [!provide]                        PROVIDE (__sbss_end = ABSOLUTE (.))
                [!provide]                        PROVIDE (___sbss_end = ABSOLUTE (.))
 *(.dynbss)
 *(.bss .bss.* .gnu.linkonce.b.*)
 .bss           0x000000000002a07c        0x0 ../firmware02_bsp//obj/HAL/src/crt0.o
 .bss           0x000000000002a07c      0x240 obj/default/main.o
                0x000000000002a07c                coords
                0x000000000002a088                filtered_coords
                0x000000000002a094                word
                0x000000000002a0ad                display_buff
                0x000000000002a0c8                easy_filter_coeff_fixed
                0x000000000002a12c                hard_filter_coeff_fixed
                0x000000000002a190                fir_mem_fixed_x
                0x000000000002a1f4                fir_mem_fixed_y
                0x000000000002a258                fir_mem_fixed_z
 .bss           0x000000000002a2bc        0x0 /home/dereklai/intelFPGA_lite/21.1/nios2eds/bin/gnu/H-x86_64-pc-linux-gnu/bin/../lib/gcc/nios2-elf/10.3.1/mno-hw-mul/libgcc.a(lib2-mul.o)
 .bss           0x000000000002a2bc        0x0 /home/dereklai/intelFPGA_lite/21.1/nios2eds/bin/gnu/H-x86_64-pc-linux-gnu/bin/../lib/gcc/nios2-elf/10.3.1/mno-hw-mul/libgcc.a(divsf3.o)
 .bss           0x000000000002a2bc        0x0 /home/dereklai/intelFPGA_lite/21.1/nios2eds/bin/gnu/H-x86_64-pc-linux-gnu/bin/../lib/gcc/nios2-elf/10.3.1/mno-hw-mul/libgcc.a(floatsisf.o)
 .bss           0x000000000002a2bc        0x0 /home/dereklai/intelFPGA_lite/21.1/nios2eds/bin/gnu/H-x86_64-pc-linux-gnu/bin/../lib/gcc/nios2-elf/10.3.1/mno-hw-mul/libgcc.a(_clzsi2.o)
 .bss           0x000000000002a2bc        0x0 /home/dereklai/intelFPGA_lite/21.1/nios2eds/bin/gnu/H-x86_64-pc-linux-gnu/bin/../lib/gcc/nios2-elf/10.3.1/mno-hw-mul/libgcc.a(_clz.o)
 .bss           0x000000000002a2bc        0x0 /home/dereklai/intelFPGA_lite/21.1/nios2eds/bin/gnu/H-x86_64-pc-linux-gnu/bin/../lib/gcc/nios2-elf/10.3.1/../../../../../H-x86_64-pc-linux-gnu/nios2-elf/lib/mno-hw-mul/libc.a(lib_a-fflush.o)
 .bss           0x000000000002a2bc        0x0 /home/dereklai/intelFPGA_lite/21.1/nios2eds/bin/gnu/H-x86_64-pc-linux-gnu/bin/../lib/gcc/nios2-elf/10.3.1/../../../../../H-x86_64-pc-linux-gnu/nios2-elf/lib/mno-hw-mul/libc.a(lib_a-findfp.o)
 .bss           0x000000000002a2bc        0x0 /home/dereklai/intelFPGA_lite/21.1/nios2eds/bin/gnu/H-x86_64-pc-linux-gnu/bin/../lib/gcc/nios2-elf/10.3.1/../../../../../H-x86_64-pc-linux-gnu/nios2-elf/lib/mno-hw-mul/libc.a(lib_a-freer.o)
 .bss           0x000000000002a2bc        0x0 /home/dereklai/intelFPGA_lite/21.1/nios2eds/bin/gnu/H-x86_64-pc-linux-gnu/bin/../lib/gcc/nios2-elf/10.3.1/../../../../../H-x86_64-pc-linux-gnu/nios2-elf/lib/mno-hw-mul/libc.a(lib_a-fwalk.o)
 .bss           0x000000000002a2bc        0x0 /home/dereklai/intelFPGA_lite/21.1/nios2eds/bin/gnu/H-x86_64-pc-linux-gnu/bin/../lib/gcc/nios2-elf/10.3.1/../../../../../H-x86_64-pc-linux-gnu/nios2-elf/lib/mno-hw-mul/libc.a(lib_a-impure.o)
 .bss           0x000000000002a2bc        0x0 /home/dereklai/intelFPGA_lite/21.1/nios2eds/bin/gnu/H-x86_64-pc-linux-gnu/bin/../lib/gcc/nios2-elf/10.3.1/../../../../../H-x86_64-pc-linux-gnu/nios2-elf/lib/mno-hw-mul/libc.a(lib_a-mallocr.o)
 .bss.__malloc_current_mallinfo
                0x000000000002a2bc       0x28 /home/dereklai/intelFPGA_lite/21.1/nios2eds/bin/gnu/H-x86_64-pc-linux-gnu/bin/../lib/gcc/nios2-elf/10.3.1/../../../../../H-x86_64-pc-linux-gnu/nios2-elf/lib/mno-hw-mul/libc.a(lib_a-mallocr.o)
                0x000000000002a2bc                __malloc_current_mallinfo
 .bss           0x000000000002a2e4        0x0 /home/dereklai/intelFPGA_lite/21.1/nios2eds/bin/gnu/H-x86_64-pc-linux-gnu/bin/../lib/gcc/nios2-elf/10.3.1/../../../../../H-x86_64-pc-linux-gnu/nios2-elf/lib/mno-hw-mul/libc.a(lib_a-memcpy.o)
 .bss           0x000000000002a2e4        0x0 /home/dereklai/intelFPGA_lite/21.1/nios2eds/bin/gnu/H-x86_64-pc-linux-gnu/bin/../lib/gcc/nios2-elf/10.3.1/../../../../../H-x86_64-pc-linux-gnu/nios2-elf/lib/mno-hw-mul/libc.a(lib_a-memset.o)
 .bss           0x000000000002a2e4        0x0 /home/dereklai/intelFPGA_lite/21.1/nios2eds/bin/gnu/H-x86_64-pc-linux-gnu/bin/../lib/gcc/nios2-elf/10.3.1/../../../../../H-x86_64-pc-linux-gnu/nios2-elf/lib/mno-hw-mul/libc.a(lib_a-sbrkr.o)
 .bss           0x000000000002a2e4        0x0 /home/dereklai/intelFPGA_lite/21.1/nios2eds/bin/gnu/H-x86_64-pc-linux-gnu/bin/../lib/gcc/nios2-elf/10.3.1/../../../../../H-x86_64-pc-linux-gnu/nios2-elf/lib/mno-hw-mul/libc.a(lib_a-stdio.o)
 .bss           0x000000000002a2e4        0x0 /home/dereklai/intelFPGA_lite/21.1/nios2eds/bin/gnu/H-x86_64-pc-linux-gnu/bin/../lib/gcc/nios2-elf/10.3.1/../../../../../H-x86_64-pc-linux-gnu/nios2-elf/lib/mno-hw-mul/libc.a(lib_a-strlen.o)
 .bss           0x000000000002a2e4        0x0 /home/dereklai/intelFPGA_lite/21.1/nios2eds/bin/gnu/H-x86_64-pc-linux-gnu/bin/../lib/gcc/nios2-elf/10.3.1/../../../../../H-x86_64-pc-linux-gnu/nios2-elf/lib/mno-hw-mul/libc.a(lib_a-writer.o)
 .bss           0x000000000002a2e4        0x0 /home/dereklai/intelFPGA_lite/21.1/nios2eds/bin/gnu/H-x86_64-pc-linux-gnu/bin/../lib/gcc/nios2-elf/10.3.1/../../../../../H-x86_64-pc-linux-gnu/nios2-elf/lib/mno-hw-mul/libc.a(closer.o)
 .bss           0x000000000002a2e4        0x0 /home/dereklai/intelFPGA_lite/21.1/nios2eds/bin/gnu/H-x86_64-pc-linux-gnu/bin/../lib/gcc/nios2-elf/10.3.1/../../../../../H-x86_64-pc-linux-gnu/nios2-elf/lib/mno-hw-mul/libc.a(lib_a-fclose.o)
 .bss           0x000000000002a2e4        0x0 /home/dereklai/intelFPGA_lite/21.1/nios2eds/bin/gnu/H-x86_64-pc-linux-gnu/bin/../lib/gcc/nios2-elf/10.3.1/../../../../../H-x86_64-pc-linux-gnu/nios2-elf/lib/mno-hw-mul/libc.a(lib_a-int_errno.o)
 .bss           0x000000000002a2e4        0x0 /home/dereklai/intelFPGA_lite/21.1/nios2eds/bin/gnu/H-x86_64-pc-linux-gnu/bin/../lib/gcc/nios2-elf/10.3.1/../../../../../H-x86_64-pc-linux-gnu/nios2-elf/lib/mno-hw-mul/libc.a(lib_a-lseekr.o)
 .bss           0x000000000002a2e4        0x0 /home/dereklai/intelFPGA_lite/21.1/nios2eds/bin/gnu/H-x86_64-pc-linux-gnu/bin/../lib/gcc/nios2-elf/10.3.1/../../../../../H-x86_64-pc-linux-gnu/nios2-elf/lib/mno-hw-mul/libc.a(lib_a-readr.o)
 .bss           0x000000000002a2e4        0x0 ../firmware02_bsp//libhal_bsp.a(alt_close.o)
 .bss           0x000000000002a2e4        0x0 ../firmware02_bsp//libhal_bsp.a(alt_dev.o)
 .bss           0x000000000002a2e4        0x0 ../firmware02_bsp//libhal_bsp.a(alt_errno.o)
 .bss           0x000000000002a2e4        0x0 ../firmware02_bsp//libhal_bsp.a(alt_fcntl.o)
 .bss           0x000000000002a2e4        0x0 ../firmware02_bsp//libhal_bsp.a(alt_irq_register.o)
 .bss           0x000000000002a2e4        0x0 ../firmware02_bsp//libhal_bsp.a(alt_irq_vars.o)
 .bss           0x000000000002a2e4        0x0 ../firmware02_bsp//libhal_bsp.a(alt_load.o)
 .bss           0x000000000002a2e4        0x0 ../firmware02_bsp//libhal_bsp.a(alt_lseek.o)
 .bss           0x000000000002a2e4        0x0 ../firmware02_bsp//libhal_bsp.a(alt_main.o)
 .bss           0x000000000002a2e4        0x0 ../firmware02_bsp//libhal_bsp.a(alt_malloc_lock.o)
 .bss           0x000000000002a2e4        0x0 ../firmware02_bsp//libhal_bsp.a(alt_printf.o)
 .bss           0x000000000002a2e4        0x0 ../firmware02_bsp//libhal_bsp.a(alt_putchar.o)
 .bss           0x000000000002a2e4        0x0 ../firmware02_bsp//libhal_bsp.a(alt_read.o)
 .bss           0x000000000002a2e4        0x0 ../firmware02_bsp//libhal_bsp.a(alt_release_fd.o)
 .bss           0x000000000002a2e4        0x0 ../firmware02_bsp//libhal_bsp.a(alt_sbrk.o)
 .bss           0x000000000002a2e4        0x0 ../firmware02_bsp//libhal_bsp.a(alt_write.o)
 .bss           0x000000000002a2e4        0x0 ../firmware02_bsp//libhal_bsp.a(alt_sys_init.o)
 .bss           0x000000000002a2e4        0x0 ../firmware02_bsp//libhal_bsp.a(altera_avalon_jtag_uart_fd.o)
 .bss           0x000000000002a2e4        0x0 ../firmware02_bsp//libhal_bsp.a(altera_avalon_jtag_uart_init.o)
 .bss           0x000000000002a2e4        0x0 ../firmware02_bsp//libhal_bsp.a(altera_avalon_jtag_uart_ioctl.o)
 .bss           0x000000000002a2e4        0x0 ../firmware02_bsp//libhal_bsp.a(altera_avalon_jtag_uart_read.o)
 .bss           0x000000000002a2e4        0x0 ../firmware02_bsp//libhal_bsp.a(altera_avalon_jtag_uart_write.o)
 .bss           0x000000000002a2e4        0x0 ../firmware02_bsp//libhal_bsp.a(altera_avalon_timer_sc.o)
 .bss           0x000000000002a2e4        0x0 ../firmware02_bsp//libhal_bsp.a(altera_avalon_timer_ts.o)
 .bss           0x000000000002a2e4        0x0 ../firmware02_bsp//libhal_bsp.a(altera_avalon_timer_vars.o)
 .bss           0x000000000002a2e4        0x0 ../firmware02_bsp//libhal_bsp.a(altera_up_avalon_accelerometer_spi.o)
 .bss           0x000000000002a2e4        0x0 ../firmware02_bsp//libhal_bsp.a(alt_alarm_start.o)
 .bss           0x000000000002a2e4        0x0 ../firmware02_bsp//libhal_bsp.a(alt_dcache_flush_all.o)
 .bss           0x000000000002a2e4        0x0 ../firmware02_bsp//libhal_bsp.a(alt_dev_llist_insert.o)
 .bss           0x000000000002a2e4        0x0 ../firmware02_bsp//libhal_bsp.a(alt_do_ctors.o)
 .bss           0x000000000002a2e4        0x0 ../firmware02_bsp//libhal_bsp.a(alt_do_dtors.o)
 .bss           0x000000000002a2e4        0x0 ../firmware02_bsp//libhal_bsp.a(alt_find_dev.o)
 .bss           0x000000000002a2e4        0x0 ../firmware02_bsp//libhal_bsp.a(alt_icache_flush_all.o)
 .bss           0x000000000002a2e4        0x0 ../firmware02_bsp//libhal_bsp.a(alt_io_redirect.o)
 .bss           0x000000000002a2e4        0x0 ../firmware02_bsp//libhal_bsp.a(alt_irq_entry.o)
 .bss           0x000000000002a2e4      0x100 ../firmware02_bsp//libhal_bsp.a(alt_irq_handler.o)
                0x000000000002a2e4                alt_irq
 .bss           0x000000000002a3e4        0x0 ../firmware02_bsp//libhal_bsp.a(alt_open.o)
 .bss           0x000000000002a3e4        0x0 ../firmware02_bsp//libhal_bsp.a(alt_tick.o)
 .bss           0x000000000002a3e4        0x0 ../firmware02_bsp//libhal_bsp.a(altera_nios2_gen2_irq.o)
 .bss           0x000000000002a3e4        0x0 ../firmware02_bsp//libhal_bsp.a(alt_exception_entry.o)
 .bss           0x000000000002a3e4        0x0 ../firmware02_bsp//libhal_bsp.a(alt_find_file.o)
 .bss           0x000000000002a3e4        0x0 ../firmware02_bsp//libhal_bsp.a(alt_get_fd.o)
 .bss           0x000000000002a3e4        0x0 ../firmware02_bsp//libhal_bsp.a(alt_instruction_exception_entry.o)
 .bss           0x000000000002a3e4        0x0 /home/dereklai/intelFPGA_lite/21.1/nios2eds/bin/gnu/H-x86_64-pc-linux-gnu/bin/../lib/gcc/nios2-elf/10.3.1/../../../../../H-x86_64-pc-linux-gnu/nios2-elf/lib/mno-hw-mul/libc.a(lib_a-atexit.o)
 .bss           0x000000000002a3e4        0x0 /home/dereklai/intelFPGA_lite/21.1/nios2eds/bin/gnu/H-x86_64-pc-linux-gnu/bin/../lib/gcc/nios2-elf/10.3.1/../../../../../H-x86_64-pc-linux-gnu/nios2-elf/lib/mno-hw-mul/libc.a(lib_a-exit.o)
 .bss           0x000000000002a3e4        0x0 /home/dereklai/intelFPGA_lite/21.1/nios2eds/bin/gnu/H-x86_64-pc-linux-gnu/bin/../lib/gcc/nios2-elf/10.3.1/../../../../../H-x86_64-pc-linux-gnu/nios2-elf/lib/mno-hw-mul/libc.a(lib_a-memcmp.o)
 .bss           0x000000000002a3e4        0x0 /home/dereklai/intelFPGA_lite/21.1/nios2eds/bin/gnu/H-x86_64-pc-linux-gnu/bin/../lib/gcc/nios2-elf/10.3.1/../../../../../H-x86_64-pc-linux-gnu/nios2-elf/lib/mno-hw-mul/libc.a(lib_a-putchar.o)
 .bss           0x000000000002a3e4        0x0 /home/dereklai/intelFPGA_lite/21.1/nios2eds/bin/gnu/H-x86_64-pc-linux-gnu/bin/../lib/gcc/nios2-elf/10.3.1/../../../../../H-x86_64-pc-linux-gnu/nios2-elf/lib/mno-hw-mul/libc.a(lib_a-__atexit.o)
 .bss           0x000000000002a3e4        0x0 /home/dereklai/intelFPGA_lite/21.1/nios2eds/bin/gnu/H-x86_64-pc-linux-gnu/bin/../lib/gcc/nios2-elf/10.3.1/../../../../../H-x86_64-pc-linux-gnu/nios2-elf/lib/mno-hw-mul/libc.a(lib_a-__call_atexit.o)
 .bss           0x000000000002a3e4        0x0 /home/dereklai/intelFPGA_lite/21.1/nios2eds/bin/gnu/H-x86_64-pc-linux-gnu/bin/../lib/gcc/nios2-elf/10.3.1/../../../../../H-x86_64-pc-linux-gnu/nios2-elf/lib/mno-hw-mul/libc.a(lib_a-putc.o)
 .bss           0x000000000002a3e4        0x0 /home/dereklai/intelFPGA_lite/21.1/nios2eds/bin/gnu/H-x86_64-pc-linux-gnu/bin/../lib/gcc/nios2-elf/10.3.1/../../../../../H-x86_64-pc-linux-gnu/nios2-elf/lib/mno-hw-mul/libc.a(lib_a-wbuf.o)
 .bss           0x000000000002a3e4        0x0 /home/dereklai/intelFPGA_lite/21.1/nios2eds/bin/gnu/H-x86_64-pc-linux-gnu/bin/../lib/gcc/nios2-elf/10.3.1/../../../../../H-x86_64-pc-linux-gnu/nios2-elf/lib/mno-hw-mul/libc.a(lib_a-wsetup.o)
 .bss           0x000000000002a3e4        0x0 /home/dereklai/intelFPGA_lite/21.1/nios2eds/bin/gnu/H-x86_64-pc-linux-gnu/bin/../lib/gcc/nios2-elf/10.3.1/../../../../../H-x86_64-pc-linux-gnu/nios2-elf/lib/mno-hw-mul/libc.a(lib_a-makebuf.o)
 .bss           0x000000000002a3e4        0x0 /home/dereklai/intelFPGA_lite/21.1/nios2eds/bin/gnu/H-x86_64-pc-linux-gnu/bin/../lib/gcc/nios2-elf/10.3.1/../../../../../H-x86_64-pc-linux-gnu/nios2-elf/lib/mno-hw-mul/libc.a(lib_a-fstatr.o)
 .bss           0x000000000002a3e4        0x0 /home/dereklai/intelFPGA_lite/21.1/nios2eds/bin/gnu/H-x86_64-pc-linux-gnu/bin/../lib/gcc/nios2-elf/10.3.1/../../../../../H-x86_64-pc-linux-gnu/nios2-elf/lib/mno-hw-mul/libc.a(lib_a-isattyr.o)
 .bss           0x000000000002a3e4        0x0 ../firmware02_bsp//libhal_bsp.a(alt_exit.o)
 .bss           0x000000000002a3e4        0x0 ../firmware02_bsp//libhal_bsp.a(alt_fstat.o)
 .bss           0x000000000002a3e4        0x0 ../firmware02_bsp//libhal_bsp.a(alt_isatty.o)
 *(COMMON)
                0x000000000002a3e4                . = ALIGN (0x4)
                0x000000000002a3e4                __bss_end = ABSOLUTE (.)

.onchip_memory  0x000000000002a3e4        0x0
                [!provide]                        PROVIDE (_alt_partition_onchip_memory_start = ABSOLUTE (.))
 *(.onchip_memory .onchip_memory. onchip_memory.*)
                0x000000000002a3e4                . = ALIGN (0x4)
                [!provide]                        PROVIDE (_alt_partition_onchip_memory_end = ABSOLUTE (.))
                0x000000000002a3e4                _end = ABSOLUTE (.)
                0x000000000002a3e4                end = ABSOLUTE (.)
                0x000000000002a3e4                __alt_stack_base = ABSOLUTE (.)
                [!provide]                        PROVIDE (_alt_partition_onchip_memory_load_addr = LOADADDR (.onchip_memory))

.stab
 *(.stab)

.stabstr
 *(.stabstr)

.stab.excl
 *(.stab.excl)

.stab.exclstr
 *(.stab.exclstr)

.stab.index
 *(.stab.index)

.stab.indexstr
 *(.stab.indexstr)

.comment        0x0000000000000000       0x2d
 *(.comment)
 .comment       0x0000000000000000       0x2d obj/default/main.o
                                         0x2e (size before relaxing)
 .comment       0x000000000000002d       0x2e /home/dereklai/intelFPGA_lite/21.1/nios2eds/bin/gnu/H-x86_64-pc-linux-gnu/bin/../lib/gcc/nios2-elf/10.3.1/mno-hw-mul/libgcc.a(lib2-mul.o)
 .comment       0x000000000000002d       0x2e /home/dereklai/intelFPGA_lite/21.1/nios2eds/bin/gnu/H-x86_64-pc-linux-gnu/bin/../lib/gcc/nios2-elf/10.3.1/mno-hw-mul/libgcc.a(divsf3.o)
 .comment       0x000000000000002d       0x2e /home/dereklai/intelFPGA_lite/21.1/nios2eds/bin/gnu/H-x86_64-pc-linux-gnu/bin/../lib/gcc/nios2-elf/10.3.1/mno-hw-mul/libgcc.a(floatsisf.o)
 .comment       0x000000000000002d       0x2e /home/dereklai/intelFPGA_lite/21.1/nios2eds/bin/gnu/H-x86_64-pc-linux-gnu/bin/../lib/gcc/nios2-elf/10.3.1/mno-hw-mul/libgcc.a(_clzsi2.o)
 .comment       0x000000000000002d       0x2e /home/dereklai/intelFPGA_lite/21.1/nios2eds/bin/gnu/H-x86_64-pc-linux-gnu/bin/../lib/gcc/nios2-elf/10.3.1/mno-hw-mul/libgcc.a(_clz.o)
 .comment       0x000000000000002d       0x2e /home/dereklai/intelFPGA_lite/21.1/nios2eds/bin/gnu/H-x86_64-pc-linux-gnu/bin/../lib/gcc/nios2-elf/10.3.1/../../../../../H-x86_64-pc-linux-gnu/nios2-elf/lib/mno-hw-mul/libc.a(lib_a-fflush.o)
 .comment       0x000000000000002d       0x2e /home/dereklai/intelFPGA_lite/21.1/nios2eds/bin/gnu/H-x86_64-pc-linux-gnu/bin/../lib/gcc/nios2-elf/10.3.1/../../../../../H-x86_64-pc-linux-gnu/nios2-elf/lib/mno-hw-mul/libc.a(lib_a-findfp.o)
 .comment       0x000000000000002d       0x2e /home/dereklai/intelFPGA_lite/21.1/nios2eds/bin/gnu/H-x86_64-pc-linux-gnu/bin/../lib/gcc/nios2-elf/10.3.1/../../../../../H-x86_64-pc-linux-gnu/nios2-elf/lib/mno-hw-mul/libc.a(lib_a-freer.o)
 .comment       0x000000000000002d       0x2e /home/dereklai/intelFPGA_lite/21.1/nios2eds/bin/gnu/H-x86_64-pc-linux-gnu/bin/../lib/gcc/nios2-elf/10.3.1/../../../../../H-x86_64-pc-linux-gnu/nios2-elf/lib/mno-hw-mul/libc.a(lib_a-fwalk.o)
 .comment       0x000000000000002d       0x2e /home/dereklai/intelFPGA_lite/21.1/nios2eds/bin/gnu/H-x86_64-pc-linux-gnu/bin/../lib/gcc/nios2-elf/10.3.1/../../../../../H-x86_64-pc-linux-gnu/nios2-elf/lib/mno-hw-mul/libc.a(lib_a-impure.o)
 .comment       0x000000000000002d       0x2e /home/dereklai/intelFPGA_lite/21.1/nios2eds/bin/gnu/H-x86_64-pc-linux-gnu/bin/../lib/gcc/nios2-elf/10.3.1/../../../../../H-x86_64-pc-linux-gnu/nios2-elf/lib/mno-hw-mul/libc.a(lib_a-mallocr.o)
 .comment       0x000000000000002d       0x2e /home/dereklai/intelFPGA_lite/21.1/nios2eds/bin/gnu/H-x86_64-pc-linux-gnu/bin/../lib/gcc/nios2-elf/10.3.1/../../../../../H-x86_64-pc-linux-gnu/nios2-elf/lib/mno-hw-mul/libc.a(lib_a-memcpy.o)
 .comment       0x000000000000002d       0x2e /home/dereklai/intelFPGA_lite/21.1/nios2eds/bin/gnu/H-x86_64-pc-linux-gnu/bin/../lib/gcc/nios2-elf/10.3.1/../../../../../H-x86_64-pc-linux-gnu/nios2-elf/lib/mno-hw-mul/libc.a(lib_a-memset.o)
 .comment       0x000000000000002d       0x2e /home/dereklai/intelFPGA_lite/21.1/nios2eds/bin/gnu/H-x86_64-pc-linux-gnu/bin/../lib/gcc/nios2-elf/10.3.1/../../../../../H-x86_64-pc-linux-gnu/nios2-elf/lib/mno-hw-mul/libc.a(lib_a-sbrkr.o)
 .comment       0x000000000000002d       0x2e /home/dereklai/intelFPGA_lite/21.1/nios2eds/bin/gnu/H-x86_64-pc-linux-gnu/bin/../lib/gcc/nios2-elf/10.3.1/../../../../../H-x86_64-pc-linux-gnu/nios2-elf/lib/mno-hw-mul/libc.a(lib_a-stdio.o)
 .comment       0x000000000000002d       0x2e /home/dereklai/intelFPGA_lite/21.1/nios2eds/bin/gnu/H-x86_64-pc-linux-gnu/bin/../lib/gcc/nios2-elf/10.3.1/../../../../../H-x86_64-pc-linux-gnu/nios2-elf/lib/mno-hw-mul/libc.a(lib_a-strlen.o)
 .comment       0x000000000000002d       0x2e /home/dereklai/intelFPGA_lite/21.1/nios2eds/bin/gnu/H-x86_64-pc-linux-gnu/bin/../lib/gcc/nios2-elf/10.3.1/../../../../../H-x86_64-pc-linux-gnu/nios2-elf/lib/mno-hw-mul/libc.a(lib_a-writer.o)
 .comment       0x000000000000002d       0x2e /home/dereklai/intelFPGA_lite/21.1/nios2eds/bin/gnu/H-x86_64-pc-linux-gnu/bin/../lib/gcc/nios2-elf/10.3.1/../../../../../H-x86_64-pc-linux-gnu/nios2-elf/lib/mno-hw-mul/libc.a(closer.o)
 .comment       0x000000000000002d       0x2e /home/dereklai/intelFPGA_lite/21.1/nios2eds/bin/gnu/H-x86_64-pc-linux-gnu/bin/../lib/gcc/nios2-elf/10.3.1/../../../../../H-x86_64-pc-linux-gnu/nios2-elf/lib/mno-hw-mul/libc.a(lib_a-fclose.o)
 .comment       0x000000000000002d       0x2e /home/dereklai/intelFPGA_lite/21.1/nios2eds/bin/gnu/H-x86_64-pc-linux-gnu/bin/../lib/gcc/nios2-elf/10.3.1/../../../../../H-x86_64-pc-linux-gnu/nios2-elf/lib/mno-hw-mul/libc.a(lib_a-int_errno.o)
 .comment       0x000000000000002d       0x2e /home/dereklai/intelFPGA_lite/21.1/nios2eds/bin/gnu/H-x86_64-pc-linux-gnu/bin/../lib/gcc/nios2-elf/10.3.1/../../../../../H-x86_64-pc-linux-gnu/nios2-elf/lib/mno-hw-mul/libc.a(lib_a-lseekr.o)
 .comment       0x000000000000002d       0x2e /home/dereklai/intelFPGA_lite/21.1/nios2eds/bin/gnu/H-x86_64-pc-linux-gnu/bin/../lib/gcc/nios2-elf/10.3.1/../../../../../H-x86_64-pc-linux-gnu/nios2-elf/lib/mno-hw-mul/libc.a(lib_a-readr.o)
 .comment       0x000000000000002d       0x2e ../firmware02_bsp//libhal_bsp.a(alt_close.o)
 .comment       0x000000000000002d       0x2e ../firmware02_bsp//libhal_bsp.a(alt_dev.o)
 .comment       0x000000000000002d       0x2e ../firmware02_bsp//libhal_bsp.a(alt_errno.o)
 .comment       0x000000000000002d       0x2e ../firmware02_bsp//libhal_bsp.a(alt_fcntl.o)
 .comment       0x000000000000002d       0x2e ../firmware02_bsp//libhal_bsp.a(alt_irq_register.o)
 .comment       0x000000000000002d       0x2e ../firmware02_bsp//libhal_bsp.a(alt_irq_vars.o)
 .comment       0x000000000000002d       0x2e ../firmware02_bsp//libhal_bsp.a(alt_load.o)
 .comment       0x000000000000002d       0x2e ../firmware02_bsp//libhal_bsp.a(alt_lseek.o)
 .comment       0x000000000000002d       0x2e ../firmware02_bsp//libhal_bsp.a(alt_main.o)
 .comment       0x000000000000002d       0x2e ../firmware02_bsp//libhal_bsp.a(alt_malloc_lock.o)
 .comment       0x000000000000002d       0x2e ../firmware02_bsp//libhal_bsp.a(alt_printf.o)
 .comment       0x000000000000002d       0x2e ../firmware02_bsp//libhal_bsp.a(alt_putchar.o)
 .comment       0x000000000000002d       0x2e ../firmware02_bsp//libhal_bsp.a(alt_read.o)
 .comment       0x000000000000002d       0x2e ../firmware02_bsp//libhal_bsp.a(alt_release_fd.o)
 .comment       0x000000000000002d       0x2e ../firmware02_bsp//libhal_bsp.a(alt_sbrk.o)
 .comment       0x000000000000002d       0x2e ../firmware02_bsp//libhal_bsp.a(alt_write.o)
 .comment       0x000000000000002d       0x2e ../firmware02_bsp//libhal_bsp.a(alt_sys_init.o)
 .comment       0x000000000000002d       0x2e ../firmware02_bsp//libhal_bsp.a(altera_avalon_jtag_uart_fd.o)
 .comment       0x000000000000002d       0x2e ../firmware02_bsp//libhal_bsp.a(altera_avalon_jtag_uart_init.o)
 .comment       0x000000000000002d       0x2e ../firmware02_bsp//libhal_bsp.a(altera_avalon_jtag_uart_ioctl.o)
 .comment       0x000000000000002d       0x2e ../firmware02_bsp//libhal_bsp.a(altera_avalon_jtag_uart_read.o)
 .comment       0x000000000000002d       0x2e ../firmware02_bsp//libhal_bsp.a(altera_avalon_jtag_uart_write.o)
 .comment       0x000000000000002d       0x2e ../firmware02_bsp//libhal_bsp.a(altera_avalon_timer_sc.o)
 .comment       0x000000000000002d       0x2e ../firmware02_bsp//libhal_bsp.a(altera_avalon_timer_ts.o)
 .comment       0x000000000000002d       0x2e ../firmware02_bsp//libhal_bsp.a(altera_avalon_timer_vars.o)
 .comment       0x000000000000002d       0x2e ../firmware02_bsp//libhal_bsp.a(altera_up_avalon_accelerometer_spi.o)
 .comment       0x000000000000002d       0x2e ../firmware02_bsp//libhal_bsp.a(alt_alarm_start.o)
 .comment       0x000000000000002d       0x2e ../firmware02_bsp//libhal_bsp.a(alt_dcache_flush_all.o)
 .comment       0x000000000000002d       0x2e ../firmware02_bsp//libhal_bsp.a(alt_dev_llist_insert.o)
 .comment       0x000000000000002d       0x2e ../firmware02_bsp//libhal_bsp.a(alt_do_ctors.o)
 .comment       0x000000000000002d       0x2e ../firmware02_bsp//libhal_bsp.a(alt_do_dtors.o)
 .comment       0x000000000000002d       0x2e ../firmware02_bsp//libhal_bsp.a(alt_find_dev.o)
 .comment       0x000000000000002d       0x2e ../firmware02_bsp//libhal_bsp.a(alt_icache_flush_all.o)
 .comment       0x000000000000002d       0x2e ../firmware02_bsp//libhal_bsp.a(alt_io_redirect.o)
 .comment       0x000000000000002d       0x2e ../firmware02_bsp//libhal_bsp.a(alt_irq_handler.o)
 .comment       0x000000000000002d       0x2e ../firmware02_bsp//libhal_bsp.a(alt_open.o)
 .comment       0x000000000000002d       0x2e ../firmware02_bsp//libhal_bsp.a(alt_tick.o)
 .comment       0x000000000000002d       0x2e ../firmware02_bsp//libhal_bsp.a(altera_nios2_gen2_irq.o)
 .comment       0x000000000000002d       0x2e ../firmware02_bsp//libhal_bsp.a(alt_find_file.o)
 .comment       0x000000000000002d       0x2e ../firmware02_bsp//libhal_bsp.a(alt_get_fd.o)
 .comment       0x000000000000002d       0x2e ../firmware02_bsp//libhal_bsp.a(alt_instruction_exception_entry.o)
 .comment       0x000000000000002d       0x2e /home/dereklai/intelFPGA_lite/21.1/nios2eds/bin/gnu/H-x86_64-pc-linux-gnu/bin/../lib/gcc/nios2-elf/10.3.1/../../../../../H-x86_64-pc-linux-gnu/nios2-elf/lib/mno-hw-mul/libc.a(lib_a-atexit.o)
 .comment       0x000000000000002d       0x2e /home/dereklai/intelFPGA_lite/21.1/nios2eds/bin/gnu/H-x86_64-pc-linux-gnu/bin/../lib/gcc/nios2-elf/10.3.1/../../../../../H-x86_64-pc-linux-gnu/nios2-elf/lib/mno-hw-mul/libc.a(lib_a-exit.o)
 .comment       0x000000000000002d       0x2e /home/dereklai/intelFPGA_lite/21.1/nios2eds/bin/gnu/H-x86_64-pc-linux-gnu/bin/../lib/gcc/nios2-elf/10.3.1/../../../../../H-x86_64-pc-linux-gnu/nios2-elf/lib/mno-hw-mul/libc.a(lib_a-memcmp.o)
 .comment       0x000000000000002d       0x2e /home/dereklai/intelFPGA_lite/21.1/nios2eds/bin/gnu/H-x86_64-pc-linux-gnu/bin/../lib/gcc/nios2-elf/10.3.1/../../../../../H-x86_64-pc-linux-gnu/nios2-elf/lib/mno-hw-mul/libc.a(lib_a-putchar.o)
 .comment       0x000000000000002d       0x2e /home/dereklai/intelFPGA_lite/21.1/nios2eds/bin/gnu/H-x86_64-pc-linux-gnu/bin/../lib/gcc/nios2-elf/10.3.1/../../../../../H-x86_64-pc-linux-gnu/nios2-elf/lib/mno-hw-mul/libc.a(lib_a-__atexit.o)
 .comment       0x000000000000002d       0x2e /home/dereklai/intelFPGA_lite/21.1/nios2eds/bin/gnu/H-x86_64-pc-linux-gnu/bin/../lib/gcc/nios2-elf/10.3.1/../../../../../H-x86_64-pc-linux-gnu/nios2-elf/lib/mno-hw-mul/libc.a(lib_a-__call_atexit.o)
 .comment       0x000000000000002d       0x2e /home/dereklai/intelFPGA_lite/21.1/nios2eds/bin/gnu/H-x86_64-pc-linux-gnu/bin/../lib/gcc/nios2-elf/10.3.1/../../../../../H-x86_64-pc-linux-gnu/nios2-elf/lib/mno-hw-mul/libc.a(lib_a-putc.o)
 .comment       0x000000000000002d       0x2e /home/dereklai/intelFPGA_lite/21.1/nios2eds/bin/gnu/H-x86_64-pc-linux-gnu/bin/../lib/gcc/nios2-elf/10.3.1/../../../../../H-x86_64-pc-linux-gnu/nios2-elf/lib/mno-hw-mul/libc.a(lib_a-wbuf.o)
 .comment       0x000000000000002d       0x2e /home/dereklai/intelFPGA_lite/21.1/nios2eds/bin/gnu/H-x86_64-pc-linux-gnu/bin/../lib/gcc/nios2-elf/10.3.1/../../../../../H-x86_64-pc-linux-gnu/nios2-elf/lib/mno-hw-mul/libc.a(lib_a-wsetup.o)
 .comment       0x000000000000002d       0x2e /home/dereklai/intelFPGA_lite/21.1/nios2eds/bin/gnu/H-x86_64-pc-linux-gnu/bin/../lib/gcc/nios2-elf/10.3.1/../../../../../H-x86_64-pc-linux-gnu/nios2-elf/lib/mno-hw-mul/libc.a(lib_a-makebuf.o)
 .comment       0x000000000000002d       0x2e /home/dereklai/intelFPGA_lite/21.1/nios2eds/bin/gnu/H-x86_64-pc-linux-gnu/bin/../lib/gcc/nios2-elf/10.3.1/../../../../../H-x86_64-pc-linux-gnu/nios2-elf/lib/mno-hw-mul/libc.a(lib_a-fstatr.o)
 .comment       0x000000000000002d       0x2e /home/dereklai/intelFPGA_lite/21.1/nios2eds/bin/gnu/H-x86_64-pc-linux-gnu/bin/../lib/gcc/nios2-elf/10.3.1/../../../../../H-x86_64-pc-linux-gnu/nios2-elf/lib/mno-hw-mul/libc.a(lib_a-isattyr.o)
 .comment       0x000000000000002d       0x2e ../firmware02_bsp//libhal_bsp.a(alt_exit.o)
 .comment       0x000000000000002d       0x2e ../firmware02_bsp//libhal_bsp.a(alt_fstat.o)
 .comment       0x000000000000002d       0x2e ../firmware02_bsp//libhal_bsp.a(alt_isatty.o)

.debug
 *(.debug)

.line
 *(.line)

.debug_srcinfo
 *(.debug_srcinfo)

.debug_sfnames
 *(.debug_sfnames)

.debug_aranges  0x0000000000000000      0xb00
 *(.debug_aranges)
 .debug_aranges
                0x0000000000000000       0x28 ../firmware02_bsp//obj/HAL/src/crt0.o
 .debug_aranges
                0x0000000000000028       0x20 obj/default/main.o
 .debug_aranges
                0x0000000000000048       0x20 /home/dereklai/intelFPGA_lite/21.1/nios2eds/bin/gnu/H-x86_64-pc-linux-gnu/bin/../lib/gcc/nios2-elf/10.3.1/mno-hw-mul/libgcc.a(lib2-mul.o)
 .debug_aranges
                0x0000000000000068       0x20 /home/dereklai/intelFPGA_lite/21.1/nios2eds/bin/gnu/H-x86_64-pc-linux-gnu/bin/../lib/gcc/nios2-elf/10.3.1/mno-hw-mul/libgcc.a(divsf3.o)
 .debug_aranges
                0x0000000000000088       0x20 /home/dereklai/intelFPGA_lite/21.1/nios2eds/bin/gnu/H-x86_64-pc-linux-gnu/bin/../lib/gcc/nios2-elf/10.3.1/mno-hw-mul/libgcc.a(floatsisf.o)
 .debug_aranges
                0x00000000000000a8       0x20 /home/dereklai/intelFPGA_lite/21.1/nios2eds/bin/gnu/H-x86_64-pc-linux-gnu/bin/../lib/gcc/nios2-elf/10.3.1/mno-hw-mul/libgcc.a(_clzsi2.o)
 .debug_aranges
                0x00000000000000c8       0x18 /home/dereklai/intelFPGA_lite/21.1/nios2eds/bin/gnu/H-x86_64-pc-linux-gnu/bin/../lib/gcc/nios2-elf/10.3.1/mno-hw-mul/libgcc.a(_clz.o)
 .debug_aranges
                0x00000000000000e0       0x30 /home/dereklai/intelFPGA_lite/21.1/nios2eds/bin/gnu/H-x86_64-pc-linux-gnu/bin/../lib/gcc/nios2-elf/10.3.1/../../../../../H-x86_64-pc-linux-gnu/nios2-elf/lib/mno-hw-mul/libc.a(lib_a-fflush.o)
 .debug_aranges
                0x0000000000000110       0x68 /home/dereklai/intelFPGA_lite/21.1/nios2eds/bin/gnu/H-x86_64-pc-linux-gnu/bin/../lib/gcc/nios2-elf/10.3.1/../../../../../H-x86_64-pc-linux-gnu/nios2-elf/lib/mno-hw-mul/libc.a(lib_a-findfp.o)
 .debug_aranges
                0x0000000000000178       0x28 /home/dereklai/intelFPGA_lite/21.1/nios2eds/bin/gnu/H-x86_64-pc-linux-gnu/bin/../lib/gcc/nios2-elf/10.3.1/../../../../../H-x86_64-pc-linux-gnu/nios2-elf/lib/mno-hw-mul/libc.a(lib_a-freer.o)
 .debug_aranges
                0x00000000000001a0       0x28 /home/dereklai/intelFPGA_lite/21.1/nios2eds/bin/gnu/H-x86_64-pc-linux-gnu/bin/../lib/gcc/nios2-elf/10.3.1/../../../../../H-x86_64-pc-linux-gnu/nios2-elf/lib/mno-hw-mul/libc.a(lib_a-fwalk.o)
 .debug_aranges
                0x00000000000001c8       0x18 /home/dereklai/intelFPGA_lite/21.1/nios2eds/bin/gnu/H-x86_64-pc-linux-gnu/bin/../lib/gcc/nios2-elf/10.3.1/../../../../../H-x86_64-pc-linux-gnu/nios2-elf/lib/mno-hw-mul/libc.a(lib_a-impure.o)
 .debug_aranges
                0x00000000000001e0       0x20 /home/dereklai/intelFPGA_lite/21.1/nios2eds/bin/gnu/H-x86_64-pc-linux-gnu/bin/../lib/gcc/nios2-elf/10.3.1/../../../../../H-x86_64-pc-linux-gnu/nios2-elf/lib/mno-hw-mul/libc.a(lib_a-mallocr.o)
 .debug_aranges
                0x0000000000000200       0x20 /home/dereklai/intelFPGA_lite/21.1/nios2eds/bin/gnu/H-x86_64-pc-linux-gnu/bin/../lib/gcc/nios2-elf/10.3.1/../../../../../H-x86_64-pc-linux-gnu/nios2-elf/lib/mno-hw-mul/libc.a(lib_a-memcpy.o)
 .debug_aranges
                0x0000000000000220       0x20 /home/dereklai/intelFPGA_lite/21.1/nios2eds/bin/gnu/H-x86_64-pc-linux-gnu/bin/../lib/gcc/nios2-elf/10.3.1/../../../../../H-x86_64-pc-linux-gnu/nios2-elf/lib/mno-hw-mul/libc.a(lib_a-memset.o)
 .debug_aranges
                0x0000000000000240       0x20 /home/dereklai/intelFPGA_lite/21.1/nios2eds/bin/gnu/H-x86_64-pc-linux-gnu/bin/../lib/gcc/nios2-elf/10.3.1/../../../../../H-x86_64-pc-linux-gnu/nios2-elf/lib/mno-hw-mul/libc.a(lib_a-sbrkr.o)
 .debug_aranges
                0x0000000000000260       0x40 /home/dereklai/intelFPGA_lite/21.1/nios2eds/bin/gnu/H-x86_64-pc-linux-gnu/bin/../lib/gcc/nios2-elf/10.3.1/../../../../../H-x86_64-pc-linux-gnu/nios2-elf/lib/mno-hw-mul/libc.a(lib_a-stdio.o)
 .debug_aranges
                0x00000000000002a0       0x20 /home/dereklai/intelFPGA_lite/21.1/nios2eds/bin/gnu/H-x86_64-pc-linux-gnu/bin/../lib/gcc/nios2-elf/10.3.1/../../../../../H-x86_64-pc-linux-gnu/nios2-elf/lib/mno-hw-mul/libc.a(lib_a-strlen.o)
 .debug_aranges
                0x00000000000002c0       0x20 /home/dereklai/intelFPGA_lite/21.1/nios2eds/bin/gnu/H-x86_64-pc-linux-gnu/bin/../lib/gcc/nios2-elf/10.3.1/../../../../../H-x86_64-pc-linux-gnu/nios2-elf/lib/mno-hw-mul/libc.a(lib_a-writer.o)
 .debug_aranges
                0x00000000000002e0       0x20 /home/dereklai/intelFPGA_lite/21.1/nios2eds/bin/gnu/H-x86_64-pc-linux-gnu/bin/../lib/gcc/nios2-elf/10.3.1/../../../../../H-x86_64-pc-linux-gnu/nios2-elf/lib/mno-hw-mul/libc.a(closer.o)
 .debug_aranges
                0x0000000000000300       0x30 /home/dereklai/intelFPGA_lite/21.1/nios2eds/bin/gnu/H-x86_64-pc-linux-gnu/bin/../lib/gcc/nios2-elf/10.3.1/../../../../../H-x86_64-pc-linux-gnu/nios2-elf/lib/mno-hw-mul/libc.a(lib_a-fclose.o)
 .debug_aranges