Archive member included to satisfy reference by file (symbol)

/home/dereklai/intelFPGA_lite/21.1/nios2eds/bin/gnu/H-x86_64-pc-linux-gnu/bin/../lib/gcc/nios2-elf/10.3.1/mno-hw-mul/libgcc.a(lib2-mul.o)
                              obj/default/main.o (__mulsi3)
/home/dereklai/intelFPGA_lite/21.1/nios2eds/bin/gnu/H-x86_64-pc-linux-gnu/bin/../lib/gcc/nios2-elf/10.3.1/mno-hw-mul/libgcc.a(divsf3.o)
                              obj/default/main.o (__divsf3)
/home/dereklai/intelFPGA_lite/21.1/nios2eds/bin/gnu/H-x86_64-pc-linux-gnu/bin/../lib/gcc/nios2-elf/10.3.1/mno-hw-mul/libgcc.a(floatsisf.o)
                              obj/default/main.o (__floatsisf)
/home/dereklai/intelFPGA_lite/21.1/nios2eds/bin/gnu/H-x86_64-pc-linux-gnu/bin/../lib/gcc/nios2-elf/10.3.1/mno-hw-mul/libgcc.a(_clzsi2.o)
                              /home/dereklai/intelFPGA_lite/21.1/nios2eds/bin/gnu/H-x86_64-pc-linux-gnu/bin/../lib/gcc/nios2-elf/10.3.1/mno-hw-mul/libgcc.a(divsf3.o) (__clzsi2)
/home/dereklai/intelFPGA_lite/21.1/nios2eds/bin/gnu/H-x86_64-pc-linux-gnu/bin/../lib/gcc/nios2-elf/10.3.1/mno-hw-mul/libgcc.a(_clz.o)
                              /home/dereklai/intelFPGA_lite/21.1/nios2eds/bin/gnu/H-x86_64-pc-linux-gnu/bin/../lib/gcc/nios2-elf/10.3.1/mno-hw-mul/libgcc.a(_clzsi2.o) (__clz_tab)
/home/dereklai/intelFPGA_lite/21.1/nios2eds/bin/gnu/H-x86_64-pc-linux-gnu/bin/../lib/gcc/nios2-elf/10.3.1/../../../../../H-x86_64-pc-linux-gnu/nios2-elf/lib/mno-hw-mul/libc.a(lib_a-fclose.o)
                              obj/default/main.o (fclose)
/home/dereklai/intelFPGA_lite/21.1/nios2eds/bin/gnu/H-x86_64-pc-linux-gnu/bin/../lib/gcc/nios2-elf/10.3.1/../../../../../H-x86_64-pc-linux-gnu/nios2-elf/lib/mno-hw-mul/libc.a(lib_a-fflush.o)
                              /home/dereklai/intelFPGA_lite/21.1/nios2eds/bin/gnu/H-x86_64-pc-linux-gnu/bin/../lib/gcc/nios2-elf/10.3.1/../../../../../H-x86_64-pc-linux-gnu/nios2-elf/lib/mno-hw-mul/libc.a(lib_a-fclose.o) (__sflush_r)
/home/dereklai/intelFPGA_lite/21.1/nios2eds/bin/gnu/H-x86_64-pc-linux-gnu/bin/../lib/gcc/nios2-elf/10.3.1/../../../../../H-x86_64-pc-linux-gnu/nios2-elf/lib/mno-hw-mul/libc.a(lib_a-findfp.o)
                              /home/dereklai/intelFPGA_lite/21.1/nios2eds/bin/gnu/H-x86_64-pc-linux-gnu/bin/../lib/gcc/nios2-elf/10.3.1/../../../../../H-x86_64-pc-linux-gnu/nios2-elf/lib/mno-hw-mul/libc.a(lib_a-fclose.o) (__sinit)
/home/dereklai/intelFPGA_lite/21.1/nios2eds/bin/gnu/H-x86_64-pc-linux-gnu/bin/../lib/gcc/nios2-elf/10.3.1/../../../../../H-x86_64-pc-linux-gnu/nios2-elf/lib/mno-hw-mul/libc.a(lib_a-fopen.o)
                              obj/default/main.o (fopen)
/home/dereklai/intelFPGA_lite/21.1/nios2eds/bin/gnu/H-x86_64-pc-linux-gnu/bin/../lib/gcc/nios2-elf/10.3.1/../../../../../H-x86_64-pc-linux-gnu/nios2-elf/lib/mno-hw-mul/libc.a(lib_a-freer.o)
                              /home/dereklai/intelFPGA_lite/21.1/nios2eds/bin/gnu/H-x86_64-pc-linux-gnu/bin/../lib/gcc/nios2-elf/10.3.1/../../../../../H-x86_64-pc-linux-gnu/nios2-elf/lib/mno-hw-mul/libc.a(lib_a-fclose.o) (_free_r)
/home/dereklai/intelFPGA_lite/21.1/nios2eds/bin/gnu/H-x86_64-pc-linux-gnu/bin/../lib/gcc/nios2-elf/10.3.1/../../../../../H-x86_64-pc-linux-gnu/nios2-elf/lib/mno-hw-mul/libc.a(lib_a-fseek.o)
                              /home/dereklai/intelFPGA_lite/21.1/nios2eds/bin/gnu/H-x86_64-pc-linux-gnu/bin/../lib/gcc/nios2-elf/10.3.1/../../../../../H-x86_64-pc-linux-gnu/nios2-elf/lib/mno-hw-mul/libc.a(lib_a-fopen.o) (_fseek_r)
/home/dereklai/intelFPGA_lite/21.1/nios2eds/bin/gnu/H-x86_64-pc-linux-gnu/bin/../lib/gcc/nios2-elf/10.3.1/../../../../../H-x86_64-pc-linux-gnu/nios2-elf/lib/mno-hw-mul/libc.a(lib_a-fseeko.o)
                              /home/dereklai/intelFPGA_lite/21.1/nios2eds/bin/gnu/H-x86_64-pc-linux-gnu/bin/../lib/gcc/nios2-elf/10.3.1/../../../../../H-x86_64-pc-linux-gnu/nios2-elf/lib/mno-hw-mul/libc.a(lib_a-fseek.o) (_fseeko_r)
/home/dereklai/intelFPGA_lite/21.1/nios2eds/bin/gnu/H-x86_64-pc-linux-gnu/bin/../lib/gcc/nios2-elf/10.3.1/../../../../../H-x86_64-pc-linux-gnu/nios2-elf/lib/mno-hw-mul/libc.a(lib_a-fstatr.o)
                              /home/dereklai/intelFPGA_lite/21.1/nios2eds/bin/gnu/H-x86_64-pc-linux-gnu/bin/../lib/gcc/nios2-elf/10.3.1/../../../../../H-x86_64-pc-linux-gnu/nios2-elf/lib/mno-hw-mul/libc.a(lib_a-fseeko.o) (_fstat_r)
/home/dereklai/intelFPGA_lite/21.1/nios2eds/bin/gnu/H-x86_64-pc-linux-gnu/bin/../lib/gcc/nios2-elf/10.3.1/../../../../../H-x86_64-pc-linux-gnu/nios2-elf/lib/mno-hw-mul/libc.a(lib_a-fwalk.o)
                              /home/dereklai/intelFPGA_lite/21.1/nios2eds/bin/gnu/H-x86_64-pc-linux-gnu/bin/../lib/gcc/nios2-elf/10.3.1/../../../../../H-x86_64-pc-linux-gnu/nios2-elf/lib/mno-hw-mul/libc.a(lib_a-findfp.o) (_fwalk)
/home/dereklai/intelFPGA_lite/21.1/nios2eds/bin/gnu/H-x86_64-pc-linux-gnu/bin/../lib/gcc/nios2-elf/10.3.1/../../../../../H-x86_64-pc-linux-gnu/nios2-elf/lib/mno-hw-mul/libc.a(lib_a-getc.o)
                              obj/default/main.o (getc)
[...]
Memory Configuration

Name             Origin             Length             Attributes
reset            0x0000000000010000 0x0000000000000020
onchip_memory    0x0000000000010020 0x000000000000ffe0
*default*        0x0000000000000000 0xffffffffffffffff

Linker script and memory map

LOAD ../firmware02_bsp//obj/HAL/src/crt0.o
LOAD obj/default/main.o
LOAD /home/dereklai/intelFPGA_lite/21.1/nios2eds/bin/gnu/H-x86_64-pc-linux-gnu/bin/../lib/gcc/nios2-elf/10.3.1/../../../../../H-x86_64-pc-linux-gnu/nios2-elf/lib/mno-hw-mul/libstdc++.a
LOAD /home/dereklai/intelFPGA_lite/21.1/nios2eds/bin/gnu/H-x86_64-pc-linux-gnu/bin/../lib/gcc/nios2-elf/10.3.1/../../../../../H-x86_64-pc-linux-gnu/nios2-elf/lib/mno-hw-mul/libm.a
LOAD /home/dereklai/intelFPGA_lite/21.1/nios2eds/bin/gnu/H-x86_64-pc-linux-gnu/bin/../lib/gcc/nios2-elf/10.3.1/mno-hw-mul/libgcc.a
START GROUP
LOAD /home/dereklai/intelFPGA_lite/21.1/nios2eds/bin/gnu/H-x86_64-pc-linux-gnu/bin/../lib/gcc/nios2-elf/10.3.1/../../../../../H-x86_64-pc-linux-gnu/nios2-elf/lib/mno-hw-mul/libc.a
LOAD /home/dereklai/intelFPGA_lite/21.1/nios2eds/bin/gnu/H-x86_64-pc-linux-gnu/bin/../lib/gcc/nios2-elf/10.3.1/mno-hw-mul/libgcc.a
LOAD ../firmware02_bsp//libhal_bsp.a
LOAD /home/dereklai/intelFPGA_lite/21.1/nios2eds/bin/gnu/H-x86_64-pc-linux-gnu/bin/../lib/gcc/nios2-elf/10.3.1/../../../../../H-x86_64-pc-linux-gnu/nios2-elf/lib/mno-hw-mul/libm.a
END GROUP
LOAD /home/dereklai/intelFPGA_lite/21.1/nios2eds/bin/gnu/H-x86_64-pc-linux-gnu/bin/../lib/gcc/nios2-elf/10.3.1/mno-hw-mul/libgcc.a
                0x0000000000010000                __alt_mem_onchip_memory = 0x10000

.entry          0x0000000000010000       0x20
 *(.entry)
 .entry         0x0000000000010000       0x20 ../firmware02_bsp//obj/HAL/src/crt0.o
                0x0000000000010000                __reset

.exceptions     0x0000000000010020      0x208
                0x0000000000010020                PROVIDE (__ram_exceptions_start = ABSOLUTE (.))
                0x0000000000010020                . = ALIGN (0x20)
 *(.irq)
 *(.exceptions.entry.label)
 .exceptions.entry.label
                0x0000000000010020        0x0 ../firmware02_bsp//libhal_bsp.a(alt_irq_entry.o)
                0x0000000000010020                alt_irq_entry
 .exceptions.entry.label
                0x0000000000010020        0x0 ../firmware02_bsp//libhal_bsp.a(alt_exception_entry.o)
                0x0000000000010020                alt_exception
 *(.exceptions.entry.user)
 *(.exceptions.entry.ecc_fatal)
 *(.exceptions.entry)
 .exceptions.entry
                0x0000000000010020       0x54 ../firmware02_bsp//libhal_bsp.a(alt_exception_entry.o)
 *(.exceptions.irqtest.user)
 *(.exceptions.irqtest)
 .exceptions.irqtest
                0x0000000000010074       0x10 ../firmware02_bsp//libhal_bsp.a(alt_irq_entry.o)
 *(.exceptions.irqhandler.user)
 *(.exceptions.irqhandler)
 .exceptions.irqhandler
                0x0000000000010084        0x4 ../firmware02_bsp//libhal_bsp.a(alt_irq_entry.o)
 *(.exceptions.irqreturn.user)
 *(.exceptions.irqreturn)
 .exceptions.irqreturn
                0x0000000000010088        0x4 ../firmware02_bsp//libhal_bsp.a(alt_irq_entry.o)
 *(.exceptions.notirq.label)
 .exceptions.notirq.label
                0x000000000001008c        0x0 ../firmware02_bsp//libhal_bsp.a(alt_irq_entry.o)
 *(.exceptions.notirq.user)
 *(.exceptions.notirq)
 .exceptions.notirq
                0x000000000001008c        0x8 ../firmware02_bsp//libhal_bsp.a(alt_exception_entry.o)
 *(.exceptions.soft.user)
 *(.exceptions.soft)
 *(.exceptions.unknown.user)
 *(.exceptions.unknown)
 .exceptions.unknown
                0x0000000000010094       0x14 ../firmware02_bsp//libhal_bsp.a(alt_exception_entry.o)
 *(.exceptions.exit.label)
 .exceptions.exit.label
                0x00000000000100a8        0x0 ../firmware02_bsp//libhal_bsp.a(alt_irq_entry.o)
 .exceptions.exit.label
                0x00000000000100a8        0x0 ../firmware02_bsp//libhal_bsp.a(alt_exception_entry.o)
 *(.exceptions.exit.user)
 *(.exceptions.exit)
 .exceptions.exit
                0x00000000000100a8       0x54 ../firmware02_bsp//libhal_bsp.a(alt_exception_entry.o)
 *(.exceptions)
 .exceptions    0x00000000000100fc       0xcc ../firmware02_bsp//libhal_bsp.a(alt_irq_handler.o)
                0x00000000000100fc                alt_irq_handler
 .exceptions    0x00000000000101c8       0x60 ../firmware02_bsp//libhal_bsp.a(alt_instruction_exception_entry.o)
                0x00000000000101c8                alt_instruction_exception_entry
                0x0000000000010228                PROVIDE (__ram_exceptions_end = ABSOLUTE (.))
                0x0000000000010020                PROVIDE (__flash_exceptions_start = LOADADDR (.exceptions))

.text           0x0000000000010228     0x6c88
                [!provide]                        PROVIDE (stext = ABSOLUTE (.))
 *(.interp)
 *(.hash)
 *(.dynsym)
 *(.dynstr)
 *(.gnu.version)
 *(.gnu.version_d)
 *(.gnu.version_r)
 *(.rel.init)
 *(.rela.init)
 *(.rel.text .rel.text.* .rel.gnu.linkonce.t.*)
 *(.rela.text .rela.text.* .rela.gnu.linkonce.t.*)
 *(.rel.fini)
 *(.rela.fini)
 *(.rel.rodata .rel.rodata.* .rel.gnu.linkonce.r.*)
 *(.rela.rodata .rela.rodata.* .rela.gnu.linkonce.r.*)
 *(.rel.data .rel.data.* .rel.gnu.linkonce.d.*)
 *(.rela.data .rela.data.* .rela.gnu.linkonce.d.*)
 *(.rel.tdata .rel.tdata.* .rel.gnu.linkonce.td.*)
 *(.rela.tdata .rela.tdata.* .rela.gnu.linkonce.td.*)
 *(.rel.tbss .rel.tbss.* .rel.gnu.linkonce.tb.*)
 *(.rela.tbss .rela.tbss.* .rela.gnu.linkonce.tb.*)
 *(.rel.ctors)
 *(.rela.ctors)
 *(.rel.dtors)
 *(.rela.dtors)
 *(.rel.got)
 *(.rela.got)
 *(.rel.sdata .rel.sdata.* .rel.gnu.linkonce.s.*)
 *(.rela.sdata .rela.sdata.* .rela.gnu.linkonce.s.*)
 *(.rel.sbss .rel.sbss.* .rel.gnu.linkonce.sb.*)
 *(.rela.sbss .rela.sbss.* .rela.gnu.linkonce.sb.*)
 *(.rel.sdata2 .rel.sdata2.* .rel.gnu.linkonce.s2.*)
 *(.rela.sdata2 .rela.sdata2.* .rela.gnu.linkonce.s2.*)
 *(.rel.sbss2 .rel.sbss2.* .rel.gnu.linkonce.sb2.*)
 *(.rela.sbss2 .rela.sbss2.* .rela.gnu.linkonce.sb2.*)
 *(.rel.bss .rel.bss.* .rel.gnu.linkonce.b.*)
 *(.rela.bss .rela.bss.* .rela.gnu.linkonce.b.*)
 *(.rel.plt)
 *(.rela.plt)
 *(.rel.dyn)
 *(.init)
 *(.plt)
 *(.text .stub .text.* .gnu.linkonce.t.*)
 .text          0x0000000000010228       0x3c ../firmware02_bsp//obj/HAL/src/crt0.o
                0x0000000000010228                _start
 .text          0x0000000000010264      0xc00 obj/default/main.o
                0x0000000000010264                write_leds
                0x0000000000010294                write_hex
                0x0000000000010344                read_switches
                0x0000000000010368                read_buttons
                0x000000000001038c                read_accerometer
                0x00000000000103f0                decode_7seg
                0x0000000000010454                setBuffer
                0x00000000000104ac                shiftBuffer
                0x0000000000010538                getWindow
                0x0000000000010578                float_to_fixed23
                0x0000000000010630                fixed23_to_float
                0x000000000001067c                fir_filter_fixed
                0x0000000000010788                generate_fixed
                0x0000000000010808                update_hex
                0x00000000000108c0                update_leds
                0x0000000000010920                uart_recieve
                0x00000000000109c8                state_0_recieve_loop
                0x0000000000010b20                get_accler_isr
                0x0000000000010b70                timer_init
                0x0000000000010bec                main
 .text          0x0000000000010e64       0x28 /home/dereklai/intelFPGA_lite/21.1/nios2eds/bin/gnu/H-x86_64-pc-linux-gnu/bin/../lib/gcc/nios2-elf/10.3.1/mno-hw-mul/libgcc.a(lib2-mul.o)
                0x0000000000010e64                __mulsi3
 .text          0x0000000000010e8c      0x3f8 /home/dereklai/intelFPGA_lite/21.1/nios2eds/bin/gnu/H-x86_64-pc-linux-gnu/bin/../lib/gcc/nios2-elf/10.3.1/mno-hw-mul/libgcc.a(divsf3.o)
                0x0000000000010e8c                __divsf3
 .text          0x0000000000011284      0x124 /home/dereklai/intelFPGA_lite/21.1/nios2eds/bin/gnu/H-x86_64-pc-linux-gnu/bin/../lib/gcc/nios2-elf/10.3.1/mno-hw-mul/libgcc.a(floatsisf.o)
                0x0000000000011284                __floatsisf
 .text          0x00000000000113a8       0x54 /home/dereklai/intelFPGA_lite/21.1/nios2eds/bin/gnu/H-x86_64-pc-linux-gnu/bin/../lib/gcc/nios2-elf/10.3.1/mno-hw-mul/libgcc.a(_clzsi2.o)
                0x00000000000113a8                __clzsi2
 .text          0x00000000000113fc        0x0 /home/dereklai/intelFPGA_lite/21.1/nios2eds/bin/gnu/H-x86_64-pc-linux-gnu/bin/../lib/gcc/nios2-elf/10.3.1/mno-hw-mul/libgcc.a(_clz.o)
 .text          0x00000000000113fc        0x0 /home/dereklai/intelFPGA_lite/21.1/nios2eds/bin/gnu/H-x86_64-pc-linux-gnu/bin/../lib/gcc/nios2-elf/10.3.1/../../../../../H-x86_64-pc-linux-gnu/nios2-elf/lib/mno-hw-mul/libc.a(lib_a-fclose.o)
 .text._fclose_r.part.0
                0x00000000000113fc       0xc0 /home/dereklai/intelFPGA_lite/21.1/nios2eds/bin/gnu/H-x86_64-pc-linux-gnu/bin/../lib/gcc/nios2-elf/10.3.1/../../../../../H-x86_64-pc-linux-gnu/nios2-elf/lib/mno-hw-mul/libc.a(lib_a-fclose.o)
 .text._fclose_r
                0x00000000000114bc       0x70 /home/dereklai/intelFPGA_lite/21.1/nios2eds/bin/gnu/H-x86_64-pc-linux-gnu/bin/../lib/gcc/nios2-elf/10.3.1/../../../../../H-x86_64-pc-linux-gnu/nios2-elf/lib/mno-hw-mul/libc.a(lib_a-fclose.o)
                0x00000000000114bc                _fclose_r
 .text.fclose   0x000000000001152c       0x70 /home/dereklai/intelFPGA_lite/21.1/nios2eds/bin/gnu/H-x86_64-pc-linux-gnu/bin/../lib/gcc/nios2-elf/10.3.1/../../../../../H-x86_64-pc-linux-gnu/nios2-elf/lib/mno-hw-mul/libc.a(lib_a-fclose.o)
                0x000000000001152c                fclose
 .text          0x000000000001159c        0x0 /home/dereklai/intelFPGA_lite/21.1/nios2eds/bin/gnu/H-x86_64-pc-linux-gnu/bin/../lib/gcc/nios2-elf/10.3.1/../../../../../H-x86_64-pc-linux-gnu/nios2-elf/lib/mno-hw-mul/libc.a(lib_a-fflush.o)
 .text.__sflush_r
                0x000000000001159c      0x228 /home/dereklai/intelFPGA_lite/21.1/nios2eds/bin/gnu/H-x86_64-pc-linux-gnu/bin/../lib/gcc/nios2-elf/10.3.1/../../../../../H-x86_64-pc-linux-gnu/nios2-elf/lib/mno-hw-mul/libc.a(lib_a-fflush.o)
                0x000000000001159c                __sflush_r
 .text._fflush_r
                0x00000000000117c4       0x60 /home/dereklai/intelFPGA_lite/21.1/nios2eds/bin/gnu/H-x86_64-pc-linux-gnu/bin/../lib/gcc/nios2-elf/10.3.1/../../../../../H-x86_64-pc-linux-gnu/nios2-elf/lib/mno-hw-mul/libc.a(lib_a-fflush.o)
                0x00000000000117c4                _fflush_r
 .text.fflush   0x0000000000011824       0x84 /home/dereklai/intelFPGA_lite/21.1/nios2eds/bin/gnu/H-x86_64-pc-linux-gnu/bin/../lib/gcc/nios2-elf/10.3.1/../../../../../H-x86_64-pc-linux-gnu/nios2-elf/lib/mno-hw-mul/libc.a(lib_a-fflush.o)
                0x0000000000011824                fflush
 .text          0x00000000000118a8        0x0 /home/dereklai/intelFPGA_lite/21.1/nios2eds/bin/gnu/H-x86_64-pc-linux-gnu/bin/../lib/gcc/nios2-elf/10.3.1/../../../../../H-x86_64-pc-linux-gnu/nios2-elf/lib/mno-hw-mul/libc.a(lib_a-findfp.o)
 .text.__fp_lock
                0x00000000000118a8        0x8 /home/dereklai/intelFPGA_lite/21.1/nios2eds/bin/gnu/H-x86_64-pc-linux-gnu/bin/../lib/gcc/nios2-elf/10.3.1/../../../../../H-x86_64-pc-linux-gnu/nios2-elf/lib/mno-hw-mul/libc.a(lib_a-findfp.o)
 .text._cleanup_r
                0x00000000000118b0        0xc /home/dereklai/intelFPGA_lite/21.1/nios2eds/bin/gnu/H-x86_64-pc-linux-gnu/bin/../lib/gcc/nios2-elf/10.3.1/../../../../../H-x86_64-pc-linux-gnu/nios2-elf/lib/mno-hw-mul/libc.a(lib_a-findfp.o)
                0x00000000000118b0                _cleanup_r
 .text.__fp_unlock
                0x00000000000118bc        0x8 /home/dereklai/intelFPGA_lite/21.1/nios2eds/bin/gnu/H-x86_64-pc-linux-gnu/bin/../lib/gcc/nios2-elf/10.3.1/../../../../../H-x86_64-pc-linux-gnu/nios2-elf/lib/mno-hw-mul/libc.a(lib_a-findfp.o)
 .text.__sinit.part.0
                0x00000000000118c4      0x168 /home/dereklai/intelFPGA_lite/21.1/nios2eds/bin/gnu/H-x86_64-pc-linux-gnu/bin/../lib/gcc/nios2-elf/10.3.1/../../../../../H-x86_64-pc-linux-gnu/nios2-elf/lib/mno-hw-mul/libc.a(lib_a-findfp.o)
 .text.__sfmoreglue
                0x0000000000011a2c       0x78 /home/dereklai/intelFPGA_lite/21.1/nios2eds/bin/gnu/H-x86_64-pc-linux-gnu/bin/../lib/gcc/nios2-elf/10.3.1/../../../../../H-x86_64-pc-linux-gnu/nios2-elf/lib/mno-hw-mul/libc.a(lib_a-findfp.o)
                0x0000000000011a2c                __sfmoreglue
 .text.__sfp    0x0000000000011aa4      0x154 /home/dereklai/intelFPGA_lite/21.1/nios2eds/bin/gnu/H-x86_64-pc-linux-gnu/bin/../lib/gcc/nios2-elf/10.3.1/../../../../../H-x86_64-pc-linux-gnu/nios2-elf/lib/mno-hw-mul/libc.a(lib_a-findfp.o)
                0x0000000000011aa4                __sfp
 .text._cleanup
                0x0000000000011bf8       0x14 /home/dereklai/intelFPGA_lite/21.1/nios2eds/bin/gnu/H-x86_64-pc-linux-gnu/bin/../lib/gcc/nios2-elf/10.3.1/../../../../../H-x86_64-pc-linux-gnu/nios2-elf/lib/mno-hw-mul/libc.a(lib_a-findfp.o)
                0x0000000000011bf8                _cleanup
 .text.__sinit  0x0000000000011c0c       0x10 /home/dereklai/intelFPGA_lite/21.1/nios2eds/bin/gnu/H-x86_64-pc-linux-gnu/bin/../lib/gcc/nios2-elf/10.3.1/../../../../../H-x86_64-pc-linux-gnu/nios2-elf/lib/mno-hw-mul/libc.a(lib_a-findfp.o)
                0x0000000000011c0c                __sinit
 .text.__sfp_lock_acquire
                0x0000000000011c1c        0x4 /home/dereklai/intelFPGA_lite/21.1/nios2eds/bin/gnu/H-x86_64-pc-linux-gnu/bin/../lib/gcc/nios2-elf/10.3.1/../../../../../H-x86_64-pc-linux-gnu/nios2-elf/lib/mno-hw-mul/libc.a(lib_a-findfp.o)
                0x0000000000011c1c                __sfp_lock_acquire
 .text.__sfp_lock_release
                0x0000000000011c20        0x4 /home/dereklai/intelFPGA_lite/21.1/nios2eds/bin/gnu/H-x86_64-pc-linux-gnu/bin/../lib/gcc/nios2-elf/10.3.1/../../../../../H-x86_64-pc-linux-gnu/nios2-elf/lib/mno-hw-mul/libc.a(lib_a-findfp.o)
                0x0000000000011c20                __sfp_lock_release
 .text.__sinit_lock_acquire
                0x0000000000011c24        0x4 /home/dereklai/intelFPGA_lite/21.1/nios2eds/bin/gnu/H-x86_64-pc-linux-gnu/bin/../lib/gcc/nios2-elf/10.3.1/../../../../../H-x86_64-pc-linux-gnu/nios2-elf/lib/mno-hw-mul/libc.a(lib_a-findfp.o)
                0x0000000000011c24                __sinit_lock_acquire
 .text.__sinit_lock_release
                0x0000000000011c28        0x4 /home/dereklai/intelFPGA_lite/21.1/nios2eds/bin/gnu/H-x86_64-pc-linux-gnu/bin/../lib/gcc/nios2-elf/10.3.1/../../../../../H-x86_64-pc-linux-gnu/nios2-elf/lib/mno-hw-mul/libc.a(lib_a-findfp.o)
                0x0000000000011c28                __sinit_lock_release
 .text.__fp_lock_all
                0x0000000000011c2c       0x14 /home/dereklai/intelFPGA_lite/21.1/nios2eds/bin/gnu/H-x86_64-pc-linux-gnu/bin/../lib/gcc/nios2-elf/10.3.1/../../../../../H-x86_64-pc-linux-gnu/nios2-elf/lib/mno-hw-mul/libc.a(lib_a-findfp.o)
                0x0000000000011c2c                __fp_lock_all
 .text.__fp_unlock_all
                0x0000000000011c40       0x14 /home/dereklai/intelFPGA_lite/21.1/nios2eds/bin/gnu/H-x86_64-pc-linux-gnu/bin/../lib/gcc/nios2-elf/10.3.1/../../../../../H-x86_64-pc-linux-gnu/nios2-elf/lib/mno-hw-mul/libc.a(lib_a-findfp.o)
                0x0000000000011c40                __fp_unlock_all
 .text          0x0000000000011c54        0x0 /home/dereklai/intelFPGA_lite/21.1/nios2eds/bin/gnu/H-x86_64-pc-linux-gnu/bin/../lib/gcc/nios2-elf/10.3.1/../../../../../H-x86_64-pc-linux-gnu/nios2-elf/lib/mno-hw-mul/libc.a(lib_a-fopen.o)
 .text._fopen_r
                0x0000000000011c54       0xf0 /home/dereklai/intelFPGA_lite/21.1/nios2eds/bin/gnu/H-x86_64-pc-linux-gnu/bin/../lib/gcc/nios2-elf/10.3.1/../../../../../H-x86_64-pc-linux-gnu/nios2-elf/lib/mno-hw-mul/libc.a(lib_a-fopen.o)
                0x0000000000011c54                _fopen_r
 .text.fopen    0x0000000000011d44       0x18 /home/dereklai/intelFPGA_lite/21.1/nios2eds/bin/gnu/H-x86_64-pc-linux-gnu/bin/../lib/gcc/nios2-elf/10.3.1/../../../../../H-x86_64-pc-linux-gnu/nios2-elf/lib/mno-hw-mul/libc.a(lib_a-fopen.o)
                0x0000000000011d44                fopen
 .text          0x0000000000011d5c        0x0 /home/dereklai/intelFPGA_lite/21.1/nios2eds/bin/gnu/H-x86_64-pc-linux-gnu/bin/../lib/gcc/nios2-elf/10.3.1/../../../../../H-x86_64-pc-linux-gnu/nios2-elf/lib/mno-hw-mul/libc.a(lib_a-freer.o)
 .text._malloc_trim_r
                0x0000000000011d5c      0x11c /home/dereklai/intelFPGA_lite/21.1/nios2eds/bin/gnu/H-x86_64-pc-linux-gnu/bin/../lib/gcc/nios2-elf/10.3.1/../../../../../H-x86_64-pc-linux-gnu/nios2-elf/lib/mno-hw-mul/libc.a(lib_a-freer.o)
                0x0000000000011d5c                _malloc_trim_r
 .text._free_r  0x0000000000011e78      0x2fc /home/dereklai/intelFPGA_lite/21.1/nios2eds/bin/gnu/H-x86_64-pc-linux-gnu/bin/../lib/gcc/nios2-elf/10.3.1/../../../../../H-x86_64-pc-linux-gnu/nios2-elf/lib/mno-hw-mul/libc.a(lib_a-freer.o)
                0x0000000000011e78                _free_r
 .text          0x0000000000012174        0x0 /home/dereklai/intelFPGA_lite/21.1/nios2eds/bin/gnu/H-x86_64-pc-linux-gnu/bin/../lib/gcc/nios2-elf/10.3.1/../../../../../H-x86_64-pc-linux-gnu/nios2-elf/lib/mno-hw-mul/libc.a(lib_a-fseek.o)
 .text._fseek_r
                0x0000000000012174        0x4 /home/dereklai/intelFPGA_lite/21.1/nios2eds/bin/gnu/H-x86_64-pc-linux-gnu/bin/../lib/gcc/nios2-elf/10.3.1/../../../../../H-x86_64-pc-linux-gnu/nios2-elf/lib/mno-hw-mul/libc.a(lib_a-fseek.o)
                0x0000000000012174                _fseek_r
 .text.fseek    0x0000000000012178       0x1c /home/dereklai/intelFPGA_lite/21.1/nios2eds/bin/gnu/H-x86_64-pc-linux-gnu/bin/../lib/gcc/nios2-elf/10.3.1/../../../../../H-x86_64-pc-linux-gnu/nios2-elf/lib/mno-hw-mul/libc.a(lib_a-fseek.o)
                0x0000000000012178                fseek
 .text          0x0000000000012194        0x0 /home/dereklai/intelFPGA_lite/21.1/nios2eds/bin/gnu/H-x86_64-pc-linux-gnu/bin/../lib/gcc/nios2-elf/10.3.1/../../../../../H-x86_64-pc-linux-gnu/nios2-elf/lib/mno-hw-mul/libc.a(lib_a-fseeko.o)
 .text._fseeko_r
                0x0000000000012194      0x454 /home/dereklai/intelFPGA_lite/21.1/nios2eds/bin/gnu/H-x86_64-pc-linux-gnu/bin/../lib/gcc/nios2-elf/10.3.1/../../../../../H-x86_64-pc-linux-gnu/nios2-elf/lib/mno-hw-mul/libc.a(lib_a-fseeko.o)
                0x0000000000012194                _fseeko_r
 .text.fseeko   0x00000000000125e8       0x1c /home/dereklai/intelFPGA_lite/21.1/nios2eds/bin/gnu/H-x86_64-pc-linux-gnu/bin/../lib/gcc/nios2-elf/10.3.1/../../../../../H-x86_64-pc-linux-gnu/nios2-elf/lib/mno-hw-mul/libc.a(lib_a-fseeko.o)
                0x00000000000125e8                fseeko
 .text          0x0000000000012604        0x0 /home/dereklai/intelFPGA_lite/21.1/nios2eds/bin/gnu/H-x86_64-pc-linux-gnu/bin/../lib/gcc/nios2-elf/10.3.1/../../../../../H-x86_64-pc-linux-gnu/nios2-elf/lib/mno-hw-mul/libc.a(lib_a-fstatr.o)
 .text._fstat_r
                0x0000000000012604       0x60 /home/dereklai/intelFPGA_lite/21.1/nios2eds/bin/gnu/H-x86_64-pc-linux-gnu/bin/../lib/gcc/nios2-elf/10.3.1/../../../../../H-x86_64-pc-linux-gnu/nios2-elf/lib/mno-hw-mul/libc.a(lib_a-fstatr.o)
                0x0000000000012604                _fstat_r
 .text          0x0000000000012664        0x0 /home/dereklai/intelFPGA_lite/21.1/nios2eds/bin/gnu/H-x86_64-pc-linux-gnu/bin/../lib/gcc/nios2-elf/10.3.1/../../../../../H-x86_64-pc-linux-gnu/nios2-elf/lib/mno-hw-mul/libc.a(lib_a-fwalk.o)
 .text._fwalk   0x0000000000012664       0x98 /home/dereklai/intelFPGA_lite/21.1/nios2eds/bin/gnu/H-x86_64-pc-linux-gnu/bin/../lib/gcc/nios2-elf/10.3.1/../../../../../H-x86_64-pc-linux-gnu/nios2-elf/lib/mno-hw-mul/libc.a(lib_a-fwalk.o)
                0x0000000000012664                _fwalk
 .text._fwalk_reent
                0x00000000000126fc       0xa8 /home/dereklai/intelFPGA_lite/21.1/nios2eds/bin/gnu/H-x86_64-pc-linux-gnu/bin/../lib/gcc/nios2-elf/10.3.1/../../../../../H-x86_64-pc-linux-gnu/nios2-elf/lib/mno-hw-mul/libc.a(lib_a-fwalk.o)
                0x00000000000126fc                _fwalk_reent
 .text          0x00000000000127a4        0x0 /home/dereklai/intelFPGA_lite/21.1/nios2eds/bin/gnu/H-x86_64-pc-linux-gnu/bin/../lib/gcc/nios2-elf/10.3.1/../../../../../H-x86_64-pc-linux-gnu/nios2-elf/lib/mno-hw-mul/libc.a(lib_a-getc.o)
 .text._getc_r  0x00000000000127a4       0x7c /home/dereklai/intelFPGA_lite/21.1/nios2eds/bin/gnu/H-x86_64-pc-linux-gnu/bin/../lib/gcc/nios2-elf/10.3.1/../../../../../H-x86_64-pc-linux-gnu/nios2-elf/lib/mno-hw-mul/libc.a(lib_a-getc.o)
                0x00000000000127a4                _getc_r
 .text.getc     0x0000000000012820       0x90 /home/dereklai/intelFPGA_lite/21.1/nios2eds/bin/gnu/H-x86_64-pc-linux-gnu/bin/../lib/gcc/nios2-elf/10.3.1/../../../../../H-x86_64-pc-linux-gnu/nios2-elf/lib/mno-hw-mul/libc.a(lib_a-getc.o)
                0x0000000000012820                getc
 .text          0x00000000000128b0        0x0 /home/dereklai/intelFPGA_lite/21.1/nios2eds/bin/gnu/H-x86_64-pc-linux-gnu/bin/../lib/gcc/nios2-elf/10.3.1/../../../../../H-x86_64-pc-linux-gnu/nios2-elf/lib/mno-hw-mul/libc.a(lib_a-impure.o)
 .text          0x00000000000128b0        0x0 /home/dereklai/intelFPGA_lite/21.1/nios2eds/bin/gnu/H-x86_64-pc-linux-gnu/bin/../lib/gcc/nios2-elf/10.3.1/../../../../../H-x86_64-pc-linux-gnu/nios2-elf/lib/mno-hw-mul/libc.a(lib_a-int_errno.o)
 .text          0x00000000000128b0        0x0 /home/dereklai/intelFPGA_lite/21.1/nios2eds/bin/gnu/H-x86_64-pc-linux-gnu/bin/../lib/gcc/nios2-elf/10.3.1/../../../../../H-x86_64-pc-linux-gnu/nios2-elf/lib/mno-hw-mul/libc.a(lib_a-makebuf.o)
 .text.__smakebuf_r
                0x00000000000128b0      0x1b0 /home/dereklai/intelFPGA_lite/21.1/nios2eds/bin/gnu/H-x86_64-pc-linux-gnu/bin/../lib/gcc/nios2-elf/10.3.1/../../../../../H-x86_64-pc-linux-gnu/nios2-elf/lib/mno-hw-mul/libc.a(lib_a-makebuf.o)
                0x00000000000128b0                __smakebuf_r
 .text.__swhatbuf_r
                0x0000000000012a60       0x98 /home/dereklai/intelFPGA_lite/21.1/nios2eds/bin/gnu/H-x86_64-pc-linux-gnu/bin/../lib/gcc/nios2-elf/10.3.1/../../../../../H-x86_64-pc-linux-gnu/nios2-elf/lib/mno-hw-mul/libc.a(lib_a-makebuf.o)
                0x0000000000012a60                __swhatbuf_r
 .text          0x0000000000012af8        0x0 /home/dereklai/intelFPGA_lite/21.1/nios2eds/bin/gnu/H-x86_64-pc-linux-gnu/bin/../lib/gcc/nios2-elf/10.3.1/../../../../../H-x86_64-pc-linux-gnu/nios2-elf/lib/mno-hw-mul/libc.a(lib_a-mallocr.o)
 .text._malloc_r
                0x0000000000012af8      0x7e0 /home/dereklai/intelFPGA_lite/21.1/nios2eds/bin/gnu/H-x86_64-pc-linux-gnu/bin/../lib/gcc/nios2-elf/10.3.1/../../../../../H-x86_64-pc-linux-gnu/nios2-elf/lib/mno-hw-mul/libc.a(lib_a-mallocr.o)
                0x0000000000012af8                _malloc_r
 .text          0x00000000000132d8        0x0 /home/dereklai/intelFPGA_lite/21.1/nios2eds/bin/gnu/H-x86_64-pc-linux-gnu/bin/../lib/gcc/nios2-elf/10.3.1/../../../../../H-x86_64-pc-linux-gnu/nios2-elf/lib/mno-hw-mul/libc.a(lib_a-memcpy.o)
 .text.memcpy   0x00000000000132d8      0x100 /home/dereklai/intelFPGA_lite/21.1/nios2eds/bin/gnu/H-x86_64-pc-linux-gnu/bin/../lib/gcc/nios2-elf/10.3.1/../../../../../H-x86_64-pc-linux-gnu/nios2-elf/lib/mno-hw-mul/libc.a(lib_a-memcpy.o)
                0x00000000000132d8                memcpy
 .text          0x00000000000133d8        0x0 /home/dereklai/intelFPGA_lite/21.1/nios2eds/bin/gnu/H-x86_64-pc-linux-gnu/bin/../lib/gcc/nios2-elf/10.3.1/../../../../../H-x86_64-pc-linux-gnu/nios2-elf/lib/mno-hw-mul/libc.a(lib_a-memset.o)
 .text.memset   0x00000000000133d8       0xf0 /home/dereklai/intelFPGA_lite/21.1/nios2eds/bin/gnu/H-x86_64-pc-linux-gnu/bin/../lib/gcc/nios2-elf/10.3.1/../../../../../H-x86_64-pc-linux-gnu/nios2-elf/lib/mno-hw-mul/libc.a(lib_a-memset.o)
                0x00000000000133d8                memset
 .text          0x00000000000134c8        0x0 /home/dereklai/intelFPGA_lite/21.1/nios2eds/bin/gnu/H-x86_64-pc-linux-gnu/bin/../lib/gcc/nios2-elf/10.3.1/../../../../../H-x86_64-pc-linux-gnu/nios2-elf/lib/mno-hw-mul/libc.a(lib_a-openr.o)
 .text._open_r  0x00000000000134c8       0x64 /home/dereklai/intelFPGA_lite/21.1/nios2eds/bin/gnu/H-x86_64-pc-linux-gnu/bin/../lib/gcc/nios2-elf/10.3.1/../../../../../H-x86_64-pc-linux-gnu/nios2-elf/lib/mno-hw-mul/libc.a(lib_a-openr.o)
                0x00000000000134c8                _open_r
 .text          0x000000000001352c        0x0 /home/dereklai/intelFPGA_lite/21.1/nios2eds/bin/gnu/H-x86_64-pc-linux-gnu/bin/../lib/gcc/nios2-elf/10.3.1/../../../../../H-x86_64-pc-linux-gnu/nios2-elf/lib/mno-hw-mul/libc.a(lib_a-refill.o)
 .text.lflush   0x000000000001352c       0x1c /home/dereklai/intelFPGA_lite/21.1/nios2eds/bin/gnu/H-x86_64-pc-linux-gnu/bin/../lib/gcc/nios2-elf/10.3.1/../../../../../H-x86_64-pc-linux-gnu/nios2-elf/lib/mno-hw-mul/libc.a(lib_a-refill.o)
 .text.__srefill_r
                0x0000000000013548      0x1cc /home/dereklai/intelFPGA_lite/21.1/nios2eds/bin/gnu/H-x86_64-pc-linux-gnu/bin/../lib/gcc/nios2-elf/10.3.1/../../../../../H-x86_64-pc-linux-gnu/nios2-elf/lib/mno-hw-mul/libc.a(lib_a-refill.o)
                0x0000000000013548                __srefill_r
 .text          0x0000000000013714        0x0 /home/dereklai/intelFPGA_lite/21.1/nios2eds/bin/gnu/H-x86_64-pc-linux-gnu/bin/../lib/gcc/nios2-elf/10.3.1/../../../../../H-x86_64-pc-linux-gnu/nios2-elf/lib/mno-hw-mul/libc.a(lib_a-rget.o)
 .text.__srget_r
                0x0000000000013714       0x74 /home/dereklai/intelFPGA_lite/21.1/nios2eds/bin/gnu/H-x86_64-pc-linux-gnu/bin/../lib/gcc/nios2-elf/10.3.1/../../../../../H-x86_64-pc-linux-gnu/nios2-elf/lib/mno-hw-mul/libc.a(lib_a-rget.o)
                0x0000000000013714                __srget_r
 .text.__srget  0x0000000000013788       0x7c /home/dereklai/intelFPGA_lite/21.1/nios2eds/bin/gnu/H-x86_64-pc-linux-gnu/bin/../lib/gcc/nios2-elf/10.3.1/../../../../../H-x86_64-pc-linux-gnu/nios2-elf/lib/mno-hw-mul/libc.a(lib_a-rget.o)
                0x0000000000013788                __srget
 .text          0x0000000000013804        0x0 /home/dereklai/intelFPGA_lite/21.1/nios2eds/bin/gnu/H-x86_64-pc-linux-gnu/bin/../lib/gcc/nios2-elf/10.3.1/../../../../../H-x86_64-pc-linux-gnu/nios2-elf/lib/mno-hw-mul/libc.a(lib_a-sbrkr.o)
 .text._sbrk_r  0x0000000000013804       0x58 /home/dereklai/intelFPGA_lite/21.1/nios2eds/bin/gnu/H-x86_64-pc-linux-gnu/bin/../lib/gcc/nios2-elf/10.3.1/../../../../../H-x86_64-pc-linux-gnu/nios2-elf/lib/mno-hw-mul/libc.a(lib_a-sbrkr.o)
                0x0000000000013804                _sbrk_r
 .text          0x000000000001385c        0x0 /home/dereklai/intelFPGA_lite/21.1/nios2eds/bin/gnu/H-x86_64-pc-linux-gnu/bin/../lib/gcc/nios2-elf/10.3.1/../../../../../H-x86_64-pc-linux-gnu/nios2-elf/lib/mno-hw-mul/libc.a(lib_a-stdio.o)
 .text.__sread  0x000000000001385c       0x54 /home/dereklai/intelFPGA_lite/21.1/nios2eds/bin/gnu/H-x86_64-pc-linux-gnu/bin/../lib/gcc/nios2-elf/10.3.1/../../../../../H-x86_64-pc-linux-gnu/nios2-elf/lib/mno-hw-mul/libc.a(lib_a-stdio.o)
                0x000000000001385c                __sread
 .text.__seofread
                0x00000000000138b0        0x8 /home/dereklai/intelFPGA_lite/21.1/nios2eds/bin/gnu/H-x86_64-pc-linux-gnu/bin/../lib/gcc/nios2-elf/10.3.1/../../../../../H-x86_64-pc-linux-gnu/nios2-elf/lib/mno-hw-mul/libc.a(lib_a-stdio.o)
                0x00000000000138b0                __seofread
 .text.__swrite
                0x00000000000138b8       0x80 /home/dereklai/intelFPGA_lite/21.1/nios2eds/bin/gnu/H-x86_64-pc-linux-gnu/bin/../lib/gcc/nios2-elf/10.3.1/../../../../../H-x86_64-pc-linux-gnu/nios2-elf/lib/mno-hw-mul/libc.a(lib_a-stdio.o)
                0x00000000000138b8                __swrite
 .text.__sseek  0x0000000000013938       0x5c /home/dereklai/intelFPGA_lite/21.1/nios2eds/bin/gnu/H-x86_64-pc-linux-gnu/bin/../lib/gcc/nios2-elf/10.3.1/../../../../../H-x86_64-pc-linux-gnu/nios2-elf/lib/mno-hw-mul/libc.a(lib_a-stdio.o)
                0x0000000000013938                __sseek
 .text.__sclose
                0x0000000000013994        0x8 /home/dereklai/intelFPGA_lite/21.1/nios2eds/bin/gnu/H-x86_64-pc-linux-gnu/bin/../lib/gcc/nios2-elf/10.3.1/../../../../../H-x86_64-pc-linux-gnu/nios2-elf/lib/mno-hw-mul/libc.a(lib_a-stdio.o)
                0x0000000000013994                __sclose
 .text          0x000000000001399c        0x0 /home/dereklai/intelFPGA_lite/21.1/nios2eds/bin/gnu/H-x86_64-pc-linux-gnu/bin/../lib/gcc/nios2-elf/10.3.1/../../../../../H-x86_64-pc-linux-gnu/nios2-elf/lib/mno-hw-mul/libc.a(lib_a-strlen.o)
 .text.strlen   0x000000000001399c       0x98 /home/dereklai/intelFPGA_lite/21.1/nios2eds/bin/gnu/H-x86_64-pc-linux-gnu/bin/../lib/gcc/nios2-elf/10.3.1/../../../../../H-x86_64-pc-linux-gnu/nios2-elf/lib/mno-hw-mul/libc.a(lib_a-strlen.o)
                0x000000000001399c                strlen
 .text          0x0000000000013a34        0x0 /home/dereklai/intelFPGA_lite/21.1/nios2eds/bin/gnu/H-x86_64-pc-linux-gnu/bin/../lib/gcc/nios2-elf/10.3.1/../../../../../H-x86_64-pc-linux-gnu/nios2-elf/lib/mno-hw-mul/libc.a(lib_a-writer.o)
 .text._write_r
                0x0000000000013a34       0x64 /home/dereklai/intelFPGA_lite/21.1/nios2eds/bin/gnu/H-x86_64-pc-linux-gnu/bin/../lib/gcc/nios2-elf/10.3.1/../../../../../H-x86_64-pc-linux-gnu/nios2-elf/lib/mno-hw-mul/libc.a(lib_a-writer.o)
                0x0000000000013a34                _write_r
 .text          0x0000000000013a98        0x0 /home/dereklai/intelFPGA_lite/21.1/nios2eds/bin/gnu/H-x86_64-pc-linux-gnu/bin/../lib/gcc/nios2-elf/10.3.1/../../../../../H-x86_64-pc-linux-gnu/nios2-elf/lib/mno-hw-mul/libc.a(closer.o)
 .text._close_r
                0x0000000000013a98       0x58 /home/dereklai/intelFPGA_lite/21.1/nios2eds/bin/gnu/H-x86_64-pc-linux-gnu/bin/../lib/gcc/nios2-elf/10.3.1/../../../../../H-x86_64-pc-linux-gnu/nios2-elf/lib/mno-hw-mul/libc.a(closer.o)
                0x0000000000013a98                _close_r
 .text          0x0000000000013af0        0x0 /home/dereklai/intelFPGA_lite/21.1/nios2eds/bin/gnu/H-x86_64-pc-linux-gnu/bin/../lib/gcc/nios2-elf/10.3.1/../../../../../H-x86_64-pc-linux-gnu/nios2-elf/lib/mno-hw-mul/libc.a(lib_a-flags.o)
 .text.__sflags
                0x0000000000013af0       0xb8 /home/dereklai/intelFPGA_lite/21.1/nios2eds/bin/gnu/H-x86_64-pc-linux-gnu/bin/../lib/gcc/nios2-elf/10.3.1/../../../../../H-x86_64-pc-linux-gnu/nios2-elf/lib/mno-hw-mul/libc.a(lib_a-flags.o)
                0x0000000000013af0                __sflags
 .text          0x0000000000013ba8        0x0 /home/dereklai/intelFPGA_lite/21.1/nios2eds/bin/gnu/H-x86_64-pc-linux-gnu/bin/../lib/gcc/nios2-elf/10.3.1/../../../../../H-x86_64-pc-linux-gnu/nios2-elf/lib/mno-hw-mul/libc.a(lib_a-isattyr.o)
 .text._isatty_r
                0x0000000000013ba8       0x58 /home/dereklai/intelFPGA_lite/21.1/nios2eds/bin/gnu/H-x86_64-pc-linux-gnu/bin/../lib/gcc/nios2-elf/10.3.1/../../../../../H-x86_64-pc-linux-gnu/nios2-elf/lib/mno-hw-mul/libc.a(lib_a-isattyr.o)
                0x0000000000013ba8                _isatty_r
 .text          0x0000000000013c00        0x0 /home/dereklai/intelFPGA_lite/21.1/nios2eds/bin/gnu/H-x86_64-pc-linux-gnu/bin/../lib/gcc/nios2-elf/10.3.1/../../../../../H-x86_64-pc-linux-gnu/nios2-elf/lib/mno-hw-mul/libc.a(lib_a-lseekr.o)
 .text._lseek_r
                0x0000000000013c00       0x64 /home/dereklai/intelFPGA_lite/21.1/nios2eds/bin/gnu/H-x86_64-pc-linux-gnu/bin/../lib/gcc/nios2-elf/10.3.1/../../../../../H-x86_64-pc-linux-gnu/nios2-elf/lib/mno-hw-mul/libc.a(lib_a-lseekr.o)
                0x0000000000013c00                _lseek_r
 .text          0x0000000000013c64        0x0 /home/dereklai/intelFPGA_lite/21.1/nios2eds/bin/gnu/H-x86_64-pc-linux-gnu/bin/../lib/gcc/nios2-elf/10.3.1/../../../../../H-x86_64-pc-linux-gnu/nios2-elf/lib/mno-hw-mul/libc.a(lib_a-readr.o)
 .text._read_r  0x0000000000013c64       0x64 /home/dereklai/intelFPGA_lite/21.1/nios2eds/bin/gnu/H-x86_64-pc-linux-gnu/bin/../lib/gcc/nios2-elf/10.3.1/../../../../../H-x86_64-pc-linux-gnu/nios2-elf/lib/mno-hw-mul/libc.a(lib_a-readr.o)
                0x0000000000013c64                _read_r
 .text          0x0000000000013cc8      0x118 ../firmware02_bsp//libhal_bsp.a(alt_close.o)
                0x0000000000013d04                close
 .text          0x0000000000013de0       0x2c ../firmware02_bsp//libhal_bsp.a(alt_dev.o)
 .text          0x0000000000013e0c        0x0 ../firmware02_bsp//libhal_bsp.a(alt_errno.o)
 .text          0x0000000000013e0c       0xf8 ../firmware02_bsp//libhal_bsp.a(alt_fstat.o)
                0x0000000000013e48                fstat
 .text          0x0000000000013f04      0x180 ../firmware02_bsp//libhal_bsp.a(alt_irq_register.o)
                0x0000000000013f04                alt_irq_register
 .text          0x0000000000014084        0x0 ../firmware02_bsp//libhal_bsp.a(alt_irq_vars.o)
 .text          0x0000000000014084       0xec ../firmware02_bsp//libhal_bsp.a(alt_isatty.o)
                0x00000000000140c0                isatty
 .text          0x0000000000014170       0xec ../firmware02_bsp//libhal_bsp.a(alt_load.o)
                0x00000000000141d8                alt_load
 .text          0x000000000001425c      0x11c ../firmware02_bsp//libhal_bsp.a(alt_lseek.o)
                0x0000000000014298                lseek
 .text          0x0000000000014378       0x7c ../firmware02_bsp//libhal_bsp.a(alt_main.o)
                0x0000000000014378                alt_main
 .text          0x00000000000143f4       0x48 ../firmware02_bsp//libhal_bsp.a(alt_malloc_lock.o)
                0x00000000000143f4                __malloc_lock
                0x0000000000014418                __malloc_unlock
 .text          0x000000000001443c      0x278 ../firmware02_bsp//libhal_bsp.a(alt_open.o)
                0x0000000000014554                open
 .text          0x00000000000146b4      0x22c ../firmware02_bsp//libhal_bsp.a(alt_printf.o)
                0x00000000000146b4                alt_printf
 .text          0x00000000000148e0       0x30 ../firmware02_bsp//libhal_bsp.a(alt_putchar.o)
                0x00000000000148e0                alt_putchar
 .text          0x0000000000014910      0x144 ../firmware02_bsp//libhal_bsp.a(alt_read.o)
                0x000000000001494c                read
 .text          0x0000000000014a54       0x70 ../firmware02_bsp//libhal_bsp.a(alt_release_fd.o)
                0x0000000000014a54                alt_release_fd
 .text          0x0000000000014ac4       0xb8 ../firmware02_bsp//libhal_bsp.a(alt_sbrk.o)
                0x0000000000014ac4                sbrk
 .text          0x0000000000014b7c      0x140 ../firmware02_bsp//libhal_bsp.a(alt_write.o)
                0x0000000000014bb8                write
 .text          0x0000000000014cbc       0xf8 ../firmware02_bsp//libhal_bsp.a(alt_sys_init.o)
                0x0000000000014cf0                alt_irq_init
                0x0000000000014d2c                alt_sys_init
 .text          0x0000000000014db4      0x164 ../firmware02_bsp//libhal_bsp.a(altera_avalon_jtag_uart_fd.o)
                0x0000000000014db4                altera_avalon_jtag_uart_read_fd
                0x0000000000014e14                altera_avalon_jtag_uart_write_fd
                0x0000000000014e74                altera_avalon_jtag_uart_close_fd
                0x0000000000014ec4                altera_avalon_jtag_uart_ioctl_fd
 .text          0x0000000000014f18      0x3cc ../firmware02_bsp//libhal_bsp.a(altera_avalon_jtag_uart_init.o)
                0x0000000000014f18                altera_avalon_jtag_uart_init
                0x000000000001527c                altera_avalon_jtag_uart_close
 .text          0x00000000000152e4       0xf4 ../firmware02_bsp//libhal_bsp.a(altera_avalon_jtag_uart_ioctl.o)
                0x00000000000152e4                altera_avalon_jtag_uart_ioctl
 .text          0x00000000000153d8      0x220 ../firmware02_bsp//libhal_bsp.a(altera_avalon_jtag_uart_read.o)
                0x00000000000153d8                altera_avalon_jtag_uart_read
 .text          0x00000000000155f8      0x228 ../firmware02_bsp//libhal_bsp.a(altera_avalon_jtag_uart_write.o)
                0x00000000000155f8                altera_avalon_jtag_uart_write
 .text          0x0000000000015820       0xfc ../firmware02_bsp//libhal_bsp.a(altera_avalon_timer_sc.o)
                0x00000000000158a0                alt_avalon_timer_sc_init
 .text          0x000000000001591c      0x118 ../firmware02_bsp//libhal_bsp.a(altera_avalon_timer_ts.o)
                0x000000000001591c                alt_timestamp_start
                0x0000000000015994                alt_timestamp
                0x0000000000015a14                alt_timestamp_freq
 .text          0x0000000000015a34        0x0 ../firmware02_bsp//libhal_bsp.a(altera_avalon_timer_vars.o)
 .text          0x0000000000015a34      0x3cc ../firmware02_bsp//libhal_bsp.a(altera_up_avalon_accelerometer_spi.o)
                0x0000000000015a34                alt_up_accelerometer_spi_open_dev
                0x0000000000015a70                alt_up_accelerometer_spi_read_address_register
                0x0000000000015ab4                alt_up_accelerometer_spi_read
                0x0000000000015b1c                alt_up_accelerometer_spi_write
                0x0000000000015b84                alt_up_accelerometer_spi_read_x_axis
                0x0000000000015c58                alt_up_accelerometer_spi_read_y_axis
                0x0000000000015d2c                alt_up_accelerometer_spi_read_z_axis
 .text          0x0000000000015e00      0x160 ../firmware02_bsp//libhal_bsp.a(alt_alarm_start.o)
                0x0000000000015e00                alt_alarm_start
 .text          0x0000000000015f60       0x20 ../firmware02_bsp//libhal_bsp.a(alt_dcache_flush_all.o)
                0x0000000000015f60                alt_dcache_flush_all
 .text          0x0000000000015f80       0xe4 ../firmware02_bsp//libhal_bsp.a(alt_dev_llist_insert.o)
                0x0000000000015fbc                alt_dev_llist_insert
 .text          0x0000000000016064       0x64 ../firmware02_bsp//libhal_bsp.a(alt_do_ctors.o)
                0x0000000000016064                _do_ctors
 .text          0x00000000000160c8       0x64 ../firmware02_bsp//libhal_bsp.a(alt_do_dtors.o)
                0x00000000000160c8                _do_dtors
 .text          0x000000000001612c       0x90 ../firmware02_bsp//libhal_bsp.a(alt_find_dev.o)
                0x000000000001612c                alt_find_dev
 .text          0x00000000000161bc      0x108 ../firmware02_bsp//libhal_bsp.a(alt_find_file.o)
                0x00000000000161bc                alt_find_file
 .text          0x00000000000162c4       0xb8 ../firmware02_bsp//libhal_bsp.a(alt_get_fd.o)
                0x00000000000162c4                alt_get_fd
 .text          0x000000000001637c       0x20 ../firmware02_bsp//libhal_bsp.a(alt_icache_flush_all.o)
                0x000000000001637c                alt_icache_flush_all
 .text          0x000000000001639c      0x150 ../firmware02_bsp//libhal_bsp.a(alt_io_redirect.o)
                0x0000000000016470                alt_io_redirect
 .text          0x00000000000164ec        0x0 ../firmware02_bsp//libhal_bsp.a(alt_irq_entry.o)
 .text          0x00000000000164ec        0x0 ../firmware02_bsp//libhal_bsp.a(alt_irq_handler.o)
 .text          0x00000000000164ec      0x1d0 ../firmware02_bsp//libhal_bsp.a(alt_tick.o)
                0x00000000000164ec                alt_alarm_stop
                0x0000000000016590                alt_tick
 .text          0x00000000000166bc       0x24 ../firmware02_bsp//libhal_bsp.a(altera_nios2_gen2_irq.o)
                0x00000000000166bc                altera_nios2_gen2_irq_init
 .text          0x00000000000166e0        0x0 ../firmware02_bsp//libhal_bsp.a(alt_exception_entry.o)
 .text          0x00000000000166e0       0x98 ../firmware02_bsp//libhal_bsp.a(alt_instruction_exception_entry.o)
                0x00000000000166e0                alt_exception_cause_generated_bad_addr
 .text          0x0000000000016778        0x0 /home/dereklai/intelFPGA_lite/21.1/nios2eds/bin/gnu/H-x86_64-pc-linux-gnu/bin/../lib/gcc/nios2-elf/10.3.1/../../../../../H-x86_64-pc-linux-gnu/nios2-elf/lib/mno-hw-mul/libc.a(lib_a-atexit.o)
 .text.atexit   0x0000000000016778       0x14 /home/dereklai/intelFPGA_lite/21.1/nios2eds/bin/gnu/H-x86_64-pc-linux-gnu/bin/../lib/gcc/nios2-elf/10.3.1/../../../../../H-x86_64-pc-linux-gnu/nios2-elf/lib/mno-hw-mul/libc.a(lib_a-atexit.o)
                0x0000000000016778                atexit
 .text          0x000000000001678c        0x0 /home/dereklai/intelFPGA_lite/21.1/nios2eds/bin/gnu/H-x86_64-pc-linux-gnu/bin/../lib/gcc/nios2-elf/10.3.1/../../../../../H-x86_64-pc-linux-gnu/nios2-elf/lib/mno-hw-mul/libc.a(lib_a-exit.o)
 .text.exit     0x000000000001678c       0x34 /home/dereklai/intelFPGA_lite/21.1/nios2eds/bin/gnu/H-x86_64-pc-linux-gnu/bin/../lib/gcc/nios2-elf/10.3.1/../../../../../H-x86_64-pc-linux-gnu/nios2-elf/lib/mno-hw-mul/libc.a(lib_a-exit.o)
                0x000000000001678c                exit
 .text          0x00000000000167c0        0x0 /home/dereklai/intelFPGA_lite/21.1/nios2eds/bin/gnu/H-x86_64-pc-linux-gnu/bin/../lib/gcc/nios2-elf/10.3.1/../../../../../H-x86_64-pc-linux-gnu/nios2-elf/lib/mno-hw-mul/libc.a(lib_a-memcmp.o)
 .text.memcmp   0x00000000000167c0       0x78 /home/dereklai/intelFPGA_lite/21.1/nios2eds/bin/gnu/H-x86_64-pc-linux-gnu/bin/../lib/gcc/nios2-elf/10.3.1/../../../../../H-x86_64-pc-linux-gnu/nios2-elf/lib/mno-hw-mul/libc.a(lib_a-memcmp.o)
                0x00000000000167c0                memcmp
 .text          0x0000000000016838        0x0 /home/dereklai/intelFPGA_lite/21.1/nios2eds/bin/gnu/H-x86_64-pc-linux-gnu/bin/../lib/gcc/nios2-elf/10.3.1/../../../../../H-x86_64-pc-linux-gnu/nios2-elf/lib/mno-hw-mul/libc.a(lib_a-putchar.o)
 .text._putchar_r
                0x0000000000016838        0x8 /home/dereklai/intelFPGA_lite/21.1/nios2eds/bin/gnu/H-x86_64-pc-linux-gnu/bin/../lib/gcc/nios2-elf/10.3.1/../../../../../H-x86_64-pc-linux-gnu/nios2-elf/lib/mno-hw-mul/libc.a(lib_a-putchar.o)
                0x0000000000016838                _putchar_r
 .text.putchar  0x0000000000016840       0x18 /home/dereklai/intelFPGA_lite/21.1/nios2eds/bin/gnu/H-x86_64-pc-linux-gnu/bin/../lib/gcc/nios2-elf/10.3.1/../../../../../H-x86_64-pc-linux-gnu/nios2-elf/lib/mno-hw-mul/libc.a(lib_a-putchar.o)
                0x0000000000016840                putchar
 .text          0x0000000000016858        0x0 /home/dereklai/intelFPGA_lite/21.1/nios2eds/bin/gnu/H-x86_64-pc-linux-gnu/bin/../lib/gcc/nios2-elf/10.3.1/../../../../../H-x86_64-pc-linux-gnu/nios2-elf/lib/mno-hw-mul/libc.a(lib_a-__atexit.o)
 .text.__register_exitproc
                0x0000000000016858       0x90 /home/dereklai/intelFPGA_lite/21.1/nios2eds/bin/gnu/H-x86_64-pc-linux-gnu/bin/../lib/gcc/nios2-elf/10.3.1/../../../../../H-x86_64-pc-linux-gnu/nios2-elf/lib/mno-hw-mul/libc.a(lib_a-__atexit.o)
                0x0000000000016858                __register_exitproc
 .text          0x00000000000168e8        0x0 /home/dereklai/intelFPGA_lite/21.1/nios2eds/bin/gnu/H-x86_64-pc-linux-gnu/bin/../lib/gcc/nios2-elf/10.3.1/../../../../../H-x86_64-pc-linux-gnu/nios2-elf/lib/mno-hw-mul/libc.a(lib_a-__call_atexit.o)
 .text.__call_exitprocs
                0x00000000000168e8      0x120 /home/dereklai/intelFPGA_lite/21.1/nios2eds/bin/gnu/H-x86_64-pc-linux-gnu/bin/../lib/gcc/nios2-elf/10.3.1/../../../../../H-x86_64-pc-linux-gnu/nios2-elf/lib/mno-hw-mul/libc.a(lib_a-__call_atexit.o)
                0x00000000000168e8                __call_exitprocs
 .text          0x0000000000016a08        0x0 /home/dereklai/intelFPGA_lite/21.1/nios2eds/bin/gnu/H-x86_64-pc-linux-gnu/bin/../lib/gcc/nios2-elf/10.3.1/../../../../../H-x86_64-pc-linux-gnu/nios2-elf/lib/mno-hw-mul/libc.a(lib_a-putc.o)
 .text._putc_r  0x0000000000016a08       0xcc /home/dereklai/intelFPGA_lite/21.1/nios2eds/bin/gnu/H-x86_64-pc-linux-gnu/bin/../lib/gcc/nios2-elf/10.3.1/../../../../../H-x86_64-pc-linux-gnu/nios2-elf/lib/mno-hw-mul/libc.a(lib_a-putc.o)
                0x0000000000016a08                _putc_r
 .text.putc     0x0000000000016ad4       0xe0 /home/dereklai/intelFPGA_lite/21.1/nios2eds/bin/gnu/H-x86_64-pc-linux-gnu/bin/../lib/gcc/nios2-elf/10.3.1/../../../../../H-x86_64-pc-linux-gnu/nios2-elf/lib/mno-hw-mul/libc.a(lib_a-putc.o)
                0x0000000000016ad4                putc
 .text          0x0000000000016bb4        0x0 /home/dereklai/intelFPGA_lite/21.1/nios2eds/bin/gnu/H-x86_64-pc-linux-gnu/bin/../lib/gcc/nios2-elf/10.3.1/../../../../../H-x86_64-pc-linux-gnu/nios2-elf/lib/mno-hw-mul/libc.a(lib_a-wbuf.o)
 .text.__swbuf_r
                0x0000000000016bb4      0x148 /home/dereklai/intelFPGA_lite/21.1/nios2eds/bin/gnu/H-x86_64-pc-linux-gnu/bin/../lib/gcc/nios2-elf/10.3.1/../../../../../H-x86_64-pc-linux-gnu/nios2-elf/lib/mno-hw-mul/libc.a(lib_a-wbuf.o)
                0x0000000000016bb4                __swbuf_r
 .text.__swbuf  0x0000000000016cfc       0x18 /home/dereklai/intelFPGA_lite/21.1/nios2eds/bin/gnu/H-x86_64-pc-linux-gnu/bin/../lib/gcc/nios2-elf/10.3.1/../../../../../H-x86_64-pc-linux-gnu/nios2-elf/lib/mno-hw-mul/libc.a(lib_a-wbuf.o)
                0x0000000000016cfc                __swbuf
 .text          0x0000000000016d14        0x0 /home/dereklai/intelFPGA_lite/21.1/nios2eds/bin/gnu/H-x86_64-pc-linux-gnu/bin/../lib/gcc/nios2-elf/10.3.1/../../../../../H-x86_64-pc-linux-gnu/nios2-elf/lib/mno-hw-mul/libc.a(lib_a-wsetup.o)
 .text.__swsetup_r
                0x0000000000016d14      0x164 /home/dereklai/intelFPGA_lite/21.1/nios2eds/bin/gnu/H-x86_64-pc-linux-gnu/bin/../lib/gcc/nios2-elf/10.3.1/../../../../../H-x86_64-pc-linux-gnu/nios2-elf/lib/mno-hw-mul/libc.a(lib_a-wsetup.o)
                0x0000000000016d14                __swsetup_r
 .text          0x0000000000016e78       0x38 ../firmware02_bsp//libhal_bsp.a(alt_exit.o)
                0x0000000000016e78                _exit
 *(.gnu.warning.*)
 *(.fini)
                [!provide]                        PROVIDE (__etext = ABSOLUTE (.))
                [!provide]                        PROVIDE (_etext = ABSOLUTE (.))
                [!provide]                        PROVIDE (etext = ABSOLUTE (.))
 *(.eh_frame_hdr)
                0x0000000000016eb0                . = ALIGN (0x4)
                [!provide]                        PROVIDE (__preinit_array_start = ABSOLUTE (.))
 *(.preinit_array)
                [!provide]                        PROVIDE (__preinit_array_end = ABSOLUTE (.))
                [!provide]                        PROVIDE (__init_array_start = ABSOLUTE (.))
 *(.init_array)
                [!provide]                        PROVIDE (__init_array_end = ABSOLUTE (.))
                [!provide]                        PROVIDE (__fini_array_start = ABSOLUTE (.))
 *(.fini_array)
                [!provide]                        PROVIDE (__fini_array_end = ABSOLUTE (.))
 *(.eh_frame)
 *(.gcc_except_table .gcc_except_table.*)
 *(.dynamic)
                0x0000000000016eb0                PROVIDE (__CTOR_LIST__ = ABSOLUTE (.))
 *(.ctors)
 *(SORT_BY_NAME(.ctors.*))
                0x0000000000016eb0                PROVIDE (__CTOR_END__ = ABSOLUTE (.))
                0x0000000000016eb0                PROVIDE (__DTOR_LIST__ = ABSOLUTE (.))
 *(.dtors)
 *(SORT_BY_NAME(.dtors.*))
                0x0000000000016eb0                PROVIDE (__DTOR_END__ = ABSOLUTE (.))
 *(.jcr)
                0x0000000000016eb0                . = ALIGN (0x4)

.rodata         0x0000000000016eb0      0x258
                0x0000000000016eb0                PROVIDE (__ram_rodata_start = ABSOLUTE (.))
                0x0000000000016eb0                . = ALIGN (0x4)
 *(.rodata .rodata.* .gnu.linkonce.r.*)
 .rodata        0x0000000000016eb0      0x114 obj/default/main.o
                0x0000000000016eb0                seven_seg_digits_decode_abcdefg
                0x0000000000016efc                seven_seg_digits_decode_gfedcba
 .rodata        0x0000000000016fc4      0x100 /home/dereklai/intelFPGA_lite/21.1/nios2eds/bin/gnu/H-x86_64-pc-linux-gnu/bin/../lib/gcc/nios2-elf/10.3.1/mno-hw-mul/libgcc.a(_clz.o)
                0x0000000000016fc4                __clz_tab
 .rodata        0x00000000000170c4        0xa ../firmware02_bsp//libhal_bsp.a(alt_dev.o)
 *fill*         0x00000000000170ce        0x2 
 .rodata        0x00000000000170d0        0xf ../firmware02_bsp//libhal_bsp.a(alt_main.o)
 *fill*         0x00000000000170df        0x1 
 .rodata        0x00000000000170e0       0x27 ../firmware02_bsp//libhal_bsp.a(alt_sys_init.o)
 *(.rodata1)
                0x0000000000017108                . = ALIGN (0x4)
 *fill*         0x0000000000017107        0x1 
                0x0000000000017108                PROVIDE (__ram_rodata_end = ABSOLUTE (.))
                0x0000000000016eb0                PROVIDE (__flash_rodata_start = LOADADDR (.rodata))

.rwdata         0x0000000000017108     0x1afc load address 0x0000000000018c04
                0x0000000000017108                PROVIDE (__ram_rwdata_start = ABSOLUTE (.))
                0x0000000000017108                . = ALIGN (0x4)
 *(.got.plt)
 *(.got)
 *(.data1)
 *(.data .data.* .gnu.linkonce.d.*)
 .data          0x0000000000017108        0x0 ../firmware02_bsp//obj/HAL/src/crt0.o
 .data          0x0000000000017108       0x64 obj/default/main.o
                0x0000000000017108                filter_coeff_float
 .data          0x000000000001716c        0x0 /home/dereklai/intelFPGA_lite/21.1/nios2eds/bin/gnu/H-x86_64-pc-linux-gnu/bin/../lib/gcc/nios2-elf/10.3.1/mno-hw-mul/libgcc.a(lib2-mul.o)
 .data          0x000000000001716c        0x0 /home/dereklai/intelFPGA_lite/21.1/nios2eds/bin/gnu/H-x86_64-pc-linux-gnu/bin/../lib/gcc/nios2-elf/10.3.1/mno-hw-mul/libgcc.a(divsf3.o)
 .data          0x000000000001716c        0x0 /home/dereklai/intelFPGA_lite/21.1/nios2eds/bin/gnu/H-x86_64-pc-linux-gnu/bin/../lib/gcc/nios2-elf/10.3.1/mno-hw-mul/libgcc.a(floatsisf.o)
 .data          0x000000000001716c        0x0 /home/dereklai/intelFPGA_lite/21.1/nios2eds/bin/gnu/H-x86_64-pc-linux-gnu/bin/../lib/gcc/nios2-elf/10.3.1/mno-hw-mul/libgcc.a(_clzsi2.o)
 .data          0x000000000001716c        0x0 /home/dereklai/intelFPGA_lite/21.1/nios2eds/bin/gnu/H-x86_64-pc-linux-gnu/bin/../lib/gcc/nios2-elf/10.3.1/mno-hw-mul/libgcc.a(_clz.o)
 .data          0x000000000001716c        0x0 /home/dereklai/intelFPGA_lite/21.1/nios2eds/bin/gnu/H-x86_64-pc-linux-gnu/bin/../lib/gcc/nios2-elf/10.3.1/../../../../../H-x86_64-pc-linux-gnu/nios2-elf/lib/mno-hw-mul/libc.a(lib_a-fclose.o)
 .data          0x000000000001716c        0x0 /home/dereklai/intelFPGA_lite/21.1/nios2eds/bin/gnu/H-x86_64-pc-linux-gnu/bin/../lib/gcc/nios2-elf/10.3.1/../../../../../H-x86_64-pc-linux-gnu/nios2-elf/lib/mno-hw-mul/libc.a(lib_a-fflush.o)
 .data          0x000000000001716c        0x0 /home/dereklai/intelFPGA_lite/21.1/nios2eds/bin/gnu/H-x86_64-pc-linux-gnu/bin/../lib/gcc/nios2-elf/10.3.1/../../../../../H-x86_64-pc-linux-gnu/nios2-elf/lib/mno-hw-mul/libc.a(lib_a-findfp.o)
 .data          0x000000000001716c        0x0 /home/dereklai/intelFPGA_lite/21.1/nios2eds/bin/gnu/H-x86_64-pc-linux-gnu/bin/../lib/gcc/nios2-elf/10.3.1/../../../../../H-x86_64-pc-linux-gnu/nios2-elf/lib/mno-hw-mul/libc.a(lib_a-fopen.o)
 .data          0x000000000001716c        0x0 /home/dereklai/intelFPGA_lite/21.1/nios2eds/bin/gnu/H-x86_64-pc-linux-gnu/bin/../lib/gcc/nios2-elf/10.3.1/../../../../../H-x86_64-pc-linux-gnu/nios2-elf/lib/mno-hw-mul/libc.a(lib_a-freer.o)
 .data          0x000000000001716c        0x0 /home/dereklai/intelFPGA_lite/21.1/nios2eds/bin/gnu/H-x86_64-pc-linux-gnu/bin/../lib/gcc/nios2-elf/10.3.1/../../../../../H-x86_64-pc-linux-gnu/nios2-elf/lib/mno-hw-mul/libc.a(lib_a-fseek.o)
 .data          0x000000000001716c        0x0 /home/dereklai/intelFPGA_lite/21.1/nios2eds/bin/gnu/H-x86_64-pc-linux-gnu/bin/../lib/gcc/nios2-elf/10.3.1/../../../../../H-x86_64-pc-linux-gnu/nios2-elf/lib/mno-hw-mul/libc.a(lib_a-fseeko.o)
 .data          0x000000000001716c        0x0 /home/dereklai/intelFPGA_lite/21.1/nios2eds/bin/gnu/H-x86_64-pc-linux-gnu/bin/../lib/gcc/nios2-elf/10.3.1/../../../../../H-x86_64-pc-linux-gnu/nios2-elf/lib/mno-hw-mul/libc.a(lib_a-fstatr.o)
 .data          0x000000000001716c        0x0 /home/dereklai/intelFPGA_lite/21.1/nios2eds/bin/gnu/H-x86_64-pc-linux-gnu/bin/../lib/gcc/nios2-elf/10.3.1/../../../../../H-x86_64-pc-linux-gnu/nios2-elf/lib/mno-hw-mul/libc.a(lib_a-fwalk.o)
 .data          0x000000000001716c        0x0 /home/dereklai/intelFPGA_lite/21.1/nios2eds/bin/gnu/H-x86_64-pc-linux-gnu/bin/../lib/gcc/nios2-elf/10.3.1/../../../../../H-x86_64-pc-linux-gnu/nios2-elf/lib/mno-hw-mul/libc.a(lib_a-getc.o)
 .data          0x000000000001716c        0x0 /home/dereklai/intelFPGA_lite/21.1/nios2eds/bin/gnu/H-x86_64-pc-linux-gnu/bin/../lib/gcc/nios2-elf/10.3.1/../../../../../H-x86_64-pc-linux-gnu/nios2-elf/lib/mno-hw-mul/libc.a(lib_a-impure.o)
 .data.impure_data
                0x000000000001716c      0x424 /home/dereklai/intelFPGA_lite/21.1/nios2eds/bin/gnu/H-x86_64-pc-linux-gnu/bin/../lib/gcc/nios2-elf/10.3.1/../../../../../H-x86_64-pc-linux-gnu/nios2-elf/lib/mno-hw-mul/libc.a(lib_a-impure.o)
 .data          0x0000000000017590        0x0 /home/dereklai/intelFPGA_lite/21.1/nios2eds/bin/gnu/H-x86_64-pc-linux-gnu/bin/../lib/gcc/nios2-elf/10.3.1/../../../../../H-x86_64-pc-linux-gnu/nios2-elf/lib/mno-hw-mul/libc.a(lib_a-int_errno.o)
 .data          0x0000000000017590        0x0 /home/dereklai/intelFPGA_lite/21.1/nios2eds/bin/gnu/H-x86_64-pc-linux-gnu/bin/../lib/gcc/nios2-elf/10.3.1/../../../../../H-x86_64-pc-linux-gnu/nios2-elf/lib/mno-hw-mul/libc.a(lib_a-makebuf.o)
 .data          0x0000000000017590        0x0 /home/dereklai/intelFPGA_lite/21.1/nios2eds/bin/gnu/H-x86_64-pc-linux-gnu/bin/../lib/gcc/nios2-elf/10.3.1/../../../../../H-x86_64-pc-linux-gnu/nios2-elf/lib/mno-hw-mul/libc.a(lib_a-mallocr.o)
 .data.__malloc_av_
                0x0000000000017590      0x408 /home/dereklai/intelFPGA_lite/21.1/nios2eds/bin/gnu/H-x86_64-pc-linux-gnu/bin/../lib/gcc/nios2-elf/10.3.1/../../../../../H-x86_64-pc-linux-gnu/nios2-elf/lib/mno-hw-mul/libc.a(lib_a-mallocr.o)
                0x0000000000017590                __malloc_av_
 .data          0x0000000000017998        0x0 /home/dereklai/intelFPGA_lite/21.1/nios2eds/bin/gnu/H-x86_64-pc-linux-gnu/bin/../lib/gcc/nios2-elf/10.3.1/../../../../../H-x86_64-pc-linux-gnu/nios2-elf/lib/mno-hw-mul/libc.a(lib_a-memcpy.o)
 .data          0x0000000000017998        0x0 /home/dereklai/intelFPGA_lite/21.1/nios2eds/bin/gnu/H-x86_64-pc-linux-gnu/bin/../lib/gcc/nios2-elf/10.3.1/../../../../../H-x86_64-pc-linux-gnu/nios2-elf/lib/mno-hw-mul/libc.a(lib_a-memset.o)
 .data          0x0000000000017998        0x0 /home/dereklai/intelFPGA_lite/21.1/nios2eds/bin/gnu/H-x86_64-pc-linux-gnu/bin/../lib/gcc/nios2-elf/10.3.1/../../../../../H-x86_64-pc-linux-gnu/nios2-elf/lib/mno-hw-mul/libc.a(lib_a-openr.o)
 .data          0x0000000000017998        0x0 /home/dereklai/intelFPGA_lite/21.1/nios2eds/bin/gnu/H-x86_64-pc-linux-gnu/bin/../lib/gcc/nios2-elf/10.3.1/../../../../../H-x86_64-pc-linux-gnu/nios2-elf/lib/mno-hw-mul/libc.a(lib_a-refill.o)
 .data          0x0000000000017998        0x0 /home/dereklai/intelFPGA_lite/21.1/nios2eds/bin/gnu/H-x86_64-pc-linux-gnu/bin/../lib/gcc/nios2-elf/10.3.1/../../../../../H-x86_64-pc-linux-gnu/nios2-elf/lib/mno-hw-mul/libc.a(lib_a-rget.o)
 .data          0x0000000000017998        0x0 /home/dereklai/intelFPGA_lite/21.1/nios2eds/bin/gnu/H-x86_64-pc-linux-gnu/bin/../lib/gcc/nios2-elf/10.3.1/../../../../../H-x86_64-pc-linux-gnu/nios2-elf/lib/mno-hw-mul/libc.a(lib_a-sbrkr.o)
 .data          0x0000000000017998        0x0 /home/dereklai/intelFPGA_lite/21.1/nios2eds/bin/gnu/H-x86_64-pc-linux-gnu/bin/../lib/gcc/nios2-elf/10.3.1/../../../../../H-x86_64-pc-linux-gnu/nios2-elf/lib/mno-hw-mul/libc.a(lib_a-stdio.o)
 .data          0x0000000000017998        0x0 /home/dereklai/intelFPGA_lite/21.1/nios2eds/bin/gnu/H-x86_64-pc-linux-gnu/bin/../lib/gcc/nios2-elf/10.3.1/../../../../../H-x86_64-pc-linux-gnu/nios2-elf/lib/mno-hw-mul/libc.a(lib_a-strlen.o)
 .data          0x0000000000017998        0x0 /home/dereklai/intelFPGA_lite/21.1/nios2eds/bin/gnu/H-x86_64-pc-linux-gnu/bin/../lib/gcc/nios2-elf/10.3.1/../../../../../H-x86_64-pc-linux-gnu/nios2-elf/lib/mno-hw-mul/libc.a(lib_a-writer.o)
 .data          0x0000000000017998        0x0 /home/dereklai/intelFPGA_lite/21.1/nios2eds/bin/gnu/H-x86_64-pc-linux-gnu/bin/../lib/gcc/nios2-elf/10.3.1/../../../../../H-x86_64-pc-linux-gnu/nios2-elf/lib/mno-hw-mul/libc.a(closer.o)
 .data          0x0000000000017998        0x0 /home/dereklai/intelFPGA_lite/21.1/nios2eds/bin/gnu/H-x86_64-pc-linux-gnu/bin/../lib/gcc/nios2-elf/10.3.1/../../../../../H-x86_64-pc-linux-gnu/nios2-elf/lib/mno-hw-mul/libc.a(lib_a-flags.o)
 .data          0x0000000000017998        0x0 /home/dereklai/intelFPGA_lite/21.1/nios2eds/bin/gnu/H-x86_64-pc-linux-gnu/bin/../lib/gcc/nios2-elf/10.3.1/../../../../../H-x86_64-pc-linux-gnu/nios2-elf/lib/mno-hw-mul/libc.a(lib_a-isattyr.o)
 .data          0x0000000000017998        0x0 /home/dereklai/intelFPGA_lite/21.1/nios2eds/bin/gnu/H-x86_64-pc-linux-gnu/bin/../lib/gcc/nios2-elf/10.3.1/../../../../../H-x86_64-pc-linux-gnu/nios2-elf/lib/mno-hw-mul/libc.a(lib_a-lseekr.o)
 .data          0x0000000000017998        0x0 /home/dereklai/intelFPGA_lite/21.1/nios2eds/bin/gnu/H-x86_64-pc-linux-gnu/bin/../lib/gcc/nios2-elf/10.3.1/../../../../../H-x86_64-pc-linux-gnu/nios2-elf/lib/mno-hw-mul/libc.a(lib_a-readr.o)
 .data          0x0000000000017998        0x0 ../firmware02_bsp//libhal_bsp.a(alt_close.o)
 .data          0x0000000000017998      0x1a8 ../firmware02_bsp//libhal_bsp.a(alt_dev.o)
                0x0000000000017998                alt_dev_null
                0x00000000000179c0                alt_fd_list
 .data          0x0000000000017b40        0x0 ../firmware02_bsp//libhal_bsp.a(alt_errno.o)
 .data          0x0000000000017b40        0x0 ../firmware02_bsp//libhal_bsp.a(alt_fstat.o)
 .data          0x0000000000017b40        0x0 ../firmware02_bsp//libhal_bsp.a(alt_irq_register.o)
 .data          0x0000000000017b40        0x0 ../firmware02_bsp//libhal_bsp.a(alt_irq_vars.o)
 .data          0x0000000000017b40        0x0 ../firmware02_bsp//libhal_bsp.a(alt_isatty.o)
 .data          0x0000000000017b40        0x0 ../firmware02_bsp//libhal_bsp.a(alt_load.o)
 .data          0x0000000000017b40        0x0 ../firmware02_bsp//libhal_bsp.a(alt_lseek.o)
 .data          0x0000000000017b40        0x0 ../firmware02_bsp//libhal_bsp.a(alt_main.o)
 .data          0x0000000000017b40        0x0 ../firmware02_bsp//libhal_bsp.a(alt_malloc_lock.o)
 .data          0x0000000000017b40        0x0 ../firmware02_bsp//libhal_bsp.a(alt_open.o)
 .data          0x0000000000017b40        0x0 ../firmware02_bsp//libhal_bsp.a(alt_printf.o)
 .data          0x0000000000017b40        0x0 ../firmware02_bsp//libhal_bsp.a(alt_putchar.o)
 .data          0x0000000000017b40        0x0 ../firmware02_bsp//libhal_bsp.a(alt_read.o)
 .data          0x0000000000017b40        0x0 ../firmware02_bsp//libhal_bsp.a(alt_release_fd.o)
 .data          0x0000000000017b40        0x0 ../firmware02_bsp//libhal_bsp.a(alt_sbrk.o)
 .data          0x0000000000017b40        0x0 ../firmware02_bsp//libhal_bsp.a(alt_write.o)
 .data          0x0000000000017b40     0x108c ../firmware02_bsp//libhal_bsp.a(alt_sys_init.o)
 .data          0x0000000000018bcc        0x0 ../firmware02_bsp//libhal_bsp.a(altera_avalon_jtag_uart_fd.o)
 .data          0x0000000000018bcc        0x0 ../firmware02_bsp//libhal_bsp.a(altera_avalon_jtag_uart_init.o)
 .data          0x0000000000018bcc        0x0 ../firmware02_bsp//libhal_bsp.a(altera_avalon_jtag_uart_ioctl.o)
 .data          0x0000000000018bcc        0x0 ../firmware02_bsp//libhal_bsp.a(altera_avalon_jtag_uart_read.o)
 .data          0x0000000000018bcc        0x0 ../firmware02_bsp//libhal_bsp.a(altera_avalon_jtag_uart_write.o)
 .data          0x0000000000018bcc        0x0 ../firmware02_bsp//libhal_bsp.a(altera_avalon_timer_sc.o)
 .data          0x0000000000018bcc        0x0 ../firmware02_bsp//libhal_bsp.a(altera_avalon_timer_ts.o)
 .data          0x0000000000018bcc        0x0 ../firmware02_bsp//libhal_bsp.a(altera_avalon_timer_vars.o)
 .data          0x0000000000018bcc        0x0 ../firmware02_bsp//libhal_bsp.a(altera_up_avalon_accelerometer_spi.o)
 .data          0x0000000000018bcc        0x0 ../firmware02_bsp//libhal_bsp.a(alt_alarm_start.o)
 .data          0x0000000000018bcc        0x0 ../firmware02_bsp//libhal_bsp.a(alt_dcache_flush_all.o)
 .data          0x0000000000018bcc        0x0 ../firmware02_bsp//libhal_bsp.a(alt_dev_llist_insert.o)
 .data          0x0000000000018bcc        0x0 ../firmware02_bsp//libhal_bsp.a(alt_do_ctors.o)
 .data          0x0000000000018bcc        0x0 ../firmware02_bsp//libhal_bsp.a(alt_do_dtors.o)
 .data          0x0000000000018bcc        0x0 ../firmware02_bsp//libhal_bsp.a(alt_find_dev.o)
 .data          0x0000000000018bcc        0x0 ../firmware02_bsp//libhal_bsp.a(alt_find_file.o)
 .data          0x0000000000018bcc        0x0 ../firmware02_bsp//libhal_bsp.a(alt_get_fd.o)
 .data          0x0000000000018bcc        0x0 ../firmware02_bsp//libhal_bsp.a(alt_icache_flush_all.o)
 .data          0x0000000000018bcc        0x0 ../firmware02_bsp//libhal_bsp.a(alt_io_redirect.o)
 .data          0x0000000000018bcc        0x0 ../firmware02_bsp//libhal_bsp.a(alt_irq_entry.o)
 .data          0x0000000000018bcc        0x0 ../firmware02_bsp//libhal_bsp.a(alt_irq_handler.o)
 .data          0x0000000000018bcc        0x0 ../firmware02_bsp//libhal_bsp.a(alt_tick.o)
 .data          0x0000000000018bcc        0x0 ../firmware02_bsp//libhal_bsp.a(altera_nios2_gen2_irq.o)
 .data          0x0000000000018bcc        0x0 ../firmware02_bsp//libhal_bsp.a(alt_exception_entry.o)
 .data          0x0000000000018bcc        0x0 ../firmware02_bsp//libhal_bsp.a(alt_instruction_exception_entry.o)
 .data          0x0000000000018bcc        0x0 /home/dereklai/intelFPGA_lite/21.1/nios2eds/bin/gnu/H-x86_64-pc-linux-gnu/bin/../lib/gcc/nios2-elf/10.3.1/../../../../../H-x86_64-pc-linux-gnu/nios2-elf/lib/mno-hw-mul/libc.a(lib_a-atexit.o)
 .data          0x0000000000018bcc        0x0 /home/dereklai/intelFPGA_lite/21.1/nios2eds/bin/gnu/H-x86_64-pc-linux-gnu/bin/../lib/gcc/nios2-elf/10.3.1/../../../../../H-x86_64-pc-linux-gnu/nios2-elf/lib/mno-hw-mul/libc.a(lib_a-exit.o)
 .data          0x0000000000018bcc        0x0 /home/dereklai/intelFPGA_lite/21.1/nios2eds/bin/gnu/H-x86_64-pc-linux-gnu/bin/../lib/gcc/nios2-elf/10.3.1/../../../../../H-x86_64-pc-linux-gnu/nios2-elf/lib/mno-hw-mul/libc.a(lib_a-memcmp.o)
 .data          0x0000000000018bcc        0x0 /home/dereklai/intelFPGA_lite/21.1/nios2eds/bin/gnu/H-x86_64-pc-linux-gnu/bin/../lib/gcc/nios2-elf/10.3.1/../../../../../H-x86_64-pc-linux-gnu/nios2-elf/lib/mno-hw-mul/libc.a(lib_a-putchar.o)
 .data          0x0000000000018bcc        0x0 /home/dereklai/intelFPGA_lite/21.1/nios2eds/bin/gnu/H-x86_64-pc-linux-gnu/bin/../lib/gcc/nios2-elf/10.3.1/../../../../../H-x86_64-pc-linux-gnu/nios2-elf/lib/mno-hw-mul/libc.a(lib_a-__atexit.o)
 .data          0x0000000000018bcc        0x0 /home/dereklai/intelFPGA_lite/21.1/nios2eds/bin/gnu/H-x86_64-pc-linux-gnu/bin/../lib/gcc/nios2-elf/10.3.1/../../../../../H-x86_64-pc-linux-gnu/nios2-elf/lib/mno-hw-mul/libc.a(lib_a-__call_atexit.o)
 .data          0x0000000000018bcc        0x0 /home/dereklai/intelFPGA_lite/21.1/nios2eds/bin/gnu/H-x86_64-pc-linux-gnu/bin/../lib/gcc/nios2-elf/10.3.1/../../../../../H-x86_64-pc-linux-gnu/nios2-elf/lib/mno-hw-mul/libc.a(lib_a-putc.o)
 .data          0x0000000000018bcc        0x0 /home/dereklai/intelFPGA_lite/21.1/nios2eds/bin/gnu/H-x86_64-pc-linux-gnu/bin/../lib/gcc/nios2-elf/10.3.1/../../../../../H-x86_64-pc-linux-gnu/nios2-elf/lib/mno-hw-mul/libc.a(lib_a-wbuf.o)
 .data          0x0000000000018bcc        0x0 /home/dereklai/intelFPGA_lite/21.1/nios2eds/bin/gnu/H-x86_64-pc-linux-gnu/bin/../lib/gcc/nios2-elf/10.3.1/../../../../../H-x86_64-pc-linux-gnu/nios2-elf/lib/mno-hw-mul/libc.a(lib_a-wsetup.o)
 .data          0x0000000000018bcc        0x0 ../firmware02_bsp//libhal_bsp.a(alt_exit.o)
                0x0000000000020bcc                _gp = ABSOLUTE ((. + 0x8000))
                [!provide]                        PROVIDE (gp = _gp)
 *(.rwdata .rwdata.*)
 *(.sdata .sdata.* .gnu.linkonce.s.*)
 .sdata._global_impure_ptr
                0x0000000000018bcc        0x4 /home/dereklai/intelFPGA_lite/21.1/nios2eds/bin/gnu/H-x86_64-pc-linux-gnu/bin/../lib/gcc/nios2-elf/10.3.1/../../../../../H-x86_64-pc-linux-gnu/nios2-elf/lib/mno-hw-mul/libc.a(lib_a-impure.o)
                0x0000000000018bcc                _global_impure_ptr
 .sdata._impure_ptr
                0x0000000000018bd0        0x4 /home/dereklai/intelFPGA_lite/21.1/nios2eds/bin/gnu/H-x86_64-pc-linux-gnu/bin/../lib/gcc/nios2-elf/10.3.1/../../../../../H-x86_64-pc-linux-gnu/nios2-elf/lib/mno-hw-mul/libc.a(lib_a-impure.o)
                0x0000000000018bd0                _impure_ptr
 .sdata.__malloc_sbrk_base
                0x0000000000018bd4        0x4 /home/dereklai/intelFPGA_lite/21.1/nios2eds/bin/gnu/H-x86_64-pc-linux-gnu/bin/../lib/gcc/nios2-elf/10.3.1/../../../../../H-x86_64-pc-linux-gnu/nios2-elf/lib/mno-hw-mul/libc.a(lib_a-mallocr.o)
                0x0000000000018bd4                __malloc_sbrk_base
 .sdata.__malloc_trim_threshold
                0x0000000000018bd8        0x4 /home/dereklai/intelFPGA_lite/21.1/nios2eds/bin/gnu/H-x86_64-pc-linux-gnu/bin/../lib/gcc/nios2-elf/10.3.1/../../../../../H-x86_64-pc-linux-gnu/nios2-elf/lib/mno-hw-mul/libc.a(lib_a-mallocr.o)
                0x0000000000018bd8                __malloc_trim_threshold
 .sdata         0x0000000000018bdc       0x14 ../firmware02_bsp//libhal_bsp.a(alt_dev.o)
                0x0000000000018bdc                alt_fs_list
                0x0000000000018be4                alt_dev_list
                0x0000000000018bec                alt_max_fd
 .sdata         0x0000000000018bf0        0x4 ../firmware02_bsp//libhal_bsp.a(alt_errno.o)
                0x0000000000018bf0                alt_errno
 .sdata         0x0000000000018bf4        0x4 ../firmware02_bsp//libhal_bsp.a(alt_irq_vars.o)
                0x0000000000018bf4                alt_priority_mask
 .sdata         0x0000000000018bf8        0x4 ../firmware02_bsp//libhal_bsp.a(alt_sbrk.o)
 .sdata         0x0000000000018bfc        0x8 ../firmware02_bsp//libhal_bsp.a(alt_tick.o)
                0x0000000000018bfc                alt_alarm_list
 *(.sdata2 .sdata2.* .gnu.linkonce.s2.*)
                0x0000000000018c04                . = ALIGN (0x4)
                0x0000000000018c04                _edata = ABSOLUTE (.)
                [!provide]                        PROVIDE (edata = ABSOLUTE (.))
                0x0000000000018c04                PROVIDE (__ram_rwdata_end = ABSOLUTE (.))
                0x0000000000018c04                PROVIDE (__flash_rwdata_start = LOADADDR (.rwdata))

.bss            0x000000000001a700      0x360
                0x000000000001a700                __bss_start = ABSOLUTE (.)
                [!provide]                        PROVIDE (__sbss_start = ABSOLUTE (.))
                [!provide]                        PROVIDE (___sbss_start = ABSOLUTE (.))
 *(.dynsbss)
 *(.sbss .sbss.* .gnu.linkonce.sb.*)
 .sbss          0x000000000001a700       0x22 obj/default/main.o
                0x000000000001a700                state
                0x000000000001a704                buttons
                0x000000000001a708                switches
                0x000000000001a70c                leds
                0x000000000001a710                coord_data_ready
                0x000000000001a714                acc_dev
                0x000000000001a718                delay
                0x000000000001a71c                window
 *fill*         0x000000000001a722        0x2 
 .sbss.errno    0x000000000001a724        0x4 /home/dereklai/intelFPGA_lite/21.1/nios2eds/bin/gnu/H-x86_64-pc-linux-gnu/bin/../lib/gcc/nios2-elf/10.3.1/../../../../../H-x86_64-pc-linux-gnu/nios2-elf/lib/mno-hw-mul/libc.a(lib_a-int_errno.o)
                0x000000000001a724                errno
 .sbss.__malloc_max_total_mem
                0x000000000001a728        0x4 /home/dereklai/intelFPGA_lite/21.1/nios2eds/bin/gnu/H-x86_64-pc-linux-gnu/bin/../lib/gcc/nios2-elf/10.3.1/../../../../../H-x86_64-pc-linux-gnu/nios2-elf/lib/mno-hw-mul/libc.a(lib_a-mallocr.o)
                0x000000000001a728                __malloc_max_total_mem
 .sbss.__malloc_max_sbrked_mem
                0x000000000001a72c        0x4 /home/dereklai/intelFPGA_lite/21.1/nios2eds/bin/gnu/H-x86_64-pc-linux-gnu/bin/../lib/gcc/nios2-elf/10.3.1/../../../../../H-x86_64-pc-linux-gnu/nios2-elf/lib/mno-hw-mul/libc.a(lib_a-mallocr.o)
                0x000000000001a72c                __malloc_max_sbrked_mem
 .sbss.__malloc_top_pad
                0x000000000001a730        0x4 /home/dereklai/intelFPGA_lite/21.1/nios2eds/bin/gnu/H-x86_64-pc-linux-gnu/bin/../lib/gcc/nios2-elf/10.3.1/../../../../../H-x86_64-pc-linux-gnu/nios2-elf/lib/mno-hw-mul/libc.a(lib_a-mallocr.o)
                0x000000000001a730                __malloc_top_pad
 .sbss          0x000000000001a734        0x4 ../firmware02_bsp//libhal_bsp.a(alt_irq_vars.o)
                0x000000000001a734                alt_irq_active
 .sbss          0x000000000001a738        0xc ../firmware02_bsp//libhal_bsp.a(alt_main.o)
                0x000000000001a738                alt_argc
                0x000000000001a73c                alt_argv
                0x000000000001a740                alt_envp
 .sbss          0x000000000001a744        0x8 ../firmware02_bsp//libhal_bsp.a(altera_avalon_timer_vars.o)
                0x000000000001a744                altera_avalon_timer_ts_base
                0x000000000001a748                altera_avalon_timer_ts_freq
 .sbss          0x000000000001a74c        0xc ../firmware02_bsp//libhal_bsp.a(alt_tick.o)
                0x000000000001a74c                _alt_tick_rate
                0x000000000001a750                _alt_nticks
 .sbss          0x000000000001a758        0x4 ../firmware02_bsp//libhal_bsp.a(alt_instruction_exception_entry.o)
                0x000000000001a758                alt_instruction_exception_handler
 *(.sbss2 .sbss2.* .gnu.linkonce.sb2.*)
 *(.scommon)
                [!provide]                        PROVIDE (__sbss_end = ABSOLUTE (.))
                [!provide]                        PROVIDE (___sbss_end = ABSOLUTE (.))
 *(.dynbss)
 *(.bss .bss.* .gnu.linkonce.b.*)
 .bss           0x000000000001a75c        0x0 ../firmware02_bsp//obj/HAL/src/crt0.o
 .bss           0x000000000001a75c      0x1dc obj/default/main.o
                0x000000000001a75c                coords
                0x000000000001a768                filtered_coords
                0x000000000001a774                word
                0x000000000001a78d                display_buff
                0x000000000001a7a8                filter_coeff_fixed
                0x000000000001a80c                fir_mem_fixed_x
                0x000000000001a870                fir_mem_fixed_y
                0x000000000001a8d4                fir_mem_fixed_z
 .bss           0x000000000001a938        0x0 /home/dereklai/intelFPGA_lite/21.1/nios2eds/bin/gnu/H-x86_64-pc-linux-gnu/bin/../lib/gcc/nios2-elf/10.3.1/mno-hw-mul/libgcc.a(lib2-mul.o)
 .bss           0x000000000001a938        0x0 /home/dereklai/intelFPGA_lite/21.1/nios2eds/bin/gnu/H-x86_64-pc-linux-gnu/bin/../lib/gcc/nios2-elf/10.3.1/mno-hw-mul/libgcc.a(divsf3.o)
 .bss           0x000000000001a938        0x0 /home/dereklai/intelFPGA_lite/21.1/nios2eds/bin/gnu/H-x86_64-pc-linux-gnu/bin/../lib/gcc/nios2-elf/10.3.1/mno-hw-mul/libgcc.a(floatsisf.o)
 .bss           0x000000000001a938        0x0 /home/dereklai/intelFPGA_lite/21.1/nios2eds/bin/gnu/H-x86_64-pc-linux-gnu/bin/../lib/gcc/nios2-elf/10.3.1/mno-hw-mul/libgcc.a(_clzsi2.o)
 .bss           0x000000000001a938        0x0 /home/dereklai/intelFPGA_lite/21.1/nios2eds/bin/gnu/H-x86_64-pc-linux-gnu/bin/../lib/gcc/nios2-elf/10.3.1/mno-hw-mul/libgcc.a(_clz.o)
 .bss           0x000000000001a938        0x0 /home/dereklai/intelFPGA_lite/21.1/nios2eds/bin/gnu/H-x86_64-pc-linux-gnu/bin/../lib/gcc/nios2-elf/10.3.1/../../../../../H-x86_64-pc-linux-gnu/nios2-elf/lib/mno-hw-mul/libc.a(lib_a-fclose.o)
 .bss           0x000000000001a938        0x0 /home/dereklai/intelFPGA_lite/21.1/nios2eds/bin/gnu/H-x86_64-pc-linux-gnu/bin/../lib/gcc/nios2-elf/10.3.1/../../../../../H-x86_64-pc-linux-gnu/nios2-elf/lib/mno-hw-mul/libc.a(lib_a-fflush.o)
 .bss           0x000000000001a938        0x0 /home/dereklai/intelFPGA_lite/21.1/nios2eds/bin/gnu/H-x86_64-pc-linux-gnu/bin/../lib/gcc/nios2-elf/10.3.1/../../../../../H-x86_64-pc-linux-gnu/nios2-elf/lib/mno-hw-mul/libc.a(lib_a-findfp.o)
 .bss           0x000000000001a938        0x0 /home/dereklai/intelFPGA_lite/21.1/nios2eds/bin/gnu/H-x86_64-pc-linux-gnu/bin/../lib/gcc/nios2-elf/10.3.1/../../../../../H-x86_64-pc-linux-gnu/nios2-elf/lib/mno-hw-mul/libc.a(lib_a-fopen.o)
 .bss           0x000000000001a938        0x0 /home/dereklai/intelFPGA_lite/21.1/nios2eds/bin/gnu/H-x86_64-pc-linux-gnu/bin/../lib/gcc/nios2-elf/10.3.1/../../../../../H-x86_64-pc-linux-gnu/nios2-elf/lib/mno-hw-mul/libc.a(lib_a-freer.o)
 .bss           0x000000000001a938        0x0 /home/dereklai/intelFPGA_lite/21.1/nios2eds/bin/gnu/H-x86_64-pc-linux-gnu/bin/../lib/gcc/nios2-elf/10.3.1/../../../../../H-x86_64-pc-linux-gnu/nios2-elf/lib/mno-hw-mul/libc.a(lib_a-fseek.o)
 .bss           0x000000000001a938        0x0 /home/dereklai/intelFPGA_lite/21.1/nios2eds/bin/gnu/H-x86_64-pc-linux-gnu/bin/../lib/gcc/nios2-elf/10.3.1/../../../../../H-x86_64-pc-linux-gnu/nios2-elf/lib/mno-hw-mul/libc.a(lib_a-fseeko.o)
 .bss           0x000000000001a938        0x0 /home/dereklai/intelFPGA_lite/21.1/nios2eds/bin/gnu/H-x86_64-pc-linux-gnu/bin/../lib/gcc/nios2-elf/10.3.1/../../../../../H-x86_64-pc-linux-gnu/nios2-elf/lib/mno-hw-mul/libc.a(lib_a-fstatr.o)
 .bss           0x000000000001a938        0x0 /home/dereklai/intelFPGA_lite/21.1/nios2eds/bin/gnu/H-x86_64-pc-linux-gnu/bin/../lib/gcc/nios2-elf/10.3.1/../../../../../H-x86_64-pc-linux-gnu/nios2-elf/lib/mno-hw-mul/libc.a(lib_a-fwalk.o)
 .bss           0x000000000001a938        0x0 /home/dereklai/intelFPGA_lite/21.1/nios2eds/bin/gnu/H-x86_64-pc-linux-gnu/bin/../lib/gcc/nios2-elf/10.3.1/../../../../../H-x86_64-pc-linux-gnu/nios2-elf/lib/mno-hw-mul/libc.a(lib_a-getc.o)
 .bss           0x000000000001a938        0x0 /home/dereklai/intelFPGA_lite/21.1/nios2eds/bin/gnu/H-x86_64-pc-linux-gnu/bin/../lib/gcc/nios2-elf/10.3.1/../../../../../H-x86_64-pc-linux-gnu/nios2-elf/lib/mno-hw-mul/libc.a(lib_a-impure.o)
 .bss           0x000000000001a938        0x0 /home/dereklai/intelFPGA_lite/21.1/nios2eds/bin/gnu/H-x86_64-pc-linux-gnu/bin/../lib/gcc/nios2-elf/10.3.1/../../../../../H-x86_64-pc-linux-gnu/nios2-elf/lib/mno-hw-mul/libc.a(lib_a-int_errno.o)
 .bss           0x000000000001a938        0x0 /home/dereklai/intelFPGA_lite/21.1/nios2eds/bin/gnu/H-x86_64-pc-linux-gnu/bin/../lib/gcc/nios2-elf/10.3.1/../../../../../H-x86_64-pc-linux-gnu/nios2-elf/lib/mno-hw-mul/libc.a(lib_a-makebuf.o)
 .bss           0x000000000001a938        0x0 /home/dereklai/intelFPGA_lite/21.1/nios2eds/bin/gnu/H-x86_64-pc-linux-gnu/bin/../lib/gcc/nios2-elf/10.3.1/../../../../../H-x86_64-pc-linux-gnu/nios2-elf/lib/mno-hw-mul/libc.a(lib_a-mallocr.o)
 .bss.__malloc_current_mallinfo
                0x000000000001a938       0x28 /home/dereklai/intelFPGA_lite/21.1/nios2eds/bin/gnu/H-x86_64-pc-linux-gnu/bin/../lib/gcc/nios2-elf/10.3.1/../../../../../H-x86_64-pc-linux-gnu/nios2-elf/lib/mno-hw-mul/libc.a(lib_a-mallocr.o)
                0x000000000001a938                __malloc_current_mallinfo
 .bss           0x000000000001a960        0x0 /home/dereklai/intelFPGA_lite/21.1/nios2eds/bin/gnu/H-x86_64-pc-linux-gnu/bin/../lib/gcc/nios2-elf/10.3.1/../../../../../H-x86_64-pc-linux-gnu/nios2-elf/lib/mno-hw-mul/libc.a(lib_a-memcpy.o)
 .bss           0x000000000001a960        0x0 /home/dereklai/intelFPGA_lite/21.1/nios2eds/bin/gnu/H-x86_64-pc-linux-gnu/bin/../lib/gcc/nios2-elf/10.3.1/../../../../../H-x86_64-pc-linux-gnu/nios2-elf/lib/mno-hw-mul/libc.a(lib_a-memset.o)
 .bss           0x000000000001a960        0x0 /home/dereklai/intelFPGA_lite/21.1/nios2eds/bin/gnu/H-x86_64-pc-linux-gnu/bin/../lib/gcc/nios2-elf/10.3.1/../../../../../H-x86_64-pc-linux-gnu/nios2-elf/lib/mno-hw-mul/libc.a(lib_a-openr.o)
 .bss           0x000000000001a960        0x0 /home/dereklai/intelFPGA_lite/21.1/nios2eds/bin/gnu/H-x86_64-pc-linux-gnu/bin/../lib/gcc/nios2-elf/10.3.1/../../../../../H-x86_64-pc-linux-gnu/nios2-elf/lib/mno-hw-mul/libc.a(lib_a-refill.o)
 .bss           0x000000000001a960        0x0 /home/dereklai/intelFPGA_lite/21.1/nios2eds/bin/gnu/H-x86_64-pc-linux-gnu/bin/../lib/gcc/nios2-elf/10.3.1/../../../../../H-x86_64-pc-linux-gnu/nios2-elf/lib/mno-hw-mul/libc.a(lib_a-rget.o)
 .bss           0x000000000001a960        0x0 /home/dereklai/intelFPGA_lite/21.1/nios2eds/bin/gnu/H-x86_64-pc-linux-gnu/bin/../lib/gcc/nios2-elf/10.3.1/../../../../../H-x86_64-pc-linux-gnu/nios2-elf/lib/mno-hw-mul/libc.a(lib_a-sbrkr.o)
 .bss           0x000000000001a960        0x0 /home/dereklai/intelFPGA_lite/21.1/nios2eds/bin/gnu/H-x86_64-pc-linux-gnu/bin/../lib/gcc/nios2-elf/10.3.1/../../../../../H-x86_64-pc-linux-gnu/nios2-elf/lib/mno-hw-mul/libc.a(lib_a-stdio.o)
 .bss           0x000000000001a960        0x0 /home/dereklai/intelFPGA_lite/21.1/nios2eds/bin/gnu/H-x86_64-pc-linux-gnu/bin/../lib/gcc/nios2-elf/10.3.1/../../../../../H-x86_64-pc-linux-gnu/nios2-elf/lib/mno-hw-mul/libc.a(lib_a-strlen.o)
 .bss           0x000000000001a960        0x0 /home/dereklai/intelFPGA_lite/21.1/nios2eds/bin/gnu/H-x86_64-pc-linux-gnu/bin/../lib/gcc/nios2-elf/10.3.1/../../../../../H-x86_64-pc-linux-gnu/nios2-elf/lib/mno-hw-mul/libc.a(lib_a-writer.o)
 .bss           0x000000000001a960        0x0 /home/dereklai/intelFPGA_lite/21.1/nios2eds/bin/gnu/H-x86_64-pc-linux-gnu/bin/../lib/gcc/nios2-elf/10.3.1/../../../../../H-x86_64-pc-linux-gnu/nios2-elf/lib/mno-hw-mul/libc.a(closer.o)
 .bss           0x000000000001a960        0x0 /home/dereklai/intelFPGA_lite/21.1/nios2eds/bin/gnu/H-x86_64-pc-linux-gnu/bin/../lib/gcc/nios2-elf/10.3.1/../../../../../H-x86_64-pc-linux-gnu/nios2-elf/lib/mno-hw-mul/libc.a(lib_a-flags.o)
 .bss           0x000000000001a960        0x0 /home/dereklai/intelFPGA_lite/21.1/nios2eds/bin/gnu/H-x86_64-pc-linux-gnu/bin/../lib/gcc/nios2-elf/10.3.1/../../../../../H-x86_64-pc-linux-gnu/nios2-elf/lib/mno-hw-mul/libc.a(lib_a-isattyr.o)
 .bss           0x000000000001a960        0x0 /home/dereklai/intelFPGA_lite/21.1/nios2eds/bin/gnu/H-x86_64-pc-linux-gnu/bin/../lib/gcc/nios2-elf/10.3.1/../../../../../H-x86_64-pc-linux-gnu/nios2-elf/lib/mno-hw-mul/libc.a(lib_a-lseekr.o)
 .bss           0x000000000001a960        0x0 /home/dereklai/intelFPGA_lite/21.1/nios2eds/bin/gnu/H-x86_64-pc-linux-gnu/bin/../lib/gcc/nios2-elf/10.3.1/../../../../../H-x86_64-pc-linux-gnu/nios2-elf/lib/mno-hw-mul/libc.a(lib_a-readr.o)
 .bss           0x000000000001a960        0x0 ../firmware02_bsp//libhal_bsp.a(alt_close.o)
 .bss           0x000000000001a960        0x0 ../firmware02_bsp//libhal_bsp.a(alt_dev.o)
 .bss           0x000000000001a960        0x0 ../firmware02_bsp//libhal_bsp.a(alt_errno.o)
 .bss           0x000000000001a960        0x0 ../firmware02_bsp//libhal_bsp.a(alt_fstat.o)
 .bss           0x000000000001a960        0x0 ../firmware02_bsp//libhal_bsp.a(alt_irq_register.o)
 .bss           0x000000000001a960        0x0 ../firmware02_bsp//libhal_bsp.a(alt_irq_vars.o)
 .bss           0x000000000001a960        0x0 ../firmware02_bsp//libhal_bsp.a(alt_isatty.o)
 .bss           0x000000000001a960        0x0 ../firmware02_bsp//libhal_bsp.a(alt_load.o)
 .bss           0x000000000001a960        0x0 ../firmware02_bsp//libhal_bsp.a(alt_lseek.o)
 .bss           0x000000000001a960        0x0 ../firmware02_bsp//libhal_bsp.a(alt_main.o)
 .bss           0x000000000001a960        0x0 ../firmware02_bsp//libhal_bsp.a(alt_malloc_lock.o)
 .bss           0x000000000001a960        0x0 ../firmware02_bsp//libhal_bsp.a(alt_open.o)
 .bss           0x000000000001a960        0x0 ../firmware02_bsp//libhal_bsp.a(alt_printf.o)
 .bss           0x000000000001a960        0x0 ../firmware02_bsp//libhal_bsp.a(alt_putchar.o)
 .bss           0x000000000001a960        0x0 ../firmware02_bsp//libhal_bsp.a(alt_read.o)
 .bss           0x000000000001a960        0x0 ../firmware02_bsp//libhal_bsp.a(alt_release_fd.o)
 .bss           0x000000000001a960        0x0 ../firmware02_bsp//libhal_bsp.a(alt_sbrk.o)
 .bss           0x000000000001a960        0x0 ../firmware02_bsp//libhal_bsp.a(alt_write.o)
 .bss           0x000000000001a960        0x0 ../firmware02_bsp//libhal_bsp.a(alt_sys_init.o)
 .bss           0x000000000001a960        0x0 ../firmware02_bsp//libhal_bsp.a(altera_avalon_jtag_uart_fd.o)
 .bss           0x000000000001a960        0x0 ../firmware02_bsp//libhal_bsp.a(altera_avalon_jtag_uart_init.o)
 .bss           0x000000000001a960        0x0 ../firmware02_bsp//libhal_bsp.a(altera_avalon_jtag_uart_ioctl.o)
 .bss           0x000000000001a960        0x0 ../firmware02_bsp//libhal_bsp.a(altera_avalon_jtag_uart_read.o)
 .bss           0x000000000001a960        0x0 ../firmware02_bsp//libhal_bsp.a(altera_avalon_jtag_uart_write.o)
 .bss           0x000000000001a960        0x0 ../firmware02_bsp//libhal_bsp.a(altera_avalon_timer_sc.o)
 .bss           0x000000000001a960        0x0 ../firmware02_bsp//libhal_bsp.a(altera_avalon_timer_ts.o)
 .bss           0x000000000001a960        0x0 ../firmware02_bsp//libhal_bsp.a(altera_avalon_timer_vars.o)
 .bss           0x000000000001a960        0x0 ../firmware02_bsp//libhal_bsp.a(altera_up_avalon_accelerometer_spi.o)
 .bss           0x000000000001a960        0x0 ../firmware02_bsp//libhal_bsp.a(alt_alarm_start.o)
 .bss           0x000000000001a960        0x0 ../firmware02_bsp//libhal_bsp.a(alt_dcache_flush_all.o)
 .bss           0x000000000001a960        0x0 ../firmware02_bsp//libhal_bsp.a(alt_dev_llist_insert.o)
 .bss           0x000000000001a960        0x0 ../firmware02_bsp//libhal_bsp.a(alt_do_ctors.o)
 .bss           0x000000000001a960        0x0 ../firmware02_bsp//libhal_bsp.a(alt_do_dtors.o)
 .bss           0x000000000001a960        0x0 ../firmware02_bsp//libhal_bsp.a(alt_find_dev.o)
 .bss           0x000000000001a960        0x0 ../firmware02_bsp//libhal_bsp.a(alt_find_file.o)
 .bss           0x000000000001a960        0x0 ../firmware02_bsp//libhal_bsp.a(alt_get_fd.o)
 .bss           0x000000000001a960        0x0 ../firmware02_bsp//libhal_bsp.a(alt_icache_flush_all.o)
 .bss           0x000000000001a960        0x0 ../firmware02_bsp//libhal_bsp.a(alt_io_redirect.o)
 .bss           0x000000000001a960        0x0 ../firmware02_bsp//libhal_bsp.a(alt_irq_entry.o)
 .bss           0x000000000001a960      0x100 ../firmware02_bsp//libhal_bsp.a(alt_irq_handler.o)
                0x000000000001a960                alt_irq
 .bss           0x000000000001aa60        0x0 ../firmware02_bsp//libhal_bsp.a(alt_tick.o)
 .bss           0x000000000001aa60        0x0 ../firmware02_bsp//libhal_bsp.a(altera_nios2_gen2_irq.o)
 .bss           0x000000000001aa60        0x0 ../firmware02_bsp//libhal_bsp.a(alt_exception_entry.o)
 .bss           0x000000000001aa60        0x0 ../firmware02_bsp//libhal_bsp.a(alt_instruction_exception_entry.o)
 .bss           0x000000000001aa60        0x0 /home/dereklai/intelFPGA_lite/21.1/nios2eds/bin/gnu/H-x86_64-pc-linux-gnu/bin/../lib/gcc/nios2-elf/10.3.1/../../../../../H-x86_64-pc-linux-gnu/nios2-elf/lib/mno-hw-mul/libc.a(lib_a-atexit.o)
 .bss           0x000000000001aa60        0x0 /home/dereklai/intelFPGA_lite/21.1/nios2eds/bin/gnu/H-x86_64-pc-linux-gnu/bin/../lib/gcc/nios2-elf/10.3.1/../../../../../H-x86_64-pc-linux-gnu/nios2-elf/lib/mno-hw-mul/libc.a(lib_a-exit.o)
 .bss           0x000000000001aa60        0x0 /home/dereklai/intelFPGA_lite/21.1/nios2eds/bin/gnu/H-x86_64-pc-linux-gnu/bin/../lib/gcc/nios2-elf/10.3.1/../../../../../H-x86_64-pc-linux-gnu/nios2-elf/lib/mno-hw-mul/libc.a(lib_a-memcmp.o)
 .bss           0x000000000001aa60        0x0 /home/dereklai/intelFPGA_lite/21.1/nios2eds/bin/gnu/H-x86_64-pc-linux-gnu/bin/../lib/gcc/nios2-elf/10.3.1/../../../../../H-x86_64-pc-linux-gnu/nios2-elf/lib/mno-hw-mul/libc.a(lib_a-putchar.o)
 .bss           0x000000000001aa60        0x0 /home/dereklai/intelFPGA_lite/21.1/nios2eds/bin/gnu/H-x86_64-pc-linux-gnu/bin/../lib/gcc/nios2-elf/10.3.1/../../../../../H-x86_64-pc-linux-gnu/nios2-elf/lib/mno-hw-mul/libc.a(lib_a-__atexit.o)
 .bss           0x000000000001aa60        0x0 /home/dereklai/intelFPGA_lite/21.1/nios2eds/bin/gnu/H-x86_64-pc-linux-gnu/bin/../lib/gcc/nios2-elf/10.3.1/../../../../../H-x86_64-pc-linux-gnu/nios2-elf/lib/mno-hw-mul/libc.a(lib_a-__call_atexit.o)
 .bss           0x000000000001aa60        0x0 /home/dereklai/intelFPGA_lite/21.1/nios2eds/bin/gnu/H-x86_64-pc-linux-gnu/bin/../lib/gcc/nios2-elf/10.3.1/../../../../../H-x86_64-pc-linux-gnu/nios2-elf/lib/mno-hw-mul/libc.a(lib_a-putc.o)
 .bss           0x000000000001aa60        0x0 /home/dereklai/intelFPGA_lite/21.1/nios2eds/bin/gnu/H-x86_64-pc-linux-gnu/bin/../lib/gcc/nios2-elf/10.3.1/../../../../../H-x86_64-pc-linux-gnu/nios2-elf/lib/mno-hw-mul/libc.a(lib_a-wbuf.o)
 .bss           0x000000000001aa60        0x0 /home/dereklai/intelFPGA_lite/21.1/nios2eds/bin/gnu/H-x86_64-pc-linux-gnu/bin/../lib/gcc/nios2-elf/10.3.1/../../../../../H-x86_64-pc-linux-gnu/nios2-elf/lib/mno-hw-mul/libc.a(lib_a-wsetup.o)
 .bss           0x000000000001aa60        0x0 ../firmware02_bsp//libhal_bsp.a(alt_exit.o)
 *(COMMON)
                0x000000000001aa60                . = ALIGN (0x4)
                0x000000000001aa60                __bss_end = ABSOLUTE (.)

.onchip_memory  0x000000000001aa60        0x0
                [!provide]                        PROVIDE (_alt_partition_onchip_memory_start = ABSOLUTE (.))
 *(.onchip_memory .onchip_memory. onchip_memory.*)
                0x000000000001aa60                . = ALIGN (0x4)
                [!provide]                        PROVIDE (_alt_partition_onchip_memory_end = ABSOLUTE (.))
                0x000000000001aa60                _end = ABSOLUTE (.)
                0x000000000001aa60                end = ABSOLUTE (.)
                0x000000000001aa60                __alt_stack_base = ABSOLUTE (.)
                [!provide]                        PROVIDE (_alt_partition_onchip_memory_load_addr = LOADADDR (.onchip_memory))

.stab
 *(.stab)

.stabstr
 *(.stabstr)

.stab.excl
 *(.stab.excl)

.stab.exclstr
 *(.stab.exclstr)

.stab.index
 *(.stab.index)

.stab.indexstr
 *(.stab.indexstr)

.comment        0x0000000000000000       0x2d
 *(.comment)
 .comment       0x0000000000000000       0x2d obj/default/main.o
                                         0x2e (size before relaxing)
 .comment       0x000000000000002d       0x2e /home/dereklai/intelFPGA_lite/21.1/nios2eds/bin/gnu/H-x86_64-pc-linux-gnu/bin/../lib/gcc/nios2-elf/10.3.1/mno-hw-mul/libgcc.a(lib2-mul.o)
 .comment       0x000000000000002d       0x2e /home/dereklai/intelFPGA_lite/21.1/nios2eds/bin/gnu/H-x86_64-pc-linux-gnu/bin/../lib/gcc/nios2-elf/10.3.1/mno-hw-mul/libgcc.a(divsf3.o)
 .comment       0x000000000000002d       0x2e /home/dereklai/intelFPGA_lite/21.1/nios2eds/bin/gnu/H-x86_64-pc-linux-gnu/bin/../lib/gcc/nios2-elf/10.3.1/mno-hw-mul/libgcc.a(floatsisf.o)
 .comment       0x000000000000002d       0x2e /home/dereklai/intelFPGA_lite/21.1/nios2eds/bin/gnu/H-x86_64-pc-linux-gnu/bin/../lib/gcc/nios2-elf/10.3.1/mno-hw-mul/libgcc.a(_clzsi2.o)
 .comment       0x000000000000002d       0x2e /home/dereklai/intelFPGA_lite/21.1/nios2eds/bin/gnu/H-x86_64-pc-linux-gnu/bin/../lib/gcc/nios2-elf/10.3.1/mno-hw-mul/libgcc.a(_clz.o)
 .comment       0x000000000000002d       0x2e /home/dereklai/intelFPGA_lite/21.1/nios2eds/bin/gnu/H-x86_64-pc-linux-gnu/bin/../lib/gcc/nios2-elf/10.3.1/../../../../../H-x86_64-pc-linux-gnu/nios2-elf/lib/mno-hw-mul/libc.a(lib_a-fclose.o)
 .comment       0x000000000000002d       0x2e /home/dereklai/intelFPGA_lite/21.1/nios2eds/bin/gnu/H-x86_64-pc-linux-gnu/bin/../lib/gcc/nios2-elf/10.3.1/../../../../../H-x86_64-pc-linux-gnu/nios2-elf/lib/mno-hw-mul/libc.a(lib_a-fflush.o)
 .comment       0x000000000000002d       0x2e /home/dereklai/intelFPGA_lite/21.1/nios2eds/bin/gnu/H-x86_64-pc-linux-gnu/bin/../lib/gcc/nios2-elf/10.3.1/../../../../../H-x86_64-pc-linux-gnu/nios2-elf/lib/mno-hw-mul/libc.a(lib_a-findfp.o)
 .comment       0x000000000000002d       0x2e /home/dereklai/intelFPGA_lite/21.1/nios2eds/bin/gnu/H-x86_64-pc-linux-gnu/bin/../lib/gcc/nios2-elf/10.3.1/../../../../../H-x86_64-pc-linux-gnu/nios2-elf/lib/mno-hw-mul/libc.a(lib_a-fopen.o)
 .comment       0x000000000000002d       0x2e /home/dereklai/intelFPGA_lite/21.1/nios2eds/bin/gnu/H-x86_64-pc-linux-gnu/bin/../lib/gcc/nios2-elf/10.3.1/../../../../../H-x86_64-pc-linux-gnu/nios2-elf/lib/mno-hw-mul/libc.a(lib_a-freer.o)
 .comment       0x000000000000002d       0x2e /home/dereklai/intelFPGA_lite/21.1/nios2eds/bin/gnu/H-x86_64-pc-linux-gnu/bin/../lib/gcc/nios2-elf/10.3.1/../../../../../H-x86_64-pc-linux-gnu/nios2-elf/lib/mno-hw-mul/libc.a(lib_a-fseek.o)
 .comment       0x000000000000002d       0x2e /home/dereklai/intelFPGA_lite/21.1/nios2eds/bin/gnu/H-x86_64-pc-linux-gnu/bin/../lib/gcc/nios2-elf/10.3.1/../../../../../H-x86_64-pc-linux-gnu/nios2-elf/lib/mno-hw-mul/libc.a(lib_a-fseeko.o)
 .comment       0x000000000000002d       0x2e /home/dereklai/intelFPGA_lite/21.1/nios2eds/bin/gnu/H-x86_64-pc-linux-gnu/bin/../lib/gcc/nios2-elf/10.3.1/../../../../../H-x86_64-pc-linux-gnu/nios2-elf/lib/mno-hw-mul/libc.a(lib_a-fstatr.o)
 .comment       0x000000000000002d       0x2e /home/dereklai/intelFPGA_lite/21.1/nios2eds/bin/gnu/H-x86_64-pc-linux-gnu/bin/../lib/gcc/nios2-elf/10.3.1/../../../../../H-x86_64-pc-linux-gnu/nios2-elf/lib/mno-hw-mul/libc.a(lib_a-fwalk.o)
 .comment       0x000000000000002d       0x2e /home/dereklai/intelFPGA_lite/21.1/nios2eds/bin/gnu/H-x86_64-pc-linux-gnu/bin/../lib/gcc/nios2-elf/10.3.1/../../../../../H-x86_64-pc-linux-gnu/nios2-elf/lib/mno-hw-mul/libc.a(lib_a-getc.o)
 .comment       0x000000000000002d       0x2e /home/dereklai/intelFPGA_lite/21.1/nios2eds/bin/gnu/H-x86_64-pc-linux-gnu/bin/../lib/gcc/nios2-elf/10.3.1/../../../../../H-x86_64-pc-linux-gnu/nios2-elf/lib/mno-hw-mul/libc.a(lib_a-impure.o)
 .comment       0x000000000000002d       0x2e /home/dereklai/intelFPGA_lite/21.1/nios2eds/bin/gnu/H-x86_64-pc-linux-gnu/bin/../lib/gcc/nios2-elf/10.3.1/../../../../../H-x86_64-pc-linux-gnu/nios2-elf/lib/mno-hw-mul/libc.a(lib_a-int_errno.o)
 .comment       0x000000000000002d       0x2e /home/dereklai/intelFPGA_lite/21.1/nios2eds/bin/gnu/H-x86_64-pc-linux-gnu/bin/../lib/gcc/nios2-elf/10.3.1/../../../../../H-x86_64-pc-linux-gnu/nios2-elf/lib/mno-hw-mul/libc.a(lib_a-makebuf.o)
 .comment       0x000000000000002d       0x2e /home/dereklai/intelFPGA_lite/21.1/nios2eds/bin/gnu/H-x86_64-pc-linux-gnu/bin/../lib/gcc/nios2-elf/10.3.1/../../../../../H-x86_64-pc-linux-gnu/nios2-elf/lib/mno-hw-mul/libc.a(lib_a-mallocr.o)
 .comment       0x000000000000002d       0x2e /home/dereklai/intelFPGA_lite/21.1/nios2eds/bin/gnu/H-x86_64-pc-linux-gnu/bin/../lib/gcc/nios2-elf/10.3.1/../../../../../H-x86_64-pc-linux-gnu/nios2-elf/lib/mno-hw-mul/libc.a(lib_a-memcpy.o)
 .comment       0x000000000000002d       0x2e /home/dereklai/intelFPGA_lite/21.1/nios2eds/bin/gnu/H-x86_64-pc-linux-gnu/bin/../lib/gcc/nios2-elf/10.3.1/../../../../../H-x86_64-pc-linux-gnu/nios2-elf/lib/mno-hw-mul/libc.a(lib_a-memset.o)
 .comment       0x000000000000002d       0x2e /home/dereklai/intelFPGA_lite/21.1/nios2eds/bin/gnu/H-x86_64-pc-linux-gnu/bin/../lib/gcc/nios2-elf/10.3.1/../../../../../H-x86_64-pc-linux-gnu/nios2-elf/lib/mno-hw-mul/libc.a(lib_a-openr.o)
 .comment       0x000000000000002d       0x2e /home/dereklai/intelFPGA_lite/21.1/nios2eds/bin/gnu/H-x86_64-pc-linux-gnu/bin/../lib/gcc/nios2-elf/10.3.1/../../../../../H-x86_64-pc-linux-gnu/nios2-elf/lib/mno-hw-mul/libc.a(lib_a-refill.o)
 .comment       0x000000000000002d       0x2e /home/dereklai/intelFPGA_lite/21.1/nios2eds/bin/gnu/H-x86_64-pc-linux-gnu/bin/../lib/gcc/nios2-elf/10.3.1/../../../../../H-x86_64-pc-linux-gnu/nios2-elf/lib/mno-hw-mul/libc.a(lib_a-rget.o)
 .comment       0x000000000000002d       0x2e /home/dereklai/intelFPGA_lite/21.1/nios2eds/bin/gnu/H-x86_64-pc-linux-gnu/bin/../lib/gcc/nios2-elf/10.3.1/../../../../../H-x86_64-pc-linux-gnu/nios2-elf/lib/mno-hw-mul/libc.a(lib_a-sbrkr.o)
 .comment       0x000000000000002d       0x2e /home/dereklai/intelFPGA_lite/21.1/nios2eds/bin/gnu/H-x86_64-pc-linux-gnu/bin/../lib/gcc/nios2-elf/10.3.1/../../../../../H-x86_64-pc-linux-gnu/nios2-elf/lib/mno-hw-mul/libc.a(lib_a-stdio.o)
 .comment       0x000000000000002d       0x2e /home/dereklai/intelFPGA_lite/21.1/nios2eds/bin/gnu/H-x86_64-pc-linux-gnu/bin/../lib/gcc/nios2-elf/10.3.1/../../../../../H-x86_64-pc-linux-gnu/nios2-elf/lib/mno-hw-mul/libc.a(lib_a-strlen.o)
 .comment       0x000000000000002d       0x2e /home/dereklai/intelFPGA_lite/21.1/nios2eds/bin/gnu/H-x86_64-pc-linux-gnu/bin/../lib/gcc/nios2-elf/10.3.1/../../../../../H-x86_64-pc-linux-gnu/nios2-elf/lib/mno-hw-mul/libc.a(lib_a-writer.o)
 .comment       0x000000000000002d       0x2e /home/dereklai/intelFPGA_lite/21.1/nios2eds/bin/gnu/H-x86_64-pc-linux-gnu/bin/../lib/gcc/nios2-elf/10.3.1/../../../../../H-x86_64-pc-linux-gnu/nios2-elf/lib/mno-hw-mul/libc.a(closer.o)
 .comment       0x000000000000002d       0x2e /home/dereklai/intelFPGA_lite/21.1/nios2eds/bin/gnu/H-x86_64-pc-linux-gnu/bin/../lib/gcc/nios2-elf/10.3.1/../../../../../H-x86_64-pc-linux-gnu/nios2-elf/lib/mno-hw-mul/libc.a(lib_a-flags.o)
 .comment       0x000000000000002d       0x2e /home/dereklai/intelFPGA_lite/21.1/nios2eds/bin/gnu/H-x86_64-pc-linux-gnu/bin/../lib/gcc/nios2-elf/10.3.1/../../../../../H-x86_64-pc-linux-gnu/nios2-elf/lib/mno-hw-mul/libc.a(lib_a-isattyr.o)
 .comment       0x000000000000002d       0x2e /home/dereklai/intelFPGA_lite/21.1/nios2eds/bin/gnu/H-x86_64-pc-linux-gnu/bin/../lib/gcc/nios2-elf/10.3.1/../../../../../H-x86_64-pc-linux-gnu/nios2-elf/lib/mno-hw-mul/libc.a(lib_a-lseekr.o)
 .comment       0x000000000000002d       0x2e /home/dereklai/intelFPGA_lite/21.1/nios2eds/bin/gnu/H-x86_64-pc-linux-gnu/bin/../lib/gcc/nios2-elf/10.3.1/../../../../../H-x86_64-pc-linux-gnu/nios2-elf/lib/mno-hw-mul/libc.a(lib_a-readr.o)
 .comment       0x000000000000002d       0x2e ../firmware02_bsp//libhal_bsp.a(alt_close.o)