Archive member included to satisfy reference by file (symbol)

/home/dereklai/intelFPGA_lite/21.1/nios2eds/bin/gnu/H-x86_64-pc-linux-gnu/bin/../lib/gcc/nios2-elf/10.3.1/mno-hw-mul/libgcc.a(lib2-mul.o)
                              obj/default/main.o (__mulsi3)
/home/dereklai/intelFPGA_lite/21.1/nios2eds/bin/gnu/H-x86_64-pc-linux-gnu/bin/../lib/gcc/nios2-elf/10.3.1/mno-hw-mul/libgcc.a(divsf3.o)
                              obj/default/main.o (__divsf3)
/home/dereklai/intelFPGA_lite/21.1/nios2eds/bin/gnu/H-x86_64-pc-linux-gnu/bin/../lib/gcc/nios2-elf/10.3.1/mno-hw-mul/libgcc.a(floatsisf.o)
                              obj/default/main.o (__floatsisf)
/home/dereklai/intelFPGA_lite/21.1/nios2eds/bin/gnu/H-x86_64-pc-linux-gnu/bin/../lib/gcc/nios2-elf/10.3.1/mno-hw-mul/libgcc.a(_clzsi2.o)
                              /home/dereklai/intelFPGA_lite/21.1/nios2eds/bin/gnu/H-x86_64-pc-linux-gnu/bin/../lib/gcc/nios2-elf/10.3.1/mno-hw-mul/libgcc.a(divsf3.o) (__clzsi2)
/home/dereklai/intelFPGA_lite/21.1/nios2eds/bin/gnu/H-x86_64-pc-linux-gnu/bin/../lib/gcc/nios2-elf/10.3.1/mno-hw-mul/libgcc.a(_clz.o)
                              /home/dereklai/intelFPGA_lite/21.1/nios2eds/bin/gnu/H-x86_64-pc-linux-gnu/bin/../lib/gcc/nios2-elf/10.3.1/mno-hw-mul/libgcc.a(_clzsi2.o) (__clz_tab)
/home/dereklai/intelFPGA_lite/21.1/nios2eds/bin/gnu/H-x86_64-pc-linux-gnu/bin/../lib/gcc/nios2-elf/10.3.1/../../../../../H-x86_64-pc-linux-gnu/nios2-elf/lib/mno-hw-mul/libc.a(lib_a-fflush.o)
                              obj/default/main.o (fflush)
/home/dereklai/intelFPGA_lite/21.1/nios2eds/bin/gnu/H-x86_64-pc-linux-gnu/bin/../lib/gcc/nios2-elf/10.3.1/../../../../../H-x86_64-pc-linux-gnu/nios2-elf/lib/mno-hw-mul/libc.a(lib_a-findfp.o)
                              /home/dereklai/intelFPGA_lite/21.1/nios2eds/bin/gnu/H-x86_64-pc-linux-gnu/bin/../lib/gcc/nios2-elf/10.3.1/../../../../../H-x86_64-pc-linux-gnu/nios2-elf/lib/mno-hw-mul/libc.a(lib_a-fflush.o) (__sinit)
/home/dereklai/intelFPGA_lite/21.1/nios2eds/bin/gnu/H-x86_64-pc-linux-gnu/bin/../lib/gcc/nios2-elf/10.3.1/../../../../../H-x86_64-pc-linux-gnu/nios2-elf/lib/mno-hw-mul/libc.a(lib_a-freer.o)
                              /home/dereklai/intelFPGA_lite/21.1/nios2eds/bin/gnu/H-x86_64-pc-linux-gnu/bin/../lib/gcc/nios2-elf/10.3.1/../../../../../H-x86_64-pc-linux-gnu/nios2-elf/lib/mno-hw-mul/libc.a(lib_a-fflush.o) (_free_r)
/home/dereklai/intelFPGA_lite/21.1/nios2eds/bin/gnu/H-x86_64-pc-linux-gnu/bin/../lib/gcc/nios2-elf/10.3.1/../../../../../H-x86_64-pc-linux-gnu/nios2-elf/lib/mno-hw-mul/libc.a(lib_a-fwalk.o)
                              /home/dereklai/intelFPGA_lite/21.1/nios2eds/bin/gnu/H-x86_64-pc-linux-gnu/bin/../lib/gcc/nios2-elf/10.3.1/../../../../../H-x86_64-pc-linux-gnu/nios2-elf/lib/mno-hw-mul/libc.a(lib_a-findfp.o) (_fwalk)
/home/dereklai/intelFPGA_lite/21.1/nios2eds/bin/gnu/H-x86_64-pc-linux-gnu/bin/../lib/gcc/nios2-elf/10.3.1/../../../../../H-x86_64-pc-linux-gnu/nios2-elf/lib/mno-hw-mul/libc.a(lib_a-impure.o)
                              /home/dereklai/intelFPGA_lite/21.1/nios2eds/bin/gnu/H-x86_64-pc-linux-gnu/bin/../lib/gcc/nios2-elf/10.3.1/../../../../../H-x86_64-pc-linux-gnu/nios2-elf/lib/mno-hw-mul/libc.a(lib_a-fflush.o) (_global_impure_ptr)
/home/dereklai/intelFPGA_lite/21.1/nios2eds/bin/gnu/H-x86_64-pc-linux-gnu/bin/../lib/gcc/nios2-elf/10.3.1/../../../../../H-x86_64-pc-linux-gnu/nios2-elf/lib/mno-hw-mul/libc.a(lib_a-mallocr.o)
                              /home/dereklai/intelFPGA_lite/21.1/nios2eds/bin/gnu/H-x86_64-pc-linux-gnu/bin/../lib/gcc/nios2-elf/10.3.1/../../../../../H-x86_64-pc-linux-gnu/nios2-elf/lib/mno-hw-mul/libc.a(lib_a-findfp.o) (_malloc_r)
/home/dereklai/intelFPGA_lite/21.1/nios2eds/bin/gnu/H-x86_64-pc-linux-gnu/bin/../lib/gcc/nios2-elf/10.3.1/../../../../../H-x86_64-pc-linux-gnu/nios2-elf/lib/mno-hw-mul/libc.a(lib_a-memcpy.o)
                              obj/default/main.o (memcpy)
/home/dereklai/intelFPGA_lite/21.1/nios2eds/bin/gnu/H-x86_64-pc-linux-gnu/bin/../lib/gcc/nios2-elf/10.3.1/../../../../../H-x86_64-pc-linux-gnu/nios2-elf/lib/mno-hw-mul/libc.a(lib_a-memset.o)
                              obj/default/main.o (memset)
/home/dereklai/intelFPGA_lite/21.1/nios2eds/bin/gnu/H-x86_64-pc-linux-gnu/bin/../lib/gcc/nios2-elf/10.3.1/../../../../../H-x86_64-pc-linux-gnu/nios2-elf/lib/mno-hw-mul/libc.a(lib_a-sbrkr.o)
                              /home/dereklai/intelFPGA_lite/21.1/nios2eds/bin/gnu/H-x86_64-pc-linux-gnu/bin/../lib/gcc/nios2-elf/10.3.1/../../../../../H-x86_64-pc-linux-gnu/nios2-elf/lib/mno-hw-mul/libc.a(lib_a-freer.o) (_sbrk_r)
/home/dereklai/intelFPGA_lite/21.1/nios2eds/bin/gnu/H-x86_64-pc-linux-gnu/bin/../lib/gcc/nios2-elf/10.3.1/../../../../../H-x86_64-pc-linux-gnu/nios2-elf/lib/mno-hw-mul/libc.a(lib_a-stdio.o)
                              /home/dereklai/intelFPGA_lite/21.1/nios2eds/bin/gnu/H-x86_64-pc-linux-gnu/bin/../lib/gcc/nios2-elf/10.3.1/../../../../../H-x86_64-pc-linux-gnu/nios2-elf/lib/mno-hw-mul/libc.a(lib_a-findfp.o) (__sread)
[...]
Memory Configuration

Name             Origin             Length             Attributes
reset            0x0000000000020000 0x0000000000000020
onchip_memory    0x0000000000020020 0x0000000000015f70
*default*        0x0000000000000000 0xffffffffffffffff

Linker script and memory map

LOAD ../firmware02_bsp//obj/HAL/src/crt0.o
LOAD obj/default/main.o
LOAD /home/dereklai/intelFPGA_lite/21.1/nios2eds/bin/gnu/H-x86_64-pc-linux-gnu/bin/../lib/gcc/nios2-elf/10.3.1/../../../../../H-x86_64-pc-linux-gnu/nios2-elf/lib/mno-hw-mul/libstdc++.a
LOAD /home/dereklai/intelFPGA_lite/21.1/nios2eds/bin/gnu/H-x86_64-pc-linux-gnu/bin/../lib/gcc/nios2-elf/10.3.1/../../../../../H-x86_64-pc-linux-gnu/nios2-elf/lib/mno-hw-mul/libm.a
LOAD /home/dereklai/intelFPGA_lite/21.1/nios2eds/bin/gnu/H-x86_64-pc-linux-gnu/bin/../lib/gcc/nios2-elf/10.3.1/mno-hw-mul/libgcc.a
START GROUP
LOAD /home/dereklai/intelFPGA_lite/21.1/nios2eds/bin/gnu/H-x86_64-pc-linux-gnu/bin/../lib/gcc/nios2-elf/10.3.1/../../../../../H-x86_64-pc-linux-gnu/nios2-elf/lib/mno-hw-mul/libc.a
LOAD /home/dereklai/intelFPGA_lite/21.1/nios2eds/bin/gnu/H-x86_64-pc-linux-gnu/bin/../lib/gcc/nios2-elf/10.3.1/mno-hw-mul/libgcc.a
LOAD ../firmware02_bsp//libhal_bsp.a
LOAD /home/dereklai/intelFPGA_lite/21.1/nios2eds/bin/gnu/H-x86_64-pc-linux-gnu/bin/../lib/gcc/nios2-elf/10.3.1/../../../../../H-x86_64-pc-linux-gnu/nios2-elf/lib/mno-hw-mul/libm.a
END GROUP
LOAD /home/dereklai/intelFPGA_lite/21.1/nios2eds/bin/gnu/H-x86_64-pc-linux-gnu/bin/../lib/gcc/nios2-elf/10.3.1/mno-hw-mul/libgcc.a
                0x0000000000020000                __alt_mem_onchip_memory = 0x20000

.entry          0x0000000000020000       0x20
 *(.entry)
 .entry         0x0000000000020000       0x20 ../firmware02_bsp//obj/HAL/src/crt0.o
                0x0000000000020000                __reset

.exceptions     0x0000000000020020      0x208
                0x0000000000020020                PROVIDE (__ram_exceptions_start = ABSOLUTE (.))
                0x0000000000020020                . = ALIGN (0x20)
 *(.irq)
 *(.exceptions.entry.label)
 .exceptions.entry.label
                0x0000000000020020        0x0 ../firmware02_bsp//libhal_bsp.a(alt_irq_entry.o)
                0x0000000000020020                alt_irq_entry
 .exceptions.entry.label
                0x0000000000020020        0x0 ../firmware02_bsp//libhal_bsp.a(alt_exception_entry.o)
                0x0000000000020020                alt_exception
 *(.exceptions.entry.user)
 *(.exceptions.entry.ecc_fatal)
 *(.exceptions.entry)
 .exceptions.entry
                0x0000000000020020       0x54 ../firmware02_bsp//libhal_bsp.a(alt_exception_entry.o)
 *(.exceptions.irqtest.user)
 *(.exceptions.irqtest)
 .exceptions.irqtest
                0x0000000000020074       0x10 ../firmware02_bsp//libhal_bsp.a(alt_irq_entry.o)
 *(.exceptions.irqhandler.user)
 *(.exceptions.irqhandler)
 .exceptions.irqhandler
                0x0000000000020084        0x4 ../firmware02_bsp//libhal_bsp.a(alt_irq_entry.o)
 *(.exceptions.irqreturn.user)
 *(.exceptions.irqreturn)
 .exceptions.irqreturn
                0x0000000000020088        0x4 ../firmware02_bsp//libhal_bsp.a(alt_irq_entry.o)
 *(.exceptions.notirq.label)
 .exceptions.notirq.label
                0x000000000002008c        0x0 ../firmware02_bsp//libhal_bsp.a(alt_irq_entry.o)
 *(.exceptions.notirq.user)
 *(.exceptions.notirq)
 .exceptions.notirq
                0x000000000002008c        0x8 ../firmware02_bsp//libhal_bsp.a(alt_exception_entry.o)
 *(.exceptions.soft.user)
 *(.exceptions.soft)
 *(.exceptions.unknown.user)
 *(.exceptions.unknown)
 .exceptions.unknown
                0x0000000000020094       0x14 ../firmware02_bsp//libhal_bsp.a(alt_exception_entry.o)
 *(.exceptions.exit.label)
 .exceptions.exit.label
                0x00000000000200a8        0x0 ../firmware02_bsp//libhal_bsp.a(alt_irq_entry.o)
 .exceptions.exit.label
                0x00000000000200a8        0x0 ../firmware02_bsp//libhal_bsp.a(alt_exception_entry.o)
 *(.exceptions.exit.user)
 *(.exceptions.exit)
 .exceptions.exit
                0x00000000000200a8       0x54 ../firmware02_bsp//libhal_bsp.a(alt_exception_entry.o)
 *(.exceptions)
 .exceptions    0x00000000000200fc       0xcc ../firmware02_bsp//libhal_bsp.a(alt_irq_handler.o)
                0x00000000000200fc                alt_irq_handler
 .exceptions    0x00000000000201c8       0x60 ../firmware02_bsp//libhal_bsp.a(alt_instruction_exception_entry.o)
                0x00000000000201c8                alt_instruction_exception_entry
                0x0000000000020228                PROVIDE (__ram_exceptions_end = ABSOLUTE (.))
                0x0000000000020020                PROVIDE (__flash_exceptions_start = LOADADDR (.exceptions))

.text           0x0000000000020228     0x6490
                [!provide]                        PROVIDE (stext = ABSOLUTE (.))
 *(.interp)
 *(.hash)
 *(.dynsym)
 *(.dynstr)
 *(.gnu.version)
 *(.gnu.version_d)
 *(.gnu.version_r)
 *(.rel.init)
 *(.rela.init)
 *(.rel.text .rel.text.* .rel.gnu.linkonce.t.*)
 *(.rela.text .rela.text.* .rela.gnu.linkonce.t.*)
 *(.rel.fini)
 *(.rela.fini)
 *(.rel.rodata .rel.rodata.* .rel.gnu.linkonce.r.*)
 *(.rela.rodata .rela.rodata.* .rela.gnu.linkonce.r.*)
 *(.rel.data .rel.data.* .rel.gnu.linkonce.d.*)
 *(.rela.data .rela.data.* .rela.gnu.linkonce.d.*)
 *(.rel.tdata .rel.tdata.* .rel.gnu.linkonce.td.*)
 *(.rela.tdata .rela.tdata.* .rela.gnu.linkonce.td.*)
 *(.rel.tbss .rel.tbss.* .rel.gnu.linkonce.tb.*)
 *(.rela.tbss .rela.tbss.* .rela.gnu.linkonce.tb.*)
 *(.rel.ctors)
 *(.rela.ctors)
 *(.rel.dtors)
 *(.rela.dtors)
 *(.rel.got)
 *(.rela.got)
 *(.rel.sdata .rel.sdata.* .rel.gnu.linkonce.s.*)
 *(.rela.sdata .rela.sdata.* .rela.gnu.linkonce.s.*)
 *(.rel.sbss .rel.sbss.* .rel.gnu.linkonce.sb.*)
 *(.rela.sbss .rela.sbss.* .rela.gnu.linkonce.sb.*)
 *(.rel.sdata2 .rel.sdata2.* .rel.gnu.linkonce.s2.*)
 *(.rela.sdata2 .rela.sdata2.* .rela.gnu.linkonce.s2.*)
 *(.rel.sbss2 .rel.sbss2.* .rel.gnu.linkonce.sb2.*)
 *(.rela.sbss2 .rela.sbss2.* .rela.gnu.linkonce.sb2.*)
 *(.rel.bss .rel.bss.* .rel.gnu.linkonce.b.*)
 *(.rela.bss .rela.bss.* .rela.gnu.linkonce.b.*)
 *(.rel.plt)
 *(.rela.plt)
 *(.rel.dyn)
 *(.init)
 *(.plt)
 *(.text .stub .text.* .gnu.linkonce.t.*)
 .text          0x0000000000020228       0x3c ../firmware02_bsp//obj/HAL/src/crt0.o
                0x0000000000020228                _start
 .text          0x0000000000020264      0xd34 obj/default/main.o
                0x0000000000020264                write_leds
                0x0000000000020294                write_hex
                0x0000000000020344                read_switches
                0x0000000000020368                read_buttons
                0x000000000002038c                read_accerometer
                0x00000000000203f0                decode_7seg
                0x0000000000020454                setBuffer
                0x00000000000204ac                shiftBuffer
                0x0000000000020538                getWindow
                0x0000000000020578                float_to_fixed23
                0x0000000000020630                fixed23_to_float
                0x000000000002067c                fir_filter_fixed
                0x0000000000020844                generate_fixed
                0x00000000000208f8                update_hex
                0x00000000000209b0                update_leds
                0x0000000000020a10                get_accler_isr
                0x0000000000020a60                timer_init
                0x0000000000020adc                main
 .text          0x0000000000020f98       0x28 /home/dereklai/intelFPGA_lite/21.1/nios2eds/bin/gnu/H-x86_64-pc-linux-gnu/bin/../lib/gcc/nios2-elf/10.3.1/mno-hw-mul/libgcc.a(lib2-mul.o)
                0x0000000000020f98                __mulsi3
 .text          0x0000000000020fc0      0x3f8 /home/dereklai/intelFPGA_lite/21.1/nios2eds/bin/gnu/H-x86_64-pc-linux-gnu/bin/../lib/gcc/nios2-elf/10.3.1/mno-hw-mul/libgcc.a(divsf3.o)
                0x0000000000020fc0                __divsf3
 .text          0x00000000000213b8      0x124 /home/dereklai/intelFPGA_lite/21.1/nios2eds/bin/gnu/H-x86_64-pc-linux-gnu/bin/../lib/gcc/nios2-elf/10.3.1/mno-hw-mul/libgcc.a(floatsisf.o)
                0x00000000000213b8                __floatsisf
 .text          0x00000000000214dc       0x54 /home/dereklai/intelFPGA_lite/21.1/nios2eds/bin/gnu/H-x86_64-pc-linux-gnu/bin/../lib/gcc/nios2-elf/10.3.1/mno-hw-mul/libgcc.a(_clzsi2.o)
                0x00000000000214dc                __clzsi2
 .text          0x0000000000021530        0x0 /home/dereklai/intelFPGA_lite/21.1/nios2eds/bin/gnu/H-x86_64-pc-linux-gnu/bin/../lib/gcc/nios2-elf/10.3.1/mno-hw-mul/libgcc.a(_clz.o)
 .text          0x0000000000021530        0x0 /home/dereklai/intelFPGA_lite/21.1/nios2eds/bin/gnu/H-x86_64-pc-linux-gnu/bin/../lib/gcc/nios2-elf/10.3.1/../../../../../H-x86_64-pc-linux-gnu/nios2-elf/lib/mno-hw-mul/libc.a(lib_a-fflush.o)
 .text.__sflush_r
                0x0000000000021530      0x228 /home/dereklai/intelFPGA_lite/21.1/nios2eds/bin/gnu/H-x86_64-pc-linux-gnu/bin/../lib/gcc/nios2-elf/10.3.1/../../../../../H-x86_64-pc-linux-gnu/nios2-elf/lib/mno-hw-mul/libc.a(lib_a-fflush.o)
                0x0000000000021530                __sflush_r
 .text._fflush_r
                0x0000000000021758       0x60 /home/dereklai/intelFPGA_lite/21.1/nios2eds/bin/gnu/H-x86_64-pc-linux-gnu/bin/../lib/gcc/nios2-elf/10.3.1/../../../../../H-x86_64-pc-linux-gnu/nios2-elf/lib/mno-hw-mul/libc.a(lib_a-fflush.o)
                0x0000000000021758                _fflush_r
 .text.fflush   0x00000000000217b8       0x84 /home/dereklai/intelFPGA_lite/21.1/nios2eds/bin/gnu/H-x86_64-pc-linux-gnu/bin/../lib/gcc/nios2-elf/10.3.1/../../../../../H-x86_64-pc-linux-gnu/nios2-elf/lib/mno-hw-mul/libc.a(lib_a-fflush.o)
                0x00000000000217b8                fflush
 .text          0x000000000002183c        0x0 /home/dereklai/intelFPGA_lite/21.1/nios2eds/bin/gnu/H-x86_64-pc-linux-gnu/bin/../lib/gcc/nios2-elf/10.3.1/../../../../../H-x86_64-pc-linux-gnu/nios2-elf/lib/mno-hw-mul/libc.a(lib_a-findfp.o)
 .text.__fp_lock
                0x000000000002183c        0x8 /home/dereklai/intelFPGA_lite/21.1/nios2eds/bin/gnu/H-x86_64-pc-linux-gnu/bin/../lib/gcc/nios2-elf/10.3.1/../../../../../H-x86_64-pc-linux-gnu/nios2-elf/lib/mno-hw-mul/libc.a(lib_a-findfp.o)
 .text._cleanup_r
                0x0000000000021844        0xc /home/dereklai/intelFPGA_lite/21.1/nios2eds/bin/gnu/H-x86_64-pc-linux-gnu/bin/../lib/gcc/nios2-elf/10.3.1/../../../../../H-x86_64-pc-linux-gnu/nios2-elf/lib/mno-hw-mul/libc.a(lib_a-findfp.o)
                0x0000000000021844                _cleanup_r
 .text.__fp_unlock
                0x0000000000021850        0x8 /home/dereklai/intelFPGA_lite/21.1/nios2eds/bin/gnu/H-x86_64-pc-linux-gnu/bin/../lib/gcc/nios2-elf/10.3.1/../../../../../H-x86_64-pc-linux-gnu/nios2-elf/lib/mno-hw-mul/libc.a(lib_a-findfp.o)
 .text.__sinit.part.0
                0x0000000000021858      0x168 /home/dereklai/intelFPGA_lite/21.1/nios2eds/bin/gnu/H-x86_64-pc-linux-gnu/bin/../lib/gcc/nios2-elf/10.3.1/../../../../../H-x86_64-pc-linux-gnu/nios2-elf/lib/mno-hw-mul/libc.a(lib_a-findfp.o)
 .text.__sfmoreglue
                0x00000000000219c0       0x78 /home/dereklai/intelFPGA_lite/21.1/nios2eds/bin/gnu/H-x86_64-pc-linux-gnu/bin/../lib/gcc/nios2-elf/10.3.1/../../../../../H-x86_64-pc-linux-gnu/nios2-elf/lib/mno-hw-mul/libc.a(lib_a-findfp.o)
                0x00000000000219c0                __sfmoreglue
 .text.__sfp    0x0000000000021a38      0x154 /home/dereklai/intelFPGA_lite/21.1/nios2eds/bin/gnu/H-x86_64-pc-linux-gnu/bin/../lib/gcc/nios2-elf/10.3.1/../../../../../H-x86_64-pc-linux-gnu/nios2-elf/lib/mno-hw-mul/libc.a(lib_a-findfp.o)
                0x0000000000021a38                __sfp
 .text._cleanup
                0x0000000000021b8c       0x14 /home/dereklai/intelFPGA_lite/21.1/nios2eds/bin/gnu/H-x86_64-pc-linux-gnu/bin/../lib/gcc/nios2-elf/10.3.1/../../../../../H-x86_64-pc-linux-gnu/nios2-elf/lib/mno-hw-mul/libc.a(lib_a-findfp.o)
                0x0000000000021b8c                _cleanup
 .text.__sinit  0x0000000000021ba0       0x10 /home/dereklai/intelFPGA_lite/21.1/nios2eds/bin/gnu/H-x86_64-pc-linux-gnu/bin/../lib/gcc/nios2-elf/10.3.1/../../../../../H-x86_64-pc-linux-gnu/nios2-elf/lib/mno-hw-mul/libc.a(lib_a-findfp.o)
                0x0000000000021ba0                __sinit
 .text.__sfp_lock_acquire
                0x0000000000021bb0        0x4 /home/dereklai/intelFPGA_lite/21.1/nios2eds/bin/gnu/H-x86_64-pc-linux-gnu/bin/../lib/gcc/nios2-elf/10.3.1/../../../../../H-x86_64-pc-linux-gnu/nios2-elf/lib/mno-hw-mul/libc.a(lib_a-findfp.o)
                0x0000000000021bb0                __sfp_lock_acquire
 .text.__sfp_lock_release
                0x0000000000021bb4        0x4 /home/dereklai/intelFPGA_lite/21.1/nios2eds/bin/gnu/H-x86_64-pc-linux-gnu/bin/../lib/gcc/nios2-elf/10.3.1/../../../../../H-x86_64-pc-linux-gnu/nios2-elf/lib/mno-hw-mul/libc.a(lib_a-findfp.o)
                0x0000000000021bb4                __sfp_lock_release
 .text.__sinit_lock_acquire
                0x0000000000021bb8        0x4 /home/dereklai/intelFPGA_lite/21.1/nios2eds/bin/gnu/H-x86_64-pc-linux-gnu/bin/../lib/gcc/nios2-elf/10.3.1/../../../../../H-x86_64-pc-linux-gnu/nios2-elf/lib/mno-hw-mul/libc.a(lib_a-findfp.o)
                0x0000000000021bb8                __sinit_lock_acquire
 .text.__sinit_lock_release
                0x0000000000021bbc        0x4 /home/dereklai/intelFPGA_lite/21.1/nios2eds/bin/gnu/H-x86_64-pc-linux-gnu/bin/../lib/gcc/nios2-elf/10.3.1/../../../../../H-x86_64-pc-linux-gnu/nios2-elf/lib/mno-hw-mul/libc.a(lib_a-findfp.o)
                0x0000000000021bbc                __sinit_lock_release
 .text.__fp_lock_all
                0x0000000000021bc0       0x14 /home/dereklai/intelFPGA_lite/21.1/nios2eds/bin/gnu/H-x86_64-pc-linux-gnu/bin/../lib/gcc/nios2-elf/10.3.1/../../../../../H-x86_64-pc-linux-gnu/nios2-elf/lib/mno-hw-mul/libc.a(lib_a-findfp.o)
                0x0000000000021bc0                __fp_lock_all
 .text.__fp_unlock_all
                0x0000000000021bd4       0x14 /home/dereklai/intelFPGA_lite/21.1/nios2eds/bin/gnu/H-x86_64-pc-linux-gnu/bin/../lib/gcc/nios2-elf/10.3.1/../../../../../H-x86_64-pc-linux-gnu/nios2-elf/lib/mno-hw-mul/libc.a(lib_a-findfp.o)
                0x0000000000021bd4                __fp_unlock_all
 .text          0x0000000000021be8        0x0 /home/dereklai/intelFPGA_lite/21.1/nios2eds/bin/gnu/H-x86_64-pc-linux-gnu/bin/../lib/gcc/nios2-elf/10.3.1/../../../../../H-x86_64-pc-linux-gnu/nios2-elf/lib/mno-hw-mul/libc.a(lib_a-freer.o)
 .text._malloc_trim_r
                0x0000000000021be8      0x11c /home/dereklai/intelFPGA_lite/21.1/nios2eds/bin/gnu/H-x86_64-pc-linux-gnu/bin/../lib/gcc/nios2-elf/10.3.1/../../../../../H-x86_64-pc-linux-gnu/nios2-elf/lib/mno-hw-mul/libc.a(lib_a-freer.o)
                0x0000000000021be8                _malloc_trim_r
 .text._free_r  0x0000000000021d04      0x2fc /home/dereklai/intelFPGA_lite/21.1/nios2eds/bin/gnu/H-x86_64-pc-linux-gnu/bin/../lib/gcc/nios2-elf/10.3.1/../../../../../H-x86_64-pc-linux-gnu/nios2-elf/lib/mno-hw-mul/libc.a(lib_a-freer.o)
                0x0000000000021d04                _free_r
 .text          0x0000000000022000        0x0 /home/dereklai/intelFPGA_lite/21.1/nios2eds/bin/gnu/H-x86_64-pc-linux-gnu/bin/../lib/gcc/nios2-elf/10.3.1/../../../../../H-x86_64-pc-linux-gnu/nios2-elf/lib/mno-hw-mul/libc.a(lib_a-fwalk.o)
 .text._fwalk   0x0000000000022000       0x98 /home/dereklai/intelFPGA_lite/21.1/nios2eds/bin/gnu/H-x86_64-pc-linux-gnu/bin/../lib/gcc/nios2-elf/10.3.1/../../../../../H-x86_64-pc-linux-gnu/nios2-elf/lib/mno-hw-mul/libc.a(lib_a-fwalk.o)
                0x0000000000022000                _fwalk
 .text._fwalk_reent
                0x0000000000022098       0xa8 /home/dereklai/intelFPGA_lite/21.1/nios2eds/bin/gnu/H-x86_64-pc-linux-gnu/bin/../lib/gcc/nios2-elf/10.3.1/../../../../../H-x86_64-pc-linux-gnu/nios2-elf/lib/mno-hw-mul/libc.a(lib_a-fwalk.o)
                0x0000000000022098                _fwalk_reent
 .text          0x0000000000022140        0x0 /home/dereklai/intelFPGA_lite/21.1/nios2eds/bin/gnu/H-x86_64-pc-linux-gnu/bin/../lib/gcc/nios2-elf/10.3.1/../../../../../H-x86_64-pc-linux-gnu/nios2-elf/lib/mno-hw-mul/libc.a(lib_a-impure.o)
 .text          0x0000000000022140        0x0 /home/dereklai/intelFPGA_lite/21.1/nios2eds/bin/gnu/H-x86_64-pc-linux-gnu/bin/../lib/gcc/nios2-elf/10.3.1/../../../../../H-x86_64-pc-linux-gnu/nios2-elf/lib/mno-hw-mul/libc.a(lib_a-mallocr.o)
 .text._malloc_r
                0x0000000000022140      0x7e0 /home/dereklai/intelFPGA_lite/21.1/nios2eds/bin/gnu/H-x86_64-pc-linux-gnu/bin/../lib/gcc/nios2-elf/10.3.1/../../../../../H-x86_64-pc-linux-gnu/nios2-elf/lib/mno-hw-mul/libc.a(lib_a-mallocr.o)
                0x0000000000022140                _malloc_r
 .text          0x0000000000022920        0x0 /home/dereklai/intelFPGA_lite/21.1/nios2eds/bin/gnu/H-x86_64-pc-linux-gnu/bin/../lib/gcc/nios2-elf/10.3.1/../../../../../H-x86_64-pc-linux-gnu/nios2-elf/lib/mno-hw-mul/libc.a(lib_a-memcpy.o)
 .text.memcpy   0x0000000000022920      0x100 /home/dereklai/intelFPGA_lite/21.1/nios2eds/bin/gnu/H-x86_64-pc-linux-gnu/bin/../lib/gcc/nios2-elf/10.3.1/../../../../../H-x86_64-pc-linux-gnu/nios2-elf/lib/mno-hw-mul/libc.a(lib_a-memcpy.o)
                0x0000000000022920                memcpy
 .text          0x0000000000022a20        0x0 /home/dereklai/intelFPGA_lite/21.1/nios2eds/bin/gnu/H-x86_64-pc-linux-gnu/bin/../lib/gcc/nios2-elf/10.3.1/../../../../../H-x86_64-pc-linux-gnu/nios2-elf/lib/mno-hw-mul/libc.a(lib_a-memset.o)
 .text.memset   0x0000000000022a20       0xf0 /home/dereklai/intelFPGA_lite/21.1/nios2eds/bin/gnu/H-x86_64-pc-linux-gnu/bin/../lib/gcc/nios2-elf/10.3.1/../../../../../H-x86_64-pc-linux-gnu/nios2-elf/lib/mno-hw-mul/libc.a(lib_a-memset.o)
                0x0000000000022a20                memset
 .text          0x0000000000022b10        0x0 /home/dereklai/intelFPGA_lite/21.1/nios2eds/bin/gnu/H-x86_64-pc-linux-gnu/bin/../lib/gcc/nios2-elf/10.3.1/../../../../../H-x86_64-pc-linux-gnu/nios2-elf/lib/mno-hw-mul/libc.a(lib_a-sbrkr.o)
 .text._sbrk_r  0x0000000000022b10       0x58 /home/dereklai/intelFPGA_lite/21.1/nios2eds/bin/gnu/H-x86_64-pc-linux-gnu/bin/../lib/gcc/nios2-elf/10.3.1/../../../../../H-x86_64-pc-linux-gnu/nios2-elf/lib/mno-hw-mul/libc.a(lib_a-sbrkr.o)
                0x0000000000022b10                _sbrk_r
 .text          0x0000000000022b68        0x0 /home/dereklai/intelFPGA_lite/21.1/nios2eds/bin/gnu/H-x86_64-pc-linux-gnu/bin/../lib/gcc/nios2-elf/10.3.1/../../../../../H-x86_64-pc-linux-gnu/nios2-elf/lib/mno-hw-mul/libc.a(lib_a-stdio.o)
 .text.__sread  0x0000000000022b68       0x54 /home/dereklai/intelFPGA_lite/21.1/nios2eds/bin/gnu/H-x86_64-pc-linux-gnu/bin/../lib/gcc/nios2-elf/10.3.1/../../../../../H-x86_64-pc-linux-gnu/nios2-elf/lib/mno-hw-mul/libc.a(lib_a-stdio.o)
                0x0000000000022b68                __sread
 .text.__seofread
                0x0000000000022bbc        0x8 /home/dereklai/intelFPGA_lite/21.1/nios2eds/bin/gnu/H-x86_64-pc-linux-gnu/bin/../lib/gcc/nios2-elf/10.3.1/../../../../../H-x86_64-pc-linux-gnu/nios2-elf/lib/mno-hw-mul/libc.a(lib_a-stdio.o)
                0x0000000000022bbc                __seofread
 .text.__swrite
                0x0000000000022bc4       0x80 /home/dereklai/intelFPGA_lite/21.1/nios2eds/bin/gnu/H-x86_64-pc-linux-gnu/bin/../lib/gcc/nios2-elf/10.3.1/../../../../../H-x86_64-pc-linux-gnu/nios2-elf/lib/mno-hw-mul/libc.a(lib_a-stdio.o)
                0x0000000000022bc4                __swrite
 .text.__sseek  0x0000000000022c44       0x5c /home/dereklai/intelFPGA_lite/21.1/nios2eds/bin/gnu/H-x86_64-pc-linux-gnu/bin/../lib/gcc/nios2-elf/10.3.1/../../../../../H-x86_64-pc-linux-gnu/nios2-elf/lib/mno-hw-mul/libc.a(lib_a-stdio.o)
                0x0000000000022c44                __sseek
 .text.__sclose
                0x0000000000022ca0        0x8 /home/dereklai/intelFPGA_lite/21.1/nios2eds/bin/gnu/H-x86_64-pc-linux-gnu/bin/../lib/gcc/nios2-elf/10.3.1/../../../../../H-x86_64-pc-linux-gnu/nios2-elf/lib/mno-hw-mul/libc.a(lib_a-stdio.o)
                0x0000000000022ca0                __sclose
 .text          0x0000000000022ca8        0x0 /home/dereklai/intelFPGA_lite/21.1/nios2eds/bin/gnu/H-x86_64-pc-linux-gnu/bin/../lib/gcc/nios2-elf/10.3.1/../../../../../H-x86_64-pc-linux-gnu/nios2-elf/lib/mno-hw-mul/libc.a(lib_a-strlen.o)
 .text.strlen   0x0000000000022ca8       0x98 /home/dereklai/intelFPGA_lite/21.1/nios2eds/bin/gnu/H-x86_64-pc-linux-gnu/bin/../lib/gcc/nios2-elf/10.3.1/../../../../../H-x86_64-pc-linux-gnu/nios2-elf/lib/mno-hw-mul/libc.a(lib_a-strlen.o)
                0x0000000000022ca8                strlen
 .text          0x0000000000022d40        0x0 /home/dereklai/intelFPGA_lite/21.1/nios2eds/bin/gnu/H-x86_64-pc-linux-gnu/bin/../lib/gcc/nios2-elf/10.3.1/../../../../../H-x86_64-pc-linux-gnu/nios2-elf/lib/mno-hw-mul/libc.a(lib_a-writer.o)
 .text._write_r
                0x0000000000022d40       0x64 /home/dereklai/intelFPGA_lite/21.1/nios2eds/bin/gnu/H-x86_64-pc-linux-gnu/bin/../lib/gcc/nios2-elf/10.3.1/../../../../../H-x86_64-pc-linux-gnu/nios2-elf/lib/mno-hw-mul/libc.a(lib_a-writer.o)
                0x0000000000022d40                _write_r
 .text          0x0000000000022da4        0x0 /home/dereklai/intelFPGA_lite/21.1/nios2eds/bin/gnu/H-x86_64-pc-linux-gnu/bin/../lib/gcc/nios2-elf/10.3.1/../../../../../H-x86_64-pc-linux-gnu/nios2-elf/lib/mno-hw-mul/libc.a(closer.o)
 .text._close_r
                0x0000000000022da4       0x58 /home/dereklai/intelFPGA_lite/21.1/nios2eds/bin/gnu/H-x86_64-pc-linux-gnu/bin/../lib/gcc/nios2-elf/10.3.1/../../../../../H-x86_64-pc-linux-gnu/nios2-elf/lib/mno-hw-mul/libc.a(closer.o)
                0x0000000000022da4                _close_r
 .text          0x0000000000022dfc        0x0 /home/dereklai/intelFPGA_lite/21.1/nios2eds/bin/gnu/H-x86_64-pc-linux-gnu/bin/../lib/gcc/nios2-elf/10.3.1/../../../../../H-x86_64-pc-linux-gnu/nios2-elf/lib/mno-hw-mul/libc.a(lib_a-fclose.o)
 .text._fclose_r.part.0
                0x0000000000022dfc       0xc0 /home/dereklai/intelFPGA_lite/21.1/nios2eds/bin/gnu/H-x86_64-pc-linux-gnu/bin/../lib/gcc/nios2-elf/10.3.1/../../../../../H-x86_64-pc-linux-gnu/nios2-elf/lib/mno-hw-mul/libc.a(lib_a-fclose.o)
 .text._fclose_r
                0x0000000000022ebc       0x70 /home/dereklai/intelFPGA_lite/21.1/nios2eds/bin/gnu/H-x86_64-pc-linux-gnu/bin/../lib/gcc/nios2-elf/10.3.1/../../../../../H-x86_64-pc-linux-gnu/nios2-elf/lib/mno-hw-mul/libc.a(lib_a-fclose.o)
                0x0000000000022ebc                _fclose_r
 .text.fclose   0x0000000000022f2c       0x70 /home/dereklai/intelFPGA_lite/21.1/nios2eds/bin/gnu/H-x86_64-pc-linux-gnu/bin/../lib/gcc/nios2-elf/10.3.1/../../../../../H-x86_64-pc-linux-gnu/nios2-elf/lib/mno-hw-mul/libc.a(lib_a-fclose.o)
                0x0000000000022f2c                fclose
 .text          0x0000000000022f9c        0x0 /home/dereklai/intelFPGA_lite/21.1/nios2eds/bin/gnu/H-x86_64-pc-linux-gnu/bin/../lib/gcc/nios2-elf/10.3.1/../../../../../H-x86_64-pc-linux-gnu/nios2-elf/lib/mno-hw-mul/libc.a(lib_a-int_errno.o)
 .text          0x0000000000022f9c        0x0 /home/dereklai/intelFPGA_lite/21.1/nios2eds/bin/gnu/H-x86_64-pc-linux-gnu/bin/../lib/gcc/nios2-elf/10.3.1/../../../../../H-x86_64-pc-linux-gnu/nios2-elf/lib/mno-hw-mul/libc.a(lib_a-lseekr.o)
 .text._lseek_r
                0x0000000000022f9c       0x64 /home/dereklai/intelFPGA_lite/21.1/nios2eds/bin/gnu/H-x86_64-pc-linux-gnu/bin/../lib/gcc/nios2-elf/10.3.1/../../../../../H-x86_64-pc-linux-gnu/nios2-elf/lib/mno-hw-mul/libc.a(lib_a-lseekr.o)
                0x0000000000022f9c                _lseek_r
 .text          0x0000000000023000        0x0 /home/dereklai/intelFPGA_lite/21.1/nios2eds/bin/gnu/H-x86_64-pc-linux-gnu/bin/../lib/gcc/nios2-elf/10.3.1/../../../../../H-x86_64-pc-linux-gnu/nios2-elf/lib/mno-hw-mul/libc.a(lib_a-readr.o)
 .text._read_r  0x0000000000023000       0x64 /home/dereklai/intelFPGA_lite/21.1/nios2eds/bin/gnu/H-x86_64-pc-linux-gnu/bin/../lib/gcc/nios2-elf/10.3.1/../../../../../H-x86_64-pc-linux-gnu/nios2-elf/lib/mno-hw-mul/libc.a(lib_a-readr.o)
                0x0000000000023000                _read_r
 .text          0x0000000000023064      0x118 ../firmware02_bsp//libhal_bsp.a(alt_close.o)
                0x00000000000230a0                close
 .text          0x000000000002317c       0x2c ../firmware02_bsp//libhal_bsp.a(alt_dev.o)
 .text          0x00000000000231a8        0x0 ../firmware02_bsp//libhal_bsp.a(alt_errno.o)
 .text          0x00000000000231a8      0x16c ../firmware02_bsp//libhal_bsp.a(alt_fcntl.o)
                0x00000000000231e4                fcntl
 .text          0x0000000000023314      0x180 ../firmware02_bsp//libhal_bsp.a(alt_irq_register.o)
                0x0000000000023314                alt_irq_register
 .text          0x0000000000023494        0x0 ../firmware02_bsp//libhal_bsp.a(alt_irq_vars.o)
 .text          0x0000000000023494       0xec ../firmware02_bsp//libhal_bsp.a(alt_load.o)
                0x00000000000234fc                alt_load
 .text          0x0000000000023580      0x11c ../firmware02_bsp//libhal_bsp.a(alt_lseek.o)
                0x00000000000235bc                lseek
 .text          0x000000000002369c       0x7c ../firmware02_bsp//libhal_bsp.a(alt_main.o)
                0x000000000002369c                alt_main
 .text          0x0000000000023718       0x48 ../firmware02_bsp//libhal_bsp.a(alt_malloc_lock.o)
                0x0000000000023718                __malloc_lock
                0x000000000002373c                __malloc_unlock
 .text          0x0000000000023760      0x22c ../firmware02_bsp//libhal_bsp.a(alt_printf.o)
                0x0000000000023760                alt_printf
 .text          0x000000000002398c       0x30 ../firmware02_bsp//libhal_bsp.a(alt_putchar.o)
                0x000000000002398c                alt_putchar
 .text          0x00000000000239bc      0x144 ../firmware02_bsp//libhal_bsp.a(alt_read.o)
                0x00000000000239f8                read
 .text          0x0000000000023b00       0x70 ../firmware02_bsp//libhal_bsp.a(alt_release_fd.o)
                0x0000000000023b00                alt_release_fd
 .text          0x0000000000023b70       0xb8 ../firmware02_bsp//libhal_bsp.a(alt_sbrk.o)
                0x0000000000023b70                sbrk
 .text          0x0000000000023c28      0x140 ../firmware02_bsp//libhal_bsp.a(alt_write.o)
                0x0000000000023c64                write
 .text          0x0000000000023d68       0xf8 ../firmware02_bsp//libhal_bsp.a(alt_sys_init.o)
                0x0000000000023d9c                alt_irq_init
                0x0000000000023dd8                alt_sys_init
 .text          0x0000000000023e60      0x164 ../firmware02_bsp//libhal_bsp.a(altera_avalon_jtag_uart_fd.o)
                0x0000000000023e60                altera_avalon_jtag_uart_read_fd
                0x0000000000023ec0                altera_avalon_jtag_uart_write_fd
                0x0000000000023f20                altera_avalon_jtag_uart_close_fd
                0x0000000000023f70                altera_avalon_jtag_uart_ioctl_fd
 .text          0x0000000000023fc4      0x3cc ../firmware02_bsp//libhal_bsp.a(altera_avalon_jtag_uart_init.o)
                0x0000000000023fc4                altera_avalon_jtag_uart_init
                0x0000000000024328                altera_avalon_jtag_uart_close
 .text          0x0000000000024390       0xf4 ../firmware02_bsp//libhal_bsp.a(altera_avalon_jtag_uart_ioctl.o)
                0x0000000000024390                altera_avalon_jtag_uart_ioctl
 .text          0x0000000000024484      0x220 ../firmware02_bsp//libhal_bsp.a(altera_avalon_jtag_uart_read.o)
                0x0000000000024484                altera_avalon_jtag_uart_read
 .text          0x00000000000246a4      0x228 ../firmware02_bsp//libhal_bsp.a(altera_avalon_jtag_uart_write.o)
                0x00000000000246a4                altera_avalon_jtag_uart_write
 .text          0x00000000000248cc       0xfc ../firmware02_bsp//libhal_bsp.a(altera_avalon_timer_sc.o)
                0x000000000002494c                alt_avalon_timer_sc_init
 .text          0x00000000000249c8      0x118 ../firmware02_bsp//libhal_bsp.a(altera_avalon_timer_ts.o)
                0x00000000000249c8                alt_timestamp_start
                0x0000000000024a40                alt_timestamp
                0x0000000000024ac0                alt_timestamp_freq
 .text          0x0000000000024ae0        0x0 ../firmware02_bsp//libhal_bsp.a(altera_avalon_timer_vars.o)
 .text          0x0000000000024ae0      0x3cc ../firmware02_bsp//libhal_bsp.a(altera_up_avalon_accelerometer_spi.o)
                0x0000000000024ae0                alt_up_accelerometer_spi_open_dev
                0x0000000000024b1c                alt_up_accelerometer_spi_read_address_register
                0x0000000000024b60                alt_up_accelerometer_spi_read
                0x0000000000024bc8                alt_up_accelerometer_spi_write
                0x0000000000024c30                alt_up_accelerometer_spi_read_x_axis
                0x0000000000024d04                alt_up_accelerometer_spi_read_y_axis
                0x0000000000024dd8                alt_up_accelerometer_spi_read_z_axis
 .text          0x0000000000024eac      0x160 ../firmware02_bsp//libhal_bsp.a(alt_alarm_start.o)
                0x0000000000024eac                alt_alarm_start
 .text          0x000000000002500c       0x20 ../firmware02_bsp//libhal_bsp.a(alt_dcache_flush_all.o)
                0x000000000002500c                alt_dcache_flush_all
 .text          0x000000000002502c       0xe4 ../firmware02_bsp//libhal_bsp.a(alt_dev_llist_insert.o)
                0x0000000000025068                alt_dev_llist_insert
 .text          0x0000000000025110       0x64 ../firmware02_bsp//libhal_bsp.a(alt_do_ctors.o)
                0x0000000000025110                _do_ctors
 .text          0x0000000000025174       0x64 ../firmware02_bsp//libhal_bsp.a(alt_do_dtors.o)
                0x0000000000025174                _do_dtors
 .text          0x00000000000251d8       0x90 ../firmware02_bsp//libhal_bsp.a(alt_find_dev.o)
                0x00000000000251d8                alt_find_dev
 .text          0x0000000000025268       0x20 ../firmware02_bsp//libhal_bsp.a(alt_icache_flush_all.o)
                0x0000000000025268                alt_icache_flush_all
 .text          0x0000000000025288      0x150 ../firmware02_bsp//libhal_bsp.a(alt_io_redirect.o)
                0x000000000002535c                alt_io_redirect
 .text          0x00000000000253d8        0x0 ../firmware02_bsp//libhal_bsp.a(alt_irq_entry.o)
 .text          0x00000000000253d8        0x0 ../firmware02_bsp//libhal_bsp.a(alt_irq_handler.o)
 .text          0x00000000000253d8      0x278 ../firmware02_bsp//libhal_bsp.a(alt_open.o)
                0x00000000000254f0                open
 .text          0x0000000000025650      0x1d0 ../firmware02_bsp//libhal_bsp.a(alt_tick.o)
                0x0000000000025650                alt_alarm_stop
                0x00000000000256f4                alt_tick
 .text          0x0000000000025820       0x24 ../firmware02_bsp//libhal_bsp.a(altera_nios2_gen2_irq.o)
                0x0000000000025820                altera_nios2_gen2_irq_init
 .text          0x0000000000025844        0x0 ../firmware02_bsp//libhal_bsp.a(alt_exception_entry.o)
 .text          0x0000000000025844      0x108 ../firmware02_bsp//libhal_bsp.a(alt_find_file.o)
                0x0000000000025844                alt_find_file
 .text          0x000000000002594c       0xb8 ../firmware02_bsp//libhal_bsp.a(alt_get_fd.o)
                0x000000000002594c                alt_get_fd
 .text          0x0000000000025a04       0x98 ../firmware02_bsp//libhal_bsp.a(alt_instruction_exception_entry.o)
                0x0000000000025a04                alt_exception_cause_generated_bad_addr
 .text          0x0000000000025a9c        0x0 /home/dereklai/intelFPGA_lite/21.1/nios2eds/bin/gnu/H-x86_64-pc-linux-gnu/bin/../lib/gcc/nios2-elf/10.3.1/../../../../../H-x86_64-pc-linux-gnu/nios2-elf/lib/mno-hw-mul/libc.a(lib_a-atexit.o)
 .text.atexit   0x0000000000025a9c       0x14 /home/dereklai/intelFPGA_lite/21.1/nios2eds/bin/gnu/H-x86_64-pc-linux-gnu/bin/../lib/gcc/nios2-elf/10.3.1/../../../../../H-x86_64-pc-linux-gnu/nios2-elf/lib/mno-hw-mul/libc.a(lib_a-atexit.o)
                0x0000000000025a9c                atexit
 .text          0x0000000000025ab0        0x0 /home/dereklai/intelFPGA_lite/21.1/nios2eds/bin/gnu/H-x86_64-pc-linux-gnu/bin/../lib/gcc/nios2-elf/10.3.1/../../../../../H-x86_64-pc-linux-gnu/nios2-elf/lib/mno-hw-mul/libc.a(lib_a-exit.o)
 .text.exit     0x0000000000025ab0       0x34 /home/dereklai/intelFPGA_lite/21.1/nios2eds/bin/gnu/H-x86_64-pc-linux-gnu/bin/../lib/gcc/nios2-elf/10.3.1/../../../../../H-x86_64-pc-linux-gnu/nios2-elf/lib/mno-hw-mul/libc.a(lib_a-exit.o)
                0x0000000000025ab0                exit
 .text          0x0000000000025ae4        0x0 /home/dereklai/intelFPGA_lite/21.1/nios2eds/bin/gnu/H-x86_64-pc-linux-gnu/bin/../lib/gcc/nios2-elf/10.3.1/../../../../../H-x86_64-pc-linux-gnu/nios2-elf/lib/mno-hw-mul/libc.a(lib_a-memcmp.o)
 .text.memcmp   0x0000000000025ae4       0x78 /home/dereklai/intelFPGA_lite/21.1/nios2eds/bin/gnu/H-x86_64-pc-linux-gnu/bin/../lib/gcc/nios2-elf/10.3.1/../../../../../H-x86_64-pc-linux-gnu/nios2-elf/lib/mno-hw-mul/libc.a(lib_a-memcmp.o)
                0x0000000000025ae4                memcmp
 .text          0x0000000000025b5c        0x0 /home/dereklai/intelFPGA_lite/21.1/nios2eds/bin/gnu/H-x86_64-pc-linux-gnu/bin/../lib/gcc/nios2-elf/10.3.1/../../../../../H-x86_64-pc-linux-gnu/nios2-elf/lib/mno-hw-mul/libc.a(lib_a-putchar.o)
 .text._putchar_r
                0x0000000000025b5c        0x8 /home/dereklai/intelFPGA_lite/21.1/nios2eds/bin/gnu/H-x86_64-pc-linux-gnu/bin/../lib/gcc/nios2-elf/10.3.1/../../../../../H-x86_64-pc-linux-gnu/nios2-elf/lib/mno-hw-mul/libc.a(lib_a-putchar.o)
                0x0000000000025b5c                _putchar_r
 .text.putchar  0x0000000000025b64       0x18 /home/dereklai/intelFPGA_lite/21.1/nios2eds/bin/gnu/H-x86_64-pc-linux-gnu/bin/../lib/gcc/nios2-elf/10.3.1/../../../../../H-x86_64-pc-linux-gnu/nios2-elf/lib/mno-hw-mul/libc.a(lib_a-putchar.o)
                0x0000000000025b64                putchar
 .text          0x0000000000025b7c        0x0 /home/dereklai/intelFPGA_lite/21.1/nios2eds/bin/gnu/H-x86_64-pc-linux-gnu/bin/../lib/gcc/nios2-elf/10.3.1/../../../../../H-x86_64-pc-linux-gnu/nios2-elf/lib/mno-hw-mul/libc.a(lib_a-__atexit.o)
 .text.__register_exitproc
                0x0000000000025b7c       0x90 /home/dereklai/intelFPGA_lite/21.1/nios2eds/bin/gnu/H-x86_64-pc-linux-gnu/bin/../lib/gcc/nios2-elf/10.3.1/../../../../../H-x86_64-pc-linux-gnu/nios2-elf/lib/mno-hw-mul/libc.a(lib_a-__atexit.o)
                0x0000000000025b7c                __register_exitproc
 .text          0x0000000000025c0c        0x0 /home/dereklai/intelFPGA_lite/21.1/nios2eds/bin/gnu/H-x86_64-pc-linux-gnu/bin/../lib/gcc/nios2-elf/10.3.1/../../../../../H-x86_64-pc-linux-gnu/nios2-elf/lib/mno-hw-mul/libc.a(lib_a-__call_atexit.o)
 .text.__call_exitprocs
                0x0000000000025c0c      0x120 /home/dereklai/intelFPGA_lite/21.1/nios2eds/bin/gnu/H-x86_64-pc-linux-gnu/bin/../lib/gcc/nios2-elf/10.3.1/../../../../../H-x86_64-pc-linux-gnu/nios2-elf/lib/mno-hw-mul/libc.a(lib_a-__call_atexit.o)
                0x0000000000025c0c                __call_exitprocs
 .text          0x0000000000025d2c        0x0 /home/dereklai/intelFPGA_lite/21.1/nios2eds/bin/gnu/H-x86_64-pc-linux-gnu/bin/../lib/gcc/nios2-elf/10.3.1/../../../../../H-x86_64-pc-linux-gnu/nios2-elf/lib/mno-hw-mul/libc.a(lib_a-putc.o)
 .text._putc_r  0x0000000000025d2c       0xcc /home/dereklai/intelFPGA_lite/21.1/nios2eds/bin/gnu/H-x86_64-pc-linux-gnu/bin/../lib/gcc/nios2-elf/10.3.1/../../../../../H-x86_64-pc-linux-gnu/nios2-elf/lib/mno-hw-mul/libc.a(lib_a-putc.o)
                0x0000000000025d2c                _putc_r
 .text.putc     0x0000000000025df8       0xe0 /home/dereklai/intelFPGA_lite/21.1/nios2eds/bin/gnu/H-x86_64-pc-linux-gnu/bin/../lib/gcc/nios2-elf/10.3.1/../../../../../H-x86_64-pc-linux-gnu/nios2-elf/lib/mno-hw-mul/libc.a(lib_a-putc.o)
                0x0000000000025df8                putc
 .text          0x0000000000025ed8        0x0 /home/dereklai/intelFPGA_lite/21.1/nios2eds/bin/gnu/H-x86_64-pc-linux-gnu/bin/../lib/gcc/nios2-elf/10.3.1/../../../../../H-x86_64-pc-linux-gnu/nios2-elf/lib/mno-hw-mul/libc.a(lib_a-wbuf.o)
 .text.__swbuf_r
                0x0000000000025ed8      0x148 /home/dereklai/intelFPGA_lite/21.1/nios2eds/bin/gnu/H-x86_64-pc-linux-gnu/bin/../lib/gcc/nios2-elf/10.3.1/../../../../../H-x86_64-pc-linux-gnu/nios2-elf/lib/mno-hw-mul/libc.a(lib_a-wbuf.o)
                0x0000000000025ed8                __swbuf_r
 .text.__swbuf  0x0000000000026020       0x18 /home/dereklai/intelFPGA_lite/21.1/nios2eds/bin/gnu/H-x86_64-pc-linux-gnu/bin/../lib/gcc/nios2-elf/10.3.1/../../../../../H-x86_64-pc-linux-gnu/nios2-elf/lib/mno-hw-mul/libc.a(lib_a-wbuf.o)
                0x0000000000026020                __swbuf
 .text          0x0000000000026038        0x0 /home/dereklai/intelFPGA_lite/21.1/nios2eds/bin/gnu/H-x86_64-pc-linux-gnu/bin/../lib/gcc/nios2-elf/10.3.1/../../../../../H-x86_64-pc-linux-gnu/nios2-elf/lib/mno-hw-mul/libc.a(lib_a-wsetup.o)
 .text.__swsetup_r
                0x0000000000026038      0x164 /home/dereklai/intelFPGA_lite/21.1/nios2eds/bin/gnu/H-x86_64-pc-linux-gnu/bin/../lib/gcc/nios2-elf/10.3.1/../../../../../H-x86_64-pc-linux-gnu/nios2-elf/lib/mno-hw-mul/libc.a(lib_a-wsetup.o)
                0x0000000000026038                __swsetup_r
 .text          0x000000000002619c        0x0 /home/dereklai/intelFPGA_lite/21.1/nios2eds/bin/gnu/H-x86_64-pc-linux-gnu/bin/../lib/gcc/nios2-elf/10.3.1/../../../../../H-x86_64-pc-linux-gnu/nios2-elf/lib/mno-hw-mul/libc.a(lib_a-makebuf.o)
 .text.__smakebuf_r
                0x000000000002619c      0x1b0 /home/dereklai/intelFPGA_lite/21.1/nios2eds/bin/gnu/H-x86_64-pc-linux-gnu/bin/../lib/gcc/nios2-elf/10.3.1/../../../../../H-x86_64-pc-linux-gnu/nios2-elf/lib/mno-hw-mul/libc.a(lib_a-makebuf.o)
                0x000000000002619c                __smakebuf_r
 .text.__swhatbuf_r
                0x000000000002634c       0x98 /home/dereklai/intelFPGA_lite/21.1/nios2eds/bin/gnu/H-x86_64-pc-linux-gnu/bin/../lib/gcc/nios2-elf/10.3.1/../../../../../H-x86_64-pc-linux-gnu/nios2-elf/lib/mno-hw-mul/libc.a(lib_a-makebuf.o)
                0x000000000002634c                __swhatbuf_r
 .text          0x00000000000263e4        0x0 /home/dereklai/intelFPGA_lite/21.1/nios2eds/bin/gnu/H-x86_64-pc-linux-gnu/bin/../lib/gcc/nios2-elf/10.3.1/../../../../../H-x86_64-pc-linux-gnu/nios2-elf/lib/mno-hw-mul/libc.a(lib_a-fstatr.o)
 .text._fstat_r
                0x00000000000263e4       0x60 /home/dereklai/intelFPGA_lite/21.1/nios2eds/bin/gnu/H-x86_64-pc-linux-gnu/bin/../lib/gcc/nios2-elf/10.3.1/../../../../../H-x86_64-pc-linux-gnu/nios2-elf/lib/mno-hw-mul/libc.a(lib_a-fstatr.o)
                0x00000000000263e4                _fstat_r
 .text          0x0000000000026444        0x0 /home/dereklai/intelFPGA_lite/21.1/nios2eds/bin/gnu/H-x86_64-pc-linux-gnu/bin/../lib/gcc/nios2-elf/10.3.1/../../../../../H-x86_64-pc-linux-gnu/nios2-elf/lib/mno-hw-mul/libc.a(lib_a-isattyr.o)
 .text._isatty_r
                0x0000000000026444       0x58 /home/dereklai/intelFPGA_lite/21.1/nios2eds/bin/gnu/H-x86_64-pc-linux-gnu/bin/../lib/gcc/nios2-elf/10.3.1/../../../../../H-x86_64-pc-linux-gnu/nios2-elf/lib/mno-hw-mul/libc.a(lib_a-isattyr.o)
                0x0000000000026444                _isatty_r
 .text          0x000000000002649c       0x38 ../firmware02_bsp//libhal_bsp.a(alt_exit.o)
                0x000000000002649c                _exit
 .text          0x00000000000264d4       0xf8 ../firmware02_bsp//libhal_bsp.a(alt_fstat.o)
                0x0000000000026510                fstat
 .text          0x00000000000265cc       0xec ../firmware02_bsp//libhal_bsp.a(alt_isatty.o)
                0x0000000000026608                isatty
 *(.gnu.warning.*)
 *(.fini)
                [!provide]                        PROVIDE (__etext = ABSOLUTE (.))
                [!provide]                        PROVIDE (_etext = ABSOLUTE (.))
                [!provide]                        PROVIDE (etext = ABSOLUTE (.))
 *(.eh_frame_hdr)
                0x00000000000266b8                . = ALIGN (0x4)
                [!provide]                        PROVIDE (__preinit_array_start = ABSOLUTE (.))
 *(.preinit_array)
                [!provide]                        PROVIDE (__preinit_array_end = ABSOLUTE (.))
                [!provide]                        PROVIDE (__init_array_start = ABSOLUTE (.))
 *(.init_array)
                [!provide]                        PROVIDE (__init_array_end = ABSOLUTE (.))
                [!provide]                        PROVIDE (__fini_array_start = ABSOLUTE (.))
 *(.fini_array)
                [!provide]                        PROVIDE (__fini_array_end = ABSOLUTE (.))
 *(.eh_frame)
 *(.gcc_except_table .gcc_except_table.*)
 *(.dynamic)
                0x00000000000266b8                PROVIDE (__CTOR_LIST__ = ABSOLUTE (.))
 *(.ctors)
 *(SORT_BY_NAME(.ctors.*))
                0x00000000000266b8                PROVIDE (__CTOR_END__ = ABSOLUTE (.))
                0x00000000000266b8                PROVIDE (__DTOR_LIST__ = ABSOLUTE (.))
 *(.dtors)
 *(SORT_BY_NAME(.dtors.*))
                0x00000000000266b8                PROVIDE (__DTOR_END__ = ABSOLUTE (.))
 *(.jcr)
                0x00000000000266b8                . = ALIGN (0x4)

.rodata         0x00000000000266b8      0x240
                0x00000000000266b8                PROVIDE (__ram_rodata_start = ABSOLUTE (.))
                0x00000000000266b8                . = ALIGN (0x4)
 *(.rodata .rodata.* .gnu.linkonce.r.*)
 .rodata        0x00000000000266b8       0xfc obj/default/main.o
                0x00000000000266b8                seven_seg_digits_decode_abcdefg
                0x0000000000026704                seven_seg_digits_decode_gfedcba
 .rodata        0x00000000000267b4      0x100 /home/dereklai/intelFPGA_lite/21.1/nios2eds/bin/gnu/H-x86_64-pc-linux-gnu/bin/../lib/gcc/nios2-elf/10.3.1/mno-hw-mul/libgcc.a(_clz.o)
                0x00000000000267b4                __clz_tab
 .rodata        0x00000000000268b4        0xa ../firmware02_bsp//libhal_bsp.a(alt_dev.o)
 *fill*         0x00000000000268be        0x2 
 .rodata        0x00000000000268c0        0xf ../firmware02_bsp//libhal_bsp.a(alt_main.o)
 *fill*         0x00000000000268cf        0x1 
 .rodata        0x00000000000268d0       0x27 ../firmware02_bsp//libhal_bsp.a(alt_sys_init.o)
 *(.rodata1)
                0x00000000000268f8                . = ALIGN (0x4)
 *fill*         0x00000000000268f7        0x1 
                0x00000000000268f8                PROVIDE (__ram_rodata_end = ABSOLUTE (.))
                0x00000000000266b8                PROVIDE (__flash_rodata_start = LOADADDR (.rodata))

.rwdata         0x00000000000268f8     0x1b60 load address 0x0000000000028458
                0x00000000000268f8                PROVIDE (__ram_rwdata_start = ABSOLUTE (.))
                0x00000000000268f8                . = ALIGN (0x4)
 *(.got.plt)
 *(.got)
 *(.data1)
 *(.data .data.* .gnu.linkonce.d.*)
 .data          0x00000000000268f8        0x0 ../firmware02_bsp//obj/HAL/src/crt0.o
 .data          0x00000000000268f8       0xc8 obj/default/main.o
                0x00000000000268f8                easy_filter_coeff_float
                0x000000000002695c                hard_filter_coeff_float
 .data          0x00000000000269c0        0x0 /home/dereklai/intelFPGA_lite/21.1/nios2eds/bin/gnu/H-x86_64-pc-linux-gnu/bin/../lib/gcc/nios2-elf/10.3.1/mno-hw-mul/libgcc.a(lib2-mul.o)
 .data          0x00000000000269c0        0x0 /home/dereklai/intelFPGA_lite/21.1/nios2eds/bin/gnu/H-x86_64-pc-linux-gnu/bin/../lib/gcc/nios2-elf/10.3.1/mno-hw-mul/libgcc.a(divsf3.o)
 .data          0x00000000000269c0        0x0 /home/dereklai/intelFPGA_lite/21.1/nios2eds/bin/gnu/H-x86_64-pc-linux-gnu/bin/../lib/gcc/nios2-elf/10.3.1/mno-hw-mul/libgcc.a(floatsisf.o)
 .data          0x00000000000269c0        0x0 /home/dereklai/intelFPGA_lite/21.1/nios2eds/bin/gnu/H-x86_64-pc-linux-gnu/bin/../lib/gcc/nios2-elf/10.3.1/mno-hw-mul/libgcc.a(_clzsi2.o)
 .data          0x00000000000269c0        0x0 /home/dereklai/intelFPGA_lite/21.1/nios2eds/bin/gnu/H-x86_64-pc-linux-gnu/bin/../lib/gcc/nios2-elf/10.3.1/mno-hw-mul/libgcc.a(_clz.o)
 .data          0x00000000000269c0        0x0 /home/dereklai/intelFPGA_lite/21.1/nios2eds/bin/gnu/H-x86_64-pc-linux-gnu/bin/../lib/gcc/nios2-elf/10.3.1/../../../../../H-x86_64-pc-linux-gnu/nios2-elf/lib/mno-hw-mul/libc.a(lib_a-fflush.o)
 .data          0x00000000000269c0        0x0 /home/dereklai/intelFPGA_lite/21.1/nios2eds/bin/gnu/H-x86_64-pc-linux-gnu/bin/../lib/gcc/nios2-elf/10.3.1/../../../../../H-x86_64-pc-linux-gnu/nios2-elf/lib/mno-hw-mul/libc.a(lib_a-findfp.o)
 .data          0x00000000000269c0        0x0 /home/dereklai/intelFPGA_lite/21.1/nios2eds/bin/gnu/H-x86_64-pc-linux-gnu/bin/../lib/gcc/nios2-elf/10.3.1/../../../../../H-x86_64-pc-linux-gnu/nios2-elf/lib/mno-hw-mul/libc.a(lib_a-freer.o)
 .data          0x00000000000269c0        0x0 /home/dereklai/intelFPGA_lite/21.1/nios2eds/bin/gnu/H-x86_64-pc-linux-gnu/bin/../lib/gcc/nios2-elf/10.3.1/../../../../../H-x86_64-pc-linux-gnu/nios2-elf/lib/mno-hw-mul/libc.a(lib_a-fwalk.o)
 .data          0x00000000000269c0        0x0 /home/dereklai/intelFPGA_lite/21.1/nios2eds/bin/gnu/H-x86_64-pc-linux-gnu/bin/../lib/gcc/nios2-elf/10.3.1/../../../../../H-x86_64-pc-linux-gnu/nios2-elf/lib/mno-hw-mul/libc.a(lib_a-impure.o)
 .data.impure_data
                0x00000000000269c0      0x424 /home/dereklai/intelFPGA_lite/21.1/nios2eds/bin/gnu/H-x86_64-pc-linux-gnu/bin/../lib/gcc/nios2-elf/10.3.1/../../../../../H-x86_64-pc-linux-gnu/nios2-elf/lib/mno-hw-mul/libc.a(lib_a-impure.o)
 .data          0x0000000000026de4        0x0 /home/dereklai/intelFPGA_lite/21.1/nios2eds/bin/gnu/H-x86_64-pc-linux-gnu/bin/../lib/gcc/nios2-elf/10.3.1/../../../../../H-x86_64-pc-linux-gnu/nios2-elf/lib/mno-hw-mul/libc.a(lib_a-mallocr.o)
 .data.__malloc_av_
                0x0000000000026de4      0x408 /home/dereklai/intelFPGA_lite/21.1/nios2eds/bin/gnu/H-x86_64-pc-linux-gnu/bin/../lib/gcc/nios2-elf/10.3.1/../../../../../H-x86_64-pc-linux-gnu/nios2-elf/lib/mno-hw-mul/libc.a(lib_a-mallocr.o)
                0x0000000000026de4                __malloc_av_
 .data          0x00000000000271ec        0x0 /home/dereklai/intelFPGA_lite/21.1/nios2eds/bin/gnu/H-x86_64-pc-linux-gnu/bin/../lib/gcc/nios2-elf/10.3.1/../../../../../H-x86_64-pc-linux-gnu/nios2-elf/lib/mno-hw-mul/libc.a(lib_a-memcpy.o)
 .data          0x00000000000271ec        0x0 /home/dereklai/intelFPGA_lite/21.1/nios2eds/bin/gnu/H-x86_64-pc-linux-gnu/bin/../lib/gcc/nios2-elf/10.3.1/../../../../../H-x86_64-pc-linux-gnu/nios2-elf/lib/mno-hw-mul/libc.a(lib_a-memset.o)
 .data          0x00000000000271ec        0x0 /home/dereklai/intelFPGA_lite/21.1/nios2eds/bin/gnu/H-x86_64-pc-linux-gnu/bin/../lib/gcc/nios2-elf/10.3.1/../../../../../H-x86_64-pc-linux-gnu/nios2-elf/lib/mno-hw-mul/libc.a(lib_a-sbrkr.o)
 .data          0x00000000000271ec        0x0 /home/dereklai/intelFPGA_lite/21.1/nios2eds/bin/gnu/H-x86_64-pc-linux-gnu/bin/../lib/gcc/nios2-elf/10.3.1/../../../../../H-x86_64-pc-linux-gnu/nios2-elf/lib/mno-hw-mul/libc.a(lib_a-stdio.o)
 .data          0x00000000000271ec        0x0 /home/dereklai/intelFPGA_lite/21.1/nios2eds/bin/gnu/H-x86_64-pc-linux-gnu/bin/../lib/gcc/nios2-elf/10.3.1/../../../../../H-x86_64-pc-linux-gnu/nios2-elf/lib/mno-hw-mul/libc.a(lib_a-strlen.o)
 .data          0x00000000000271ec        0x0 /home/dereklai/intelFPGA_lite/21.1/nios2eds/bin/gnu/H-x86_64-pc-linux-gnu/bin/../lib/gcc/nios2-elf/10.3.1/../../../../../H-x86_64-pc-linux-gnu/nios2-elf/lib/mno-hw-mul/libc.a(lib_a-writer.o)
 .data          0x00000000000271ec        0x0 /home/dereklai/intelFPGA_lite/21.1/nios2eds/bin/gnu/H-x86_64-pc-linux-gnu/bin/../lib/gcc/nios2-elf/10.3.1/../../../../../H-x86_64-pc-linux-gnu/nios2-elf/lib/mno-hw-mul/libc.a(closer.o)
 .data          0x00000000000271ec        0x0 /home/dereklai/intelFPGA_lite/21.1/nios2eds/bin/gnu/H-x86_64-pc-linux-gnu/bin/../lib/gcc/nios2-elf/10.3.1/../../../../../H-x86_64-pc-linux-gnu/nios2-elf/lib/mno-hw-mul/libc.a(lib_a-fclose.o)
 .data          0x00000000000271ec        0x0 /home/dereklai/intelFPGA_lite/21.1/nios2eds/bin/gnu/H-x86_64-pc-linux-gnu/bin/../lib/gcc/nios2-elf/10.3.1/../../../../../H-x86_64-pc-linux-gnu/nios2-elf/lib/mno-hw-mul/libc.a(lib_a-int_errno.o)
 .data          0x00000000000271ec        0x0 /home/dereklai/intelFPGA_lite/21.1/nios2eds/bin/gnu/H-x86_64-pc-linux-gnu/bin/../lib/gcc/nios2-elf/10.3.1/../../../../../H-x86_64-pc-linux-gnu/nios2-elf/lib/mno-hw-mul/libc.a(lib_a-lseekr.o)
 .data          0x00000000000271ec        0x0 /home/dereklai/intelFPGA_lite/21.1/nios2eds/bin/gnu/H-x86_64-pc-linux-gnu/bin/../lib/gcc/nios2-elf/10.3.1/../../../../../H-x86_64-pc-linux-gnu/nios2-elf/lib/mno-hw-mul/libc.a(lib_a-readr.o)
 .data          0x00000000000271ec        0x0 ../firmware02_bsp//libhal_bsp.a(alt_close.o)
 .data          0x00000000000271ec      0x1a8 ../firmware02_bsp//libhal_bsp.a(alt_dev.o)
                0x00000000000271ec                alt_dev_null
                0x0000000000027214                alt_fd_list
 .data          0x0000000000027394        0x0 ../firmware02_bsp//libhal_bsp.a(alt_errno.o)
 .data          0x0000000000027394        0x0 ../firmware02_bsp//libhal_bsp.a(alt_fcntl.o)
 .data          0x0000000000027394        0x0 ../firmware02_bsp//libhal_bsp.a(alt_irq_register.o)
 .data          0x0000000000027394        0x0 ../firmware02_bsp//libhal_bsp.a(alt_irq_vars.o)
 .data          0x0000000000027394        0x0 ../firmware02_bsp//libhal_bsp.a(alt_load.o)
 .data          0x0000000000027394        0x0 ../firmware02_bsp//libhal_bsp.a(alt_lseek.o)
 .data          0x0000000000027394        0x0 ../firmware02_bsp//libhal_bsp.a(alt_main.o)
 .data          0x0000000000027394        0x0 ../firmware02_bsp//libhal_bsp.a(alt_malloc_lock.o)
 .data          0x0000000000027394        0x0 ../firmware02_bsp//libhal_bsp.a(alt_printf.o)
 .data          0x0000000000027394        0x0 ../firmware02_bsp//libhal_bsp.a(alt_putchar.o)
 .data          0x0000000000027394        0x0 ../firmware02_bsp//libhal_bsp.a(alt_read.o)
 .data          0x0000000000027394        0x0 ../firmware02_bsp//libhal_bsp.a(alt_release_fd.o)
 .data          0x0000000000027394        0x0 ../firmware02_bsp//libhal_bsp.a(alt_sbrk.o)
 .data          0x0000000000027394        0x0 ../firmware02_bsp//libhal_bsp.a(alt_write.o)
 .data          0x0000000000027394     0x108c ../firmware02_bsp//libhal_bsp.a(alt_sys_init.o)
 .data          0x0000000000028420        0x0 ../firmware02_bsp//libhal_bsp.a(altera_avalon_jtag_uart_fd.o)
 .data          0x0000000000028420        0x0 ../firmware02_bsp//libhal_bsp.a(altera_avalon_jtag_uart_init.o)
 .data          0x0000000000028420        0x0 ../firmware02_bsp//libhal_bsp.a(altera_avalon_jtag_uart_ioctl.o)
 .data          0x0000000000028420        0x0 ../firmware02_bsp//libhal_bsp.a(altera_avalon_jtag_uart_read.o)
 .data          0x0000000000028420        0x0 ../firmware02_bsp//libhal_bsp.a(altera_avalon_jtag_uart_write.o)
 .data          0x0000000000028420        0x0 ../firmware02_bsp//libhal_bsp.a(altera_avalon_timer_sc.o)
 .data          0x0000000000028420        0x0 ../firmware02_bsp//libhal_bsp.a(altera_avalon_timer_ts.o)
 .data          0x0000000000028420        0x0 ../firmware02_bsp//libhal_bsp.a(altera_avalon_timer_vars.o)
 .data          0x0000000000028420        0x0 ../firmware02_bsp//libhal_bsp.a(altera_up_avalon_accelerometer_spi.o)
 .data          0x0000000000028420        0x0 ../firmware02_bsp//libhal_bsp.a(alt_alarm_start.o)
 .data          0x0000000000028420        0x0 ../firmware02_bsp//libhal_bsp.a(alt_dcache_flush_all.o)
 .data          0x0000000000028420        0x0 ../firmware02_bsp//libhal_bsp.a(alt_dev_llist_insert.o)
 .data          0x0000000000028420        0x0 ../firmware02_bsp//libhal_bsp.a(alt_do_ctors.o)
 .data          0x0000000000028420        0x0 ../firmware02_bsp//libhal_bsp.a(alt_do_dtors.o)
 .data          0x0000000000028420        0x0 ../firmware02_bsp//libhal_bsp.a(alt_find_dev.o)
 .data          0x0000000000028420        0x0 ../firmware02_bsp//libhal_bsp.a(alt_icache_flush_all.o)
 .data          0x0000000000028420        0x0 ../firmware02_bsp//libhal_bsp.a(alt_io_redirect.o)
 .data          0x0000000000028420        0x0 ../firmware02_bsp//libhal_bsp.a(alt_irq_entry.o)
 .data          0x0000000000028420        0x0 ../firmware02_bsp//libhal_bsp.a(alt_irq_handler.o)
 .data          0x0000000000028420        0x0 ../firmware02_bsp//libhal_bsp.a(alt_open.o)
 .data          0x0000000000028420        0x0 ../firmware02_bsp//libhal_bsp.a(alt_tick.o)
 .data          0x0000000000028420        0x0 ../firmware02_bsp//libhal_bsp.a(altera_nios2_gen2_irq.o)
 .data          0x0000000000028420        0x0 ../firmware02_bsp//libhal_bsp.a(alt_exception_entry.o)
 .data          0x0000000000028420        0x0 ../firmware02_bsp//libhal_bsp.a(alt_find_file.o)
 .data          0x0000000000028420        0x0 ../firmware02_bsp//libhal_bsp.a(alt_get_fd.o)
 .data          0x0000000000028420        0x0 ../firmware02_bsp//libhal_bsp.a(alt_instruction_exception_entry.o)
 .data          0x0000000000028420        0x0 /home/dereklai/intelFPGA_lite/21.1/nios2eds/bin/gnu/H-x86_64-pc-linux-gnu/bin/../lib/gcc/nios2-elf/10.3.1/../../../../../H-x86_64-pc-linux-gnu/nios2-elf/lib/mno-hw-mul/libc.a(lib_a-atexit.o)
 .data          0x0000000000028420        0x0 /home/dereklai/intelFPGA_lite/21.1/nios2eds/bin/gnu/H-x86_64-pc-linux-gnu/bin/../lib/gcc/nios2-elf/10.3.1/../../../../../H-x86_64-pc-linux-gnu/nios2-elf/lib/mno-hw-mul/libc.a(lib_a-exit.o)
 .data          0x0000000000028420        0x0 /home/dereklai/intelFPGA_lite/21.1/nios2eds/bin/gnu/H-x86_64-pc-linux-gnu/bin/../lib/gcc/nios2-elf/10.3.1/../../../../../H-x86_64-pc-linux-gnu/nios2-elf/lib/mno-hw-mul/libc.a(lib_a-memcmp.o)
 .data          0x0000000000028420        0x0 /home/dereklai/intelFPGA_lite/21.1/nios2eds/bin/gnu/H-x86_64-pc-linux-gnu/bin/../lib/gcc/nios2-elf/10.3.1/../../../../../H-x86_64-pc-linux-gnu/nios2-elf/lib/mno-hw-mul/libc.a(lib_a-putchar.o)
 .data          0x0000000000028420        0x0 /home/dereklai/intelFPGA_lite/21.1/nios2eds/bin/gnu/H-x86_64-pc-linux-gnu/bin/../lib/gcc/nios2-elf/10.3.1/../../../../../H-x86_64-pc-linux-gnu/nios2-elf/lib/mno-hw-mul/libc.a(lib_a-__atexit.o)
 .data          0x0000000000028420        0x0 /home/dereklai/intelFPGA_lite/21.1/nios2eds/bin/gnu/H-x86_64-pc-linux-gnu/bin/../lib/gcc/nios2-elf/10.3.1/../../../../../H-x86_64-pc-linux-gnu/nios2-elf/lib/mno-hw-mul/libc.a(lib_a-__call_atexit.o)
 .data          0x0000000000028420        0x0 /home/dereklai/intelFPGA_lite/21.1/nios2eds/bin/gnu/H-x86_64-pc-linux-gnu/bin/../lib/gcc/nios2-elf/10.3.1/../../../../../H-x86_64-pc-linux-gnu/nios2-elf/lib/mno-hw-mul/libc.a(lib_a-putc.o)
 .data          0x0000000000028420        0x0 /home/dereklai/intelFPGA_lite/21.1/nios2eds/bin/gnu/H-x86_64-pc-linux-gnu/bin/../lib/gcc/nios2-elf/10.3.1/../../../../../H-x86_64-pc-linux-gnu/nios2-elf/lib/mno-hw-mul/libc.a(lib_a-wbuf.o)
 .data          0x0000000000028420        0x0 /home/dereklai/intelFPGA_lite/21.1/nios2eds/bin/gnu/H-x86_64-pc-linux-gnu/bin/../lib/gcc/nios2-elf/10.3.1/../../../../../H-x86_64-pc-linux-gnu/nios2-elf/lib/mno-hw-mul/libc.a(lib_a-wsetup.o)
 .data          0x0000000000028420        0x0 /home/dereklai/intelFPGA_lite/21.1/nios2eds/bin/gnu/H-x86_64-pc-linux-gnu/bin/../lib/gcc/nios2-elf/10.3.1/../../../../../H-x86_64-pc-linux-gnu/nios2-elf/lib/mno-hw-mul/libc.a(lib_a-makebuf.o)
 .data          0x0000000000028420        0x0 /home/dereklai/intelFPGA_lite/21.1/nios2eds/bin/gnu/H-x86_64-pc-linux-gnu/bin/../lib/gcc/nios2-elf/10.3.1/../../../../../H-x86_64-pc-linux-gnu/nios2-elf/lib/mno-hw-mul/libc.a(lib_a-fstatr.o)
 .data          0x0000000000028420        0x0 /home/dereklai/intelFPGA_lite/21.1/nios2eds/bin/gnu/H-x86_64-pc-linux-gnu/bin/../lib/gcc/nios2-elf/10.3.1/../../../../../H-x86_64-pc-linux-gnu/nios2-elf/lib/mno-hw-mul/libc.a(lib_a-isattyr.o)
 .data          0x0000000000028420        0x0 ../firmware02_bsp//libhal_bsp.a(alt_exit.o)
 .data          0x0000000000028420        0x0 ../firmware02_bsp//libhal_bsp.a(alt_fstat.o)
 .data          0x0000000000028420        0x0 ../firmware02_bsp//libhal_bsp.a(alt_isatty.o)
                0x0000000000030420                _gp = ABSOLUTE ((. + 0x8000))
                [!provide]                        PROVIDE (gp = _gp)
 *(.rwdata .rwdata.*)
 *(.sdata .sdata.* .gnu.linkonce.s.*)
 .sdata._global_impure_ptr
                0x0000000000028420        0x4 /home/dereklai/intelFPGA_lite/21.1/nios2eds/bin/gnu/H-x86_64-pc-linux-gnu/bin/../lib/gcc/nios2-elf/10.3.1/../../../../../H-x86_64-pc-linux-gnu/nios2-elf/lib/mno-hw-mul/libc.a(lib_a-impure.o)
                0x0000000000028420                _global_impure_ptr
 .sdata._impure_ptr
                0x0000000000028424        0x4 /home/dereklai/intelFPGA_lite/21.1/nios2eds/bin/gnu/H-x86_64-pc-linux-gnu/bin/../lib/gcc/nios2-elf/10.3.1/../../../../../H-x86_64-pc-linux-gnu/nios2-elf/lib/mno-hw-mul/libc.a(lib_a-impure.o)
                0x0000000000028424                _impure_ptr
 .sdata.__malloc_sbrk_base
                0x0000000000028428        0x4 /home/dereklai/intelFPGA_lite/21.1/nios2eds/bin/gnu/H-x86_64-pc-linux-gnu/bin/../lib/gcc/nios2-elf/10.3.1/../../../../../H-x86_64-pc-linux-gnu/nios2-elf/lib/mno-hw-mul/libc.a(lib_a-mallocr.o)
                0x0000000000028428                __malloc_sbrk_base
 .sdata.__malloc_trim_threshold
                0x000000000002842c        0x4 /home/dereklai/intelFPGA_lite/21.1/nios2eds/bin/gnu/H-x86_64-pc-linux-gnu/bin/../lib/gcc/nios2-elf/10.3.1/../../../../../H-x86_64-pc-linux-gnu/nios2-elf/lib/mno-hw-mul/libc.a(lib_a-mallocr.o)
                0x000000000002842c                __malloc_trim_threshold
 .sdata         0x0000000000028430       0x14 ../firmware02_bsp//libhal_bsp.a(alt_dev.o)
                0x0000000000028430                alt_fs_list
                0x0000000000028438                alt_dev_list
                0x0000000000028440                alt_max_fd
 .sdata         0x0000000000028444        0x4 ../firmware02_bsp//libhal_bsp.a(alt_errno.o)
                0x0000000000028444                alt_errno
 .sdata         0x0000000000028448        0x4 ../firmware02_bsp//libhal_bsp.a(alt_irq_vars.o)
                0x0000000000028448                alt_priority_mask
 .sdata         0x000000000002844c        0x4 ../firmware02_bsp//libhal_bsp.a(alt_sbrk.o)
 .sdata         0x0000000000028450        0x8 ../firmware02_bsp//libhal_bsp.a(alt_tick.o)
                0x0000000000028450                alt_alarm_list
 *(.sdata2 .sdata2.* .gnu.linkonce.s2.*)
                0x0000000000028458                . = ALIGN (0x4)
                0x0000000000028458                _edata = ABSOLUTE (.)
                [!provide]                        PROVIDE (edata = ABSOLUTE (.))
                0x0000000000028458                PROVIDE (__ram_rwdata_end = ABSOLUTE (.))
                0x0000000000028458                PROVIDE (__flash_rwdata_start = LOADADDR (.rwdata))

.bss            0x0000000000029fb8      0x3c8
                0x0000000000029fb8                __bss_start = ABSOLUTE (.)
                [!provide]                        PROVIDE (__sbss_start = ABSOLUTE (.))
                [!provide]                        PROVIDE (___sbss_start = ABSOLUTE (.))
 *(.dynsbss)
 *(.sbss .sbss.* .gnu.linkonce.sb.*)
 .sbss          0x0000000000029fb8       0x26 obj/default/main.o
                0x0000000000029fb8                filter
                0x0000000000029fbc                state
                0x0000000000029fc0                buttons
                0x0000000000029fc4                switches
                0x0000000000029fc8                leds
                0x0000000000029fcc                coord_data_ready
                0x0000000000029fd0                acc_dev
                0x0000000000029fd4                delay
                0x0000000000029fd8                window
 *fill*         0x0000000000029fde        0x2 
 .sbss.__malloc_max_total_mem
                0x0000000000029fe0        0x4 /home/dereklai/intelFPGA_lite/21.1/nios2eds/bin/gnu/H-x86_64-pc-linux-gnu/bin/../lib/gcc/nios2-elf/10.3.1/../../../../../H-x86_64-pc-linux-gnu/nios2-elf/lib/mno-hw-mul/libc.a(lib_a-mallocr.o)
                0x0000000000029fe0                __malloc_max_total_mem
 .sbss.__malloc_max_sbrked_mem
                0x0000000000029fe4        0x4 /home/dereklai/intelFPGA_lite/21.1/nios2eds/bin/gnu/H-x86_64-pc-linux-gnu/bin/../lib/gcc/nios2-elf/10.3.1/../../../../../H-x86_64-pc-linux-gnu/nios2-elf/lib/mno-hw-mul/libc.a(lib_a-mallocr.o)
                0x0000000000029fe4                __malloc_max_sbrked_mem
 .sbss.__malloc_top_pad
                0x0000000000029fe8        0x4 /home/dereklai/intelFPGA_lite/21.1/nios2eds/bin/gnu/H-x86_64-pc-linux-gnu/bin/../lib/gcc/nios2-elf/10.3.1/../../../../../H-x86_64-pc-linux-gnu/nios2-elf/lib/mno-hw-mul/libc.a(lib_a-mallocr.o)
                0x0000000000029fe8                __malloc_top_pad
 .sbss.errno    0x0000000000029fec        0x4 /home/dereklai/intelFPGA_lite/21.1/nios2eds/bin/gnu/H-x86_64-pc-linux-gnu/bin/../lib/gcc/nios2-elf/10.3.1/../../../../../H-x86_64-pc-linux-gnu/nios2-elf/lib/mno-hw-mul/libc.a(lib_a-int_errno.o)
                0x0000000000029fec                errno
 .sbss          0x0000000000029ff0        0x4 ../firmware02_bsp//libhal_bsp.a(alt_irq_vars.o)
                0x0000000000029ff0                alt_irq_active
 .sbss          0x0000000000029ff4        0xc ../firmware02_bsp//libhal_bsp.a(alt_main.o)
                0x0000000000029ff4                alt_argc
                0x0000000000029ff8                alt_argv
                0x0000000000029ffc                alt_envp
 .sbss          0x000000000002a000        0x8 ../firmware02_bsp//libhal_bsp.a(altera_avalon_timer_vars.o)
                0x000000000002a000                altera_avalon_timer_ts_base
                0x000000000002a004                altera_avalon_timer_ts_freq
 .sbss          0x000000000002a008        0xc ../firmware02_bsp//libhal_bsp.a(alt_tick.o)
                0x000000000002a008                _alt_tick_rate
                0x000000000002a00c                _alt_nticks
 .sbss          0x000000000002a014        0x4 ../firmware02_bsp//libhal_bsp.a(alt_instruction_exception_entry.o)
                0x000000000002a014                alt_instruction_exception_handler
 *(.sbss2 .sbss2.* .gnu.linkonce.sb2.*)
 *(.scommon)
                [!provide]                        PROVIDE (__sbss_end = ABSOLUTE (.))
                [!provide]                        PROVIDE (___sbss_end = ABSOLUTE (.))
 *(.dynbss)
 *(.bss .bss.* .gnu.linkonce.b.*)
 .bss           0x000000000002a018        0x0 ../firmware02_bsp//obj/HAL/src/crt0.o
 .bss           0x000000000002a018      0x240 obj/default/main.o
                0x000000000002a018                coords
                0x000000000002a024                filtered_coords
                0x000000000002a030                word
                0x000000000002a049                display_buff
                0x000000000002a064                easy_filter_coeff_fixed
                0x000000000002a0c8                hard_filter_coeff_fixed
                0x000000000002a12c                fir_mem_fixed_x
                0x000000000002a190                fir_mem_fixed_y
                0x000000000002a1f4                fir_mem_fixed_z
 .bss           0x000000000002a258        0x0 /home/dereklai/intelFPGA_lite/21.1/nios2eds/bin/gnu/H-x86_64-pc-linux-gnu/bin/../lib/gcc/nios2-elf/10.3.1/mno-hw-mul/libgcc.a(lib2-mul.o)
 .bss           0x000000000002a258        0x0 /home/dereklai/intelFPGA_lite/21.1/nios2eds/bin/gnu/H-x86_64-pc-linux-gnu/bin/../lib/gcc/nios2-elf/10.3.1/mno-hw-mul/libgcc.a(divsf3.o)
 .bss           0x000000000002a258        0x0 /home/dereklai/intelFPGA_lite/21.1/nios2eds/bin/gnu/H-x86_64-pc-linux-gnu/bin/../lib/gcc/nios2-elf/10.3.1/mno-hw-mul/libgcc.a(floatsisf.o)
 .bss           0x000000000002a258        0x0 /home/dereklai/intelFPGA_lite/21.1/nios2eds/bin/gnu/H-x86_64-pc-linux-gnu/bin/../lib/gcc/nios2-elf/10.3.1/mno-hw-mul/libgcc.a(_clzsi2.o)
 .bss           0x000000000002a258        0x0 /home/dereklai/intelFPGA_lite/21.1/nios2eds/bin/gnu/H-x86_64-pc-linux-gnu/bin/../lib/gcc/nios2-elf/10.3.1/mno-hw-mul/libgcc.a(_clz.o)
 .bss           0x000000000002a258        0x0 /home/dereklai/intelFPGA_lite/21.1/nios2eds/bin/gnu/H-x86_64-pc-linux-gnu/bin/../lib/gcc/nios2-elf/10.3.1/../../../../../H-x86_64-pc-linux-gnu/nios2-elf/lib/mno-hw-mul/libc.a(lib_a-fflush.o)
 .bss           0x000000000002a258        0x0 /home/dereklai/intelFPGA_lite/21.1/nios2eds/bin/gnu/H-x86_64-pc-linux-gnu/bin/../lib/gcc/nios2-elf/10.3.1/../../../../../H-x86_64-pc-linux-gnu/nios2-elf/lib/mno-hw-mul/libc.a(lib_a-findfp.o)
 .bss           0x000000000002a258        0x0 /home/dereklai/intelFPGA_lite/21.1/nios2eds/bin/gnu/H-x86_64-pc-linux-gnu/bin/../lib/gcc/nios2-elf/10.3.1/../../../../../H-x86_64-pc-linux-gnu/nios2-elf/lib/mno-hw-mul/libc.a(lib_a-freer.o)
 .bss           0x000000000002a258        0x0 /home/dereklai/intelFPGA_lite/21.1/nios2eds/bin/gnu/H-x86_64-pc-linux-gnu/bin/../lib/gcc/nios2-elf/10.3.1/../../../../../H-x86_64-pc-linux-gnu/nios2-elf/lib/mno-hw-mul/libc.a(lib_a-fwalk.o)
 .bss           0x000000000002a258        0x0 /home/dereklai/intelFPGA_lite/21.1/nios2eds/bin/gnu/H-x86_64-pc-linux-gnu/bin/../lib/gcc/nios2-elf/10.3.1/../../../../../H-x86_64-pc-linux-gnu/nios2-elf/lib/mno-hw-mul/libc.a(lib_a-impure.o)
 .bss           0x000000000002a258        0x0 /home/dereklai/intelFPGA_lite/21.1/nios2eds/bin/gnu/H-x86_64-pc-linux-gnu/bin/../lib/gcc/nios2-elf/10.3.1/../../../../../H-x86_64-pc-linux-gnu/nios2-elf/lib/mno-hw-mul/libc.a(lib_a-mallocr.o)
 .bss.__malloc_current_mallinfo
                0x000000000002a258       0x28 /home/dereklai/intelFPGA_lite/21.1/nios2eds/bin/gnu/H-x86_64-pc-linux-gnu/bin/../lib/gcc/nios2-elf/10.3.1/../../../../../H-x86_64-pc-linux-gnu/nios2-elf/lib/mno-hw-mul/libc.a(lib_a-mallocr.o)
                0x000000000002a258                __malloc_current_mallinfo
 .bss           0x000000000002a280        0x0 /home/dereklai/intelFPGA_lite/21.1/nios2eds/bin/gnu/H-x86_64-pc-linux-gnu/bin/../lib/gcc/nios2-elf/10.3.1/../../../../../H-x86_64-pc-linux-gnu/nios2-elf/lib/mno-hw-mul/libc.a(lib_a-memcpy.o)
 .bss           0x000000000002a280        0x0 /home/dereklai/intelFPGA_lite/21.1/nios2eds/bin/gnu/H-x86_64-pc-linux-gnu/bin/../lib/gcc/nios2-elf/10.3.1/../../../../../H-x86_64-pc-linux-gnu/nios2-elf/lib/mno-hw-mul/libc.a(lib_a-memset.o)
 .bss           0x000000000002a280        0x0 /home/dereklai/intelFPGA_lite/21.1/nios2eds/bin/gnu/H-x86_64-pc-linux-gnu/bin/../lib/gcc/nios2-elf/10.3.1/../../../../../H-x86_64-pc-linux-gnu/nios2-elf/lib/mno-hw-mul/libc.a(lib_a-sbrkr.o)
 .bss           0x000000000002a280        0x0 /home/dereklai/intelFPGA_lite/21.1/nios2eds/bin/gnu/H-x86_64-pc-linux-gnu/bin/../lib/gcc/nios2-elf/10.3.1/../../../../../H-x86_64-pc-linux-gnu/nios2-elf/lib/mno-hw-mul/libc.a(lib_a-stdio.o)
 .bss           0x000000000002a280        0x0 /home/dereklai/intelFPGA_lite/21.1/nios2eds/bin/gnu/H-x86_64-pc-linux-gnu/bin/../lib/gcc/nios2-elf/10.3.1/../../../../../H-x86_64-pc-linux-gnu/nios2-elf/lib/mno-hw-mul/libc.a(lib_a-strlen.o)
 .bss           0x000000000002a280        0x0 /home/dereklai/intelFPGA_lite/21.1/nios2eds/bin/gnu/H-x86_64-pc-linux-gnu/bin/../lib/gcc/nios2-elf/10.3.1/../../../../../H-x86_64-pc-linux-gnu/nios2-elf/lib/mno-hw-mul/libc.a(lib_a-writer.o)
 .bss           0x000000000002a280        0x0 /home/dereklai/intelFPGA_lite/21.1/nios2eds/bin/gnu/H-x86_64-pc-linux-gnu/bin/../lib/gcc/nios2-elf/10.3.1/../../../../../H-x86_64-pc-linux-gnu/nios2-elf/lib/mno-hw-mul/libc.a(closer.o)
 .bss           0x000000000002a280        0x0 /home/dereklai/intelFPGA_lite/21.1/nios2eds/bin/gnu/H-x86_64-pc-linux-gnu/bin/../lib/gcc/nios2-elf/10.3.1/../../../../../H-x86_64-pc-linux-gnu/nios2-elf/lib/mno-hw-mul/libc.a(lib_a-fclose.o)
 .bss           0x000000000002a280        0x0 /home/dereklai/intelFPGA_lite/21.1/nios2eds/bin/gnu/H-x86_64-pc-linux-gnu/bin/../lib/gcc/nios2-elf/10.3.1/../../../../../H-x86_64-pc-linux-gnu/nios2-elf/lib/mno-hw-mul/libc.a(lib_a-int_errno.o)
 .bss           0x000000000002a280        0x0 /home/dereklai/intelFPGA_lite/21.1/nios2eds/bin/gnu/H-x86_64-pc-linux-gnu/bin/../lib/gcc/nios2-elf/10.3.1/../../../../../H-x86_64-pc-linux-gnu/nios2-elf/lib/mno-hw-mul/libc.a(lib_a-lseekr.o)
 .bss           0x000000000002a280        0x0 /home/dereklai/intelFPGA_lite/21.1/nios2eds/bin/gnu/H-x86_64-pc-linux-gnu/bin/../lib/gcc/nios2-elf/10.3.1/../../../../../H-x86_64-pc-linux-gnu/nios2-elf/lib/mno-hw-mul/libc.a(lib_a-readr.o)
 .bss           0x000000000002a280        0x0 ../firmware02_bsp//libhal_bsp.a(alt_close.o)
 .bss           0x000000000002a280        0x0 ../firmware02_bsp//libhal_bsp.a(alt_dev.o)
 .bss           0x000000000002a280        0x0 ../firmware02_bsp//libhal_bsp.a(alt_errno.o)
 .bss           0x000000000002a280        0x0 ../firmware02_bsp//libhal_bsp.a(alt_fcntl.o)
 .bss           0x000000000002a280        0x0 ../firmware02_bsp//libhal_bsp.a(alt_irq_register.o)
 .bss           0x000000000002a280        0x0 ../firmware02_bsp//libhal_bsp.a(alt_irq_vars.o)
 .bss           0x000000000002a280        0x0 ../firmware02_bsp//libhal_bsp.a(alt_load.o)
 .bss           0x000000000002a280        0x0 ../firmware02_bsp//libhal_bsp.a(alt_lseek.o)
 .bss           0x000000000002a280        0x0 ../firmware02_bsp//libhal_bsp.a(alt_main.o)
 .bss           0x000000000002a280        0x0 ../firmware02_bsp//libhal_bsp.a(alt_malloc_lock.o)
 .bss           0x000000000002a280        0x0 ../firmware02_bsp//libhal_bsp.a(alt_printf.o)
 .bss           0x000000000002a280        0x0 ../firmware02_bsp//libhal_bsp.a(alt_putchar.o)
 .bss           0x000000000002a280        0x0 ../firmware02_bsp//libhal_bsp.a(alt_read.o)
 .bss           0x000000000002a280        0x0 ../firmware02_bsp//libhal_bsp.a(alt_release_fd.o)
 .bss           0x000000000002a280        0x0 ../firmware02_bsp//libhal_bsp.a(alt_sbrk.o)
 .bss           0x000000000002a280        0x0 ../firmware02_bsp//libhal_bsp.a(alt_write.o)
 .bss           0x000000000002a280        0x0 ../firmware02_bsp//libhal_bsp.a(alt_sys_init.o)
 .bss           0x000000000002a280        0x0 ../firmware02_bsp//libhal_bsp.a(altera_avalon_jtag_uart_fd.o)
 .bss           0x000000000002a280        0x0 ../firmware02_bsp//libhal_bsp.a(altera_avalon_jtag_uart_init.o)
 .bss           0x000000000002a280        0x0 ../firmware02_bsp//libhal_bsp.a(altera_avalon_jtag_uart_ioctl.o)
 .bss           0x000000000002a280        0x0 ../firmware02_bsp//libhal_bsp.a(altera_avalon_jtag_uart_read.o)
 .bss           0x000000000002a280        0x0 ../firmware02_bsp//libhal_bsp.a(altera_avalon_jtag_uart_write.o)
 .bss           0x000000000002a280        0x0 ../firmware02_bsp//libhal_bsp.a(altera_avalon_timer_sc.o)
 .bss           0x000000000002a280        0x0 ../firmware02_bsp//libhal_bsp.a(altera_avalon_timer_ts.o)
 .bss           0x000000000002a280        0x0 ../firmware02_bsp//libhal_bsp.a(altera_avalon_timer_vars.o)
 .bss           0x000000000002a280        0x0 ../firmware02_bsp//libhal_bsp.a(altera_up_avalon_accelerometer_spi.o)
 .bss           0x000000000002a280        0x0 ../firmware02_bsp//libhal_bsp.a(alt_alarm_start.o)
 .bss           0x000000000002a280        0x0 ../firmware02_bsp//libhal_bsp.a(alt_dcache_flush_all.o)
 .bss           0x000000000002a280        0x0 ../firmware02_bsp//libhal_bsp.a(alt_dev_llist_insert.o)
 .bss           0x000000000002a280        0x0 ../firmware02_bsp//libhal_bsp.a(alt_do_ctors.o)
 .bss           0x000000000002a280        0x0 ../firmware02_bsp//libhal_bsp.a(alt_do_dtors.o)
 .bss           0x000000000002a280        0x0 ../firmware02_bsp//libhal_bsp.a(alt_find_dev.o)
 .bss           0x000000000002a280        0x0 ../firmware02_bsp//libhal_bsp.a(alt_icache_flush_all.o)
 .bss           0x000000000002a280        0x0 ../firmware02_bsp//libhal_bsp.a(alt_io_redirect.o)
 .bss           0x000000000002a280        0x0 ../firmware02_bsp//libhal_bsp.a(alt_irq_entry.o)
 .bss           0x000000000002a280      0x100 ../firmware02_bsp//libhal_bsp.a(alt_irq_handler.o)
                0x000000000002a280                alt_irq
 .bss           0x000000000002a380        0x0 ../firmware02_bsp//libhal_bsp.a(alt_open.o)
 .bss           0x000000000002a380        0x0 ../firmware02_bsp//libhal_bsp.a(alt_tick.o)
 .bss           0x000000000002a380        0x0 ../firmware02_bsp//libhal_bsp.a(altera_nios2_gen2_irq.o)
 .bss           0x000000000002a380        0x0 ../firmware02_bsp//libhal_bsp.a(alt_exception_entry.o)
 .bss           0x000000000002a380        0x0 ../firmware02_bsp//libhal_bsp.a(alt_find_file.o)
 .bss           0x000000000002a380        0x0 ../firmware02_bsp//libhal_bsp.a(alt_get_fd.o)
 .bss           0x000000000002a380        0x0 ../firmware02_bsp//libhal_bsp.a(alt_instruction_exception_entry.o)
 .bss           0x000000000002a380        0x0 /home/dereklai/intelFPGA_lite/21.1/nios2eds/bin/gnu/H-x86_64-pc-linux-gnu/bin/../lib/gcc/nios2-elf/10.3.1/../../../../../H-x86_64-pc-linux-gnu/nios2-elf/lib/mno-hw-mul/libc.a(lib_a-atexit.o)
 .bss           0x000000000002a380        0x0 /home/dereklai/intelFPGA_lite/21.1/nios2eds/bin/gnu/H-x86_64-pc-linux-gnu/bin/../lib/gcc/nios2-elf/10.3.1/../../../../../H-x86_64-pc-linux-gnu/nios2-elf/lib/mno-hw-mul/libc.a(lib_a-exit.o)
 .bss           0x000000000002a380        0x0 /home/dereklai/intelFPGA_lite/21.1/nios2eds/bin/gnu/H-x86_64-pc-linux-gnu/bin/../lib/gcc/nios2-elf/10.3.1/../../../../../H-x86_64-pc-linux-gnu/nios2-elf/lib/mno-hw-mul/libc.a(lib_a-memcmp.o)
 .bss           0x000000000002a380        0x0 /home/dereklai/intelFPGA_lite/21.1/nios2eds/bin/gnu/H-x86_64-pc-linux-gnu/bin/../lib/gcc/nios2-elf/10.3.1/../../../../../H-x86_64-pc-linux-gnu/nios2-elf/lib/mno-hw-mul/libc.a(lib_a-putchar.o)
 .bss           0x000000000002a380        0x0 /home/dereklai/intelFPGA_lite/21.1/nios2eds/bin/gnu/H-x86_64-pc-linux-gnu/bin/../lib/gcc/nios2-elf/10.3.1/../../../../../H-x86_64-pc-linux-gnu/nios2-elf/lib/mno-hw-mul/libc.a(lib_a-__atexit.o)
 .bss           0x000000000002a380        0x0 /home/dereklai/intelFPGA_lite/21.1/nios2eds/bin/gnu/H-x86_64-pc-linux-gnu/bin/../lib/gcc/nios2-elf/10.3.1/../../../../../H-x86_64-pc-linux-gnu/nios2-elf/lib/mno-hw-mul/libc.a(lib_a-__call_atexit.o)
 .bss           0x000000000002a380        0x0 /home/dereklai/intelFPGA_lite/21.1/nios2eds/bin/gnu/H-x86_64-pc-linux-gnu/bin/../lib/gcc/nios2-elf/10.3.1/../../../../../H-x86_64-pc-linux-gnu/nios2-elf/lib/mno-hw-mul/libc.a(lib_a-putc.o)
 .bss           0x000000000002a380        0x0 /home/dereklai/intelFPGA_lite/21.1/nios2eds/bin/gnu/H-x86_64-pc-linux-gnu/bin/../lib/gcc/nios2-elf/10.3.1/../../../../../H-x86_64-pc-linux-gnu/nios2-elf/lib/mno-hw-mul/libc.a(lib_a-wbuf.o)
 .bss           0x000000000002a380        0x0 /home/dereklai/intelFPGA_lite/21.1/nios2eds/bin/gnu/H-x86_64-pc-linux-gnu/bin/../lib/gcc/nios2-elf/10.3.1/../../../../../H-x86_64-pc-linux-gnu/nios2-elf/lib/mno-hw-mul/libc.a(lib_a-wsetup.o)
 .bss           0x000000000002a380        0x0 /home/dereklai/intelFPGA_lite/21.1/nios2eds/bin/gnu/H-x86_64-pc-linux-gnu/bin/../lib/gcc/nios2-elf/10.3.1/../../../../../H-x86_64-pc-linux-gnu/nios2-elf/lib/mno-hw-mul/libc.a(lib_a-makebuf.o)
 .bss           0x000000000002a380        0x0 /home/dereklai/intelFPGA_lite/21.1/nios2eds/bin/gnu/H-x86_64-pc-linux-gnu/bin/../lib/gcc/nios2-elf/10.3.1/../../../../../H-x86_64-pc-linux-gnu/nios2-elf/lib/mno-hw-mul/libc.a(lib_a-fstatr.o)
 .bss           0x000000000002a380        0x0 /home/dereklai/intelFPGA_lite/21.1/nios2eds/bin/gnu/H-x86_64-pc-linux-gnu/bin/../lib/gcc/nios2-elf/10.3.1/../../../../../H-x86_64-pc-linux-gnu/nios2-elf/lib/mno-hw-mul/libc.a(lib_a-isattyr.o)
 .bss           0x000000000002a380        0x0 ../firmware02_bsp//libhal_bsp.a(alt_exit.o)
 .bss           0x000000000002a380        0x0 ../firmware02_bsp//libhal_bsp.a(alt_fstat.o)
 .bss           0x000000000002a380        0x0 ../firmware02_bsp//libhal_bsp.a(alt_isatty.o)
 *(COMMON)
                0x000000000002a380                . = ALIGN (0x4)
                0x000000000002a380                __bss_end = ABSOLUTE (.)

.onchip_memory  0x000000000002a380        0x0
                [!provide]                        PROVIDE (_alt_partition_onchip_memory_start = ABSOLUTE (.))
 *(.onchip_memory .onchip_memory. onchip_memory.*)
                0x000000000002a380                . = ALIGN (0x4)
                [!provide]                        PROVIDE (_alt_partition_onchip_memory_end = ABSOLUTE (.))
                0x000000000002a380                _end = ABSOLUTE (.)
                0x000000000002a380                end = ABSOLUTE (.)
                0x000000000002a380                __alt_stack_base = ABSOLUTE (.)
                [!provide]                        PROVIDE (_alt_partition_onchip_memory_load_addr = LOADADDR (.onchip_memory))

.stab
 *(.stab)

.stabstr
 *(.stabstr)

.stab.excl
 *(.stab.excl)

.stab.exclstr
 *(.stab.exclstr)

.stab.index
 *(.stab.index)

.stab.indexstr
 *(.stab.indexstr)

.comment        0x0000000000000000       0x2d
 *(.comment)
 .comment       0x0000000000000000       0x2d obj/default/main.o
                                         0x2e (size before relaxing)
 .comment       0x000000000000002d       0x2e /home/dereklai/intelFPGA_lite/21.1/nios2eds/bin/gnu/H-x86_64-pc-linux-gnu/bin/../lib/gcc/nios2-elf/10.3.1/mno-hw-mul/libgcc.a(lib2-mul.o)
 .comment       0x000000000000002d       0x2e /home/dereklai/intelFPGA_lite/21.1/nios2eds/bin/gnu/H-x86_64-pc-linux-gnu/bin/../lib/gcc/nios2-elf/10.3.1/mno-hw-mul/libgcc.a(divsf3.o)
 .comment       0x000000000000002d       0x2e /home/dereklai/intelFPGA_lite/21.1/nios2eds/bin/gnu/H-x86_64-pc-linux-gnu/bin/../lib/gcc/nios2-elf/10.3.1/mno-hw-mul/libgcc.a(floatsisf.o)
 .comment       0x000000000000002d       0x2e /home/dereklai/intelFPGA_lite/21.1/nios2eds/bin/gnu/H-x86_64-pc-linux-gnu/bin/../lib/gcc/nios2-elf/10.3.1/mno-hw-mul/libgcc.a(_clzsi2.o)
 .comment       0x000000000000002d       0x2e /home/dereklai/intelFPGA_lite/21.1/nios2eds/bin/gnu/H-x86_64-pc-linux-gnu/bin/../lib/gcc/nios2-elf/10.3.1/mno-hw-mul/libgcc.a(_clz.o)
 .comment       0x000000000000002d       0x2e /home/dereklai/intelFPGA_lite/21.1/nios2eds/bin/gnu/H-x86_64-pc-linux-gnu/bin/../lib/gcc/nios2-elf/10.3.1/../../../../../H-x86_64-pc-linux-gnu/nios2-elf/lib/mno-hw-mul/libc.a(lib_a-fflush.o)
 .comment       0x000000000000002d       0x2e /home/dereklai/intelFPGA_lite/21.1/nios2eds/bin/gnu/H-x86_64-pc-linux-gnu/bin/../lib/gcc/nios2-elf/10.3.1/../../../../../H-x86_64-pc-linux-gnu/nios2-elf/lib/mno-hw-mul/libc.a(lib_a-findfp.o)
 .comment       0x000000000000002d       0x2e /home/dereklai/intelFPGA_lite/21.1/nios2eds/bin/gnu/H-x86_64-pc-linux-gnu/bin/../lib/gcc/nios2-elf/10.3.1/../../../../../H-x86_64-pc-linux-gnu/nios2-elf/lib/mno-hw-mul/libc.a(lib_a-freer.o)
 .comment       0x000000000000002d       0x2e /home/dereklai/intelFPGA_lite/21.1/nios2eds/bin/gnu/H-x86_64-pc-linux-gnu/bin/../lib/gcc/nios2-elf/10.3.1/../../../../../H-x86_64-pc-linux-gnu/nios2-elf/lib/mno-hw-mul/libc.a(lib_a-fwalk.o)
 .comment       0x000000000000002d       0x2e /home/dereklai/intelFPGA_lite/21.1/nios2eds/bin/gnu/H-x86_64-pc-linux-gnu/bin/../lib/gcc/nios2-elf/10.3.1/../../../../../H-x86_64-pc-linux-gnu/nios2-elf/lib/mno-hw-mul/libc.a(lib_a-impure.o)
 .comment       0x000000000000002d       0x2e /home/dereklai/intelFPGA_lite/21.1/nios2eds/bin/gnu/H-x86_64-pc-linux-gnu/bin/../lib/gcc/nios2-elf/10.3.1/../../../../../H-x86_64-pc-linux-gnu/nios2-elf/lib/mno-hw-mul/libc.a(lib_a-mallocr.o)
 .comment       0x000000000000002d       0x2e /home/dereklai/intelFPGA_lite/21.1/nios2eds/bin/gnu/H-x86_64-pc-linux-gnu/bin/../lib/gcc/nios2-elf/10.3.1/../../../../../H-x86_64-pc-linux-gnu/nios2-elf/lib/mno-hw-mul/libc.a(lib_a-memcpy.o)
 .comment       0x000000000000002d       0x2e /home/dereklai/intelFPGA_lite/21.1/nios2eds/bin/gnu/H-x86_64-pc-linux-gnu/bin/../lib/gcc/nios2-elf/10.3.1/../../../../../H-x86_64-pc-linux-gnu/nios2-elf/lib/mno-hw-mul/libc.a(lib_a-memset.o)
 .comment       0x000000000000002d       0x2e /home/dereklai/intelFPGA_lite/21.1/nios2eds/bin/gnu/H-x86_64-pc-linux-gnu/bin/../lib/gcc/nios2-elf/10.3.1/../../../../../H-x86_64-pc-linux-gnu/nios2-elf/lib/mno-hw-mul/libc.a(lib_a-sbrkr.o)
 .comment       0x000000000000002d       0x2e /home/dereklai/intelFPGA_lite/21.1/nios2eds/bin/gnu/H-x86_64-pc-linux-gnu/bin/../lib/gcc/nios2-elf/10.3.1/../../../../../H-x86_64-pc-linux-gnu/nios2-elf/lib/mno-hw-mul/libc.a(lib_a-stdio.o)
 .comment       0x000000000000002d       0x2e /home/dereklai/intelFPGA_lite/21.1/nios2eds/bin/gnu/H-x86_64-pc-linux-gnu/bin/../lib/gcc/nios2-elf/10.3.1/../../../../../H-x86_64-pc-linux-gnu/nios2-elf/lib/mno-hw-mul/libc.a(lib_a-strlen.o)
 .comment       0x000000000000002d       0x2e /home/dereklai/intelFPGA_lite/21.1/nios2eds/bin/gnu/H-x86_64-pc-linux-gnu/bin/../lib/gcc/nios2-elf/10.3.1/../../../../../H-x86_64-pc-linux-gnu/nios2-elf/lib/mno-hw-mul/libc.a(lib_a-writer.o)
 .comment       0x000000000000002d       0x2e /home/dereklai/intelFPGA_lite/21.1/nios2eds/bin/gnu/H-x86_64-pc-linux-gnu/bin/../lib/gcc/nios2-elf/10.3.1/../../../../../H-x86_64-pc-linux-gnu/nios2-elf/lib/mno-hw-mul/libc.a(closer.o)
 .comment       0x000000000000002d       0x2e /home/dereklai/intelFPGA_lite/21.1/nios2eds/bin/gnu/H-x86_64-pc-linux-gnu/bin/../lib/gcc/nios2-elf/10.3.1/../../../../../H-x86_64-pc-linux-gnu/nios2-elf/lib/mno-hw-mul/libc.a(lib_a-fclose.o)
 .comment       0x000000000000002d       0x2e /home/dereklai/intelFPGA_lite/21.1/nios2eds/bin/gnu/H-x86_64-pc-linux-gnu/bin/../lib/gcc/nios2-elf/10.3.1/../../../../../H-x86_64-pc-linux-gnu/nios2-elf/lib/mno-hw-mul/libc.a(lib_a-int_errno.o)
 .comment       0x000000000000002d       0x2e /home/dereklai/intelFPGA_lite/21.1/nios2eds/bin/gnu/H-x86_64-pc-linux-gnu/bin/../lib/gcc/nios2-elf/10.3.1/../../../../../H-x86_64-pc-linux-gnu/nios2-elf/lib/mno-hw-mul/libc.a(lib_a-lseekr.o)
 .comment       0x000000000000002d       0x2e /home/dereklai/intelFPGA_lite/21.1/nios2eds/bin/gnu/H-x86_64-pc-linux-gnu/bin/../lib/gcc/nios2-elf/10.3.1/../../../../../H-x86_64-pc-linux-gnu/nios2-elf/lib/mno-hw-mul/libc.a(lib_a-readr.o)
 .comment       0x000000000000002d       0x2e ../firmware02_bsp//libhal_bsp.a(alt_close.o)
 .comment       0x000000000000002d       0x2e ../firmware02_bsp//libhal_bsp.a(alt_dev.o)
 .comment       0x000000000000002d       0x2e ../firmware02_bsp//libhal_bsp.a(alt_errno.o)
 .comment       0x000000000000002d       0x2e ../firmware02_bsp//libhal_bsp.a(alt_fcntl.o)
 .comment       0x000000000000002d       0x2e ../firmware02_bsp//libhal_bsp.a(alt_irq_register.o)
 .comment       0x000000000000002d       0x2e ../firmware02_bsp//libhal_bsp.a(alt_irq_vars.o)
 .comment       0x000000000000002d       0x2e ../firmware02_bsp//libhal_bsp.a(alt_load.o)
 .comment       0x000000000000002d       0x2e ../firmware02_bsp//libhal_bsp.a(alt_lseek.o)
 .comment       0x000000000000002d       0x2e ../firmware02_bsp//libhal_bsp.a(alt_main.o)
 .comment       0x000000000000002d       0x2e ../firmware02_bsp//libhal_bsp.a(alt_malloc_lock.o)
 .comment       0x000000000000002d       0x2e ../firmware02_bsp//libhal_bsp.a(alt_printf.o)
 .comment       0x000000000000002d       0x2e ../firmware02_bsp//libhal_bsp.a(alt_putchar.o)
 .comment       0x000000000000002d       0x2e ../firmware02_bsp//libhal_bsp.a(alt_read.o)
 .comment       0x000000000000002d       0x2e ../firmware02_bsp//libhal_bsp.a(alt_release_fd.o)
 .comment       0x000000000000002d       0x2e ../firmware02_bsp//libhal_bsp.a(alt_sbrk.o)
 .comment       0x000000000000002d       0x2e ../firmware02_bsp//libhal_bsp.a(alt_write.o)
 .comment       0x000000000000002d       0x2e ../firmware02_bsp//libhal_bsp.a(alt_sys_init.o)
 .comment       0x000000000000002d       0x2e ../firmware02_bsp//libhal_bsp.a(altera_avalon_jtag_uart_fd.o)
 .comment       0x000000000000002d       0x2e ../firmware02_bsp//libhal_bsp.a(altera_avalon_jtag_uart_init.o)
 .comment       0x000000000000002d       0x2e ../firmware02_bsp//libhal_bsp.a(altera_avalon_jtag_uart_ioctl.o)
 .comment       0x000000000000002d       0x2e ../firmware02_bsp//libhal_bsp.a(altera_avalon_jtag_uart_read.o)
 .comment       0x000000000000002d       0x2e ../firmware02_bsp//libhal_bsp.a(altera_avalon_jtag_uart_write.o)
 .comment       0x000000000000002d       0x2e ../firmware02_bsp//libhal_bsp.a(altera_avalon_timer_sc.o)
 .comment       0x000000000000002d       0x2e ../firmware02_bsp//libhal_bsp.a(altera_avalon_timer_ts.o)
 .comment       0x000000000000002d       0x2e ../firmware02_bsp//libhal_bsp.a(altera_avalon_timer_vars.o)
 .comment       0x000000000000002d       0x2e ../firmware02_bsp//libhal_bsp.a(altera_up_avalon_accelerometer_spi.o)
 .comment       0x000000000000002d       0x2e ../firmware02_bsp//libhal_bsp.a(alt_alarm_start.o)
 .comment       0x000000000000002d       0x2e ../firmware02_bsp//libhal_bsp.a(alt_dcache_flush_all.o)
 .comment       0x000000000000002d       0x2e ../firmware02_bsp//libhal_bsp.a(alt_dev_llist_insert.o)
 .comment       0x000000000000002d       0x2e ../firmware02_bsp//libhal_bsp.a(alt_do_ctors.o)
 .comment       0x000000000000002d       0x2e ../firmware02_bsp//libhal_bsp.a(alt_do_dtors.o)
 .comment       0x000000000000002d       0x2e ../firmware02_bsp//libhal_bsp.a(alt_find_dev.o)
 .comment       0x000000000000002d       0x2e ../firmware02_bsp//libhal_bsp.a(alt_icache_flush_all.o)
 .comment       0x000000000000002d       0x2e ../firmware02_bsp//libhal_bsp.a(alt_io_redirect.o)
 .comment       0x000000000000002d       0x2e ../firmware02_bsp//libhal_bsp.a(alt_irq_handler.o)
 .comment       0x000000000000002d       0x2e ../firmware02_bsp//libhal_bsp.a(alt_open.o)
 .comment       0x000000000000002d       0x2e ../firmware02_bsp//libhal_bsp.a(alt_tick.o)
 .comment       0x000000000000002d       0x2e ../firmware02_bsp//libhal_bsp.a(altera_nios2_gen2_irq.o)
 .comment       0x000000000000002d       0x2e ../firmware02_bsp//libhal_bsp.a(alt_find_file.o)
 .comment       0x000000000000002d       0x2e ../firmware02_bsp//libhal_bsp.a(alt_get_fd.o)
 .comment       0x000000000000002d       0x2e ../firmware02_bsp//libhal_bsp.a(alt_instruction_exception_entry.o)
 .comment       0x000000000000002d       0x2e /home/dereklai/intelFPGA_lite/21.1/nios2eds/bin/gnu/H-x86_64-pc-linux-gnu/bin/../lib/gcc/nios2-elf/10.3.1/../../../../../H-x86_64-pc-linux-gnu/nios2-elf/lib/mno-hw-mul/libc.a(lib_a-atexit.o)
 .comment       0x000000000000002d       0x2e /home/dereklai/intelFPGA_lite/21.1/nios2eds/bin/gnu/H-x86_64-pc-linux-gnu/bin/../lib/gcc/nios2-elf/10.3.1/../../../../../H-x86_64-pc-linux-gnu/nios2-elf/lib/mno-hw-mul/libc.a(lib_a-exit.o)
 .comment       0x000000000000002d       0x2e /home/dereklai/intelFPGA_lite/21.1/nios2eds/bin/gnu/H-x86_64-pc-linux-gnu/bin/../lib/gcc/nios2-elf/10.3.1/../../../../../H-x86_64-pc-linux-gnu/nios2-elf/lib/mno-hw-mul/libc.a(lib_a-memcmp.o)
 .comment       0x000000000000002d       0x2e /home/dereklai/intelFPGA_lite/21.1/nios2eds/bin/gnu/H-x86_64-pc-linux-gnu/bin/../lib/gcc/nios2-elf/10.3.1/../../../../../H-x86_64-pc-linux-gnu/nios2-elf/lib/mno-hw-mul/libc.a(lib_a-putchar.o)
 .comment       0x000000000000002d       0x2e /home/dereklai/intelFPGA_lite/21.1/nios2eds/bin/gnu/H-x86_64-pc-linux-gnu/bin/../lib/gcc/nios2-elf/10.3.1/../../../../../H-x86_64-pc-linux-gnu/nios2-elf/lib/mno-hw-mul/libc.a(lib_a-__atexit.o)
 .comment       0x000000000000002d       0x2e /home/dereklai/intelFPGA_lite/21.1/nios2eds/bin/gnu/H-x86_64-pc-linux-gnu/bin/../lib/gcc/nios2-elf/10.3.1/../../../../../H-x86_64-pc-linux-gnu/nios2-elf/lib/mno-hw-mul/libc.a(lib_a-__call_atexit.o)
 .comment       0x000000000000002d       0x2e /home/dereklai/intelFPGA_lite/21.1/nios2eds/bin/gnu/H-x86_64-pc-linux-gnu/bin/../lib/gcc/nios2-elf/10.3.1/../../../../../H-x86_64-pc-linux-gnu/nios2-elf/lib/mno-hw-mul/libc.a(lib_a-putc.o)
 .comment       0x000000000000002d       0x2e /home/dereklai/intelFPGA_lite/21.1/nios2eds/bin/gnu/H-x86_64-pc-linux-gnu/bin/../lib/gcc/nios2-elf/10.3.1/../../../../../H-x86_64-pc-linux-gnu/nios2-elf/lib/mno-hw-mul/libc.a(lib_a-wbuf.o)
 .comment       0x000000000000002d       0x2e /home/dereklai/intelFPGA_lite/21.1/nios2eds/bin/gnu/H-x86_64-pc-linux-gnu/bin/../lib/gcc/nios2-elf/10.3.1/../../../../../H-x86_64-pc-linux-gnu/nios2-elf/lib/mno-hw-mul/libc.a(lib_a-wsetup.o)
 .comment       0x000000000000002d       0x2e /home/dereklai/intelFPGA_lite/21.1/nios2eds/bin/gnu/H-x86_64-pc-linux-gnu/bin/../lib/gcc/nios2-elf/10.3.1/../../../../../H-x86_64-pc-linux-gnu/nios2-elf/lib/mno-hw-mul/libc.a(lib_a-makebuf.o)
 .comment       0x000000000000002d       0x2e /home/dereklai/intelFPGA_lite/21.1/nios2eds/bin/gnu/H-x86_64-pc-linux-gnu/bin/../lib/gcc/nios2-elf/10.3.1/../../../../../H-x86_64-pc-linux-gnu/nios2-elf/lib/mno-hw-mul/libc.a(lib_a-fstatr.o)
 .comment       0x000000000000002d       0x2e /home/dereklai/intelFPGA_lite/21.1/nios2eds/bin/gnu/H-x86_64-pc-linux-gnu/bin/../lib/gcc/nios2-elf/10.3.1/../../../../../H-x86_64-pc-linux-gnu/nios2-elf/lib/mno-hw-mul/libc.a(lib_a-isattyr.o)
 .comment       0x000000000000002d       0x2e ../firmware02_bsp//libhal_bsp.a(alt_exit.o)
 .comment       0x000000000000002d       0x2e ../firmware02_bsp//libhal_bsp.a(alt_fstat.o)
 .comment       0x000000000000002d       0x2e ../firmware02_bsp//libhal_bsp.a(alt_isatty.o)

.debug
 *(.debug)

.line
 *(.line)

.debug_srcinfo
 *(.debug_srcinfo)

.debug_sfnames
 *(.debug_sfnames)

.debug_aranges  0x0000000000000000      0xb00
 *(.debug_aranges)
 .debug_aranges
                0x0000000000000000       0x28 ../firmware02_bsp//obj/HAL/src/crt0.o
 .debug_aranges
                0x0000000000000028       0x20 obj/default/main.o
 .debug_aranges
                0x0000000000000048       0x20 /home/dereklai/intelFPGA_lite/21.1/nios2eds/bin/gnu/H-x86_64-pc-linux-gnu/bin/../lib/gcc/nios2-elf/10.3.1/mno-hw-mul/libgcc.a(lib2-mul.o)
 .debug_aranges
                0x0000000000000068       0x20 /home/dereklai/intelFPGA_lite/21.1/nios2eds/bin/gnu/H-x86_64-pc-linux-gnu/bin/../lib/gcc/nios2-elf/10.3.1/mno-hw-mul/libgcc.a(divsf3.o)
 .debug_aranges
                0x0000000000000088       0x20 /home/dereklai/intelFPGA_lite/21.1/nios2eds/bin/gnu/H-x86_64-pc-linux-gnu/bin/../lib/gcc/nios2-elf/10.3.1/mno-hw-mul/libgcc.a(floatsisf.o)
 .debug_aranges
                0x00000000000000a8       0x20 /home/dereklai/intelFPGA_lite/21.1/nios2eds/bin/gnu/H-x86_64-pc-linux-gnu/bin/../lib/gcc/nios2-elf/10.3.1/mno-hw-mul/libgcc.a(_clzsi2.o)
 .debug_aranges
                0x00000000000000c8       0x18 /home/dereklai/intelFPGA_lite/21.1/nios2eds/bin/gnu/H-x86_64-pc-linux-gnu/bin/../lib/gcc/nios2-elf/10.3.1/mno-hw-mul/libgcc.a(_clz.o)
 .debug_aranges
                0x00000000000000e0       0x30 /home/dereklai/intelFPGA_lite/21.1/nios2eds/bin/gnu/H-x86_64-pc-linux-gnu/bin/../lib/gcc/nios2-elf/10.3.1/../../../../../H-x86_64-pc-linux-gnu/nios2-elf/lib/mno-hw-mul/libc.a(lib_a-fflush.o)
 .debug_aranges
                0x0000000000000110       0x68 /home/dereklai/intelFPGA_lite/21.1/nios2eds/bin/gnu/H-x86_64-pc-linux-gnu/bin/../lib/gcc/nios2-elf/10.3.1/../../../../../H-x86_64-pc-linux-gnu/nios2-elf/lib/mno-hw-mul/libc.a(lib_a-findfp.o)
 .debug_aranges
                0x0000000000000178       0x28 /home/dereklai/intelFPGA_lite/21.1/nios2eds/bin/gnu/H-x86_64-pc-linux-gnu/bin/../lib/gcc/nios2-elf/10.3.1/../../../../../H-x86_64-pc-linux-gnu/nios2-elf/lib/mno-hw-mul/libc.a(lib_a-freer.o)
 .debug_aranges
                0x00000000000001a0       0x28 /home/dereklai/intelFPGA_lite/21.1/nios2eds/bin/gnu/H-x86_64-pc-linux-gnu/bin/../lib/gcc/nios2-elf/10.3.1/../../../../../H-x86_64-pc-linux-gnu/nios2-elf/lib/mno-hw-mul/libc.a(lib_a-fwalk.o)
 .debug_aranges
                0x00000000000001c8       0x18 /home/dereklai/intelFPGA_lite/21.1/nios2eds/bin/gnu/H-x86_64-pc-linux-gnu/bin/../lib/gcc/nios2-elf/10.3.1/../../../../../H-x86_64-pc-linux-gnu/nios2-elf/lib/mno-hw-mul/libc.a(lib_a-impure.o)
 .debug_aranges
                0x00000000000001e0       0x20 /home/dereklai/intelFPGA_lite/21.1/nios2eds/bin/gnu/H-x86_64-pc-linux-gnu/bin/../lib/gcc/nios2-elf/10.3.1/../../../../../H-x86_64-pc-linux-gnu/nios2-elf/lib/mno-hw-mul/libc.a(lib_a-mallocr.o)
 .debug_aranges
                0x0000000000000200       0x20 /home/dereklai/intelFPGA_lite/21.1/nios2eds/bin/gnu/H-x86_64-pc-linux-gnu/bin/../lib/gcc/nios2-elf/10.3.1/../../../../../H-x86_64-pc-linux-gnu/nios2-elf/lib/mno-hw-mul/libc.a(lib_a-memcpy.o)
 .debug_aranges
                0x0000000000000220       0x20 /home/dereklai/intelFPGA_lite/21.1/nios2eds/bin/gnu/H-x86_64-pc-linux-gnu/bin/../lib/gcc/nios2-elf/10.3.1/../../../../../H-x86_64-pc-linux-gnu/nios2-elf/lib/mno-hw-mul/libc.a(lib_a-memset.o)
 .debug_aranges
                0x0000000000000240       0x20 /home/dereklai/intelFPGA_lite/21.1/nios2eds/bin/gnu/H-x86_64-pc-linux-gnu/bin/../lib/gcc/nios2-elf/10.3.1/../../../../../H-x86_64-pc-linux-gnu/nios2-elf/lib/mno-hw-mul/libc.a(lib_a-sbrkr.o)
 .debug_aranges
                0x0000000000000260       0x40 /home/dereklai/intelFPGA_lite/21.1/nios2eds/bin/gnu/H-x86_64-pc-linux-gnu/bin/../lib/gcc/nios2-elf/10.3.1/../../../../../H-x86_64-pc-linux-gnu/nios2-elf/lib/mno-hw-mul/libc.a(lib_a-stdio.o)
 .debug_aranges
                0x00000000000002a0       0x20 /home/dereklai/intelFPGA_lite/21.1/nios2eds/bin/gnu/H-x86_64-pc-linux-gnu/bin/../lib/gcc/nios2-elf/10.3.1/../../../../../H-x86_64-pc-linux-gnu/nios2-elf/lib/mno-hw-mul/libc.a(lib_a-strlen.o)
 .debug_aranges
                0x00000000000002c0       0x20 /home/dereklai/intelFPGA_lite/21.1/nios2eds/bin/gnu/H-x86_64-pc-linux-gnu/bin/../lib/gcc/nios2-elf/10.3.1/../../../../../H-x86_64-pc-linux-gnu/nios2-elf/lib/mno-hw-mul/libc.a(lib_a-writer.o)
 .debug_aranges
                0x00000000000002e0       0x20 /home/dereklai/intelFPGA_lite/21.1/nios2eds/bin/gnu/H-x86_64-pc-linux-gnu/bin/../lib/gcc/nios2-elf/10.3.1/../../../../../H-x86_64-pc-linux-gnu/nios2-elf/lib/mno-hw-mul/libc.a(closer.o)
 .debug_aranges
                0x0000000000000300       0x30 /home/dereklai/intelFPGA_lite/21.1/nios2eds/bin/gnu/H-x86_64-pc-linux-gnu/bin/../lib/gcc/nios2-elf/10.3.1/../../../../../H-x86_64-pc-linux-gnu/nios2-elf/lib/mno-hw-mul/libc.a(lib_a-fclose.o)
 .debug_aranges