Archive member included to satisfy reference by file (symbol)

../nuttynios-firmware2_bsp/\libhal_bsp.a(alt_load.o)
                              ../nuttynios-firmware2_bsp//obj/HAL/src/crt0.o (alt_load)
../nuttynios-firmware2_bsp/\libhal_bsp.a(alt_main.o)
                              ../nuttynios-firmware2_bsp//obj/HAL/src/crt0.o (alt_main)
../nuttynios-firmware2_bsp/\libhal_bsp.a(alt_printf.o)
                              obj/default/main.o (alt_printf)
../nuttynios-firmware2_bsp/\libhal_bsp.a(alt_putchar.o)
                              ../nuttynios-firmware2_bsp/\libhal_bsp.a(alt_printf.o) (alt_putchar)
../nuttynios-firmware2_bsp/\libhal_bsp.a(alt_sys_init.o)
                              ../nuttynios-firmware2_bsp/\libhal_bsp.a(alt_main.o) (alt_irq_init)
../nuttynios-firmware2_bsp/\libhal_bsp.a(altera_avalon_jtag_uart_fd.o)
                              ../nuttynios-firmware2_bsp/\libhal_bsp.a(alt_sys_init.o) (altera_avalon_jtag_uart_read_fd)
../nuttynios-firmware2_bsp/\libhal_bsp.a(altera_avalon_jtag_uart_init.o)
                              ../nuttynios-firmware2_bsp/\libhal_bsp.a(alt_sys_init.o) (altera_avalon_jtag_uart_init)
../nuttynios-firmware2_bsp/\libhal_bsp.a(altera_avalon_jtag_uart_ioctl.o)
                              ../nuttynios-firmware2_bsp/\libhal_bsp.a(altera_avalon_jtag_uart_fd.o) (altera_avalon_jtag_uart_ioctl)
../nuttynios-firmware2_bsp/\libhal_bsp.a(altera_avalon_jtag_uart_read.o)
                              ../nuttynios-firmware2_bsp/\libhal_bsp.a(altera_avalon_jtag_uart_fd.o) (altera_avalon_jtag_uart_read)
../nuttynios-firmware2_bsp/\libhal_bsp.a(altera_avalon_jtag_uart_write.o)
                              ../nuttynios-firmware2_bsp/\libhal_bsp.a(altera_avalon_jtag_uart_fd.o) (altera_avalon_jtag_uart_write)
../nuttynios-firmware2_bsp/\libhal_bsp.a(altera_up_avalon_accelerometer_spi.o)
                              obj/default/main.o (alt_up_accelerometer_spi_open_dev)
../nuttynios-firmware2_bsp/\libhal_bsp.a(alt_alarm_start.o)
                              ../nuttynios-firmware2_bsp/\libhal_bsp.a(altera_avalon_jtag_uart_init.o) (alt_alarm_start)
../nuttynios-firmware2_bsp/\libhal_bsp.a(alt_close.o)
                              ../nuttynios-firmware2_bsp/\libhal_bsp.a(alt_main.o) (close)
../nuttynios-firmware2_bsp/\libhal_bsp.a(alt_dcache_flush_all.o)
                              ../nuttynios-firmware2_bsp/\libhal_bsp.a(alt_load.o) (alt_dcache_flush_all)
../nuttynios-firmware2_bsp/\libhal_bsp.a(alt_dev.o)
                              ../nuttynios-firmware2_bsp/\libhal_bsp.a(alt_sys_init.o) (alt_dev_list)
../nuttynios-firmware2_bsp/\libhal_bsp.a(alt_dev_llist_insert.o)
                              ../nuttynios-firmware2_bsp/\libhal_bsp.a(alt_sys_init.o) (alt_dev_llist_insert)
../nuttynios-firmware2_bsp/\libhal_bsp.a(alt_do_ctors.o)
                              ../nuttynios-firmware2_bsp/\libhal_bsp.a(alt_main.o) (_do_ctors)
../nuttynios-firmware2_bsp/\libhal_bsp.a(alt_do_dtors.o)
                              ../nuttynios-firmware2_bsp/\libhal_bsp.a(alt_main.o) (_do_dtors)
../nuttynios-firmware2_bsp/\libhal_bsp.a(alt_errno.o)
                              ../nuttynios-firmware2_bsp/\libhal_bsp.a(alt_close.o) (alt_errno)
../nuttynios-firmware2_bsp/\libhal_bsp.a(alt_find_dev.o)
                              ../nuttynios-firmware2_bsp/\libhal_bsp.a(altera_up_avalon_accelerometer_spi.o) (alt_find_dev)
../nuttynios-firmware2_bsp/\libhal_bsp.a(alt_icache_flush_all.o)
                              ../nuttynios-firmware2_bsp/\libhal_bsp.a(alt_load.o) (alt_icache_flush_all)
../nuttynios-firmware2_bsp/\libhal_bsp.a(alt_io_redirect.o)
                              ../nuttynios-firmware2_bsp/\libhal_bsp.a(alt_main.o) (alt_io_redirect)
../nuttynios-firmware2_bsp/\libhal_bsp.a(alt_irq_register.o)
                              ../nuttynios-firmware2_bsp/\libhal_bsp.a(altera_avalon_jtag_uart_init.o) (alt_irq_register)
../nuttynios-firmware2_bsp/\libhal_bsp.a(alt_irq_vars.o)
                              ../nuttynios-firmware2_bsp/\libhal_bsp.a(alt_irq_register.o) (alt_irq_active)
../nuttynios-firmware2_bsp/\libhal_bsp.a(alt_open.o)
                              ../nuttynios-firmware2_bsp/\libhal_bsp.a(alt_io_redirect.o) (open)
../nuttynios-firmware2_bsp/\libhal_bsp.a(alt_release_fd.o)
                              ../nuttynios-firmware2_bsp/\libhal_bsp.a(alt_close.o) (alt_release_fd)
../nuttynios-firmware2_bsp/\libhal_bsp.a(alt_tick.o)
                              ../nuttynios-firmware2_bsp/\libhal_bsp.a(altera_avalon_jtag_uart_init.o) (_alt_tick_rate)
../nuttynios-firmware2_bsp/\libhal_bsp.a(altera_nios2_gen2_irq.o)
                              ../nuttynios-firmware2_bsp/\libhal_bsp.a(alt_sys_init.o) (altera_nios2_gen2_irq_init)
../nuttynios-firmware2_bsp/\libhal_bsp.a(alt_find_file.o)
                              ../nuttynios-firmware2_bsp/\libhal_bsp.a(alt_open.o) (alt_find_file)
../nuttynios-firmware2_bsp/\libhal_bsp.a(alt_get_fd.o)
[...]
Memory Configuration

Name             Origin             Length             Attributes
reset            0x0000000000010000 0x0000000000000020
onchip_memory    0x0000000000010020 0x000000000000ffe0
*default*        0x0000000000000000 0xffffffffffffffff

Linker script and memory map

LOAD ../nuttynios-firmware2_bsp//obj/HAL/src/crt0.o
LOAD obj/default/main.o
LOAD c:/intelfpga_lite/18.0/nios2eds/bin/gnu/h-x86_64-mingw32/bin/../lib/gcc/nios2-elf/5.3.0/../../../../../H-x86_64-mingw32/nios2-elf/lib/mno-hw-mul\libstdc++.a
LOAD c:/intelfpga_lite/18.0/nios2eds/bin/gnu/h-x86_64-mingw32/bin/../lib/gcc/nios2-elf/5.3.0/../../../../../H-x86_64-mingw32/nios2-elf/lib/mno-hw-mul\libm.a
LOAD c:/intelfpga_lite/18.0/nios2eds/bin/gnu/h-x86_64-mingw32/bin/../lib/gcc/nios2-elf/5.3.0/mno-hw-mul\libgcc.a
START GROUP
LOAD c:/intelfpga_lite/18.0/nios2eds/bin/gnu/h-x86_64-mingw32/bin/../lib/gcc/nios2-elf/5.3.0/../../../../../H-x86_64-mingw32/nios2-elf/lib/mno-hw-mul\libc.a
LOAD c:/intelfpga_lite/18.0/nios2eds/bin/gnu/h-x86_64-mingw32/bin/../lib/gcc/nios2-elf/5.3.0/mno-hw-mul\libgcc.a
LOAD ../nuttynios-firmware2_bsp/\libhal_bsp.a
LOAD c:/intelfpga_lite/18.0/nios2eds/bin/gnu/h-x86_64-mingw32/bin/../lib/gcc/nios2-elf/5.3.0/../../../../../H-x86_64-mingw32/nios2-elf/lib/mno-hw-mul\libm.a
END GROUP
LOAD c:/intelfpga_lite/18.0/nios2eds/bin/gnu/h-x86_64-mingw32/bin/../lib/gcc/nios2-elf/5.3.0/mno-hw-mul\libgcc.a
                0x0000000000010000                __alt_mem_onchip_memory = 0x10000

.entry          0x0000000000010000       0x20
 *(.entry)
 .entry         0x0000000000010000       0x20 ../nuttynios-firmware2_bsp//obj/HAL/src/crt0.o
                0x0000000000010000                __reset

.exceptions     0x0000000000010020      0x214
                0x0000000000010020                PROVIDE (__ram_exceptions_start, ABSOLUTE (.))
                0x0000000000010020                . = ALIGN (0x20)
 *(.irq)
 *(.exceptions.entry.label)
 .exceptions.entry.label
                0x0000000000010020        0x0 ../nuttynios-firmware2_bsp/\libhal_bsp.a(alt_irq_entry.o)
                0x0000000000010020                alt_irq_entry
 .exceptions.entry.label
                0x0000000000010020        0x0 ../nuttynios-firmware2_bsp/\libhal_bsp.a(alt_exception_entry.o)
                0x0000000000010020                alt_exception
 *(.exceptions.entry.user)
 *(.exceptions.entry.ecc_fatal)
 *(.exceptions.entry)
 .exceptions.entry
                0x0000000000010020       0x54 ../nuttynios-firmware2_bsp/\libhal_bsp.a(alt_exception_entry.o)
 *(.exceptions.irqtest.user)
 *(.exceptions.irqtest)
 .exceptions.irqtest
                0x0000000000010074       0x10 ../nuttynios-firmware2_bsp/\libhal_bsp.a(alt_irq_entry.o)
 *(.exceptions.irqhandler.user)
 *(.exceptions.irqhandler)
 .exceptions.irqhandler
                0x0000000000010084        0x4 ../nuttynios-firmware2_bsp/\libhal_bsp.a(alt_irq_entry.o)
 *(.exceptions.irqreturn.user)
 *(.exceptions.irqreturn)
 .exceptions.irqreturn
                0x0000000000010088        0x4 ../nuttynios-firmware2_bsp/\libhal_bsp.a(alt_irq_entry.o)
 *(.exceptions.notirq.label)
 .exceptions.notirq.label
                0x000000000001008c        0x0 ../nuttynios-firmware2_bsp/\libhal_bsp.a(alt_irq_entry.o)
 *(.exceptions.notirq.user)
 *(.exceptions.notirq)
 .exceptions.notirq
                0x000000000001008c        0x8 ../nuttynios-firmware2_bsp/\libhal_bsp.a(alt_exception_entry.o)
 *(.exceptions.soft.user)
 *(.exceptions.soft)
 *(.exceptions.unknown.user)
 *(.exceptions.unknown)
 .exceptions.unknown
                0x0000000000010094       0x14 ../nuttynios-firmware2_bsp/\libhal_bsp.a(alt_exception_entry.o)
 *(.exceptions.exit.label)
 .exceptions.exit.label
                0x00000000000100a8        0x0 ../nuttynios-firmware2_bsp/\libhal_bsp.a(alt_irq_entry.o)
 .exceptions.exit.label
                0x00000000000100a8        0x0 ../nuttynios-firmware2_bsp/\libhal_bsp.a(alt_exception_entry.o)
 *(.exceptions.exit.user)
 *(.exceptions.exit)
 .exceptions.exit
                0x00000000000100a8       0x54 ../nuttynios-firmware2_bsp/\libhal_bsp.a(alt_exception_entry.o)
 *(.exceptions)
 .exceptions    0x00000000000100fc       0xd8 ../nuttynios-firmware2_bsp/\libhal_bsp.a(alt_irq_handler.o)
                0x00000000000100fc                alt_irq_handler
 .exceptions    0x00000000000101d4       0x60 ../nuttynios-firmware2_bsp/\libhal_bsp.a(alt_instruction_exception_entry.o)
                0x00000000000101d4                alt_instruction_exception_entry
                0x0000000000010234                PROVIDE (__ram_exceptions_end, ABSOLUTE (.))
                0x0000000000010020                PROVIDE (__flash_exceptions_start, LOADADDR (.exceptions))

.text           0x0000000000010234     0x4e84
                [!provide]                        PROVIDE (stext, ABSOLUTE (.))
 *(.interp)
 *(.hash)
 *(.dynsym)
 *(.dynstr)
 *(.gnu.version)
 *(.gnu.version_d)
 *(.gnu.version_r)
 *(.rel.init)
 *(.rela.init)
 *(.rel.text .rel.text.* .rel.gnu.linkonce.t.*)
 *(.rela.text .rela.text.* .rela.gnu.linkonce.t.*)
 *(.rel.fini)
 *(.rela.fini)
 *(.rel.rodata .rel.rodata.* .rel.gnu.linkonce.r.*)
 *(.rela.rodata .rela.rodata.* .rela.gnu.linkonce.r.*)
 *(.rel.data .rel.data.* .rel.gnu.linkonce.d.*)
 *(.rela.data .rela.data.* .rela.gnu.linkonce.d.*)
 *(.rel.tdata .rel.tdata.* .rel.gnu.linkonce.td.*)
 *(.rela.tdata .rela.tdata.* .rela.gnu.linkonce.td.*)
 *(.rel.tbss .rel.tbss.* .rel.gnu.linkonce.tb.*)
 *(.rela.tbss .rela.tbss.* .rela.gnu.linkonce.tb.*)
 *(.rel.ctors)
 *(.rela.ctors)
 *(.rel.dtors)
 *(.rela.dtors)
 *(.rel.got)
 *(.rela.got)
 *(.rel.sdata .rel.sdata.* .rel.gnu.linkonce.s.*)
 *(.rela.sdata .rela.sdata.* .rela.gnu.linkonce.s.*)
 *(.rel.sbss .rel.sbss.* .rel.gnu.linkonce.sb.*)
 *(.rela.sbss .rela.sbss.* .rela.gnu.linkonce.sb.*)
 *(.rel.sdata2 .rel.sdata2.* .rel.gnu.linkonce.s2.*)
 *(.rela.sdata2 .rela.sdata2.* .rela.gnu.linkonce.s2.*)
 *(.rel.sbss2 .rel.sbss2.* .rel.gnu.linkonce.sb2.*)
 *(.rela.sbss2 .rela.sbss2.* .rela.gnu.linkonce.sb2.*)
 *(.rel.bss .rel.bss.* .rel.gnu.linkonce.b.*)
 *(.rela.bss .rela.bss.* .rela.gnu.linkonce.b.*)
 *(.rel.plt)
 *(.rela.plt)
 *(.rel.dyn)
 *(.init)
 *(.plt)
 *(.text .stub .text.* .gnu.linkonce.t.*)
 .text          0x0000000000010234       0x3c ../nuttynios-firmware2_bsp//obj/HAL/src/crt0.o
                0x0000000000010234                _start
 .text          0x0000000000010270       0xdc obj/default/main.o
                0x0000000000010270                main
 .text          0x000000000001034c       0xec ../nuttynios-firmware2_bsp/\libhal_bsp.a(alt_load.o)
                0x00000000000103b4                alt_load
 .text          0x0000000000010438       0x7c ../nuttynios-firmware2_bsp/\libhal_bsp.a(alt_main.o)
                0x0000000000010438                alt_main
 .text          0x00000000000104b4      0x22c ../nuttynios-firmware2_bsp/\libhal_bsp.a(alt_printf.o)
                0x00000000000104b4                alt_printf
 .text          0x00000000000106e0       0x3c ../nuttynios-firmware2_bsp/\libhal_bsp.a(alt_putchar.o)
                0x00000000000106e0                alt_putchar
 .text          0x000000000001071c       0xc4 ../nuttynios-firmware2_bsp/\libhal_bsp.a(alt_sys_init.o)
                0x0000000000010750                alt_irq_init
                0x0000000000010788                alt_sys_init
 .text          0x00000000000107e0      0x164 ../nuttynios-firmware2_bsp/\libhal_bsp.a(altera_avalon_jtag_uart_fd.o)
                0x00000000000107e0                altera_avalon_jtag_uart_read_fd
                0x0000000000010840                altera_avalon_jtag_uart_write_fd
                0x00000000000108a0                altera_avalon_jtag_uart_close_fd
                0x00000000000108f0                altera_avalon_jtag_uart_ioctl_fd
 .text          0x0000000000010944      0x3cc ../nuttynios-firmware2_bsp/\libhal_bsp.a(altera_avalon_jtag_uart_init.o)
                0x0000000000010944                altera_avalon_jtag_uart_init
                0x0000000000010ca8                altera_avalon_jtag_uart_close
 .text          0x0000000000010d10       0xf0 ../nuttynios-firmware2_bsp/\libhal_bsp.a(altera_avalon_jtag_uart_ioctl.o)
                0x0000000000010d10                altera_avalon_jtag_uart_ioctl
 .text          0x0000000000010e00      0x21c ../nuttynios-firmware2_bsp/\libhal_bsp.a(altera_avalon_jtag_uart_read.o)
                0x0000000000010e00                altera_avalon_jtag_uart_read
 .text          0x000000000001101c      0x224 ../nuttynios-firmware2_bsp/\libhal_bsp.a(altera_avalon_jtag_uart_write.o)
                0x000000000001101c                altera_avalon_jtag_uart_write
 .text          0x0000000000011240      0x3b0 ../nuttynios-firmware2_bsp/\libhal_bsp.a(altera_up_avalon_accelerometer_spi.o)
                0x0000000000011240                alt_up_accelerometer_spi_open_dev
                0x000000000001127c                alt_up_accelerometer_spi_read_address_register
                0x00000000000112c0                alt_up_accelerometer_spi_read
                0x0000000000011328                alt_up_accelerometer_spi_write
                0x000000000001138c                alt_up_accelerometer_spi_read_x_axis
                0x0000000000011458                alt_up_accelerometer_spi_read_y_axis
                0x0000000000011524                alt_up_accelerometer_spi_read_z_axis
 .text          0x00000000000115f0      0x12c ../nuttynios-firmware2_bsp/\libhal_bsp.a(alt_alarm_start.o)
                0x00000000000115f0                alt_alarm_start
 .text          0x000000000001171c      0x114 ../nuttynios-firmware2_bsp/\libhal_bsp.a(alt_close.o)
                0x0000000000011758                close
 .text          0x0000000000011830       0x20 ../nuttynios-firmware2_bsp/\libhal_bsp.a(alt_dcache_flush_all.o)
                0x0000000000011830                alt_dcache_flush_all
 .text          0x0000000000011850       0x2c ../nuttynios-firmware2_bsp/\libhal_bsp.a(alt_dev.o)
 .text          0x000000000001187c       0xe0 ../nuttynios-firmware2_bsp/\libhal_bsp.a(alt_dev_llist_insert.o)
                0x00000000000118b8                alt_dev_llist_insert
 .text          0x000000000001195c       0x60 ../nuttynios-firmware2_bsp/\libhal_bsp.a(alt_do_ctors.o)
                0x000000000001195c                _do_ctors
 .text          0x00000000000119bc       0x60 ../nuttynios-firmware2_bsp/\libhal_bsp.a(alt_do_dtors.o)
                0x00000000000119bc                _do_dtors
 .text          0x0000000000011a1c        0x0 ../nuttynios-firmware2_bsp/\libhal_bsp.a(alt_errno.o)
 .text          0x0000000000011a1c       0x90 ../nuttynios-firmware2_bsp/\libhal_bsp.a(alt_find_dev.o)
                0x0000000000011a1c                alt_find_dev
 .text          0x0000000000011aac       0x20 ../nuttynios-firmware2_bsp/\libhal_bsp.a(alt_icache_flush_all.o)
                0x0000000000011aac                alt_icache_flush_all
 .text          0x0000000000011acc      0x160 ../nuttynios-firmware2_bsp/\libhal_bsp.a(alt_io_redirect.o)
                0x0000000000011bb0                alt_io_redirect
 .text          0x0000000000011c2c      0x180 ../nuttynios-firmware2_bsp/\libhal_bsp.a(alt_irq_register.o)
                0x0000000000011c2c                alt_irq_register
 .text          0x0000000000011dac        0x0 ../nuttynios-firmware2_bsp/\libhal_bsp.a(alt_irq_vars.o)
 .text          0x0000000000011dac      0x284 ../nuttynios-firmware2_bsp/\libhal_bsp.a(alt_open.o)
                0x0000000000011ed4                open
 .text          0x0000000000012030       0x84 ../nuttynios-firmware2_bsp/\libhal_bsp.a(alt_release_fd.o)
                0x0000000000012030                alt_release_fd
 .text          0x00000000000120b4      0x1a4 ../nuttynios-firmware2_bsp/\libhal_bsp.a(alt_tick.o)
                0x00000000000120b4                alt_alarm_stop
                0x0000000000012150                alt_tick
 .text          0x0000000000012258       0x24 ../nuttynios-firmware2_bsp/\libhal_bsp.a(altera_nios2_gen2_irq.o)
                0x0000000000012258                altera_nios2_gen2_irq_init
 .text          0x000000000001227c      0x108 ../nuttynios-firmware2_bsp/\libhal_bsp.a(alt_find_file.o)
                0x000000000001227c                alt_find_file
 .text          0x0000000000012384       0xc4 ../nuttynios-firmware2_bsp/\libhal_bsp.a(alt_get_fd.o)
                0x0000000000012384                alt_get_fd
 .text          0x0000000000012448        0x0 ../nuttynios-firmware2_bsp/\libhal_bsp.a(alt_irq_entry.o)
 .text          0x0000000000012448        0x0 ../nuttynios-firmware2_bsp/\libhal_bsp.a(alt_irq_handler.o)
 .text          0x0000000000012448        0x0 ../nuttynios-firmware2_bsp/\libhal_bsp.a(alt_exception_entry.o)
 .text          0x0000000000012448       0x9c ../nuttynios-firmware2_bsp/\libhal_bsp.a(alt_instruction_exception_entry.o)
                0x0000000000012448                alt_exception_cause_generated_bad_addr
 .text          0x00000000000124e4        0x0 c:/intelfpga_lite/18.0/nios2eds/bin/gnu/h-x86_64-mingw32/bin/../lib/gcc/nios2-elf/5.3.0/../../../../../H-x86_64-mingw32/nios2-elf/lib/mno-hw-mul\libc.a(lib_a-atexit.o)
 .text.atexit   0x00000000000124e4       0x14 c:/intelfpga_lite/18.0/nios2eds/bin/gnu/h-x86_64-mingw32/bin/../lib/gcc/nios2-elf/5.3.0/../../../../../H-x86_64-mingw32/nios2-elf/lib/mno-hw-mul\libc.a(lib_a-atexit.o)
                0x00000000000124e4                atexit
 .text          0x00000000000124f8        0x0 c:/intelfpga_lite/18.0/nios2eds/bin/gnu/h-x86_64-mingw32/bin/../lib/gcc/nios2-elf/5.3.0/../../../../../H-x86_64-mingw32/nios2-elf/lib/mno-hw-mul\libc.a(lib_a-exit.o)
 .text.exit     0x00000000000124f8       0x38 c:/intelfpga_lite/18.0/nios2eds/bin/gnu/h-x86_64-mingw32/bin/../lib/gcc/nios2-elf/5.3.0/../../../../../H-x86_64-mingw32/nios2-elf/lib/mno-hw-mul\libc.a(lib_a-exit.o)
                0x00000000000124f8                exit
 .text          0x0000000000012530        0x0 c:/intelfpga_lite/18.0/nios2eds/bin/gnu/h-x86_64-mingw32/bin/../lib/gcc/nios2-elf/5.3.0/../../../../../H-x86_64-mingw32/nios2-elf/lib/mno-hw-mul\libc.a(lib_a-impure.o)
 .text          0x0000000000012530        0x0 c:/intelfpga_lite/18.0/nios2eds/bin/gnu/h-x86_64-mingw32/bin/../lib/gcc/nios2-elf/5.3.0/../../../../../H-x86_64-mingw32/nios2-elf/lib/mno-hw-mul\libc.a(lib_a-int_errno.o)
 .text          0x0000000000012530        0x0 c:/intelfpga_lite/18.0/nios2eds/bin/gnu/h-x86_64-mingw32/bin/../lib/gcc/nios2-elf/5.3.0/../../../../../H-x86_64-mingw32/nios2-elf/lib/mno-hw-mul\libc.a(lib_a-memcmp.o)
 .text.memcmp   0x0000000000012530       0x7c c:/intelfpga_lite/18.0/nios2eds/bin/gnu/h-x86_64-mingw32/bin/../lib/gcc/nios2-elf/5.3.0/../../../../../H-x86_64-mingw32/nios2-elf/lib/mno-hw-mul\libc.a(lib_a-memcmp.o)
                0x0000000000012530                memcmp
 .text          0x00000000000125ac        0x0 c:/intelfpga_lite/18.0/nios2eds/bin/gnu/h-x86_64-mingw32/bin/../lib/gcc/nios2-elf/5.3.0/../../../../../H-x86_64-mingw32/nios2-elf/lib/mno-hw-mul\libc.a(lib_a-memcpy.o)
 .text.memcpy   0x00000000000125ac      0x148 c:/intelfpga_lite/18.0/nios2eds/bin/gnu/h-x86_64-mingw32/bin/../lib/gcc/nios2-elf/5.3.0/../../../../../H-x86_64-mingw32/nios2-elf/lib/mno-hw-mul\libc.a(lib_a-memcpy.o)
                0x00000000000125ac                memcpy
 .text          0x00000000000126f4        0x0 c:/intelfpga_lite/18.0/nios2eds/bin/gnu/h-x86_64-mingw32/bin/../lib/gcc/nios2-elf/5.3.0/../../../../../H-x86_64-mingw32/nios2-elf/lib/mno-hw-mul\libc.a(lib_a-putc.o)
 .text._putc_r  0x00000000000126f4       0xa0 c:/intelfpga_lite/18.0/nios2eds/bin/gnu/h-x86_64-mingw32/bin/../lib/gcc/nios2-elf/5.3.0/../../../../../H-x86_64-mingw32/nios2-elf/lib/mno-hw-mul\libc.a(lib_a-putc.o)
                0x00000000000126f4                _putc_r
 .text.putc     0x0000000000012794       0xc8 c:/intelfpga_lite/18.0/nios2eds/bin/gnu/h-x86_64-mingw32/bin/../lib/gcc/nios2-elf/5.3.0/../../../../../H-x86_64-mingw32/nios2-elf/lib/mno-hw-mul\libc.a(lib_a-putc.o)
                0x0000000000012794                putc
 .text          0x000000000001285c        0x0 c:/intelfpga_lite/18.0/nios2eds/bin/gnu/h-x86_64-mingw32/bin/../lib/gcc/nios2-elf/5.3.0/../../../../../H-x86_64-mingw32/nios2-elf/lib/mno-hw-mul\libc.a(lib_a-strlen.o)
 .text.strlen   0x000000000001285c       0x98 c:/intelfpga_lite/18.0/nios2eds/bin/gnu/h-x86_64-mingw32/bin/../lib/gcc/nios2-elf/5.3.0/../../../../../H-x86_64-mingw32/nios2-elf/lib/mno-hw-mul\libc.a(lib_a-strlen.o)
                0x000000000001285c                strlen
 .text          0x00000000000128f4        0x0 c:/intelfpga_lite/18.0/nios2eds/bin/gnu/h-x86_64-mingw32/bin/../lib/gcc/nios2-elf/5.3.0/../../../../../H-x86_64-mingw32/nios2-elf/lib/mno-hw-mul\libc.a(lib_a-wbuf.o)
 .text.__swbuf_r
                0x00000000000128f4      0x140 c:/intelfpga_lite/18.0/nios2eds/bin/gnu/h-x86_64-mingw32/bin/../lib/gcc/nios2-elf/5.3.0/../../../../../H-x86_64-mingw32/nios2-elf/lib/mno-hw-mul\libc.a(lib_a-wbuf.o)
                0x00000000000128f4                __swbuf_r
 .text.__swbuf  0x0000000000012a34       0x18 c:/intelfpga_lite/18.0/nios2eds/bin/gnu/h-x86_64-mingw32/bin/../lib/gcc/nios2-elf/5.3.0/../../../../../H-x86_64-mingw32/nios2-elf/lib/mno-hw-mul\libc.a(lib_a-wbuf.o)
                0x0000000000012a34                __swbuf
 .text          0x0000000000012a4c        0x0 c:/intelfpga_lite/18.0/nios2eds/bin/gnu/h-x86_64-mingw32/bin/../lib/gcc/nios2-elf/5.3.0/../../../../../H-x86_64-mingw32/nios2-elf/lib/mno-hw-mul\libc.a(lib_a-wsetup.o)
 .text.__swsetup_r
                0x0000000000012a4c      0x154 c:/intelfpga_lite/18.0/nios2eds/bin/gnu/h-x86_64-mingw32/bin/../lib/gcc/nios2-elf/5.3.0/../../../../../H-x86_64-mingw32/nios2-elf/lib/mno-hw-mul\libc.a(lib_a-wsetup.o)
                0x0000000000012a4c                __swsetup_r
 .text          0x0000000000012ba0        0x0 c:/intelfpga_lite/18.0/nios2eds/bin/gnu/h-x86_64-mingw32/bin/../lib/gcc/nios2-elf/5.3.0/../../../../../H-x86_64-mingw32/nios2-elf/lib/mno-hw-mul\libc.a(lib_a-__atexit.o)
 .text.__register_exitproc
                0x0000000000012ba0      0x118 c:/intelfpga_lite/18.0/nios2eds/bin/gnu/h-x86_64-mingw32/bin/../lib/gcc/nios2-elf/5.3.0/../../../../../H-x86_64-mingw32/nios2-elf/lib/mno-hw-mul\libc.a(lib_a-__atexit.o)
                0x0000000000012ba0                __register_exitproc
 .text          0x0000000000012cb8        0x0 c:/intelfpga_lite/18.0/nios2eds/bin/gnu/h-x86_64-mingw32/bin/../lib/gcc/nios2-elf/5.3.0/../../../../../H-x86_64-mingw32/nios2-elf/lib/mno-hw-mul\libc.a(lib_a-__call_atexit.o)
 .text.__call_exitprocs
                0x0000000000012cb8      0x180 c:/intelfpga_lite/18.0/nios2eds/bin/gnu/h-x86_64-mingw32/bin/../lib/gcc/nios2-elf/5.3.0/../../../../../H-x86_64-mingw32/nios2-elf/lib/mno-hw-mul\libc.a(lib_a-__call_atexit.o)
                0x0000000000012cb8                __call_exitprocs
 .text          0x0000000000012e38        0x0 c:/intelfpga_lite/18.0/nios2eds/bin/gnu/h-x86_64-mingw32/bin/../lib/gcc/nios2-elf/5.3.0/../../../../../H-x86_64-mingw32/nios2-elf/lib/mno-hw-mul\libc.a(lib_a-fflush.o)
 .text.__sflush_r
                0x0000000000012e38      0x21c c:/intelfpga_lite/18.0/nios2eds/bin/gnu/h-x86_64-mingw32/bin/../lib/gcc/nios2-elf/5.3.0/../../../../../H-x86_64-mingw32/nios2-elf/lib/mno-hw-mul\libc.a(lib_a-fflush.o)
                0x0000000000012e38                __sflush_r
 .text._fflush_r
                0x0000000000013054       0x5c c:/intelfpga_lite/18.0/nios2eds/bin/gnu/h-x86_64-mingw32/bin/../lib/gcc/nios2-elf/5.3.0/../../../../../H-x86_64-mingw32/nios2-elf/lib/mno-hw-mul\libc.a(lib_a-fflush.o)
                0x0000000000013054                _fflush_r
 .text.fflush   0x00000000000130b0       0x30 c:/intelfpga_lite/18.0/nios2eds/bin/gnu/h-x86_64-mingw32/bin/../lib/gcc/nios2-elf/5.3.0/../../../../../H-x86_64-mingw32/nios2-elf/lib/mno-hw-mul\libc.a(lib_a-fflush.o)
                0x00000000000130b0                fflush
 .text          0x00000000000130e0        0x0 c:/intelfpga_lite/18.0/nios2eds/bin/gnu/h-x86_64-mingw32/bin/../lib/gcc/nios2-elf/5.3.0/../../../../../H-x86_64-mingw32/nios2-elf/lib/mno-hw-mul\libc.a(lib_a-findfp.o)
 .text.__fp_unlock
                0x00000000000130e0        0x8 c:/intelfpga_lite/18.0/nios2eds/bin/gnu/h-x86_64-mingw32/bin/../lib/gcc/nios2-elf/5.3.0/../../../../../H-x86_64-mingw32/nios2-elf/lib/mno-hw-mul\libc.a(lib_a-findfp.o)
 .text._cleanup_r
                0x00000000000130e8        0xc c:/intelfpga_lite/18.0/nios2eds/bin/gnu/h-x86_64-mingw32/bin/../lib/gcc/nios2-elf/5.3.0/../../../../../H-x86_64-mingw32/nios2-elf/lib/mno-hw-mul\libc.a(lib_a-findfp.o)
                0x00000000000130e8                _cleanup_r
 .text.__sinit.part.1
                0x00000000000130f4      0x19c c:/intelfpga_lite/18.0/nios2eds/bin/gnu/h-x86_64-mingw32/bin/../lib/gcc/nios2-elf/5.3.0/../../../../../H-x86_64-mingw32/nios2-elf/lib/mno-hw-mul\libc.a(lib_a-findfp.o)
 .text.__fp_lock
                0x0000000000013290        0x8 c:/intelfpga_lite/18.0/nios2eds/bin/gnu/h-x86_64-mingw32/bin/../lib/gcc/nios2-elf/5.3.0/../../../../../H-x86_64-mingw32/nios2-elf/lib/mno-hw-mul\libc.a(lib_a-findfp.o)
 .text.__sfmoreglue
                0x0000000000013298       0x78 c:/intelfpga_lite/18.0/nios2eds/bin/gnu/h-x86_64-mingw32/bin/../lib/gcc/nios2-elf/5.3.0/../../../../../H-x86_64-mingw32/nios2-elf/lib/mno-hw-mul\libc.a(lib_a-findfp.o)
                0x0000000000013298                __sfmoreglue
 .text.__sfp    0x0000000000013310      0x118 c:/intelfpga_lite/18.0/nios2eds/bin/gnu/h-x86_64-mingw32/bin/../lib/gcc/nios2-elf/5.3.0/../../../../../H-x86_64-mingw32/nios2-elf/lib/mno-hw-mul\libc.a(lib_a-findfp.o)
                0x0000000000013310                __sfp
 .text._cleanup
                0x0000000000013428       0x18 c:/intelfpga_lite/18.0/nios2eds/bin/gnu/h-x86_64-mingw32/bin/../lib/gcc/nios2-elf/5.3.0/../../../../../H-x86_64-mingw32/nios2-elf/lib/mno-hw-mul\libc.a(lib_a-findfp.o)
                0x0000000000013428                _cleanup
 .text.__sinit  0x0000000000013440       0x10 c:/intelfpga_lite/18.0/nios2eds/bin/gnu/h-x86_64-mingw32/bin/../lib/gcc/nios2-elf/5.3.0/../../../../../H-x86_64-mingw32/nios2-elf/lib/mno-hw-mul\libc.a(lib_a-findfp.o)
                0x0000000000013440                __sinit
 .text.__sfp_lock_acquire
                0x0000000000013450        0x4 c:/intelfpga_lite/18.0/nios2eds/bin/gnu/h-x86_64-mingw32/bin/../lib/gcc/nios2-elf/5.3.0/../../../../../H-x86_64-mingw32/nios2-elf/lib/mno-hw-mul\libc.a(lib_a-findfp.o)
                0x0000000000013450                __sfp_lock_acquire
 .text.__sfp_lock_release
                0x0000000000013454        0x4 c:/intelfpga_lite/18.0/nios2eds/bin/gnu/h-x86_64-mingw32/bin/../lib/gcc/nios2-elf/5.3.0/../../../../../H-x86_64-mingw32/nios2-elf/lib/mno-hw-mul\libc.a(lib_a-findfp.o)
                0x0000000000013454                __sfp_lock_release
 .text.__sinit_lock_acquire
                0x0000000000013458        0x4 c:/intelfpga_lite/18.0/nios2eds/bin/gnu/h-x86_64-mingw32/bin/../lib/gcc/nios2-elf/5.3.0/../../../../../H-x86_64-mingw32/nios2-elf/lib/mno-hw-mul\libc.a(lib_a-findfp.o)
                0x0000000000013458                __sinit_lock_acquire
 .text.__sinit_lock_release
                0x000000000001345c        0x4 c:/intelfpga_lite/18.0/nios2eds/bin/gnu/h-x86_64-mingw32/bin/../lib/gcc/nios2-elf/5.3.0/../../../../../H-x86_64-mingw32/nios2-elf/lib/mno-hw-mul\libc.a(lib_a-findfp.o)
                0x000000000001345c                __sinit_lock_release
 .text.__fp_lock_all
                0x0000000000013460       0x18 c:/intelfpga_lite/18.0/nios2eds/bin/gnu/h-x86_64-mingw32/bin/../lib/gcc/nios2-elf/5.3.0/../../../../../H-x86_64-mingw32/nios2-elf/lib/mno-hw-mul\libc.a(lib_a-findfp.o)
                0x0000000000013460                __fp_lock_all
 .text.__fp_unlock_all
                0x0000000000013478       0x18 c:/intelfpga_lite/18.0/nios2eds/bin/gnu/h-x86_64-mingw32/bin/../lib/gcc/nios2-elf/5.3.0/../../../../../H-x86_64-mingw32/nios2-elf/lib/mno-hw-mul\libc.a(lib_a-findfp.o)
                0x0000000000013478                __fp_unlock_all
 .text          0x0000000000013490        0x0 c:/intelfpga_lite/18.0/nios2eds/bin/gnu/h-x86_64-mingw32/bin/../lib/gcc/nios2-elf/5.3.0/../../../../../H-x86_64-mingw32/nios2-elf/lib/mno-hw-mul\libc.a(lib_a-freer.o)
 .text._malloc_trim_r
                0x0000000000013490      0x124 c:/intelfpga_lite/18.0/nios2eds/bin/gnu/h-x86_64-mingw32/bin/../lib/gcc/nios2-elf/5.3.0/../../../../../H-x86_64-mingw32/nios2-elf/lib/mno-hw-mul\libc.a(lib_a-freer.o)
                0x0000000000013490                _malloc_trim_r
 .text._free_r  0x00000000000135b4      0x310 c:/intelfpga_lite/18.0/nios2eds/bin/gnu/h-x86_64-mingw32/bin/../lib/gcc/nios2-elf/5.3.0/../../../../../H-x86_64-mingw32/nios2-elf/lib/mno-hw-mul\libc.a(lib_a-freer.o)
                0x00000000000135b4                _free_r
 .text          0x00000000000138c4        0x0 c:/intelfpga_lite/18.0/nios2eds/bin/gnu/h-x86_64-mingw32/bin/../lib/gcc/nios2-elf/5.3.0/../../../../../H-x86_64-mingw32/nios2-elf/lib/mno-hw-mul\libc.a(lib_a-fwalk.o)
 .text._fwalk   0x00000000000138c4       0xc4 c:/intelfpga_lite/18.0/nios2eds/bin/gnu/h-x86_64-mingw32/bin/../lib/gcc/nios2-elf/5.3.0/../../../../../H-x86_64-mingw32/nios2-elf/lib/mno-hw-mul\libc.a(lib_a-fwalk.o)
                0x00000000000138c4                _fwalk
 .text._fwalk_reent
                0x0000000000013988       0xc4 c:/intelfpga_lite/18.0/nios2eds/bin/gnu/h-x86_64-mingw32/bin/../lib/gcc/nios2-elf/5.3.0/../../../../../H-x86_64-mingw32/nios2-elf/lib/mno-hw-mul\libc.a(lib_a-fwalk.o)
                0x0000000000013988                _fwalk_reent
 .text          0x0000000000013a4c        0x0 c:/intelfpga_lite/18.0/nios2eds/bin/gnu/h-x86_64-mingw32/bin/../lib/gcc/nios2-elf/5.3.0/../../../../../H-x86_64-mingw32/nios2-elf/lib/mno-hw-mul\libc.a(lib_a-makebuf.o)
 .text.__smakebuf_r
                0x0000000000013a4c      0x1bc c:/intelfpga_lite/18.0/nios2eds/bin/gnu/h-x86_64-mingw32/bin/../lib/gcc/nios2-elf/5.3.0/../../../../../H-x86_64-mingw32/nios2-elf/lib/mno-hw-mul\libc.a(lib_a-makebuf.o)
                0x0000000000013a4c                __smakebuf_r
 .text          0x0000000000013c08        0x0 c:/intelfpga_lite/18.0/nios2eds/bin/gnu/h-x86_64-mingw32/bin/../lib/gcc/nios2-elf/5.3.0/../../../../../H-x86_64-mingw32/nios2-elf/lib/mno-hw-mul\libc.a(lib_a-mallocr.o)
 .text._malloc_r
                0x0000000000013c08      0x80c c:/intelfpga_lite/18.0/nios2eds/bin/gnu/h-x86_64-mingw32/bin/../lib/gcc/nios2-elf/5.3.0/../../../../../H-x86_64-mingw32/nios2-elf/lib/mno-hw-mul\libc.a(lib_a-mallocr.o)
                0x0000000000013c08                _malloc_r
 .text          0x0000000000014414        0x0 c:/intelfpga_lite/18.0/nios2eds/bin/gnu/h-x86_64-mingw32/bin/../lib/gcc/nios2-elf/5.3.0/../../../../../H-x86_64-mingw32/nios2-elf/lib/mno-hw-mul\libc.a(lib_a-memset.o)
 .text.memset   0x0000000000014414      0x128 c:/intelfpga_lite/18.0/nios2eds/bin/gnu/h-x86_64-mingw32/bin/../lib/gcc/nios2-elf/5.3.0/../../../../../H-x86_64-mingw32/nios2-elf/lib/mno-hw-mul\libc.a(lib_a-memset.o)
                0x0000000000014414                memset
 .text          0x000000000001453c        0x0 c:/intelfpga_lite/18.0/nios2eds/bin/gnu/h-x86_64-mingw32/bin/../lib/gcc/nios2-elf/5.3.0/../../../../../H-x86_64-mingw32/nios2-elf/lib/mno-hw-mul\libc.a(lib_a-sbrkr.o)
 .text._sbrk_r  0x000000000001453c       0x54 c:/intelfpga_lite/18.0/nios2eds/bin/gnu/h-x86_64-mingw32/bin/../lib/gcc/nios2-elf/5.3.0/../../../../../H-x86_64-mingw32/nios2-elf/lib/mno-hw-mul\libc.a(lib_a-sbrkr.o)
                0x000000000001453c                _sbrk_r
 .text          0x0000000000014590        0x0 c:/intelfpga_lite/18.0/nios2eds/bin/gnu/h-x86_64-mingw32/bin/../lib/gcc/nios2-elf/5.3.0/../../../../../H-x86_64-mingw32/nios2-elf/lib/mno-hw-mul\libc.a(lib_a-stdio.o)
 .text.__sread  0x0000000000014590       0x54 c:/intelfpga_lite/18.0/nios2eds/bin/gnu/h-x86_64-mingw32/bin/../lib/gcc/nios2-elf/5.3.0/../../../../../H-x86_64-mingw32/nios2-elf/lib/mno-hw-mul\libc.a(lib_a-stdio.o)
                0x0000000000014590                __sread
 .text.__seofread
                0x00000000000145e4        0x8 c:/intelfpga_lite/18.0/nios2eds/bin/gnu/h-x86_64-mingw32/bin/../lib/gcc/nios2-elf/5.3.0/../../../../../H-x86_64-mingw32/nios2-elf/lib/mno-hw-mul\libc.a(lib_a-stdio.o)
                0x00000000000145e4                __seofread
 .text.__swrite
                0x00000000000145ec       0x7c c:/intelfpga_lite/18.0/nios2eds/bin/gnu/h-x86_64-mingw32/bin/../lib/gcc/nios2-elf/5.3.0/../../../../../H-x86_64-mingw32/nios2-elf/lib/mno-hw-mul\libc.a(lib_a-stdio.o)
                0x00000000000145ec                __swrite
 .text.__sseek  0x0000000000014668       0x5c c:/intelfpga_lite/18.0/nios2eds/bin/gnu/h-x86_64-mingw32/bin/../lib/gcc/nios2-elf/5.3.0/../../../../../H-x86_64-mingw32/nios2-elf/lib/mno-hw-mul\libc.a(lib_a-stdio.o)
                0x0000000000014668                __sseek
 .text.__sclose
                0x00000000000146c4        0x8 c:/intelfpga_lite/18.0/nios2eds/bin/gnu/h-x86_64-mingw32/bin/../lib/gcc/nios2-elf/5.3.0/../../../../../H-x86_64-mingw32/nios2-elf/lib/mno-hw-mul\libc.a(lib_a-stdio.o)
                0x00000000000146c4                __sclose
 .text          0x00000000000146cc        0x0 c:/intelfpga_lite/18.0/nios2eds/bin/gnu/h-x86_64-mingw32/bin/../lib/gcc/nios2-elf/5.3.0/../../../../../H-x86_64-mingw32/nios2-elf/lib/mno-hw-mul\libc.a(lib_a-writer.o)
 .text._write_r
                0x00000000000146cc       0x60 c:/intelfpga_lite/18.0/nios2eds/bin/gnu/h-x86_64-mingw32/bin/../lib/gcc/nios2-elf/5.3.0/../../../../../H-x86_64-mingw32/nios2-elf/lib/mno-hw-mul\libc.a(lib_a-writer.o)
                0x00000000000146cc                _write_r
 .text          0x000000000001472c        0x0 c:/intelfpga_lite/18.0/nios2eds/bin/gnu/h-x86_64-mingw32/bin/../lib/gcc/nios2-elf/5.3.0/../../../../../H-x86_64-mingw32/nios2-elf/lib/mno-hw-mul\libc.a(closer.o)
 .text._close_r
                0x000000000001472c       0x54 c:/intelfpga_lite/18.0/nios2eds/bin/gnu/h-x86_64-mingw32/bin/../lib/gcc/nios2-elf/5.3.0/../../../../../H-x86_64-mingw32/nios2-elf/lib/mno-hw-mul\libc.a(closer.o)
                0x000000000001472c                _close_r
 .text          0x0000000000014780        0x0 c:/intelfpga_lite/18.0/nios2eds/bin/gnu/h-x86_64-mingw32/bin/../lib/gcc/nios2-elf/5.3.0/../../../../../H-x86_64-mingw32/nios2-elf/lib/mno-hw-mul\libc.a(lib_a-fclose.o)
 .text._fclose_r
                0x0000000000014780       0xf0 c:/intelfpga_lite/18.0/nios2eds/bin/gnu/h-x86_64-mingw32/bin/../lib/gcc/nios2-elf/5.3.0/../../../../../H-x86_64-mingw32/nios2-elf/lib/mno-hw-mul\libc.a(lib_a-fclose.o)
                0x0000000000014780                _fclose_r
 .text.fclose   0x0000000000014870       0x14 c:/intelfpga_lite/18.0/nios2eds/bin/gnu/h-x86_64-mingw32/bin/../lib/gcc/nios2-elf/5.3.0/../../../../../H-x86_64-mingw32/nios2-elf/lib/mno-hw-mul\libc.a(lib_a-fclose.o)
                0x0000000000014870                fclose
 .text          0x0000000000014884        0x0 c:/intelfpga_lite/18.0/nios2eds/bin/gnu/h-x86_64-mingw32/bin/../lib/gcc/nios2-elf/5.3.0/../../../../../H-x86_64-mingw32/nios2-elf/lib/mno-hw-mul\libc.a(lib_a-fstatr.o)
 .text._fstat_r
                0x0000000000014884       0x5c c:/intelfpga_lite/18.0/nios2eds/bin/gnu/h-x86_64-mingw32/bin/../lib/gcc/nios2-elf/5.3.0/../../../../../H-x86_64-mingw32/nios2-elf/lib/mno-hw-mul\libc.a(lib_a-fstatr.o)
                0x0000000000014884                _fstat_r
 .text          0x00000000000148e0        0x0 c:/intelfpga_lite/18.0/nios2eds/bin/gnu/h-x86_64-mingw32/bin/../lib/gcc/nios2-elf/5.3.0/../../../../../H-x86_64-mingw32/nios2-elf/lib/mno-hw-mul\libc.a(lib_a-isattyr.o)
 .text._isatty_r
                0x00000000000148e0       0x54 c:/intelfpga_lite/18.0/nios2eds/bin/gnu/h-x86_64-mingw32/bin/../lib/gcc/nios2-elf/5.3.0/../../../../../H-x86_64-mingw32/nios2-elf/lib/mno-hw-mul\libc.a(lib_a-isattyr.o)
                0x00000000000148e0                _isatty_r
 .text          0x0000000000014934        0x0 c:/intelfpga_lite/18.0/nios2eds/bin/gnu/h-x86_64-mingw32/bin/../lib/gcc/nios2-elf/5.3.0/../../../../../H-x86_64-mingw32/nios2-elf/lib/mno-hw-mul\libc.a(lib_a-lseekr.o)
 .text._lseek_r
                0x0000000000014934       0x60 c:/intelfpga_lite/18.0/nios2eds/bin/gnu/h-x86_64-mingw32/bin/../lib/gcc/nios2-elf/5.3.0/../../../../../H-x86_64-mingw32/nios2-elf/lib/mno-hw-mul\libc.a(lib_a-lseekr.o)
                0x0000000000014934                _lseek_r
 .text          0x0000000000014994        0x0 c:/intelfpga_lite/18.0/nios2eds/bin/gnu/h-x86_64-mingw32/bin/../lib/gcc/nios2-elf/5.3.0/../../../../../H-x86_64-mingw32/nios2-elf/lib/mno-hw-mul\libc.a(lib_a-readr.o)
 .text._read_r  0x0000000000014994       0x60 c:/intelfpga_lite/18.0/nios2eds/bin/gnu/h-x86_64-mingw32/bin/../lib/gcc/nios2-elf/5.3.0/../../../../../H-x86_64-mingw32/nios2-elf/lib/mno-hw-mul\libc.a(lib_a-readr.o)
                0x0000000000014994                _read_r
 .text          0x00000000000149f4       0x28 c:/intelfpga_lite/18.0/nios2eds/bin/gnu/h-x86_64-mingw32/bin/../lib/gcc/nios2-elf/5.3.0/mno-hw-mul\libgcc.a(lib2-mul.o)
                0x00000000000149f4                __mulsi3
 .text          0x0000000000014a1c       0x34 ../nuttynios-firmware2_bsp/\libhal_bsp.a(alt_exit.o)
                0x0000000000014a1c                _exit
 .text          0x0000000000014a50       0xf4 ../nuttynios-firmware2_bsp/\libhal_bsp.a(alt_fstat.o)
                0x0000000000014a8c                fstat
 .text          0x0000000000014b44       0xe8 ../nuttynios-firmware2_bsp/\libhal_bsp.a(alt_isatty.o)
                0x0000000000014b80                isatty
 .text          0x0000000000014c2c      0x118 ../nuttynios-firmware2_bsp/\libhal_bsp.a(alt_lseek.o)
                0x0000000000014c68                lseek
 .text          0x0000000000014d44       0x48 ../nuttynios-firmware2_bsp/\libhal_bsp.a(alt_malloc_lock.o)
                0x0000000000014d44                __malloc_lock
                0x0000000000014d68                __malloc_unlock
 .text          0x0000000000014d8c      0x140 ../nuttynios-firmware2_bsp/\libhal_bsp.a(alt_read.o)
                0x0000000000014dc8                read
 .text          0x0000000000014ecc       0xb0 ../nuttynios-firmware2_bsp/\libhal_bsp.a(alt_sbrk.o)
                0x0000000000014ecc                sbrk
 .text          0x0000000000014f7c      0x13c ../nuttynios-firmware2_bsp/\libhal_bsp.a(alt_write.o)
                0x0000000000014fb8                write
 *(.gnu.warning.*)
 *(.fini)
                [!provide]                        PROVIDE (__etext, ABSOLUTE (.))
                [!provide]                        PROVIDE (_etext, ABSOLUTE (.))
                [!provide]                        PROVIDE (etext, ABSOLUTE (.))
 *(.eh_frame_hdr)
                0x00000000000150b8                . = ALIGN (0x4)
                [!provide]                        PROVIDE (__preinit_array_start, ABSOLUTE (.))
 *(.preinit_array)
                [!provide]                        PROVIDE (__preinit_array_end, ABSOLUTE (.))
                [!provide]                        PROVIDE (__init_array_start, ABSOLUTE (.))
 *(.init_array)
                [!provide]                        PROVIDE (__init_array_end, ABSOLUTE (.))
                [!provide]                        PROVIDE (__fini_array_start, ABSOLUTE (.))
 *(.fini_array)
                [!provide]                        PROVIDE (__fini_array_end, ABSOLUTE (.))
 *(.eh_frame)
 *(.gcc_except_table .gcc_except_table.*)
 *(.dynamic)
                0x00000000000150b8                PROVIDE (__CTOR_LIST__, ABSOLUTE (.))
 *(.ctors)
 *(SORT(.ctors.*))
                0x00000000000150b8                PROVIDE (__CTOR_END__, ABSOLUTE (.))
                0x00000000000150b8                PROVIDE (__DTOR_LIST__, ABSOLUTE (.))
 *(.dtors)
 *(SORT(.dtors.*))
                0x00000000000150b8                PROVIDE (__DTOR_END__, ABSOLUTE (.))
 *(.jcr)
                0x00000000000150b8                . = ALIGN (0x4)

.rodata         0x00000000000150b8       0x88
                0x00000000000150b8                PROVIDE (__ram_rodata_start, ABSOLUTE (.))
                0x00000000000150b8                . = ALIGN (0x4)
 *(.rodata .rodata.* .gnu.linkonce.r.*)
 .rodata        0x00000000000150b8       0x3e obj/default/main.o
 *fill*         0x00000000000150f6        0x2 
 .rodata        0x00000000000150f8        0xf ../nuttynios-firmware2_bsp/\libhal_bsp.a(alt_main.o)
 *fill*         0x0000000000015107        0x1 
 .rodata        0x0000000000015108       0x27 ../nuttynios-firmware2_bsp/\libhal_bsp.a(alt_sys_init.o)
 *fill*         0x000000000001512f        0x1 
 .rodata        0x0000000000015130        0xa ../nuttynios-firmware2_bsp/\libhal_bsp.a(alt_dev.o)
 *fill*         0x000000000001513a        0x2 
 .rodata.str1.4
                0x000000000001513c        0x4 c:/intelfpga_lite/18.0/nios2eds/bin/gnu/h-x86_64-mingw32/bin/../lib/gcc/nios2-elf/5.3.0/../../../../../H-x86_64-mingw32/nios2-elf/lib/mno-hw-mul\libc.a(lib_a-impure.o)
                                          0x2 (size before relaxing)
 *(.rodata1)
                0x0000000000015140                . = ALIGN (0x4)
                0x0000000000015140                PROVIDE (__ram_rodata_end, ABSOLUTE (.))
                0x00000000000150b8                PROVIDE (__flash_rodata_start, LOADADDR (.rodata))

.rwdata         0x0000000000015140     0x1a98 load address 0x0000000000016bd8
                0x0000000000015140                PROVIDE (__ram_rwdata_start, ABSOLUTE (.))
                0x0000000000015140                . = ALIGN (0x4)
 *(.got.plt)
 *(.got)
 *(.data1)
 *(.data .data.* .gnu.linkonce.d.*)
 .data          0x0000000000015140        0x0 ../nuttynios-firmware2_bsp//obj/HAL/src/crt0.o
 .data          0x0000000000015140        0x0 obj/default/main.o
 .data          0x0000000000015140        0x0 ../nuttynios-firmware2_bsp/\libhal_bsp.a(alt_load.o)
 .data          0x0000000000015140        0x0 ../nuttynios-firmware2_bsp/\libhal_bsp.a(alt_main.o)
 .data          0x0000000000015140        0x0 ../nuttynios-firmware2_bsp/\libhal_bsp.a(alt_printf.o)
 .data          0x0000000000015140        0x0 ../nuttynios-firmware2_bsp/\libhal_bsp.a(alt_putchar.o)
 .data          0x0000000000015140     0x108c ../nuttynios-firmware2_bsp/\libhal_bsp.a(alt_sys_init.o)
 .data          0x00000000000161cc        0x0 ../nuttynios-firmware2_bsp/\libhal_bsp.a(altera_avalon_jtag_uart_fd.o)
 .data          0x00000000000161cc        0x0 ../nuttynios-firmware2_bsp/\libhal_bsp.a(altera_avalon_jtag_uart_init.o)
 .data          0x00000000000161cc        0x0 ../nuttynios-firmware2_bsp/\libhal_bsp.a(altera_avalon_jtag_uart_ioctl.o)
 .data          0x00000000000161cc        0x0 ../nuttynios-firmware2_bsp/\libhal_bsp.a(altera_avalon_jtag_uart_read.o)
 .data          0x00000000000161cc        0x0 ../nuttynios-firmware2_bsp/\libhal_bsp.a(altera_avalon_jtag_uart_write.o)
 .data          0x00000000000161cc        0x0 ../nuttynios-firmware2_bsp/\libhal_bsp.a(altera_up_avalon_accelerometer_spi.o)
 .data          0x00000000000161cc        0x0 ../nuttynios-firmware2_bsp/\libhal_bsp.a(alt_alarm_start.o)
 .data          0x00000000000161cc        0x0 ../nuttynios-firmware2_bsp/\libhal_bsp.a(alt_close.o)
 .data          0x00000000000161cc        0x0 ../nuttynios-firmware2_bsp/\libhal_bsp.a(alt_dcache_flush_all.o)
 .data          0x00000000000161cc      0x1a8 ../nuttynios-firmware2_bsp/\libhal_bsp.a(alt_dev.o)
                0x00000000000161cc                alt_dev_null
                0x00000000000161f4                alt_fd_list
 .data          0x0000000000016374        0x0 ../nuttynios-firmware2_bsp/\libhal_bsp.a(alt_dev_llist_insert.o)
 .data          0x0000000000016374        0x0 ../nuttynios-firmware2_bsp/\libhal_bsp.a(alt_do_ctors.o)
 .data          0x0000000000016374        0x0 ../nuttynios-firmware2_bsp/\libhal_bsp.a(alt_do_dtors.o)
 .data          0x0000000000016374        0x0 ../nuttynios-firmware2_bsp/\libhal_bsp.a(alt_errno.o)
 .data          0x0000000000016374        0x0 ../nuttynios-firmware2_bsp/\libhal_bsp.a(alt_find_dev.o)
 .data          0x0000000000016374        0x0 ../nuttynios-firmware2_bsp/\libhal_bsp.a(alt_icache_flush_all.o)
 .data          0x0000000000016374        0x0 ../nuttynios-firmware2_bsp/\libhal_bsp.a(alt_io_redirect.o)
 .data          0x0000000000016374        0x0 ../nuttynios-firmware2_bsp/\libhal_bsp.a(alt_irq_register.o)
 .data          0x0000000000016374        0x0 ../nuttynios-firmware2_bsp/\libhal_bsp.a(alt_irq_vars.o)
 .data          0x0000000000016374        0x0 ../nuttynios-firmware2_bsp/\libhal_bsp.a(alt_open.o)
 .data          0x0000000000016374        0x0 ../nuttynios-firmware2_bsp/\libhal_bsp.a(alt_release_fd.o)
 .data          0x0000000000016374        0x0 ../nuttynios-firmware2_bsp/\libhal_bsp.a(alt_tick.o)
 .data          0x0000000000016374        0x0 ../nuttynios-firmware2_bsp/\libhal_bsp.a(altera_nios2_gen2_irq.o)
 .data          0x0000000000016374        0x0 ../nuttynios-firmware2_bsp/\libhal_bsp.a(alt_find_file.o)
 .data          0x0000000000016374        0x0 ../nuttynios-firmware2_bsp/\libhal_bsp.a(alt_get_fd.o)
 .data          0x0000000000016374        0x0 ../nuttynios-firmware2_bsp/\libhal_bsp.a(alt_irq_entry.o)
 .data          0x0000000000016374        0x0 ../nuttynios-firmware2_bsp/\libhal_bsp.a(alt_irq_handler.o)
 .data          0x0000000000016374        0x0 ../nuttynios-firmware2_bsp/\libhal_bsp.a(alt_exception_entry.o)
 .data          0x0000000000016374        0x0 ../nuttynios-firmware2_bsp/\libhal_bsp.a(alt_instruction_exception_entry.o)
 .data          0x0000000000016374        0x0 c:/intelfpga_lite/18.0/nios2eds/bin/gnu/h-x86_64-mingw32/bin/../lib/gcc/nios2-elf/5.3.0/../../../../../H-x86_64-mingw32/nios2-elf/lib/mno-hw-mul\libc.a(lib_a-atexit.o)
 .data          0x0000000000016374        0x0 c:/intelfpga_lite/18.0/nios2eds/bin/gnu/h-x86_64-mingw32/bin/../lib/gcc/nios2-elf/5.3.0/../../../../../H-x86_64-mingw32/nios2-elf/lib/mno-hw-mul\libc.a(lib_a-exit.o)
 .data          0x0000000000016374        0x0 c:/intelfpga_lite/18.0/nios2eds/bin/gnu/h-x86_64-mingw32/bin/../lib/gcc/nios2-elf/5.3.0/../../../../../H-x86_64-mingw32/nios2-elf/lib/mno-hw-mul\libc.a(lib_a-impure.o)
 .data.impure_data
                0x0000000000016374      0x424 c:/intelfpga_lite/18.0/nios2eds/bin/gnu/h-x86_64-mingw32/bin/../lib/gcc/nios2-elf/5.3.0/../../../../../H-x86_64-mingw32/nios2-elf/lib/mno-hw-mul\libc.a(lib_a-impure.o)
 .data          0x0000000000016798        0x0 c:/intelfpga_lite/18.0/nios2eds/bin/gnu/h-x86_64-mingw32/bin/../lib/gcc/nios2-elf/5.3.0/../../../../../H-x86_64-mingw32/nios2-elf/lib/mno-hw-mul\libc.a(lib_a-int_errno.o)
 .data          0x0000000000016798        0x0 c:/intelfpga_lite/18.0/nios2eds/bin/gnu/h-x86_64-mingw32/bin/../lib/gcc/nios2-elf/5.3.0/../../../../../H-x86_64-mingw32/nios2-elf/lib/mno-hw-mul\libc.a(lib_a-memcmp.o)
 .data          0x0000000000016798        0x0 c:/intelfpga_lite/18.0/nios2eds/bin/gnu/h-x86_64-mingw32/bin/../lib/gcc/nios2-elf/5.3.0/../../../../../H-x86_64-mingw32/nios2-elf/lib/mno-hw-mul\libc.a(lib_a-memcpy.o)
 .data          0x0000000000016798        0x0 c:/intelfpga_lite/18.0/nios2eds/bin/gnu/h-x86_64-mingw32/bin/../lib/gcc/nios2-elf/5.3.0/../../../../../H-x86_64-mingw32/nios2-elf/lib/mno-hw-mul\libc.a(lib_a-putc.o)
 .data          0x0000000000016798        0x0 c:/intelfpga_lite/18.0/nios2eds/bin/gnu/h-x86_64-mingw32/bin/../lib/gcc/nios2-elf/5.3.0/../../../../../H-x86_64-mingw32/nios2-elf/lib/mno-hw-mul\libc.a(lib_a-strlen.o)
 .data          0x0000000000016798        0x0 c:/intelfpga_lite/18.0/nios2eds/bin/gnu/h-x86_64-mingw32/bin/../lib/gcc/nios2-elf/5.3.0/../../../../../H-x86_64-mingw32/nios2-elf/lib/mno-hw-mul\libc.a(lib_a-wbuf.o)
 .data          0x0000000000016798        0x0 c:/intelfpga_lite/18.0/nios2eds/bin/gnu/h-x86_64-mingw32/bin/../lib/gcc/nios2-elf/5.3.0/../../../../../H-x86_64-mingw32/nios2-elf/lib/mno-hw-mul\libc.a(lib_a-wsetup.o)
 .data          0x0000000000016798        0x0 c:/intelfpga_lite/18.0/nios2eds/bin/gnu/h-x86_64-mingw32/bin/../lib/gcc/nios2-elf/5.3.0/../../../../../H-x86_64-mingw32/nios2-elf/lib/mno-hw-mul\libc.a(lib_a-__atexit.o)
 .data          0x0000000000016798        0x0 c:/intelfpga_lite/18.0/nios2eds/bin/gnu/h-x86_64-mingw32/bin/../lib/gcc/nios2-elf/5.3.0/../../../../../H-x86_64-mingw32/nios2-elf/lib/mno-hw-mul\libc.a(lib_a-__call_atexit.o)
 .data          0x0000000000016798        0x0 c:/intelfpga_lite/18.0/nios2eds/bin/gnu/h-x86_64-mingw32/bin/../lib/gcc/nios2-elf/5.3.0/../../../../../H-x86_64-mingw32/nios2-elf/lib/mno-hw-mul\libc.a(lib_a-fflush.o)
 .data          0x0000000000016798        0x0 c:/intelfpga_lite/18.0/nios2eds/bin/gnu/h-x86_64-mingw32/bin/../lib/gcc/nios2-elf/5.3.0/../../../../../H-x86_64-mingw32/nios2-elf/lib/mno-hw-mul\libc.a(lib_a-findfp.o)
 .data          0x0000000000016798        0x0 c:/intelfpga_lite/18.0/nios2eds/bin/gnu/h-x86_64-mingw32/bin/../lib/gcc/nios2-elf/5.3.0/../../../../../H-x86_64-mingw32/nios2-elf/lib/mno-hw-mul\libc.a(lib_a-freer.o)
 .data          0x0000000000016798        0x0 c:/intelfpga_lite/18.0/nios2eds/bin/gnu/h-x86_64-mingw32/bin/../lib/gcc/nios2-elf/5.3.0/../../../../../H-x86_64-mingw32/nios2-elf/lib/mno-hw-mul\libc.a(lib_a-fwalk.o)
 .data          0x0000000000016798        0x0 c:/intelfpga_lite/18.0/nios2eds/bin/gnu/h-x86_64-mingw32/bin/../lib/gcc/nios2-elf/5.3.0/../../../../../H-x86_64-mingw32/nios2-elf/lib/mno-hw-mul\libc.a(lib_a-makebuf.o)
 .data          0x0000000000016798        0x0 c:/intelfpga_lite/18.0/nios2eds/bin/gnu/h-x86_64-mingw32/bin/../lib/gcc/nios2-elf/5.3.0/../../../../../H-x86_64-mingw32/nios2-elf/lib/mno-hw-mul\libc.a(lib_a-mallocr.o)
 .data.__malloc_av_
                0x0000000000016798      0x408 c:/intelfpga_lite/18.0/nios2eds/bin/gnu/h-x86_64-mingw32/bin/../lib/gcc/nios2-elf/5.3.0/../../../../../H-x86_64-mingw32/nios2-elf/lib/mno-hw-mul\libc.a(lib_a-mallocr.o)
                0x0000000000016798                __malloc_av_
 .data          0x0000000000016ba0        0x0 c:/intelfpga_lite/18.0/nios2eds/bin/gnu/h-x86_64-mingw32/bin/../lib/gcc/nios2-elf/5.3.0/../../../../../H-x86_64-mingw32/nios2-elf/lib/mno-hw-mul\libc.a(lib_a-memset.o)
 .data          0x0000000000016ba0        0x0 c:/intelfpga_lite/18.0/nios2eds/bin/gnu/h-x86_64-mingw32/bin/../lib/gcc/nios2-elf/5.3.0/../../../../../H-x86_64-mingw32/nios2-elf/lib/mno-hw-mul\libc.a(lib_a-sbrkr.o)
 .data          0x0000000000016ba0        0x0 c:/intelfpga_lite/18.0/nios2eds/bin/gnu/h-x86_64-mingw32/bin/../lib/gcc/nios2-elf/5.3.0/../../../../../H-x86_64-mingw32/nios2-elf/lib/mno-hw-mul\libc.a(lib_a-stdio.o)
 .data          0x0000000000016ba0        0x0 c:/intelfpga_lite/18.0/nios2eds/bin/gnu/h-x86_64-mingw32/bin/../lib/gcc/nios2-elf/5.3.0/../../../../../H-x86_64-mingw32/nios2-elf/lib/mno-hw-mul\libc.a(lib_a-writer.o)
 .data          0x0000000000016ba0        0x0 c:/intelfpga_lite/18.0/nios2eds/bin/gnu/h-x86_64-mingw32/bin/../lib/gcc/nios2-elf/5.3.0/../../../../../H-x86_64-mingw32/nios2-elf/lib/mno-hw-mul\libc.a(closer.o)
 .data          0x0000000000016ba0        0x0 c:/intelfpga_lite/18.0/nios2eds/bin/gnu/h-x86_64-mingw32/bin/../lib/gcc/nios2-elf/5.3.0/../../../../../H-x86_64-mingw32/nios2-elf/lib/mno-hw-mul\libc.a(lib_a-fclose.o)
 .data          0x0000000000016ba0        0x0 c:/intelfpga_lite/18.0/nios2eds/bin/gnu/h-x86_64-mingw32/bin/../lib/gcc/nios2-elf/5.3.0/../../../../../H-x86_64-mingw32/nios2-elf/lib/mno-hw-mul\libc.a(lib_a-fstatr.o)
 .data          0x0000000000016ba0        0x0 c:/intelfpga_lite/18.0/nios2eds/bin/gnu/h-x86_64-mingw32/bin/../lib/gcc/nios2-elf/5.3.0/../../../../../H-x86_64-mingw32/nios2-elf/lib/mno-hw-mul\libc.a(lib_a-isattyr.o)
 .data          0x0000000000016ba0        0x0 c:/intelfpga_lite/18.0/nios2eds/bin/gnu/h-x86_64-mingw32/bin/../lib/gcc/nios2-elf/5.3.0/../../../../../H-x86_64-mingw32/nios2-elf/lib/mno-hw-mul\libc.a(lib_a-lseekr.o)
 .data          0x0000000000016ba0        0x0 c:/intelfpga_lite/18.0/nios2eds/bin/gnu/h-x86_64-mingw32/bin/../lib/gcc/nios2-elf/5.3.0/../../../../../H-x86_64-mingw32/nios2-elf/lib/mno-hw-mul\libc.a(lib_a-readr.o)
 .data          0x0000000000016ba0        0x0 c:/intelfpga_lite/18.0/nios2eds/bin/gnu/h-x86_64-mingw32/bin/../lib/gcc/nios2-elf/5.3.0/mno-hw-mul\libgcc.a(lib2-mul.o)
 .data          0x0000000000016ba0        0x0 ../nuttynios-firmware2_bsp/\libhal_bsp.a(alt_exit.o)
 .data          0x0000000000016ba0        0x0 ../nuttynios-firmware2_bsp/\libhal_bsp.a(alt_fstat.o)
 .data          0x0000000000016ba0        0x0 ../nuttynios-firmware2_bsp/\libhal_bsp.a(alt_isatty.o)
 .data          0x0000000000016ba0        0x0 ../nuttynios-firmware2_bsp/\libhal_bsp.a(alt_lseek.o)
 .data          0x0000000000016ba0        0x0 ../nuttynios-firmware2_bsp/\libhal_bsp.a(alt_malloc_lock.o)
 .data          0x0000000000016ba0        0x0 ../nuttynios-firmware2_bsp/\libhal_bsp.a(alt_read.o)
 .data          0x0000000000016ba0        0x0 ../nuttynios-firmware2_bsp/\libhal_bsp.a(alt_sbrk.o)
 .data          0x0000000000016ba0        0x0 ../nuttynios-firmware2_bsp/\libhal_bsp.a(alt_write.o)
                0x000000000001eba0                _gp = ABSOLUTE ((. + 0x8000))
                [!provide]                        PROVIDE (gp, _gp)
 *(.rwdata .rwdata.*)
 *(.sdata .sdata.* .gnu.linkonce.s.*)
 .sdata         0x0000000000016ba0       0x14 ../nuttynios-firmware2_bsp/\libhal_bsp.a(alt_dev.o)
                0x0000000000016ba0                alt_fs_list
                0x0000000000016ba8                alt_dev_list
                0x0000000000016bb0                alt_max_fd
 .sdata         0x0000000000016bb4        0x4 ../nuttynios-firmware2_bsp/\libhal_bsp.a(alt_errno.o)
                0x0000000000016bb4                alt_errno
 .sdata         0x0000000000016bb8        0x4 ../nuttynios-firmware2_bsp/\libhal_bsp.a(alt_irq_vars.o)
                0x0000000000016bb8                alt_priority_mask
 .sdata         0x0000000000016bbc        0x8 ../nuttynios-firmware2_bsp/\libhal_bsp.a(alt_tick.o)
                0x0000000000016bbc                alt_alarm_list
 .sdata._global_impure_ptr
                0x0000000000016bc4        0x4 c:/intelfpga_lite/18.0/nios2eds/bin/gnu/h-x86_64-mingw32/bin/../lib/gcc/nios2-elf/5.3.0/../../../../../H-x86_64-mingw32/nios2-elf/lib/mno-hw-mul\libc.a(lib_a-impure.o)
                0x0000000000016bc4                _global_impure_ptr
 .sdata._impure_ptr
                0x0000000000016bc8        0x4 c:/intelfpga_lite/18.0/nios2eds/bin/gnu/h-x86_64-mingw32/bin/../lib/gcc/nios2-elf/5.3.0/../../../../../H-x86_64-mingw32/nios2-elf/lib/mno-hw-mul\libc.a(lib_a-impure.o)
                0x0000000000016bc8                _impure_ptr
 .sdata.__malloc_sbrk_base
                0x0000000000016bcc        0x4 c:/intelfpga_lite/18.0/nios2eds/bin/gnu/h-x86_64-mingw32/bin/../lib/gcc/nios2-elf/5.3.0/../../../../../H-x86_64-mingw32/nios2-elf/lib/mno-hw-mul\libc.a(lib_a-mallocr.o)
                0x0000000000016bcc                __malloc_sbrk_base
 .sdata.__malloc_trim_threshold
                0x0000000000016bd0        0x4 c:/intelfpga_lite/18.0/nios2eds/bin/gnu/h-x86_64-mingw32/bin/../lib/gcc/nios2-elf/5.3.0/../../../../../H-x86_64-mingw32/nios2-elf/lib/mno-hw-mul\libc.a(lib_a-mallocr.o)
                0x0000000000016bd0                __malloc_trim_threshold
 .sdata         0x0000000000016bd4        0x4 ../nuttynios-firmware2_bsp/\libhal_bsp.a(alt_sbrk.o)
 *(.sdata2 .sdata2.* .gnu.linkonce.s2.*)
                0x0000000000016bd8                . = ALIGN (0x4)
                0x0000000000016bd8                _edata = ABSOLUTE (.)
                [!provide]                        PROVIDE (edata, ABSOLUTE (.))
                0x0000000000016bd8                PROVIDE (__ram_rwdata_end, ABSOLUTE (.))
                0x0000000000016bd8                PROVIDE (__flash_rwdata_start, LOADADDR (.rwdata))

.bss            0x0000000000018670      0x154
                0x0000000000018670                __bss_start = ABSOLUTE (.)
                [!provide]                        PROVIDE (__sbss_start, ABSOLUTE (.))
                [!provide]                        PROVIDE (___sbss_start, ABSOLUTE (.))
 *(.dynsbss)
 *(.sbss .sbss.* .gnu.linkonce.sb.*)
 .sbss          0x0000000000018670        0xc ../nuttynios-firmware2_bsp/\libhal_bsp.a(alt_main.o)
                0x0000000000018670                alt_argc
                0x0000000000018674                alt_argv
                0x0000000000018678                alt_envp
 .sbss          0x000000000001867c        0x4 ../nuttynios-firmware2_bsp/\libhal_bsp.a(alt_irq_vars.o)
                0x000000000001867c                alt_irq_active
 .sbss          0x0000000000018680        0x8 ../nuttynios-firmware2_bsp/\libhal_bsp.a(alt_tick.o)
                0x0000000000018680                _alt_tick_rate
                0x0000000000018684                _alt_nticks
 .sbss          0x0000000000018688        0x4 ../nuttynios-firmware2_bsp/\libhal_bsp.a(alt_instruction_exception_entry.o)
                0x0000000000018688                alt_instruction_exception_handler
 .sbss          0x000000000001868c        0x4 c:/intelfpga_lite/18.0/nios2eds/bin/gnu/h-x86_64-mingw32/bin/../lib/gcc/nios2-elf/5.3.0/../../../../../H-x86_64-mingw32/nios2-elf/lib/mno-hw-mul\libc.a(lib_a-int_errno.o)
                0x000000000001868c                errno
 .sbss.__malloc_max_total_mem
                0x0000000000018690        0x4 c:/intelfpga_lite/18.0/nios2eds/bin/gnu/h-x86_64-mingw32/bin/../lib/gcc/nios2-elf/5.3.0/../../../../../H-x86_64-mingw32/nios2-elf/lib/mno-hw-mul\libc.a(lib_a-mallocr.o)
                0x0000000000018690                __malloc_max_total_mem
 .sbss.__malloc_max_sbrked_mem
                0x0000000000018694        0x4 c:/intelfpga_lite/18.0/nios2eds/bin/gnu/h-x86_64-mingw32/bin/../lib/gcc/nios2-elf/5.3.0/../../../../../H-x86_64-mingw32/nios2-elf/lib/mno-hw-mul\libc.a(lib_a-mallocr.o)
                0x0000000000018694                __malloc_max_sbrked_mem
 .sbss.__malloc_top_pad
                0x0000000000018698        0x4 c:/intelfpga_lite/18.0/nios2eds/bin/gnu/h-x86_64-mingw32/bin/../lib/gcc/nios2-elf/5.3.0/../../../../../H-x86_64-mingw32/nios2-elf/lib/mno-hw-mul\libc.a(lib_a-mallocr.o)
                0x0000000000018698                __malloc_top_pad
 *(.sbss2 .sbss2.* .gnu.linkonce.sb2.*)
 *(.scommon)
                [!provide]                        PROVIDE (__sbss_end, ABSOLUTE (.))
                [!provide]                        PROVIDE (___sbss_end, ABSOLUTE (.))
 *(.dynbss)
 *(.bss .bss.* .gnu.linkonce.b.*)
 .bss           0x000000000001869c        0x0 ../nuttynios-firmware2_bsp//obj/HAL/src/crt0.o
 .bss           0x000000000001869c        0x0 obj/default/main.o
 .bss           0x000000000001869c        0x0 ../nuttynios-firmware2_bsp/\libhal_bsp.a(alt_load.o)
 .bss           0x000000000001869c        0x0 ../nuttynios-firmware2_bsp/\libhal_bsp.a(alt_main.o)
 .bss           0x000000000001869c        0x0 ../nuttynios-firmware2_bsp/\libhal_bsp.a(alt_printf.o)
 .bss           0x000000000001869c        0x0 ../nuttynios-firmware2_bsp/\libhal_bsp.a(alt_putchar.o)
 .bss           0x000000000001869c        0x0 ../nuttynios-firmware2_bsp/\libhal_bsp.a(alt_sys_init.o)
 .bss           0x000000000001869c        0x0 ../nuttynios-firmware2_bsp/\libhal_bsp.a(altera_avalon_jtag_uart_fd.o)
 .bss           0x000000000001869c        0x0 ../nuttynios-firmware2_bsp/\libhal_bsp.a(altera_avalon_jtag_uart_init.o)
 .bss           0x000000000001869c        0x0 ../nuttynios-firmware2_bsp/\libhal_bsp.a(altera_avalon_jtag_uart_ioctl.o)
 .bss           0x000000000001869c        0x0 ../nuttynios-firmware2_bsp/\libhal_bsp.a(altera_avalon_jtag_uart_read.o)
 .bss           0x000000000001869c        0x0 ../nuttynios-firmware2_bsp/\libhal_bsp.a(altera_avalon_jtag_uart_write.o)
 .bss           0x000000000001869c        0x0 ../nuttynios-firmware2_bsp/\libhal_bsp.a(altera_up_avalon_accelerometer_spi.o)
 .bss           0x000000000001869c        0x0 ../nuttynios-firmware2_bsp/\libhal_bsp.a(alt_alarm_start.o)
 .bss           0x000000000001869c        0x0 ../nuttynios-firmware2_bsp/\libhal_bsp.a(alt_close.o)
 .bss           0x000000000001869c        0x0 ../nuttynios-firmware2_bsp/\libhal_bsp.a(alt_dcache_flush_all.o)
 .bss           0x000000000001869c        0x0 ../nuttynios-firmware2_bsp/\libhal_bsp.a(alt_dev.o)
 .bss           0x000000000001869c        0x0 ../nuttynios-firmware2_bsp/\libhal_bsp.a(alt_dev_llist_insert.o)
 .bss           0x000000000001869c        0x0 ../nuttynios-firmware2_bsp/\libhal_bsp.a(alt_do_ctors.o)
 .bss           0x000000000001869c        0x0 ../nuttynios-firmware2_bsp/\libhal_bsp.a(alt_do_dtors.o)
 .bss           0x000000000001869c        0x0 ../nuttynios-firmware2_bsp/\libhal_bsp.a(alt_errno.o)
 .bss           0x000000000001869c        0x0 ../nuttynios-firmware2_bsp/\libhal_bsp.a(alt_find_dev.o)
 .bss           0x000000000001869c        0x0 ../nuttynios-firmware2_bsp/\libhal_bsp.a(alt_icache_flush_all.o)
 .bss           0x000000000001869c        0x0 ../nuttynios-firmware2_bsp/\libhal_bsp.a(alt_io_redirect.o)
 .bss           0x000000000001869c        0x0 ../nuttynios-firmware2_bsp/\libhal_bsp.a(alt_irq_register.o)
 .bss           0x000000000001869c        0x0 ../nuttynios-firmware2_bsp/\libhal_bsp.a(alt_irq_vars.o)
 .bss           0x000000000001869c        0x0 ../nuttynios-firmware2_bsp/\libhal_bsp.a(alt_open.o)
 .bss           0x000000000001869c        0x0 ../nuttynios-firmware2_bsp/\libhal_bsp.a(alt_release_fd.o)
 .bss           0x000000000001869c        0x0 ../nuttynios-firmware2_bsp/\libhal_bsp.a(alt_tick.o)
 .bss           0x000000000001869c        0x0 ../nuttynios-firmware2_bsp/\libhal_bsp.a(altera_nios2_gen2_irq.o)
 .bss           0x000000000001869c        0x0 ../nuttynios-firmware2_bsp/\libhal_bsp.a(alt_find_file.o)
 .bss           0x000000000001869c        0x0 ../nuttynios-firmware2_bsp/\libhal_bsp.a(alt_get_fd.o)
 .bss           0x000000000001869c        0x0 ../nuttynios-firmware2_bsp/\libhal_bsp.a(alt_irq_entry.o)
 .bss           0x000000000001869c        0x0 ../nuttynios-firmware2_bsp/\libhal_bsp.a(alt_irq_handler.o)
 .bss           0x000000000001869c        0x0 ../nuttynios-firmware2_bsp/\libhal_bsp.a(alt_exception_entry.o)
 .bss           0x000000000001869c        0x0 ../nuttynios-firmware2_bsp/\libhal_bsp.a(alt_instruction_exception_entry.o)
 .bss           0x000000000001869c        0x0 c:/intelfpga_lite/18.0/nios2eds/bin/gnu/h-x86_64-mingw32/bin/../lib/gcc/nios2-elf/5.3.0/../../../../../H-x86_64-mingw32/nios2-elf/lib/mno-hw-mul\libc.a(lib_a-atexit.o)
 .bss           0x000000000001869c        0x0 c:/intelfpga_lite/18.0/nios2eds/bin/gnu/h-x86_64-mingw32/bin/../lib/gcc/nios2-elf/5.3.0/../../../../../H-x86_64-mingw32/nios2-elf/lib/mno-hw-mul\libc.a(lib_a-exit.o)
 .bss           0x000000000001869c        0x0 c:/intelfpga_lite/18.0/nios2eds/bin/gnu/h-x86_64-mingw32/bin/../lib/gcc/nios2-elf/5.3.0/../../../../../H-x86_64-mingw32/nios2-elf/lib/mno-hw-mul\libc.a(lib_a-impure.o)
 .bss           0x000000000001869c        0x0 c:/intelfpga_lite/18.0/nios2eds/bin/gnu/h-x86_64-mingw32/bin/../lib/gcc/nios2-elf/5.3.0/../../../../../H-x86_64-mingw32/nios2-elf/lib/mno-hw-mul\libc.a(lib_a-int_errno.o)
 .bss           0x000000000001869c        0x0 c:/intelfpga_lite/18.0/nios2eds/bin/gnu/h-x86_64-mingw32/bin/../lib/gcc/nios2-elf/5.3.0/../../../../../H-x86_64-mingw32/nios2-elf/lib/mno-hw-mul\libc.a(lib_a-memcmp.o)
 .bss           0x000000000001869c        0x0 c:/intelfpga_lite/18.0/nios2eds/bin/gnu/h-x86_64-mingw32/bin/../lib/gcc/nios2-elf/5.3.0/../../../../../H-x86_64-mingw32/nios2-elf/lib/mno-hw-mul\libc.a(lib_a-memcpy.o)
 .bss           0x000000000001869c        0x0 c:/intelfpga_lite/18.0/nios2eds/bin/gnu/h-x86_64-mingw32/bin/../lib/gcc/nios2-elf/5.3.0/../../../../../H-x86_64-mingw32/nios2-elf/lib/mno-hw-mul\libc.a(lib_a-putc.o)
 .bss           0x000000000001869c        0x0 c:/intelfpga_lite/18.0/nios2eds/bin/gnu/h-x86_64-mingw32/bin/../lib/gcc/nios2-elf/5.3.0/../../../../../H-x86_64-mingw32/nios2-elf/lib/mno-hw-mul\libc.a(lib_a-strlen.o)
 .bss           0x000000000001869c        0x0 c:/intelfpga_lite/18.0/nios2eds/bin/gnu/h-x86_64-mingw32/bin/../lib/gcc/nios2-elf/5.3.0/../../../../../H-x86_64-mingw32/nios2-elf/lib/mno-hw-mul\libc.a(lib_a-wbuf.o)
 .bss           0x000000000001869c        0x0 c:/intelfpga_lite/18.0/nios2eds/bin/gnu/h-x86_64-mingw32/bin/../lib/gcc/nios2-elf/5.3.0/../../../../../H-x86_64-mingw32/nios2-elf/lib/mno-hw-mul\libc.a(lib_a-wsetup.o)
 .bss           0x000000000001869c        0x0 c:/intelfpga_lite/18.0/nios2eds/bin/gnu/h-x86_64-mingw32/bin/../lib/gcc/nios2-elf/5.3.0/../../../../../H-x86_64-mingw32/nios2-elf/lib/mno-hw-mul\libc.a(lib_a-__atexit.o)
 .bss           0x000000000001869c        0x0 c:/intelfpga_lite/18.0/nios2eds/bin/gnu/h-x86_64-mingw32/bin/../lib/gcc/nios2-elf/5.3.0/../../../../../H-x86_64-mingw32/nios2-elf/lib/mno-hw-mul\libc.a(lib_a-__call_atexit.o)
 .bss           0x000000000001869c        0x0 c:/intelfpga_lite/18.0/nios2eds/bin/gnu/h-x86_64-mingw32/bin/../lib/gcc/nios2-elf/5.3.0/../../../../../H-x86_64-mingw32/nios2-elf/lib/mno-hw-mul\libc.a(lib_a-fflush.o)
 .bss           0x000000000001869c        0x0 c:/intelfpga_lite/18.0/nios2eds/bin/gnu/h-x86_64-mingw32/bin/../lib/gcc/nios2-elf/5.3.0/../../../../../H-x86_64-mingw32/nios2-elf/lib/mno-hw-mul\libc.a(lib_a-findfp.o)
 .bss           0x000000000001869c        0x0 c:/intelfpga_lite/18.0/nios2eds/bin/gnu/h-x86_64-mingw32/bin/../lib/gcc/nios2-elf/5.3.0/../../../../../H-x86_64-mingw32/nios2-elf/lib/mno-hw-mul\libc.a(lib_a-freer.o)
 .bss           0x000000000001869c        0x0 c:/intelfpga_lite/18.0/nios2eds/bin/gnu/h-x86_64-mingw32/bin/../lib/gcc/nios2-elf/5.3.0/../../../../../H-x86_64-mingw32/nios2-elf/lib/mno-hw-mul\libc.a(lib_a-fwalk.o)
 .bss           0x000000000001869c        0x0 c:/intelfpga_lite/18.0/nios2eds/bin/gnu/h-x86_64-mingw32/bin/../lib/gcc/nios2-elf/5.3.0/../../../../../H-x86_64-mingw32/nios2-elf/lib/mno-hw-mul\libc.a(lib_a-makebuf.o)
 .bss           0x000000000001869c        0x0 c:/intelfpga_lite/18.0/nios2eds/bin/gnu/h-x86_64-mingw32/bin/../lib/gcc/nios2-elf/5.3.0/../../../../../H-x86_64-mingw32/nios2-elf/lib/mno-hw-mul\libc.a(lib_a-mallocr.o)
 .bss.__malloc_current_mallinfo
                0x000000000001869c       0x28 c:/intelfpga_lite/18.0/nios2eds/bin/gnu/h-x86_64-mingw32/bin/../lib/gcc/nios2-elf/5.3.0/../../../../../H-x86_64-mingw32/nios2-elf/lib/mno-hw-mul\libc.a(lib_a-mallocr.o)
                0x000000000001869c                __malloc_current_mallinfo
 .bss           0x00000000000186c4        0x0 c:/intelfpga_lite/18.0/nios2eds/bin/gnu/h-x86_64-mingw32/bin/../lib/gcc/nios2-elf/5.3.0/../../../../../H-x86_64-mingw32/nios2-elf/lib/mno-hw-mul\libc.a(lib_a-memset.o)
 .bss           0x00000000000186c4        0x0 c:/intelfpga_lite/18.0/nios2eds/bin/gnu/h-x86_64-mingw32/bin/../lib/gcc/nios2-elf/5.3.0/../../../../../H-x86_64-mingw32/nios2-elf/lib/mno-hw-mul\libc.a(lib_a-sbrkr.o)
 .bss           0x00000000000186c4        0x0 c:/intelfpga_lite/18.0/nios2eds/bin/gnu/h-x86_64-mingw32/bin/../lib/gcc/nios2-elf/5.3.0/../../../../../H-x86_64-mingw32/nios2-elf/lib/mno-hw-mul\libc.a(lib_a-stdio.o)
 .bss           0x00000000000186c4        0x0 c:/intelfpga_lite/18.0/nios2eds/bin/gnu/h-x86_64-mingw32/bin/../lib/gcc/nios2-elf/5.3.0/../../../../../H-x86_64-mingw32/nios2-elf/lib/mno-hw-mul\libc.a(lib_a-writer.o)
 .bss           0x00000000000186c4        0x0 c:/intelfpga_lite/18.0/nios2eds/bin/gnu/h-x86_64-mingw32/bin/../lib/gcc/nios2-elf/5.3.0/../../../../../H-x86_64-mingw32/nios2-elf/lib/mno-hw-mul\libc.a(closer.o)
 .bss           0x00000000000186c4        0x0 c:/intelfpga_lite/18.0/nios2eds/bin/gnu/h-x86_64-mingw32/bin/../lib/gcc/nios2-elf/5.3.0/../../../../../H-x86_64-mingw32/nios2-elf/lib/mno-hw-mul\libc.a(lib_a-fclose.o)
 .bss           0x00000000000186c4        0x0 c:/intelfpga_lite/18.0/nios2eds/bin/gnu/h-x86_64-mingw32/bin/../lib/gcc/nios2-elf/5.3.0/../../../../../H-x86_64-mingw32/nios2-elf/lib/mno-hw-mul\libc.a(lib_a-fstatr.o)
 .bss           0x00000000000186c4        0x0 c:/intelfpga_lite/18.0/nios2eds/bin/gnu/h-x86_64-mingw32/bin/../lib/gcc/nios2-elf/5.3.0/../../../../../H-x86_64-mingw32/nios2-elf/lib/mno-hw-mul\libc.a(lib_a-isattyr.o)
 .bss           0x00000000000186c4        0x0 c:/intelfpga_lite/18.0/nios2eds/bin/gnu/h-x86_64-mingw32/bin/../lib/gcc/nios2-elf/5.3.0/../../../../../H-x86_64-mingw32/nios2-elf/lib/mno-hw-mul\libc.a(lib_a-lseekr.o)
 .bss           0x00000000000186c4        0x0 c:/intelfpga_lite/18.0/nios2eds/bin/gnu/h-x86_64-mingw32/bin/../lib/gcc/nios2-elf/5.3.0/../../../../../H-x86_64-mingw32/nios2-elf/lib/mno-hw-mul\libc.a(lib_a-readr.o)
 .bss           0x00000000000186c4        0x0 c:/intelfpga_lite/18.0/nios2eds/bin/gnu/h-x86_64-mingw32/bin/../lib/gcc/nios2-elf/5.3.0/mno-hw-mul\libgcc.a(lib2-mul.o)
 .bss           0x00000000000186c4        0x0 ../nuttynios-firmware2_bsp/\libhal_bsp.a(alt_exit.o)
 .bss           0x00000000000186c4        0x0 ../nuttynios-firmware2_bsp/\libhal_bsp.a(alt_fstat.o)
 .bss           0x00000000000186c4        0x0 ../nuttynios-firmware2_bsp/\libhal_bsp.a(alt_isatty.o)
 .bss           0x00000000000186c4        0x0 ../nuttynios-firmware2_bsp/\libhal_bsp.a(alt_lseek.o)
 .bss           0x00000000000186c4        0x0 ../nuttynios-firmware2_bsp/\libhal_bsp.a(alt_malloc_lock.o)
 .bss           0x00000000000186c4        0x0 ../nuttynios-firmware2_bsp/\libhal_bsp.a(alt_read.o)
 .bss           0x00000000000186c4        0x0 ../nuttynios-firmware2_bsp/\libhal_bsp.a(alt_sbrk.o)
 .bss           0x00000000000186c4        0x0 ../nuttynios-firmware2_bsp/\libhal_bsp.a(alt_write.o)
 *(COMMON)
 COMMON         0x00000000000186c4      0x100 ../nuttynios-firmware2_bsp/\libhal_bsp.a(alt_irq_handler.o)
                0x00000000000186c4                alt_irq
                0x00000000000187c4                . = ALIGN (0x4)
                0x00000000000187c4                __bss_end = ABSOLUTE (.)

.onchip_memory  0x00000000000187c4        0x0
                [!provide]                        PROVIDE (_alt_partition_onchip_memory_start, ABSOLUTE (.))
 *(.onchip_memory .onchip_memory. onchip_memory.*)
                0x00000000000187c4                . = ALIGN (0x4)
                [!provide]                        PROVIDE (_alt_partition_onchip_memory_end, ABSOLUTE (.))
                0x00000000000187c4                _end = ABSOLUTE (.)
                0x00000000000187c4                end = ABSOLUTE (.)
                0x00000000000187c4                __alt_stack_base = ABSOLUTE (.)
                [!provide]                        PROVIDE (_alt_partition_onchip_memory_load_addr, LOADADDR (.onchip_memory))

.stab
 *(.stab)

.stabstr
 *(.stabstr)

.stab.excl
 *(.stab.excl)

.stab.exclstr
 *(.stab.exclstr)

.stab.index
 *(.stab.index)

.stab.indexstr
 *(.stab.indexstr)

.comment        0x0000000000000000       0x23
 *(.comment)
 .comment       0x0000000000000000       0x23 obj/default/main.o
                                         0x24 (size before relaxing)
 .comment       0x0000000000000023       0x24 ../nuttynios-firmware2_bsp/\libhal_bsp.a(alt_load.o)
 .comment       0x0000000000000023       0x24 ../nuttynios-firmware2_bsp/\libhal_bsp.a(alt_main.o)
 .comment       0x0000000000000023       0x24 ../nuttynios-firmware2_bsp/\libhal_bsp.a(alt_printf.o)
 .comment       0x0000000000000023       0x24 ../nuttynios-firmware2_bsp/\libhal_bsp.a(alt_putchar.o)
 .comment       0x0000000000000023       0x24 ../nuttynios-firmware2_bsp/\libhal_bsp.a(alt_sys_init.o)
 .comment       0x0000000000000023       0x24 ../nuttynios-firmware2_bsp/\libhal_bsp.a(altera_avalon_jtag_uart_fd.o)
 .comment       0x0000000000000023       0x24 ../nuttynios-firmware2_bsp/\libhal_bsp.a(altera_avalon_jtag_uart_init.o)
 .comment       0x0000000000000023       0x24 ../nuttynios-firmware2_bsp/\libhal_bsp.a(altera_avalon_jtag_uart_ioctl.o)
 .comment       0x0000000000000023       0x24 ../nuttynios-firmware2_bsp/\libhal_bsp.a(altera_avalon_jtag_uart_read.o)
 .comment       0x0000000000000023       0x24 ../nuttynios-firmware2_bsp/\libhal_bsp.a(altera_avalon_jtag_uart_write.o)
 .comment       0x0000000000000023       0x24 ../nuttynios-firmware2_bsp/\libhal_bsp.a(altera_up_avalon_accelerometer_spi.o)
 .comment       0x0000000000000023       0x24 ../nuttynios-firmware2_bsp/\libhal_bsp.a(alt_alarm_start.o)
 .comment       0x0000000000000023       0x24 ../nuttynios-firmware2_bsp/\libhal_bsp.a(alt_close.o)
 .comment       0x0000000000000023       0x24 ../nuttynios-firmware2_bsp/\libhal_bsp.a(alt_dcache_flush_all.o)
 .comment       0x0000000000000023       0x24 ../nuttynios-firmware2_bsp/\libhal_bsp.a(alt_dev.o)
 .comment       0x0000000000000023       0x24 ../nuttynios-firmware2_bsp/\libhal_bsp.a(alt_dev_llist_insert.o)
 .comment       0x0000000000000023       0x24 ../nuttynios-firmware2_bsp/\libhal_bsp.a(alt_do_ctors.o)
 .comment       0x0000000000000023       0x24 ../nuttynios-firmware2_bsp/\libhal_bsp.a(alt_do_dtors.o)
 .comment       0x0000000000000023       0x24 ../nuttynios-firmware2_bsp/\libhal_bsp.a(alt_errno.o)
 .comment       0x0000000000000023       0x24 ../nuttynios-firmware2_bsp/\libhal_bsp.a(alt_find_dev.o)
 .comment       0x0000000000000023       0x24 ../nuttynios-firmware2_bsp/\libhal_bsp.a(alt_icache_flush_all.o)
 .comment       0x0000000000000023       0x24 ../nuttynios-firmware2_bsp/\libhal_bsp.a(alt_io_redirect.o)
 .comment       0x0000000000000023       0x24 ../nuttynios-firmware2_bsp/\libhal_bsp.a(alt_irq_register.o)
 .comment       0x0000000000000023       0x24 ../nuttynios-firmware2_bsp/\libhal_bsp.a(alt_irq_vars.o)
 .comment       0x0000000000000023       0x24 ../nuttynios-firmware2_bsp/\libhal_bsp.a(alt_open.o)
 .comment       0x0000000000000023       0x24 ../nuttynios-firmware2_bsp/\libhal_bsp.a(alt_release_fd.o)
 .comment       0x0000000000000023       0x24 ../nuttynios-firmware2_bsp/\libhal_bsp.a(alt_tick.o)
 .comment       0x0000000000000023       0x24 ../nuttynios-firmware2_bsp/\libhal_bsp.a(altera_nios2_gen2_irq.o)
 .comment       0x0000000000000023       0x24 ../nuttynios-firmware2_bsp/\libhal_bsp.a(alt_find_file.o)
 .comment       0x0000000000000023       0x24 ../nuttynios-firmware2_bsp/\libhal_bsp.a(alt_get_fd.o)
 .comment       0x0000000000000023       0x24 ../nuttynios-firmware2_bsp/\libhal_bsp.a(alt_irq_handler.o)
 .comment       0x0000000000000023       0x24 ../nuttynios-firmware2_bsp/\libhal_bsp.a(alt_instruction_exception_entry.o)
 .comment       0x0000000000000023       0x24 c:/intelfpga_lite/18.0/nios2eds/bin/gnu/h-x86_64-mingw32/bin/../lib/gcc/nios2-elf/5.3.0/../../../../../H-x86_64-mingw32/nios2-elf/lib/mno-hw-mul\libc.a(lib_a-atexit.o)
 .comment       0x0000000000000023       0x24 c:/intelfpga_lite/18.0/nios2eds/bin/gnu/h-x86_64-mingw32/bin/../lib/gcc/nios2-elf/5.3.0/../../../../../H-x86_64-mingw32/nios2-elf/lib/mno-hw-mul\libc.a(lib_a-exit.o)
 .comment       0x0000000000000023       0x24 c:/intelfpga_lite/18.0/nios2eds/bin/gnu/h-x86_64-mingw32/bin/../lib/gcc/nios2-elf/5.3.0/../../../../../H-x86_64-mingw32/nios2-elf/lib/mno-hw-mul\libc.a(lib_a-impure.o)
 .comment       0x0000000000000023       0x24 c:/intelfpga_lite/18.0/nios2eds/bin/gnu/h-x86_64-mingw32/bin/../lib/gcc/nios2-elf/5.3.0/../../../../../H-x86_64-mingw32/nios2-elf/lib/mno-hw-mul\libc.a(lib_a-int_errno.o)
 .comment       0x0000000000000023       0x24 c:/intelfpga_lite/18.0/nios2eds/bin/gnu/h-x86_64-mingw32/bin/../lib/gcc/nios2-elf/5.3.0/../../../../../H-x86_64-mingw32/nios2-elf/lib/mno-hw-mul\libc.a(lib_a-memcmp.o)
 .comment       0x0000000000000023       0x24 c:/intelfpga_lite/18.0/nios2eds/bin/gnu/h-x86_64-mingw32/bin/../lib/gcc/nios2-elf/5.3.0/../../../../../H-x86_64-mingw32/nios2-elf/lib/mno-hw-mul\libc.a(lib_a-memcpy.o)
 .comment       0x0000000000000023       0x24 c:/intelfpga_lite/18.0/nios2eds/bin/gnu/h-x86_64-mingw32/bin/../lib/gcc/nios2-elf/5.3.0/../../../../../H-x86_64-mingw32/nios2-elf/lib/mno-hw-mul\libc.a(lib_a-putc.o)
 .comment       0x0000000000000023       0x24 c:/intelfpga_lite/18.0/nios2eds/bin/gnu/h-x86_64-mingw32/bin/../lib/gcc/nios2-elf/5.3.0/../../../../../H-x86_64-mingw32/nios2-elf/lib/mno-hw-mul\libc.a(lib_a-strlen.o)
 .comment       0x0000000000000023       0x24 c:/intelfpga_lite/18.0/nios2eds/bin/gnu/h-x86_64-mingw32/bin/../lib/gcc/nios2-elf/5.3.0/../../../../../H-x86_64-mingw32/nios2-elf/lib/mno-hw-mul\libc.a(lib_a-wbuf.o)
 .comment       0x0000000000000023       0x24 c:/intelfpga_lite/18.0/nios2eds/bin/gnu/h-x86_64-mingw32/bin/../lib/gcc/nios2-elf/5.3.0/../../../../../H-x86_64-mingw32/nios2-elf/lib/mno-hw-mul\libc.a(lib_a-wsetup.o)
 .comment       0x0000000000000023       0x24 c:/intelfpga_lite/18.0/nios2eds/bin/gnu/h-x86_64-mingw32/bin/../lib/gcc/nios2-elf/5.3.0/../../../../../H-x86_64-mingw32/nios2-elf/lib/mno-hw-mul\libc.a(lib_a-__atexit.o)
 .comment       0x0000000000000023       0x24 c:/intelfpga_lite/18.0/nios2eds/bin/gnu/h-x86_64-mingw32/bin/../lib/gcc/nios2-elf/5.3.0/../../../../../H-x86_64-mingw32/nios2-elf/lib/mno-hw-mul\libc.a(lib_a-__call_atexit.o)
 .comment       0x0000000000000023       0x24 c:/intelfpga_lite/18.0/nios2eds/bin/gnu/h-x86_64-mingw32/bin/../lib/gcc/nios2-elf/5.3.0/../../../../../H-x86_64-mingw32/nios2-elf/lib/mno-hw-mul\libc.a(lib_a-fflush.o)
 .comment       0x0000000000000023       0x24 c:/intelfpga_lite/18.0/nios2eds/bin/gnu/h-x86_64-mingw32/bin/../lib/gcc/nios2-elf/5.3.0/../../../../../H-x86_64-mingw32/nios2-elf/lib/mno-hw-mul\libc.a(lib_a-findfp.o)
 .comment       0x0000000000000023       0x24 c:/intelfpga_lite/18.0/nios2eds/bin/gnu/h-x86_64-mingw32/bin/../lib/gcc/nios2-elf/5.3.0/../../../../../H-x86_64-mingw32/nios2-elf/lib/mno-hw-mul\libc.a(lib_a-freer.o)
 .comment       0x0000000000000023       0x24 c:/intelfpga_lite/18.0/nios2eds/bin/gnu/h-x86_64-mingw32/bin/../lib/gcc/nios2-elf/5.3.0/../../../../../H-x86_64-mingw32/nios2-elf/lib/mno-hw-mul\libc.a(lib_a-fwalk.o)
 .comment       0x0000000000000023       0x24 c:/intelfpga_lite/18.0/nios2eds/bin/gnu/h-x86_64-mingw32/bin/../lib/gcc/nios2-elf/5.3.0/../../../../../H-x86_64-mingw32/nios2-elf/lib/mno-hw-mul\libc.a(lib_a-makebuf.o)
 .comment       0x0000000000000023       0x24 c:/intelfpga_lite/18.0/nios2eds/bin/gnu/h-x86_64-mingw32/bin/../lib/gcc/nios2-elf/5.3.0/../../../../../H-x86_64-mingw32/nios2-elf/lib/mno-hw-mul\libc.a(lib_a-mallocr.o)
 .comment       0x0000000000000023       0x24 c:/intelfpga_lite/18.0/nios2eds/bin/gnu/h-x86_64-mingw32/bin/../lib/gcc/nios2-elf/5.3.0/../../../../../H-x86_64-mingw32/nios2-elf/lib/mno-hw-mul\libc.a(lib_a-memset.o)
 .comment       0x0000000000000023       0x24 c:/intelfpga_lite/18.0/nios2eds/bin/gnu/h-x86_64-mingw32/bin/../lib/gcc/nios2-elf/5.3.0/../../../../../H-x86_64-mingw32/nios2-elf/lib/mno-hw-mul\libc.a(lib_a-sbrkr.o)
 .comment       0x0000000000000023       0x24 c:/intelfpga_lite/18.0/nios2eds/bin/gnu/h-x86_64-mingw32/bin/../lib/gcc/nios2-elf/5.3.0/../../../../../H-x86_64-mingw32/nios2-elf/lib/mno-hw-mul\libc.a(lib_a-stdio.o)
 .comment       0x0000000000000023       0x24 c:/intelfpga_lite/18.0/nios2eds/bin/gnu/h-x86_64-mingw32/bin/../lib/gcc/nios2-elf/5.3.0/../../../../../H-x86_64-mingw32/nios2-elf/lib/mno-hw-mul\libc.a(lib_a-writer.o)
 .comment       0x0000000000000023       0x24 c:/intelfpga_lite/18.0/nios2eds/bin/gnu/h-x86_64-mingw32/bin/../lib/gcc/nios2-elf/5.3.0/../../../../../H-x86_64-mingw32/nios2-elf/lib/mno-hw-mul\libc.a(closer.o)
 .comment       0x0000000000000023       0x24 c:/intelfpga_lite/18.0/nios2eds/bin/gnu/h-x86_64-mingw32/bin/../lib/gcc/nios2-elf/5.3.0/../../../../../H-x86_64-mingw32/nios2-elf/lib/mno-hw-mul\libc.a(lib_a-fclose.o)
 .comment       0x0000000000000023       0x24 c:/intelfpga_lite/18.0/nios2eds/bin/gnu/h-x86_64-mingw32/bin/../lib/gcc/nios2-elf/5.3.0/../../../../../H-x86_64-mingw32/nios2-elf/lib/mno-hw-mul\libc.a(lib_a-fstatr.o)
 .comment       0x0000000000000023       0x24 c:/intelfpga_lite/18.0/nios2eds/bin/gnu/h-x86_64-mingw32/bin/../lib/gcc/nios2-elf/5.3.0/../../../../../H-x86_64-mingw32/nios2-elf/lib/mno-hw-mul\libc.a(lib_a-isattyr.o)
 .comment       0x0000000000000023       0x24 c:/intelfpga_lite/18.0/nios2eds/bin/gnu/h-x86_64-mingw32/bin/../lib/gcc/nios2-elf/5.3.0/../../../../../H-x86_64-mingw32/nios2-elf/lib/mno-hw-mul\libc.a(lib_a-lseekr.o)
 .comment       0x0000000000000023       0x24 c:/intelfpga_lite/18.0/nios2eds/bin/gnu/h-x86_64-mingw32/bin/../lib/gcc/nios2-elf/5.3.0/../../../../../H-x86_64-mingw32/nios2-elf/lib/mno-hw-mul\libc.a(lib_a-readr.o)
 .comment       0x0000000000000023       0x24 c:/intelfpga_lite/18.0/nios2eds/bin/gnu/h-x86_64-mingw32/bin/../lib/gcc/nios2-elf/5.3.0/mno-hw-mul\libgcc.a(lib2-mul.o)
 .comment       0x0000000000000023       0x24 ../nuttynios-firmware2_bsp/\libhal_bsp.a(alt_exit.o)
 .comment       0x0000000000000023       0x24 ../nuttynios-firmware2_bsp/\libhal_bsp.a(alt_fstat.o)
 .comment       0x0000000000000023       0x24 ../nuttynios-firmware2_bsp/\libhal_bsp.a(alt_isatty.o)
 .comment       0x0000000000000023       0x24 ../nuttynios-firmware2_bsp/\libhal_bsp.a(alt_lseek.o)
 .comment       0x0000000000000023       0x24 ../nuttynios-firmware2_bsp/\libhal_bsp.a(alt_malloc_lock.o)
 .comment       0x0000000000000023       0x24 ../nuttynios-firmware2_bsp/\libhal_bsp.a(alt_read.o)
 .comment       0x0000000000000023       0x24 ../nuttynios-firmware2_bsp/\libhal_bsp.a(alt_sbrk.o)
 .comment       0x0000000000000023       0x24 ../nuttynios-firmware2_bsp/\libhal_bsp.a(alt_write.o)

.debug
 *(.debug)

.line
 *(.line)

.debug_srcinfo
 *(.debug_srcinfo)

.debug_sfnames
 *(.debug_sfnames)

.debug_aranges  0x0000000000000000      0x9d8
 *(.debug_aranges)
 .debug_aranges
                0x0000000000000000       0x28 ../nuttynios-firmware2_bsp//obj/HAL/src/crt0.o
 .debug_aranges
                0x0000000000000028       0x20 obj/default/main.o
 .debug_aranges
                0x0000000000000048       0x20 ../nuttynios-firmware2_bsp/\libhal_bsp.a(alt_load.o)
 .debug_aranges
                0x0000000000000068       0x20 ../nuttynios-firmware2_bsp/\libhal_bsp.a(alt_main.o)
 .debug_aranges
                0x0000000000000088       0x20 ../nuttynios-firmware2_bsp/\libhal_bsp.a(alt_printf.o)
 .debug_aranges
                0x00000000000000a8       0x20 ../nuttynios-firmware2_bsp/\libhal_bsp.a(alt_putchar.o)
 .debug_aranges
                0x00000000000000c8       0x20 ../nuttynios-firmware2_bsp/\libhal_bsp.a(alt_sys_init.o)
 .debug_aranges
                0x00000000000000e8       0x20 ../nuttynios-firmware2_bsp/\libhal_bsp.a(altera_avalon_jtag_uart_fd.o)
 .debug_aranges
                0x0000000000000108       0x20 ../nuttynios-firmware2_bsp/\libhal_bsp.a(altera_avalon_jtag_uart_init.o)
 .debug_aranges
                0x0000000000000128       0x20 ../nuttynios-firmware2_bsp/\libhal_bsp.a(altera_avalon_jtag_uart_ioctl.o)
 .debug_aranges
                0x0000000000000148       0x20 ../nuttynios-firmware2_bsp/\libhal_bsp.a(altera_avalon_jtag_uart_read.o)
 .debug_aranges
                0x0000000000000168       0x20 ../nuttynios-firmware2_bsp/\libhal_bsp.a(altera_avalon_jtag_uart_write.o)
 .debug_aranges
                0x0000000000000188       0x20 ../nuttynios-firmware2_bsp/\libhal_bsp.a(altera_up_avalon_accelerometer_spi.o)
 .debug_aranges
                0x00000000000001a8       0x20 ../nuttynios-firmware2_bsp/\libhal_bsp.a(alt_alarm_start.o)
 .debug_aranges
                0x00000000000001c8       0x20 ../nuttynios-firmware2_bsp/\libhal_bsp.a(alt_close.o)
 .debug_aranges
                0x00000000000001e8       0x20 ../nuttynios-firmware2_bsp/\libhal_bsp.a(alt_dcache_flush_all.o)
 .debug_aranges
                0x0000000000000208       0x20 ../nuttynios-firmware2_bsp/\libhal_bsp.a(alt_dev.o)
 .debug_aranges
                0x0000000000000228       0x20 ../nuttynios-firmware2_bsp/\libhal_bsp.a(alt_dev_llist_insert.o)
 .debug_aranges
                0x0000000000000248       0x20 ../nuttynios-firmware2_bsp/\libhal_bsp.a(alt_do_ctors.o)
 .debug_aranges
                0x0000000000000268       0x20 ../nuttynios-firmware2_bsp/\libhal_bsp.a(alt_do_dtors.o)
 .debug_aranges
                0x0000000000000288       0x18 ../nuttynios-firmware2_bsp/\libhal_bsp.a(alt_errno.o)
 .debug_aranges
                0x00000000000002a0       0x20 ../nuttynios-firmware2_bsp/\libhal_bsp.a(alt_find_dev.o)
 .debug_aranges
                0x00000000000002c0       0x20 ../nuttynios-firmware2_bsp/\libhal_bsp.a(alt_icache_flush_all.o)
 .debug_aranges
                0x00000000000002e0       0x20 ../nuttynios-firmware2_bsp/\libhal_bsp.a(alt_io_redirect.o)
 .debug_aranges
                0x0000000000000300       0x20 ../nuttynios-firmware2_bsp/\libhal_bsp.a(alt_irq_register.o)
 .debug_aranges
                0x0000000000000320       0x18 ../nuttynios-firmware2_bsp/\libhal_bsp.a(alt_irq_vars.o)
 .debug_aranges
                0x0000000000000338       0x20 ../nuttynios-firmware2_bsp/\libhal_bsp.a(alt_open.o)
 .debug_aranges
                0x0000000000000358       0x20 ../nuttynios-firmware2_bsp/\libhal_bsp.a(alt_release_fd.o)
 .debug_aranges
                0x0000000000000378       0x20 ../nuttynios-firmware2_bsp/\libhal_bsp.a(alt_tick.o)
 .debug_aranges
                0x0000000000000398       0x20 ../nuttynios-firmware2_bsp/\libhal_bsp.a(altera_nios2_gen2_irq.o)
 .debug_aranges
                0x00000000000003b8       0x20 ../nuttynios-firmware2_bsp/\libhal_bsp.a(alt_find_file.o)
 .debug_aranges
                0x00000000000003d8       0x20 ../nuttynios-firmware2_bsp/\libhal_bsp.a(alt_get_fd.o)
 .debug_aranges
                0x00000000000003f8       0x30 ../nuttynios-firmware2_bsp/\libhal_bsp.a(alt_irq_entry.o)
 .debug_aranges
                0x0000000000000428       0x20 ../nuttynios-firmware2_bsp/\libhal_bsp.a(alt_irq_handler.o)
 .debug_aranges
                0x0000000000000448       0x38 ../nuttynios-firmware2_bsp/\libhal_bsp.a(alt_exception_entry.o)
 .debug_aranges
                0x0000000000000480       0x28 ../nuttynios-firmware2_bsp/\libhal_bsp.a(alt_instruction_exception_entry.o)
 .debug_aranges
                0x00000000000004a8       0x20 c:/intelfpga_lite/18.0/nios2eds/bin/gnu/h-x86_64-mingw32/bin/../lib/gcc/nios2-elf/5.3.0/../../../../../H-x86_64-mingw32/nios2-elf/lib/mno-hw-mul\libc.a(lib_a-atexit.o)
 .debug_aranges
                0x00000000000004c8       0x20 c:/intelfpga_lite/18.0/nios2eds/bin/gnu/h-x86_64-mingw32/bin/../lib/gcc/nios2-elf/5.3.0/../../../../../H-x86_64-mingw32/nios2-elf/lib/mno-hw-mul\libc.a(lib_a-exit.o)
 .debug_aranges
                0x00000000000004e8       0x18 c:/intelfpga_lite/18.0/nios2eds/bin/gnu/h-x86_64-mingw32/bin/../lib/gcc/nios2-elf/5.3.0/../../../../../H-x86_64-mingw32/nios2-elf/lib/mno-hw-mul\libc.a(lib_a-impure.o)
 .debug_aranges
                0x0000000000000500       0x18 c:/intelfpga_lite/18.0/nios2eds/bin/gnu/h-x86_64-mingw32/bin/../lib/gcc/nios2-elf/5.3.0/../../../../../H-x86_64-mingw32/nios2-elf/lib/mno-hw-mul\libc.a(lib_a-int_errno.o)
 .debug_aranges
                0x0000000000000518       0x20 c:/intelfpga_lite/18.0/nios2eds/bin/gnu/h-x86_64-mingw32/bin/../lib/gcc/nios2-elf/5.3.0/../../../../../H-x86_64-mingw32/nios2-elf/lib/mno-hw-mul\libc.a(lib_a-memcmp.o)
 .debug_aranges
                0x0000000000000538       0x20 c:/intelfpga_lite/18.0/nios2eds/bin/gnu/h-x86_64-mingw32/bin/../lib/gcc/nios2-elf/5.3.0/../../../../../H-x86_64-mingw32/nios2-elf/lib/mno-hw-mul\libc.a(lib_a-memcpy.o)
 .debug_aranges
                0x0000000000000558       0x28 c:/intelfpga_lite/18.0/nios2eds/bin/gnu/h-x86_64-mingw32/bin/../lib/gcc/nios2-elf/5.3.0/../../../../../H-x86_64-mingw32/nios2-elf/lib/mno-hw-mul\libc.a(lib_a-putc.o)
 .debug_aranges
                0x0000000000000580       0x20 c:/intelfpga_lite/18.0/nios2eds/bin/gnu/h-x86_64-mingw32/bin/../lib/gcc/nios2-elf/5.3.0/../../../../../H-x86_64-mingw32/nios2-elf/lib/mno-hw-mul\libc.a(lib_a-strlen.o)
 .debug_aranges
                0x00000000000005a0       0x28 c:/intelfpga_lite/18.0/nios2eds/bin/gnu/h-x86_64-mingw32/bin/../lib/gcc/nios2-elf/5.3.0/../../../../../H-x86_64-mingw32/nios2-elf/lib/mno-hw-mul\libc.a(lib_a-wbuf.o)
 .debug_aranges
                0x00000000000005c8       0x20 c:/intelfpga_lite/18.0/nios2eds/bin/gnu/h-x86_64-mingw32/bin/../lib/gcc/nios2-elf/5.3.0/../../../../../H-x86_64-mingw32/nios2-elf/lib/mno-hw-mul\libc.a(lib_a-wsetup.o)
 .debug_aranges
                0x00000000000005e8       0x20 c:/intelfpga_lite/18.0/nios2eds/bin/gnu/h-x86_64-mingw32/bin/../lib/gcc/nios2-elf/5.3.0/../../../../../H-x86_64-mingw32/nios2-elf/lib/mno-hw-mul\libc.a(lib_a-__atexit.o)
 .debug_aranges
                0x0000000000000608       0x20 c:/intelfpga_lite/18.0/nios2eds/bin/gnu/h-x86_64-mingw32/bin/../lib/gcc/nios2-elf/5.3.0/../../../../../H-x86_64-mingw32/nios2-elf/lib/mno-hw-mul\libc.a(lib_a-__call_atexit.o)
 .debug_aranges
                0x0000000000000628       0x30 c:/intelfpga_lite/18.0/nios2eds/bin/gnu/h-x86_64-mingw32/bin/../lib/gcc/nios2-elf/5.3.0/../../../../../H-x86_64-mingw32/nios2-elf/lib/mno-hw-mul\libc.a(lib_a-fflush.o)
 .debug_aranges
                0x0000000000000658       0x68 c:/intelfpga_lite/18.0/nios2eds/bin/gnu/h-x86_64-mingw32/bin/../lib/gcc/nios2-elf/5.3.0/../../../../../H-x86_64-mingw32/nios2-elf/lib/mno-hw-mul\libc.a(lib_a-findfp.o)
 .debug_aranges
                0x00000000000006c0       0x28 c:/intelfpga_lite/18.0/nios2eds/bin/gnu/h-x86_64-mingw32/bin/../lib/gcc/nios2-elf/5.3.0/../../../../../H-x86_64-mingw32/nios2-elf/lib/mno-hw-mul\libc.a(lib_a-freer.o)
 .debug_aranges
                0x00000000000006e8       0x28 c:/intelfpga_lite/18.0/nios2eds/bin/gnu/h-x86_64-mingw32/bin/../lib/gcc/nios2-elf/5.3.0/../../../../../H-x86_64-mingw32/nios2-elf/lib/mno-hw-mul\libc.a(lib_a-fwalk.o)
 .debug_aranges
                0x0000000000000710       0x20 c:/intelfpga_lite/18.0/nios2eds/bin/gnu/h-x86_64-mingw32/bin/../lib/gcc/nios2-elf/5.3.0/../../../../../H-x86_64-mingw32/nios2-elf/lib/mno-hw-mul\libc.a(lib_a-makebuf.o)
 .debug_aranges
                0x0000000000000730       0x20 c:/intelfpga_lite/18.0/nios2eds/bin/gnu/h-x86_64-mingw32/bin/../lib/gcc/nios2-elf/5.3.0/../../../../../H-x86_64-mingw32/nios2-elf/lib/mno-hw-mul\libc.a(lib_a-mallocr.o)
 .debug_aranges
                0x0000000000000750       0x20 c:/intelfpga_lite/18.0/nios2eds/bin/gnu/h-x86_64-mingw32/bin/../lib/gcc/nios2-elf/5.3.0/../../../../../H-x86_64-mingw32/nios2-elf/lib/mno-hw-mul\libc.a(lib_a-memset.o)
 .debug_aranges
                0x0000000000000770       0x20 c:/intelfpga_lite/18.0/nios2eds/bin/gnu/h-x86_64-mingw32/bin/../lib/gcc/nios2-elf/5.3.0/../../../../../H-x86_64-mingw32/nios2-elf/lib/mno-hw-mul\libc.a(lib_a-sbrkr.o)
 .debug_aranges
                0x0000000000000790       0x40 c:/intelfpga_lite/18.0/nios2eds/bin/gnu/h-x86_64-mingw32/bin/../lib/gcc/nios2-elf/5.3.0/../../../../../H-x86_64-mingw32/nios2-elf/lib/mno-hw-mul\libc.a(lib_a-stdio.o)
 .debug_aranges
                0x00000000000007d0       0x20 c:/intelfpga_lite/18.0/nios2eds/bin/gnu/h-x86_64-mingw32/bin/../lib/gcc/nios2-elf/5.3.0/../../../../../H-x86_64-mingw32/nios2-elf/lib/mno-hw-mul\libc.a(lib_a-writer.o)
 .debug_aranges
                0x00000000000007f0       0x20 c:/intelfpga_lite/18.0/nios2eds/bin/gnu/h-x86_64-mingw32/bin/../lib/gcc/nios2-elf/5.3.0/../../../../../H-x86_64-mingw32/nios2-elf/lib/mno-hw-mul\libc.a(closer.o)
 .debug_aranges
                0x0000000000000810       0x28 c:/intelfpga_lite/18.0/nios2eds/bin/gnu/h-x86_64-mingw32/bin/../lib/gcc/nios2-elf/5.3.0/../../../../../H-x86_64-mingw32/nios2-elf/lib/mno-hw-mul\libc.a(lib_a-fclose.o)
 .debug_aranges
                0x0000000000000838       0x20 c:/intelfpga_lite/18.0/nios2eds/bin/gnu/h-x86_64-mingw32/bin/../lib/gcc/nios2-elf/5.3.0/../../../../../H-x86_64-mingw32/nios2-elf/lib/mno-hw-mul\libc.a(lib_a-fstatr.o)
 .debug_aranges
                0x0000000000000858       0x20 c:/intelfpga_lite/18.0/nios2eds/bin/gnu/h-x86_64-mingw32/bin/../lib/gcc/nios2-elf/5.3.0/../../../../../H-x86_64-mingw32/nios2-elf/lib/mno-hw-mul\libc.a(lib_a-isattyr.o)
 .debug_aranges
                0x0000000000000878       0x20 c:/intelfpga_lite/18.0/nios2eds/bin/gnu/h-x86_64-mingw32/bin/../lib/gcc/nios2-elf/5.3.0/../../../../../H-x86_64-mingw32/nios2-elf/lib/mno-hw-mul\libc.a(lib_a-lseekr.o)
 .debug_aranges
                0x0000000000000898       0x20 c:/intelfpga_lite/18.0/nios2eds/bin/gnu/h-x86_64-mingw32/bin/../lib/gcc/nios2-elf/5.3.0/../../../../../H-x86_64-mingw32/nios2-elf/lib/mno-hw-mul\libc.a(lib_a-readr.o)
 .debug_aranges
                0x00000000000008b8       0x20 c:/intelfpga_lite/18.0/nios2eds/bin/gnu/h-x86_64-mingw32/bin/../lib/gcc/nios2-elf/5.3.0/mno-hw-mul\libgcc.a(lib2-mul.o)
 .debug_aranges
                0x00000000000008d8       0x20 ../nuttynios-firmware2_bsp/\libhal_bsp.a(alt_exit.o)
 .debug_aranges
                0x00000000000008f8       0x20 ../nuttynios-firmware2_bsp/\libhal_bsp.a(alt_fstat.o)
 .debug_aranges
                0x0000000000000918       0x20 ../nuttynios-firmware2_bsp/\libhal_bsp.a(alt_isatty.o)
 .debug_aranges
                0x0000000000000938       0x20 ../nuttynios-firmware2_bsp/\libhal_bsp.a(alt_lseek.o)
 .debug_aranges
                0x0000000000000958       0x20 ../nuttynios-firmware2_bsp/\libhal_bsp.a(alt_malloc_lock.o)
 .debug_aranges
                0x0000000000000978       0x20 ../nuttynios-firmware2_bsp/\libhal_bsp.a(alt_read.o)
 .debug_aranges
                0x0000000000000998       0x20 ../nuttynios-firmware2_bsp/\libhal_bsp.a(alt_sbrk.o)
 .debug_aranges
                0x00000000000009b8       0x20 ../nuttynios-firmware2_bsp/\libhal_bsp.a(alt_write.o)

.debug_pubnames
 *(.debug_pubnames)

.debug_info     0x0000000000000000    0x15eba
 *(.debug_info .gnu.linkonce.wi.*)
 .debug_info    0x0000000000000000       0x77 ../nuttynios-firmware2_bsp//obj/HAL/src/crt0.o
 .debug_info    0x0000000000000077      0x360 obj/default/main.o
 .debug_info    0x00000000000003d7      0x145 ../nuttynios-firmware2_bsp/\libhal_bsp.a(alt_load.o)
 .debug_info    0x000000000000051c      0x157 ../nuttynios-firmware2_bsp/\libhal_bsp.a(alt_main.o)
 .debug_info    0x0000000000000673      0x119 ../nuttynios-firmware2_bsp/\libhal_bsp.a(alt_printf.o)
 .debug_info    0x000000000000078c      0x8a6 ../nuttynios-firmware2_bsp/\libhal_bsp.a(alt_putchar.o)
 .debug_info    0x0000000000001032      0x51a ../nuttynios-firmware2_bsp/\libhal_bsp.a(alt_sys_init.o)
 .debug_info    0x000000000000154c      0x52e ../nuttynios-firmware2_bsp/\libhal_bsp.a(altera_avalon_jtag_uart_fd.o)
 .debug_info    0x0000000000001a7a      0x3c3 ../nuttynios-firmware2_bsp/\libhal_bsp.a(altera_avalon_jtag_uart_init.o)
 .debug_info    0x0000000000001e3d      0x280 ../nuttynios-firmware2_bsp/\libhal_bsp.a(altera_avalon_jtag_uart_ioctl.o)
 .debug_info    0x00000000000020bd      0x35b ../nuttynios-firmware2_bsp/\libhal_bsp.a(altera_avalon_jtag_uart_read.o)
 .debug_info    0x0000000000002418      0x356 ../nuttynios-firmware2_bsp/\libhal_bsp.a(altera_avalon_jtag_uart_write.o)
 .debug_info    0x000000000000276e      0x469 ../nuttynios-firmware2_bsp/\libhal_bsp.a(altera_up_avalon_accelerometer_spi.o)
 .debug_info    0x0000000000002bd7      0x2e2 ../nuttynios-firmware2_bsp/\libhal_bsp.a(alt_alarm_start.o)
 .debug_info    0x0000000000002eb9      0x321 ../nuttynios-firmware2_bsp/\libhal_bsp.a(alt_close.o)
 .debug_info    0x00000000000031da       0x92 ../nuttynios-firmware2_bsp/\libhal_bsp.a(alt_dcache_flush_all.o)
 .debug_info    0x000000000000326c      0x49c ../nuttynios-firmware2_bsp/\libhal_bsp.a(alt_dev.o)
 .debug_info    0x0000000000003708      0x1a9 ../nuttynios-firmware2_bsp/\libhal_bsp.a(alt_dev_llist_insert.o)
 .debug_info    0x00000000000038b1       0x83 ../nuttynios-firmware2_bsp/\libhal_bsp.a(alt_do_ctors.o)
 .debug_info    0x0000000000003934       0x83 ../nuttynios-firmware2_bsp/\libhal_bsp.a(alt_do_dtors.o)
 .debug_info    0x00000000000039b7       0xa6 ../nuttynios-firmware2_bsp/\libhal_bsp.a(alt_errno.o)
 .debug_info    0x0000000000003a5d      0x2e9 ../nuttynios-firmware2_bsp/\libhal_bsp.a(alt_find_dev.o)
 .debug_info    0x0000000000003d46       0x92 ../nuttynios-firmware2_bsp/\libhal_bsp.a(alt_icache_flush_all.o)
 .debug_info    0x0000000000003dd8      0x4a5 ../nuttynios-firmware2_bsp/\libhal_bsp.a(alt_io_redirect.o)
 .debug_info    0x000000000000427d      0x329 ../nuttynios-firmware2_bsp/\libhal_bsp.a(alt_irq_register.o)
 .debug_info    0x00000000000045a6       0x88 ../nuttynios-firmware2_bsp/\libhal_bsp.a(alt_irq_vars.o)
 .debug_info    0x000000000000462e      0x3bb ../nuttynios-firmware2_bsp/\libhal_bsp.a(alt_open.o)
 .debug_info    0x00000000000049e9      0x2b0 ../nuttynios-firmware2_bsp/\libhal_bsp.a(alt_release_fd.o)
 .debug_info    0x0000000000004c99      0x2af ../nuttynios-firmware2_bsp/\libhal_bsp.a(alt_tick.o)
 .debug_info    0x0000000000004f48       0xb8 ../nuttynios-firmware2_bsp/\libhal_bsp.a(altera_nios2_gen2_irq.o)
 .debug_info    0x0000000000005000      0x2e6 ../nuttynios-firmware2_bsp/\libhal_bsp.a(alt_find_file.o)
 .debug_info    0x00000000000052e6      0x310 ../nuttynios-firmware2_bsp/\libhal_bsp.a(alt_get_fd.o)
 .debug_info    0x00000000000055f6       0x80 ../nuttynios-firmware2_bsp/\libhal_bsp.a(alt_irq_entry.o)
 .debug_info    0x0000000000005676      0x1a7 ../nuttynios-firmware2_bsp/\libhal_bsp.a(alt_irq_handler.o)
 .debug_info    0x000000000000581d       0x86 ../nuttynios-firmware2_bsp/\libhal_bsp.a(alt_exception_entry.o)
 .debug_info    0x00000000000058a3      0x1e7 ../nuttynios-firmware2_bsp/\libhal_bsp.a(alt_instruction_exception_entry.o)
 .debug_info    0x0000000000005a8a       0xfe c:/intelfpga_lite/18.0/nios2eds/bin/gnu/h-x86_64-mingw32/bin/../lib/gcc/nios2-elf/5.3.0/../../../../../H-x86_64-mingw32/nios2-elf/lib/mno-hw-mul\libc.a(lib_a-atexit.o)
 .debug_info    0x0000000000005b88      0x8e4 c:/intelfpga_lite/18.0/nios2eds/bin/gnu/h-x86_64-mingw32/bin/../lib/gcc/nios2-elf/5.3.0/../../../../../H-x86_64-mingw32/nios2-elf/lib/mno-hw-mul\libc.a(lib_a-exit.o)
 .debug_info    0x000000000000646c      0x8a1 c:/intelfpga_lite/18.0/nios2eds/bin/gnu/h-x86_64-mingw32/bin/../lib/gcc/nios2-elf/5.3.0/../../../../../H-x86_64-mingw32/nios2-elf/lib/mno-hw-mul\libc.a(lib_a-impure.o)
 .debug_info    0x0000000000006d0d       0x8a c:/intelfpga_lite/18.0/nios2eds/bin/gnu/h-x86_64-mingw32/bin/../lib/gcc/nios2-elf/5.3.0/../../../../../H-x86_64-mingw32/nios2-elf/lib/mno-hw-mul\libc.a(lib_a-int_errno.o)
 .debug_info    0x0000000000006d97      0x11a c:/intelfpga_lite/18.0/nios2eds/bin/gnu/h-x86_64-mingw32/bin/../lib/gcc/nios2-elf/5.3.0/../../../../../H-x86_64-mingw32/nios2-elf/lib/mno-hw-mul\libc.a(lib_a-memcmp.o)