Archive member included to satisfy reference by file (symbol)

c:/intelfpga_lite/18.0/nios2eds/bin/gnu/h-x86_64-mingw32/bin/../lib/gcc/nios2-elf/5.3.0/../../../../../H-x86_64-mingw32/nios2-elf/lib/mno-hw-mul\libc.a(lib_a-memcpy.o)
                              obj/default/main.o (memcpy)
c:/intelfpga_lite/18.0/nios2eds/bin/gnu/h-x86_64-mingw32/bin/../lib/gcc/nios2-elf/5.3.0/../../../../../H-x86_64-mingw32/nios2-elf/lib/mno-hw-mul\libc.a(lib_a-memset.o)
                              obj/default/main.o (memset)
c:/intelfpga_lite/18.0/nios2eds/bin/gnu/h-x86_64-mingw32/bin/../lib/gcc/nios2-elf/5.3.0/../../../../../H-x86_64-mingw32/nios2-elf/lib/mno-hw-mul\libc.a(lib_a-strlen.o)
                              obj/default/main.o (strlen)
../firmware_bsp/\libhal_bsp.a(alt_load.o)
                              ../firmware_bsp//obj/HAL/src/crt0.o (alt_load)
../firmware_bsp/\libhal_bsp.a(alt_main.o)
                              ../firmware_bsp//obj/HAL/src/crt0.o (alt_main)
../firmware_bsp/\libhal_bsp.a(alt_sys_init.o)
                              ../firmware_bsp/\libhal_bsp.a(alt_main.o) (alt_irq_init)
../firmware_bsp/\libhal_bsp.a(altera_avalon_jtag_uart_fd.o)
                              ../firmware_bsp/\libhal_bsp.a(alt_sys_init.o) (altera_avalon_jtag_uart_read_fd)
../firmware_bsp/\libhal_bsp.a(altera_avalon_jtag_uart_init.o)
                              ../firmware_bsp/\libhal_bsp.a(alt_sys_init.o) (altera_avalon_jtag_uart_init)
../firmware_bsp/\libhal_bsp.a(altera_avalon_jtag_uart_ioctl.o)
                              ../firmware_bsp/\libhal_bsp.a(altera_avalon_jtag_uart_fd.o) (altera_avalon_jtag_uart_ioctl)
../firmware_bsp/\libhal_bsp.a(altera_avalon_jtag_uart_read.o)
                              ../firmware_bsp/\libhal_bsp.a(altera_avalon_jtag_uart_fd.o) (altera_avalon_jtag_uart_read)
../firmware_bsp/\libhal_bsp.a(altera_avalon_jtag_uart_write.o)
                              ../firmware_bsp/\libhal_bsp.a(altera_avalon_jtag_uart_fd.o) (altera_avalon_jtag_uart_write)
../firmware_bsp/\libhal_bsp.a(altera_avalon_timer_sc.o)
                              ../firmware_bsp/\libhal_bsp.a(alt_sys_init.o) (alt_avalon_timer_sc_init)
../firmware_bsp/\libhal_bsp.a(altera_up_avalon_accelerometer_spi.o)
                              obj/default/main.o (alt_up_accelerometer_spi_open_dev)
../firmware_bsp/\libhal_bsp.a(alt_alarm_start.o)
                              ../firmware_bsp/\libhal_bsp.a(altera_avalon_jtag_uart_init.o) (alt_alarm_start)
../firmware_bsp/\libhal_bsp.a(alt_close.o)
                              ../firmware_bsp/\libhal_bsp.a(alt_main.o) (close)
../firmware_bsp/\libhal_bsp.a(alt_dcache_flush_all.o)
                              ../firmware_bsp/\libhal_bsp.a(alt_load.o) (alt_dcache_flush_all)
../firmware_bsp/\libhal_bsp.a(alt_dev.o)
                              ../firmware_bsp/\libhal_bsp.a(alt_sys_init.o) (alt_dev_list)
../firmware_bsp/\libhal_bsp.a(alt_dev_llist_insert.o)
                              ../firmware_bsp/\libhal_bsp.a(alt_sys_init.o) (alt_dev_llist_insert)
../firmware_bsp/\libhal_bsp.a(alt_do_ctors.o)
                              ../firmware_bsp/\libhal_bsp.a(alt_main.o) (_do_ctors)
../firmware_bsp/\libhal_bsp.a(alt_do_dtors.o)
                              ../firmware_bsp/\libhal_bsp.a(alt_main.o) (_do_dtors)
../firmware_bsp/\libhal_bsp.a(alt_errno.o)
                              ../firmware_bsp/\libhal_bsp.a(alt_close.o) (alt_errno)
../firmware_bsp/\libhal_bsp.a(alt_find_dev.o)
                              ../firmware_bsp/\libhal_bsp.a(altera_up_avalon_accelerometer_spi.o) (alt_find_dev)
../firmware_bsp/\libhal_bsp.a(alt_icache_flush_all.o)
                              ../firmware_bsp/\libhal_bsp.a(alt_load.o) (alt_icache_flush_all)
../firmware_bsp/\libhal_bsp.a(alt_io_redirect.o)
                              ../firmware_bsp/\libhal_bsp.a(alt_main.o) (alt_io_redirect)
../firmware_bsp/\libhal_bsp.a(alt_irq_register.o)
                              ../firmware_bsp/\libhal_bsp.a(altera_avalon_jtag_uart_init.o) (alt_irq_register)
../firmware_bsp/\libhal_bsp.a(alt_irq_vars.o)
                              ../firmware_bsp/\libhal_bsp.a(alt_irq_register.o) (alt_irq_active)
../firmware_bsp/\libhal_bsp.a(alt_open.o)
                              ../firmware_bsp/\libhal_bsp.a(alt_io_redirect.o) (open)
../firmware_bsp/\libhal_bsp.a(alt_release_fd.o)
                              ../firmware_bsp/\libhal_bsp.a(alt_close.o) (alt_release_fd)
../firmware_bsp/\libhal_bsp.a(alt_tick.o)
                              ../firmware_bsp/\libhal_bsp.a(altera_avalon_jtag_uart_init.o) (_alt_tick_rate)
../firmware_bsp/\libhal_bsp.a(altera_nios2_gen2_irq.o)
                              ../firmware_bsp/\libhal_bsp.a(alt_sys_init.o) (altera_nios2_gen2_irq_init)
../firmware_bsp/\libhal_bsp.a(alt_find_file.o)
                              ../firmware_bsp/\libhal_bsp.a(alt_open.o) (alt_find_file)
../firmware_bsp/\libhal_bsp.a(alt_get_fd.o)
                              ../firmware_bsp/\libhal_bsp.a(alt_open.o) (alt_get_fd)
../firmware_bsp/\libhal_bsp.a(alt_irq_entry.o)
                              ../firmware_bsp/\libhal_bsp.a(alt_irq_register.o) (alt_irq_entry)
../firmware_bsp/\libhal_bsp.a(alt_irq_handler.o)
                              ../firmware_bsp/\libhal_bsp.a(alt_irq_register.o) (alt_irq)
../firmware_bsp/\libhal_bsp.a(alt_exception_entry.o)
                              ../firmware_bsp/\libhal_bsp.a(alt_irq_entry.o) (alt_exception)
../firmware_bsp/\libhal_bsp.a(alt_instruction_exception_entry.o)
                              ../firmware_bsp/\libhal_bsp.a(alt_exception_entry.o) (alt_instruction_exception_entry)
c:/intelfpga_lite/18.0/nios2eds/bin/gnu/h-x86_64-mingw32/bin/../lib/gcc/nios2-elf/5.3.0/../../../../../H-x86_64-mingw32/nios2-elf/lib/mno-hw-mul\libc.a(lib_a-atexit.o)
                              ../firmware_bsp/\libhal_bsp.a(alt_main.o) (atexit)
c:/intelfpga_lite/18.0/nios2eds/bin/gnu/h-x86_64-mingw32/bin/../lib/gcc/nios2-elf/5.3.0/../../../../../H-x86_64-mingw32/nios2-elf/lib/mno-hw-mul\libc.a(lib_a-exit.o)
                              ../firmware_bsp/\libhal_bsp.a(alt_main.o) (exit)
c:/intelfpga_lite/18.0/nios2eds/bin/gnu/h-x86_64-mingw32/bin/../lib/gcc/nios2-elf/5.3.0/../../../../../H-x86_64-mingw32/nios2-elf/lib/mno-hw-mul\libc.a(lib_a-impure.o)
                              c:/intelfpga_lite/18.0/nios2eds/bin/gnu/h-x86_64-mingw32/bin/../lib/gcc/nios2-elf/5.3.0/../../../../../H-x86_64-mingw32/nios2-elf/lib/mno-hw-mul\libc.a(lib_a-exit.o) (_global_impure_ptr)
c:/intelfpga_lite/18.0/nios2eds/bin/gnu/h-x86_64-mingw32/bin/../lib/gcc/nios2-elf/5.3.0/../../../../../H-x86_64-mingw32/nios2-elf/lib/mno-hw-mul\libc.a(lib_a-int_errno.o)
                              ../firmware_bsp/\libhal_bsp.a(alt_close.o) (errno)
c:/intelfpga_lite/18.0/nios2eds/bin/gnu/h-x86_64-mingw32/bin/../lib/gcc/nios2-elf/5.3.0/../../../../../H-x86_64-mingw32/nios2-elf/lib/mno-hw-mul\libc.a(lib_a-memcmp.o)
                              ../firmware_bsp/\libhal_bsp.a(alt_find_dev.o) (memcmp)
c:/intelfpga_lite/18.0/nios2eds/bin/gnu/h-x86_64-mingw32/bin/../lib/gcc/nios2-elf/5.3.0/../../../../../H-x86_64-mingw32/nios2-elf/lib/mno-hw-mul\libc.a(lib_a-__atexit.o)
                              c:/intelfpga_lite/18.0/nios2eds/bin/gnu/h-x86_64-mingw32/bin/../lib/gcc/nios2-elf/5.3.0/../../../../../H-x86_64-mingw32/nios2-elf/lib/mno-hw-mul\libc.a(lib_a-atexit.o) (__register_exitproc)
c:/intelfpga_lite/18.0/nios2eds/bin/gnu/h-x86_64-mingw32/bin/../lib/gcc/nios2-elf/5.3.0/../../../../../H-x86_64-mingw32/nios2-elf/lib/mno-hw-mul\libc.a(lib_a-__call_atexit.o)
                              c:/intelfpga_lite/18.0/nios2eds/bin/gnu/h-x86_64-mingw32/bin/../lib/gcc/nios2-elf/5.3.0/../../../../../H-x86_64-mingw32/nios2-elf/lib/mno-hw-mul\libc.a(lib_a-exit.o) (__call_exitprocs)
c:/intelfpga_lite/18.0/nios2eds/bin/gnu/h-x86_64-mingw32/bin/../lib/gcc/nios2-elf/5.3.0/mno-hw-mul\libgcc.a(lib2-mul.o)
                              ../firmware_bsp/\libhal_bsp.a(alt_close.o) (__mulsi3)
../firmware_bsp/\libhal_bsp.a(alt_exit.o)
                              c:/intelfpga_lite/18.0/nios2eds/bin/gnu/h-x86_64-mingw32/bin/../lib/gcc/nios2-elf/5.3.0/../../../../../H-x86_64-mingw32/nios2-elf/lib/mno-hw-mul\libc.a(lib_a-exit.o) (_exit)

Allocating common symbols
Common symbol       size              file

alt_irq             0x100             ../firmware_bsp/\libhal_bsp.a(alt_irq_handler.o)
errno               0x4               c:/intelfpga_lite/18.0/nios2eds/bin/gnu/h-x86_64-mingw32/bin/../lib/gcc/nios2-elf/5.3.0/../../../../../H-x86_64-mingw32/nios2-elf/lib/mno-hw-mul\libc.a(lib_a-int_errno.o)

Memory Configuration

Name             Origin             Length             Attributes
reset            0x0000000000010000 0x0000000000000020
onchip_memory    0x0000000000010020 0x000000000000ffe0
*default*        0x0000000000000000 0xffffffffffffffff

Linker script and memory map

LOAD ../firmware_bsp//obj/HAL/src/crt0.o
LOAD obj/default/main.o
LOAD c:/intelfpga_lite/18.0/nios2eds/bin/gnu/h-x86_64-mingw32/bin/../lib/gcc/nios2-elf/5.3.0/../../../../../H-x86_64-mingw32/nios2-elf/lib/mno-hw-mul\libstdc++.a
LOAD c:/intelfpga_lite/18.0/nios2eds/bin/gnu/h-x86_64-mingw32/bin/../lib/gcc/nios2-elf/5.3.0/../../../../../H-x86_64-mingw32/nios2-elf/lib/mno-hw-mul\libm.a
LOAD c:/intelfpga_lite/18.0/nios2eds/bin/gnu/h-x86_64-mingw32/bin/../lib/gcc/nios2-elf/5.3.0/mno-hw-mul\libgcc.a
START GROUP
LOAD c:/intelfpga_lite/18.0/nios2eds/bin/gnu/h-x86_64-mingw32/bin/../lib/gcc/nios2-elf/5.3.0/../../../../../H-x86_64-mingw32/nios2-elf/lib/mno-hw-mul\libc.a
LOAD c:/intelfpga_lite/18.0/nios2eds/bin/gnu/h-x86_64-mingw32/bin/../lib/gcc/nios2-elf/5.3.0/mno-hw-mul\libgcc.a
LOAD ../firmware_bsp/\libhal_bsp.a
LOAD c:/intelfpga_lite/18.0/nios2eds/bin/gnu/h-x86_64-mingw32/bin/../lib/gcc/nios2-elf/5.3.0/../../../../../H-x86_64-mingw32/nios2-elf/lib/mno-hw-mul\libm.a
END GROUP
LOAD c:/intelfpga_lite/18.0/nios2eds/bin/gnu/h-x86_64-mingw32/bin/../lib/gcc/nios2-elf/5.3.0/mno-hw-mul\libgcc.a
                0x0000000000010000                __alt_mem_onchip_memory = 0x10000

.entry          0x0000000000010000       0x20
 *(.entry)
 .entry         0x0000000000010000       0x20 ../firmware_bsp//obj/HAL/src/crt0.o
                0x0000000000010000                __reset

.exceptions     0x0000000000010020      0x214
                0x0000000000010020                PROVIDE (__ram_exceptions_start, ABSOLUTE (.))
                0x0000000000010020                . = ALIGN (0x20)
 *(.irq)
 *(.exceptions.entry.label)
 .exceptions.entry.label
                0x0000000000010020        0x0 ../firmware_bsp/\libhal_bsp.a(alt_irq_entry.o)
                0x0000000000010020                alt_irq_entry
 .exceptions.entry.label
                0x0000000000010020        0x0 ../firmware_bsp/\libhal_bsp.a(alt_exception_entry.o)
                0x0000000000010020                alt_exception
 *(.exceptions.entry.user)
 *(.exceptions.entry.ecc_fatal)
 *(.exceptions.entry)
 .exceptions.entry
                0x0000000000010020       0x54 ../firmware_bsp/\libhal_bsp.a(alt_exception_entry.o)
 *(.exceptions.irqtest.user)
 *(.exceptions.irqtest)
 .exceptions.irqtest
                0x0000000000010074       0x10 ../firmware_bsp/\libhal_bsp.a(alt_irq_entry.o)
 *(.exceptions.irqhandler.user)
 *(.exceptions.irqhandler)
 .exceptions.irqhandler
                0x0000000000010084        0x4 ../firmware_bsp/\libhal_bsp.a(alt_irq_entry.o)
 *(.exceptions.irqreturn.user)
 *(.exceptions.irqreturn)
 .exceptions.irqreturn
                0x0000000000010088        0x4 ../firmware_bsp/\libhal_bsp.a(alt_irq_entry.o)
 *(.exceptions.notirq.label)
 .exceptions.notirq.label
                0x000000000001008c        0x0 ../firmware_bsp/\libhal_bsp.a(alt_irq_entry.o)
 *(.exceptions.notirq.user)
 *(.exceptions.notirq)
 .exceptions.notirq
                0x000000000001008c        0x8 ../firmware_bsp/\libhal_bsp.a(alt_exception_entry.o)
 *(.exceptions.soft.user)
 *(.exceptions.soft)
 *(.exceptions.unknown.user)
 *(.exceptions.unknown)
 .exceptions.unknown
                0x0000000000010094       0x14 ../firmware_bsp/\libhal_bsp.a(alt_exception_entry.o)
 *(.exceptions.exit.label)
 .exceptions.exit.label
                0x00000000000100a8        0x0 ../firmware_bsp/\libhal_bsp.a(alt_irq_entry.o)
 .exceptions.exit.label
                0x00000000000100a8        0x0 ../firmware_bsp/\libhal_bsp.a(alt_exception_entry.o)
 *(.exceptions.exit.user)
 *(.exceptions.exit)
 .exceptions.exit
                0x00000000000100a8       0x54 ../firmware_bsp/\libhal_bsp.a(alt_exception_entry.o)
 *(.exceptions)
 .exceptions    0x00000000000100fc       0xd8 ../firmware_bsp/\libhal_bsp.a(alt_irq_handler.o)
                0x00000000000100fc                alt_irq_handler
 .exceptions    0x00000000000101d4       0x60 ../firmware_bsp/\libhal_bsp.a(alt_instruction_exception_entry.o)
                0x00000000000101d4                alt_instruction_exception_entry
                0x0000000000010234                PROVIDE (__ram_exceptions_end, ABSOLUTE (.))
                0x0000000000010020                PROVIDE (__flash_exceptions_start, LOADADDR (.exceptions))

.text           0x0000000000010234     0x2bdc
                [!provide]                        PROVIDE (stext, ABSOLUTE (.))
 *(.interp)
 *(.hash)
 *(.dynsym)
 *(.dynstr)
 *(.gnu.version)
 *(.gnu.version_d)
 *(.gnu.version_r)
 *(.rel.init)
 *(.rela.init)
 *(.rel.text .rel.text.* .rel.gnu.linkonce.t.*)
 *(.rela.text .rela.text.* .rela.gnu.linkonce.t.*)
 *(.rel.fini)
 *(.rela.fini)
 *(.rel.rodata .rel.rodata.* .rel.gnu.linkonce.r.*)
 *(.rela.rodata .rela.rodata.* .rela.gnu.linkonce.r.*)
 *(.rel.data .rel.data.* .rel.gnu.linkonce.d.*)
 *(.rela.data .rela.data.* .rela.gnu.linkonce.d.*)
 *(.rel.tdata .rel.tdata.* .rel.gnu.linkonce.td.*)
 *(.rela.tdata .rela.tdata.* .rela.gnu.linkonce.td.*)
 *(.rel.tbss .rel.tbss.* .rel.gnu.linkonce.tb.*)
 *(.rela.tbss .rela.tbss.* .rela.gnu.linkonce.tb.*)
 *(.rel.ctors)
 *(.rela.ctors)
 *(.rel.dtors)
 *(.rela.dtors)
 *(.rel.got)
 *(.rela.got)
 *(.rel.sdata .rel.sdata.* .rel.gnu.linkonce.s.*)
 *(.rela.sdata .rela.sdata.* .rela.gnu.linkonce.s.*)
 *(.rel.sbss .rel.sbss.* .rel.gnu.linkonce.sb.*)
 *(.rela.sbss .rela.sbss.* .rela.gnu.linkonce.sb.*)
 *(.rel.sdata2 .rel.sdata2.* .rel.gnu.linkonce.s2.*)
 *(.rela.sdata2 .rela.sdata2.* .rela.gnu.linkonce.s2.*)
 *(.rel.sbss2 .rel.sbss2.* .rel.gnu.linkonce.sb2.*)
 *(.rela.sbss2 .rela.sbss2.* .rela.gnu.linkonce.sb2.*)
 *(.rel.bss .rel.bss.* .rel.gnu.linkonce.b.*)
 *(.rela.bss .rela.bss.* .rela.gnu.linkonce.b.*)
 *(.rel.plt)
 *(.rela.plt)
 *(.rel.dyn)
 *(.init)
 *(.plt)
 *(.text .stub .text.* .gnu.linkonce.t.*)
 .text          0x0000000000010234       0x3c ../firmware_bsp//obj/HAL/src/crt0.o
                0x0000000000010234                _start
 .text          0x0000000000010270      0x4a4 obj/default/main.o
                0x0000000000010270                write_leds
                0x00000000000102a4                write_hex
                0x000000000001036c                read_switches
                0x0000000000010394                read_buttons
                0x00000000000103bc                read_accerometer
                0x0000000000010420                decode_7seg
                0x0000000000010488                setBuffer
                0x00000000000104e0                shiftBuffer
                0x000000000001056c                getWindow
                0x00000000000105ac                main
 .text          0x0000000000010714        0x0 c:/intelfpga_lite/18.0/nios2eds/bin/gnu/h-x86_64-mingw32/bin/../lib/gcc/nios2-elf/5.3.0/../../../../../H-x86_64-mingw32/nios2-elf/lib/mno-hw-mul\libc.a(lib_a-memcpy.o)
 .text.memcpy   0x0000000000010714      0x148 c:/intelfpga_lite/18.0/nios2eds/bin/gnu/h-x86_64-mingw32/bin/../lib/gcc/nios2-elf/5.3.0/../../../../../H-x86_64-mingw32/nios2-elf/lib/mno-hw-mul\libc.a(lib_a-memcpy.o)
                0x0000000000010714                memcpy
 .text          0x000000000001085c        0x0 c:/intelfpga_lite/18.0/nios2eds/bin/gnu/h-x86_64-mingw32/bin/../lib/gcc/nios2-elf/5.3.0/../../../../../H-x86_64-mingw32/nios2-elf/lib/mno-hw-mul\libc.a(lib_a-memset.o)
 .text.memset   0x000000000001085c      0x128 c:/intelfpga_lite/18.0/nios2eds/bin/gnu/h-x86_64-mingw32/bin/../lib/gcc/nios2-elf/5.3.0/../../../../../H-x86_64-mingw32/nios2-elf/lib/mno-hw-mul\libc.a(lib_a-memset.o)
                0x000000000001085c                memset
 .text          0x0000000000010984        0x0 c:/intelfpga_lite/18.0/nios2eds/bin/gnu/h-x86_64-mingw32/bin/../lib/gcc/nios2-elf/5.3.0/../../../../../H-x86_64-mingw32/nios2-elf/lib/mno-hw-mul\libc.a(lib_a-strlen.o)
 .text.strlen   0x0000000000010984       0x98 c:/intelfpga_lite/18.0/nios2eds/bin/gnu/h-x86_64-mingw32/bin/../lib/gcc/nios2-elf/5.3.0/../../../../../H-x86_64-mingw32/nios2-elf/lib/mno-hw-mul\libc.a(lib_a-strlen.o)
                0x0000000000010984                strlen
 .text          0x0000000000010a1c       0xec ../firmware_bsp/\libhal_bsp.a(alt_load.o)
                0x0000000000010a84                alt_load
 .text          0x0000000000010b08       0x7c ../firmware_bsp/\libhal_bsp.a(alt_main.o)
                0x0000000000010b08                alt_main
 .text          0x0000000000010b84       0xdc ../firmware_bsp/\libhal_bsp.a(alt_sys_init.o)
                0x0000000000010bb8                alt_irq_init
                0x0000000000010bf0                alt_sys_init
 .text          0x0000000000010c60      0x164 ../firmware_bsp/\libhal_bsp.a(altera_avalon_jtag_uart_fd.o)
                0x0000000000010c60                altera_avalon_jtag_uart_read_fd
                0x0000000000010cc0                altera_avalon_jtag_uart_write_fd
                0x0000000000010d20                altera_avalon_jtag_uart_close_fd
                0x0000000000010d70                altera_avalon_jtag_uart_ioctl_fd
 .text          0x0000000000010dc4      0x3cc ../firmware_bsp/\libhal_bsp.a(altera_avalon_jtag_uart_init.o)
                0x0000000000010dc4                altera_avalon_jtag_uart_init
                0x0000000000011128                altera_avalon_jtag_uart_close
 .text          0x0000000000011190       0xf0 ../firmware_bsp/\libhal_bsp.a(altera_avalon_jtag_uart_ioctl.o)
                0x0000000000011190                altera_avalon_jtag_uart_ioctl
 .text          0x0000000000011280      0x21c ../firmware_bsp/\libhal_bsp.a(altera_avalon_jtag_uart_read.o)
                0x0000000000011280                altera_avalon_jtag_uart_read
 .text          0x000000000001149c      0x224 ../firmware_bsp/\libhal_bsp.a(altera_avalon_jtag_uart_write.o)
                0x000000000001149c                altera_avalon_jtag_uart_write
 .text          0x00000000000116c0       0xf0 ../firmware_bsp/\libhal_bsp.a(altera_avalon_timer_sc.o)
                0x000000000001173c                alt_avalon_timer_sc_init
 .text          0x00000000000117b0      0x3b0 ../firmware_bsp/\libhal_bsp.a(altera_up_avalon_accelerometer_spi.o)
                0x00000000000117b0                alt_up_accelerometer_spi_open_dev
                0x00000000000117ec                alt_up_accelerometer_spi_read_address_register
                0x0000000000011830                alt_up_accelerometer_spi_read
                0x0000000000011898                alt_up_accelerometer_spi_write
                0x00000000000118fc                alt_up_accelerometer_spi_read_x_axis
                0x00000000000119c8                alt_up_accelerometer_spi_read_y_axis
                0x0000000000011a94                alt_up_accelerometer_spi_read_z_axis
 .text          0x0000000000011b60      0x12c ../firmware_bsp/\libhal_bsp.a(alt_alarm_start.o)
                0x0000000000011b60                alt_alarm_start
 .text          0x0000000000011c8c      0x114 ../firmware_bsp/\libhal_bsp.a(alt_close.o)
                0x0000000000011cc8                close
 .text          0x0000000000011da0       0x20 ../firmware_bsp/\libhal_bsp.a(alt_dcache_flush_all.o)
                0x0000000000011da0                alt_dcache_flush_all
 .text          0x0000000000011dc0       0x2c ../firmware_bsp/\libhal_bsp.a(alt_dev.o)
 .text          0x0000000000011dec       0xe0 ../firmware_bsp/\libhal_bsp.a(alt_dev_llist_insert.o)
                0x0000000000011e28                alt_dev_llist_insert
 .text          0x0000000000011ecc       0x60 ../firmware_bsp/\libhal_bsp.a(alt_do_ctors.o)
                0x0000000000011ecc                _do_ctors
 .text          0x0000000000011f2c       0x60 ../firmware_bsp/\libhal_bsp.a(alt_do_dtors.o)
                0x0000000000011f2c                _do_dtors
 .text          0x0000000000011f8c        0x0 ../firmware_bsp/\libhal_bsp.a(alt_errno.o)
 .text          0x0000000000011f8c       0x90 ../firmware_bsp/\libhal_bsp.a(alt_find_dev.o)
                0x0000000000011f8c                alt_find_dev
 .text          0x000000000001201c       0x20 ../firmware_bsp/\libhal_bsp.a(alt_icache_flush_all.o)
                0x000000000001201c                alt_icache_flush_all
 .text          0x000000000001203c      0x160 ../firmware_bsp/\libhal_bsp.a(alt_io_redirect.o)
                0x0000000000012120                alt_io_redirect
 .text          0x000000000001219c      0x180 ../firmware_bsp/\libhal_bsp.a(alt_irq_register.o)
                0x000000000001219c                alt_irq_register
 .text          0x000000000001231c        0x0 ../firmware_bsp/\libhal_bsp.a(alt_irq_vars.o)
 .text          0x000000000001231c      0x284 ../firmware_bsp/\libhal_bsp.a(alt_open.o)
                0x0000000000012444                open
 .text          0x00000000000125a0       0x84 ../firmware_bsp/\libhal_bsp.a(alt_release_fd.o)
                0x00000000000125a0                alt_release_fd
 .text          0x0000000000012624      0x1a4 ../firmware_bsp/\libhal_bsp.a(alt_tick.o)
                0x0000000000012624                alt_alarm_stop
                0x00000000000126c0                alt_tick
 .text          0x00000000000127c8       0x24 ../firmware_bsp/\libhal_bsp.a(altera_nios2_gen2_irq.o)
                0x00000000000127c8                altera_nios2_gen2_irq_init
 .text          0x00000000000127ec      0x108 ../firmware_bsp/\libhal_bsp.a(alt_find_file.o)
                0x00000000000127ec                alt_find_file
 .text          0x00000000000128f4       0xc4 ../firmware_bsp/\libhal_bsp.a(alt_get_fd.o)
                0x00000000000128f4                alt_get_fd
 .text          0x00000000000129b8        0x0 ../firmware_bsp/\libhal_bsp.a(alt_irq_entry.o)
 .text          0x00000000000129b8        0x0 ../firmware_bsp/\libhal_bsp.a(alt_irq_handler.o)
 .text          0x00000000000129b8        0x0 ../firmware_bsp/\libhal_bsp.a(alt_exception_entry.o)
 .text          0x00000000000129b8       0x9c ../firmware_bsp/\libhal_bsp.a(alt_instruction_exception_entry.o)
                0x00000000000129b8                alt_exception_cause_generated_bad_addr
 .text          0x0000000000012a54        0x0 c:/intelfpga_lite/18.0/nios2eds/bin/gnu/h-x86_64-mingw32/bin/../lib/gcc/nios2-elf/5.3.0/../../../../../H-x86_64-mingw32/nios2-elf/lib/mno-hw-mul\libc.a(lib_a-atexit.o)
 .text.atexit   0x0000000000012a54       0x14 c:/intelfpga_lite/18.0/nios2eds/bin/gnu/h-x86_64-mingw32/bin/../lib/gcc/nios2-elf/5.3.0/../../../../../H-x86_64-mingw32/nios2-elf/lib/mno-hw-mul\libc.a(lib_a-atexit.o)
                0x0000000000012a54                atexit
 .text          0x0000000000012a68        0x0 c:/intelfpga_lite/18.0/nios2eds/bin/gnu/h-x86_64-mingw32/bin/../lib/gcc/nios2-elf/5.3.0/../../../../../H-x86_64-mingw32/nios2-elf/lib/mno-hw-mul\libc.a(lib_a-exit.o)
 .text.exit     0x0000000000012a68       0x38 c:/intelfpga_lite/18.0/nios2eds/bin/gnu/h-x86_64-mingw32/bin/../lib/gcc/nios2-elf/5.3.0/../../../../../H-x86_64-mingw32/nios2-elf/lib/mno-hw-mul\libc.a(lib_a-exit.o)
                0x0000000000012a68                exit
 .text          0x0000000000012aa0        0x0 c:/intelfpga_lite/18.0/nios2eds/bin/gnu/h-x86_64-mingw32/bin/../lib/gcc/nios2-elf/5.3.0/../../../../../H-x86_64-mingw32/nios2-elf/lib/mno-hw-mul\libc.a(lib_a-impure.o)
 .text          0x0000000000012aa0        0x0 c:/intelfpga_lite/18.0/nios2eds/bin/gnu/h-x86_64-mingw32/bin/../lib/gcc/nios2-elf/5.3.0/../../../../../H-x86_64-mingw32/nios2-elf/lib/mno-hw-mul\libc.a(lib_a-int_errno.o)
 .text          0x0000000000012aa0        0x0 c:/intelfpga_lite/18.0/nios2eds/bin/gnu/h-x86_64-mingw32/bin/../lib/gcc/nios2-elf/5.3.0/../../../../../H-x86_64-mingw32/nios2-elf/lib/mno-hw-mul\libc.a(lib_a-memcmp.o)
 .text.memcmp   0x0000000000012aa0       0x7c c:/intelfpga_lite/18.0/nios2eds/bin/gnu/h-x86_64-mingw32/bin/../lib/gcc/nios2-elf/5.3.0/../../../../../H-x86_64-mingw32/nios2-elf/lib/mno-hw-mul\libc.a(lib_a-memcmp.o)
                0x0000000000012aa0                memcmp
 .text          0x0000000000012b1c        0x0 c:/intelfpga_lite/18.0/nios2eds/bin/gnu/h-x86_64-mingw32/bin/../lib/gcc/nios2-elf/5.3.0/../../../../../H-x86_64-mingw32/nios2-elf/lib/mno-hw-mul\libc.a(lib_a-__atexit.o)
 .text.__register_exitproc
                0x0000000000012b1c      0x118 c:/intelfpga_lite/18.0/nios2eds/bin/gnu/h-x86_64-mingw32/bin/../lib/gcc/nios2-elf/5.3.0/../../../../../H-x86_64-mingw32/nios2-elf/lib/mno-hw-mul\libc.a(lib_a-__atexit.o)
                0x0000000000012b1c                __register_exitproc
 .text          0x0000000000012c34        0x0 c:/intelfpga_lite/18.0/nios2eds/bin/gnu/h-x86_64-mingw32/bin/../lib/gcc/nios2-elf/5.3.0/../../../../../H-x86_64-mingw32/nios2-elf/lib/mno-hw-mul\libc.a(lib_a-__call_atexit.o)
 .text.__call_exitprocs
                0x0000000000012c34      0x180 c:/intelfpga_lite/18.0/nios2eds/bin/gnu/h-x86_64-mingw32/bin/../lib/gcc/nios2-elf/5.3.0/../../../../../H-x86_64-mingw32/nios2-elf/lib/mno-hw-mul\libc.a(lib_a-__call_atexit.o)
                0x0000000000012c34                __call_exitprocs
 .text          0x0000000000012db4       0x28 c:/intelfpga_lite/18.0/nios2eds/bin/gnu/h-x86_64-mingw32/bin/../lib/gcc/nios2-elf/5.3.0/mno-hw-mul\libgcc.a(lib2-mul.o)
                0x0000000000012db4                __mulsi3
 .text          0x0000000000012ddc       0x34 ../firmware_bsp/\libhal_bsp.a(alt_exit.o)
                0x0000000000012ddc                _exit
 *(.gnu.warning.*)
 *(.fini)
                [!provide]                        PROVIDE (__etext, ABSOLUTE (.))
                [!provide]                        PROVIDE (_etext, ABSOLUTE (.))
                [!provide]                        PROVIDE (etext, ABSOLUTE (.))
 *(.eh_frame_hdr)
                0x0000000000012e10                . = ALIGN (0x4)
                [!provide]                        PROVIDE (__preinit_array_start, ABSOLUTE (.))
 *(.preinit_array)
                [!provide]                        PROVIDE (__preinit_array_end, ABSOLUTE (.))
                [!provide]                        PROVIDE (__init_array_start, ABSOLUTE (.))
 *(.init_array)
                [!provide]                        PROVIDE (__init_array_end, ABSOLUTE (.))
                [!provide]                        PROVIDE (__fini_array_start, ABSOLUTE (.))
 *(.fini_array)
                [!provide]                        PROVIDE (__fini_array_end, ABSOLUTE (.))
 *(.eh_frame)
 *(.gcc_except_table .gcc_except_table.*)
 *(.dynamic)
                0x0000000000012e10                PROVIDE (__CTOR_LIST__, ABSOLUTE (.))
 *(.ctors)
 *(SORT(.ctors.*))
                0x0000000000012e10                PROVIDE (__CTOR_END__, ABSOLUTE (.))
                0x0000000000012e10                PROVIDE (__DTOR_LIST__, ABSOLUTE (.))
 *(.dtors)
 *(SORT(.dtors.*))
                0x0000000000012e10                PROVIDE (__DTOR_END__, ABSOLUTE (.))
 *(.jcr)
                0x0000000000012e10                . = ALIGN (0x4)

.rodata         0x0000000000012e10       0xf8
                0x0000000000012e10                PROVIDE (__ram_rodata_start, ABSOLUTE (.))
                0x0000000000012e10                . = ALIGN (0x4)
 *(.rodata .rodata.* .gnu.linkonce.r.*)
 .rodata        0x0000000000012e10       0xaf obj/default/main.o
                0x0000000000012e10                seven_seg_digits_decode_abcdefg
                0x0000000000012e5b                seven_seg_digits_decode_gfedcba
 *fill*         0x0000000000012ebf        0x1 
 .rodata        0x0000000000012ec0        0xf ../firmware_bsp/\libhal_bsp.a(alt_main.o)
 *fill*         0x0000000000012ecf        0x1 
 .rodata        0x0000000000012ed0       0x27 ../firmware_bsp/\libhal_bsp.a(alt_sys_init.o)
 *fill*         0x0000000000012ef7        0x1 
 .rodata        0x0000000000012ef8        0xa ../firmware_bsp/\libhal_bsp.a(alt_dev.o)
 *fill*         0x0000000000012f02        0x2 
 .rodata.str1.4
                0x0000000000012f04        0x4 c:/intelfpga_lite/18.0/nios2eds/bin/gnu/h-x86_64-mingw32/bin/../lib/gcc/nios2-elf/5.3.0/../../../../../H-x86_64-mingw32/nios2-elf/lib/mno-hw-mul\libc.a(lib_a-impure.o)
                                          0x2 (size before relaxing)
 *(.rodata1)
                0x0000000000012f08                . = ALIGN (0x4)
                0x0000000000012f08                PROVIDE (__ram_rodata_end, ABSOLUTE (.))
                0x0000000000012e10                PROVIDE (__flash_rodata_start, LOADADDR (.rodata))

.rwdata         0x0000000000012f08     0x1684 load address 0x000000000001458c
                0x0000000000012f08                PROVIDE (__ram_rwdata_start, ABSOLUTE (.))
                0x0000000000012f08                . = ALIGN (0x4)
 *(.got.plt)
 *(.got)
 *(.data1)
 *(.data .data.* .gnu.linkonce.d.*)
 .data          0x0000000000012f08        0x0 ../firmware_bsp//obj/HAL/src/crt0.o
 .data          0x0000000000012f08        0x0 obj/default/main.o
 .data          0x0000000000012f08        0x0 c:/intelfpga_lite/18.0/nios2eds/bin/gnu/h-x86_64-mingw32/bin/../lib/gcc/nios2-elf/5.3.0/../../../../../H-x86_64-mingw32/nios2-elf/lib/mno-hw-mul\libc.a(lib_a-memcpy.o)
 .data          0x0000000000012f08        0x0 c:/intelfpga_lite/18.0/nios2eds/bin/gnu/h-x86_64-mingw32/bin/../lib/gcc/nios2-elf/5.3.0/../../../../../H-x86_64-mingw32/nios2-elf/lib/mno-hw-mul\libc.a(lib_a-memset.o)
 .data          0x0000000000012f08        0x0 c:/intelfpga_lite/18.0/nios2eds/bin/gnu/h-x86_64-mingw32/bin/../lib/gcc/nios2-elf/5.3.0/../../../../../H-x86_64-mingw32/nios2-elf/lib/mno-hw-mul\libc.a(lib_a-strlen.o)
 .data          0x0000000000012f08        0x0 ../firmware_bsp/\libhal_bsp.a(alt_load.o)
 .data          0x0000000000012f08        0x0 ../firmware_bsp/\libhal_bsp.a(alt_main.o)
 .data          0x0000000000012f08     0x108c ../firmware_bsp/\libhal_bsp.a(alt_sys_init.o)
 .data          0x0000000000013f94        0x0 ../firmware_bsp/\libhal_bsp.a(altera_avalon_jtag_uart_fd.o)
 .data          0x0000000000013f94        0x0 ../firmware_bsp/\libhal_bsp.a(altera_avalon_jtag_uart_init.o)
 .data          0x0000000000013f94        0x0 ../firmware_bsp/\libhal_bsp.a(altera_avalon_jtag_uart_ioctl.o)
 .data          0x0000000000013f94        0x0 ../firmware_bsp/\libhal_bsp.a(altera_avalon_jtag_uart_read.o)
 .data          0x0000000000013f94        0x0 ../firmware_bsp/\libhal_bsp.a(altera_avalon_jtag_uart_write.o)
 .data          0x0000000000013f94        0x0 ../firmware_bsp/\libhal_bsp.a(altera_avalon_timer_sc.o)
 .data          0x0000000000013f94        0x0 ../firmware_bsp/\libhal_bsp.a(altera_up_avalon_accelerometer_spi.o)
 .data          0x0000000000013f94        0x0 ../firmware_bsp/\libhal_bsp.a(alt_alarm_start.o)
 .data          0x0000000000013f94        0x0 ../firmware_bsp/\libhal_bsp.a(alt_close.o)
 .data          0x0000000000013f94        0x0 ../firmware_bsp/\libhal_bsp.a(alt_dcache_flush_all.o)
 .data          0x0000000000013f94      0x1a8 ../firmware_bsp/\libhal_bsp.a(alt_dev.o)
                0x0000000000013f94                alt_dev_null
                0x0000000000013fbc                alt_fd_list
 .data          0x000000000001413c        0x0 ../firmware_bsp/\libhal_bsp.a(alt_dev_llist_insert.o)
 .data          0x000000000001413c        0x0 ../firmware_bsp/\libhal_bsp.a(alt_do_ctors.o)
 .data          0x000000000001413c        0x0 ../firmware_bsp/\libhal_bsp.a(alt_do_dtors.o)
 .data          0x000000000001413c        0x0 ../firmware_bsp/\libhal_bsp.a(alt_errno.o)
 .data          0x000000000001413c        0x0 ../firmware_bsp/\libhal_bsp.a(alt_find_dev.o)
 .data          0x000000000001413c        0x0 ../firmware_bsp/\libhal_bsp.a(alt_icache_flush_all.o)
 .data          0x000000000001413c        0x0 ../firmware_bsp/\libhal_bsp.a(alt_io_redirect.o)
 .data          0x000000000001413c        0x0 ../firmware_bsp/\libhal_bsp.a(alt_irq_register.o)
 .data          0x000000000001413c        0x0 ../firmware_bsp/\libhal_bsp.a(alt_irq_vars.o)
 .data          0x000000000001413c        0x0 ../firmware_bsp/\libhal_bsp.a(alt_open.o)
 .data          0x000000000001413c        0x0 ../firmware_bsp/\libhal_bsp.a(alt_release_fd.o)
 .data          0x000000000001413c        0x0 ../firmware_bsp/\libhal_bsp.a(alt_tick.o)
 .data          0x000000000001413c        0x0 ../firmware_bsp/\libhal_bsp.a(altera_nios2_gen2_irq.o)
 .data          0x000000000001413c        0x0 ../firmware_bsp/\libhal_bsp.a(alt_find_file.o)
 .data          0x000000000001413c        0x0 ../firmware_bsp/\libhal_bsp.a(alt_get_fd.o)
 .data          0x000000000001413c        0x0 ../firmware_bsp/\libhal_bsp.a(alt_irq_entry.o)
 .data          0x000000000001413c        0x0 ../firmware_bsp/\libhal_bsp.a(alt_irq_handler.o)
 .data          0x000000000001413c        0x0 ../firmware_bsp/\libhal_bsp.a(alt_exception_entry.o)
 .data          0x000000000001413c        0x0 ../firmware_bsp/\libhal_bsp.a(alt_instruction_exception_entry.o)
 .data          0x000000000001413c        0x0 c:/intelfpga_lite/18.0/nios2eds/bin/gnu/h-x86_64-mingw32/bin/../lib/gcc/nios2-elf/5.3.0/../../../../../H-x86_64-mingw32/nios2-elf/lib/mno-hw-mul\libc.a(lib_a-atexit.o)
 .data          0x000000000001413c        0x0 c:/intelfpga_lite/18.0/nios2eds/bin/gnu/h-x86_64-mingw32/bin/../lib/gcc/nios2-elf/5.3.0/../../../../../H-x86_64-mingw32/nios2-elf/lib/mno-hw-mul\libc.a(lib_a-exit.o)
 .data          0x000000000001413c        0x0 c:/intelfpga_lite/18.0/nios2eds/bin/gnu/h-x86_64-mingw32/bin/../lib/gcc/nios2-elf/5.3.0/../../../../../H-x86_64-mingw32/nios2-elf/lib/mno-hw-mul\libc.a(lib_a-impure.o)
 .data.impure_data
                0x000000000001413c      0x424 c:/intelfpga_lite/18.0/nios2eds/bin/gnu/h-x86_64-mingw32/bin/../lib/gcc/nios2-elf/5.3.0/../../../../../H-x86_64-mingw32/nios2-elf/lib/mno-hw-mul\libc.a(lib_a-impure.o)
 .data          0x0000000000014560        0x0 c:/intelfpga_lite/18.0/nios2eds/bin/gnu/h-x86_64-mingw32/bin/../lib/gcc/nios2-elf/5.3.0/../../../../../H-x86_64-mingw32/nios2-elf/lib/mno-hw-mul\libc.a(lib_a-int_errno.o)
 .data          0x0000000000014560        0x0 c:/intelfpga_lite/18.0/nios2eds/bin/gnu/h-x86_64-mingw32/bin/../lib/gcc/nios2-elf/5.3.0/../../../../../H-x86_64-mingw32/nios2-elf/lib/mno-hw-mul\libc.a(lib_a-memcmp.o)
 .data          0x0000000000014560        0x0 c:/intelfpga_lite/18.0/nios2eds/bin/gnu/h-x86_64-mingw32/bin/../lib/gcc/nios2-elf/5.3.0/../../../../../H-x86_64-mingw32/nios2-elf/lib/mno-hw-mul\libc.a(lib_a-__atexit.o)
 .data          0x0000000000014560        0x0 c:/intelfpga_lite/18.0/nios2eds/bin/gnu/h-x86_64-mingw32/bin/../lib/gcc/nios2-elf/5.3.0/../../../../../H-x86_64-mingw32/nios2-elf/lib/mno-hw-mul\libc.a(lib_a-__call_atexit.o)
 .data          0x0000000000014560        0x0 c:/intelfpga_lite/18.0/nios2eds/bin/gnu/h-x86_64-mingw32/bin/../lib/gcc/nios2-elf/5.3.0/mno-hw-mul\libgcc.a(lib2-mul.o)
 .data          0x0000000000014560        0x0 ../firmware_bsp/\libhal_bsp.a(alt_exit.o)
                0x000000000001c560                _gp = ABSOLUTE ((. + 0x8000))
                [!provide]                        PROVIDE (gp, _gp)
 *(.rwdata .rwdata.*)
 *(.sdata .sdata.* .gnu.linkonce.s.*)
 .sdata         0x0000000000014560       0x14 ../firmware_bsp/\libhal_bsp.a(alt_dev.o)
                0x0000000000014560                alt_fs_list
                0x0000000000014568                alt_dev_list
                0x0000000000014570                alt_max_fd
 .sdata         0x0000000000014574        0x4 ../firmware_bsp/\libhal_bsp.a(alt_errno.o)
                0x0000000000014574                alt_errno
 .sdata         0x0000000000014578        0x4 ../firmware_bsp/\libhal_bsp.a(alt_irq_vars.o)
                0x0000000000014578                alt_priority_mask
 .sdata         0x000000000001457c        0x8 ../firmware_bsp/\libhal_bsp.a(alt_tick.o)
                0x000000000001457c                alt_alarm_list
 .sdata._global_impure_ptr
                0x0000000000014584        0x4 c:/intelfpga_lite/18.0/nios2eds/bin/gnu/h-x86_64-mingw32/bin/../lib/gcc/nios2-elf/5.3.0/../../../../../H-x86_64-mingw32/nios2-elf/lib/mno-hw-mul\libc.a(lib_a-impure.o)
                0x0000000000014584                _global_impure_ptr
 .sdata._impure_ptr
                0x0000000000014588        0x4 c:/intelfpga_lite/18.0/nios2eds/bin/gnu/h-x86_64-mingw32/bin/../lib/gcc/nios2-elf/5.3.0/../../../../../H-x86_64-mingw32/nios2-elf/lib/mno-hw-mul\libc.a(lib_a-impure.o)
                0x0000000000014588                _impure_ptr
 *(.sdata2 .sdata2.* .gnu.linkonce.s2.*)
                0x000000000001458c                . = ALIGN (0x4)
                0x000000000001458c                _edata = ABSOLUTE (.)
                [!provide]                        PROVIDE (edata, ABSOLUTE (.))
                0x000000000001458c                PROVIDE (__ram_rwdata_end, ABSOLUTE (.))
                0x000000000001458c                PROVIDE (__flash_rwdata_start, LOADADDR (.rwdata))

.bss            0x0000000000015c10      0x120
                0x0000000000015c10                __bss_start = ABSOLUTE (.)
                [!provide]                        PROVIDE (__sbss_start, ABSOLUTE (.))
                [!provide]                        PROVIDE (___sbss_start, ABSOLUTE (.))
 *(.dynsbss)
 *(.sbss .sbss.* .gnu.linkonce.sb.*)
 .sbss          0x0000000000015c10        0xc ../firmware_bsp/\libhal_bsp.a(alt_main.o)
                0x0000000000015c10                alt_argc
                0x0000000000015c14                alt_argv
                0x0000000000015c18                alt_envp
 .sbss          0x0000000000015c1c        0x4 ../firmware_bsp/\libhal_bsp.a(alt_irq_vars.o)
                0x0000000000015c1c                alt_irq_active
 .sbss          0x0000000000015c20        0x8 ../firmware_bsp/\libhal_bsp.a(alt_tick.o)
                0x0000000000015c20                _alt_tick_rate
                0x0000000000015c24                _alt_nticks
 .sbss          0x0000000000015c28        0x4 ../firmware_bsp/\libhal_bsp.a(alt_instruction_exception_entry.o)
                0x0000000000015c28                alt_instruction_exception_handler
 .sbss          0x0000000000015c2c        0x4 c:/intelfpga_lite/18.0/nios2eds/bin/gnu/h-x86_64-mingw32/bin/../lib/gcc/nios2-elf/5.3.0/../../../../../H-x86_64-mingw32/nios2-elf/lib/mno-hw-mul\libc.a(lib_a-int_errno.o)
                0x0000000000015c2c                errno
 *(.sbss2 .sbss2.* .gnu.linkonce.sb2.*)
 *(.scommon)
                [!provide]                        PROVIDE (__sbss_end, ABSOLUTE (.))
                [!provide]                        PROVIDE (___sbss_end, ABSOLUTE (.))
 *(.dynbss)
 *(.bss .bss.* .gnu.linkonce.b.*)
 .bss           0x0000000000015c30        0x0 ../firmware_bsp//obj/HAL/src/crt0.o
 .bss           0x0000000000015c30        0x0 obj/default/main.o
 .bss           0x0000000000015c30        0x0 c:/intelfpga_lite/18.0/nios2eds/bin/gnu/h-x86_64-mingw32/bin/../lib/gcc/nios2-elf/5.3.0/../../../../../H-x86_64-mingw32/nios2-elf/lib/mno-hw-mul\libc.a(lib_a-memcpy.o)
 .bss           0x0000000000015c30        0x0 c:/intelfpga_lite/18.0/nios2eds/bin/gnu/h-x86_64-mingw32/bin/../lib/gcc/nios2-elf/5.3.0/../../../../../H-x86_64-mingw32/nios2-elf/lib/mno-hw-mul\libc.a(lib_a-memset.o)
 .bss           0x0000000000015c30        0x0 c:/intelfpga_lite/18.0/nios2eds/bin/gnu/h-x86_64-mingw32/bin/../lib/gcc/nios2-elf/5.3.0/../../../../../H-x86_64-mingw32/nios2-elf/lib/mno-hw-mul\libc.a(lib_a-strlen.o)
 .bss           0x0000000000015c30        0x0 ../firmware_bsp/\libhal_bsp.a(alt_load.o)
 .bss           0x0000000000015c30        0x0 ../firmware_bsp/\libhal_bsp.a(alt_main.o)
 .bss           0x0000000000015c30        0x0 ../firmware_bsp/\libhal_bsp.a(alt_sys_init.o)
 .bss           0x0000000000015c30        0x0 ../firmware_bsp/\libhal_bsp.a(altera_avalon_jtag_uart_fd.o)
 .bss           0x0000000000015c30        0x0 ../firmware_bsp/\libhal_bsp.a(altera_avalon_jtag_uart_init.o)
 .bss           0x0000000000015c30        0x0 ../firmware_bsp/\libhal_bsp.a(altera_avalon_jtag_uart_ioctl.o)
 .bss           0x0000000000015c30        0x0 ../firmware_bsp/\libhal_bsp.a(altera_avalon_jtag_uart_read.o)
 .bss           0x0000000000015c30        0x0 ../firmware_bsp/\libhal_bsp.a(altera_avalon_jtag_uart_write.o)
 .bss           0x0000000000015c30        0x0 ../firmware_bsp/\libhal_bsp.a(altera_avalon_timer_sc.o)
 .bss           0x0000000000015c30        0x0 ../firmware_bsp/\libhal_bsp.a(altera_up_avalon_accelerometer_spi.o)
 .bss           0x0000000000015c30        0x0 ../firmware_bsp/\libhal_bsp.a(alt_alarm_start.o)
 .bss           0x0000000000015c30        0x0 ../firmware_bsp/\libhal_bsp.a(alt_close.o)
 .bss           0x0000000000015c30        0x0 ../firmware_bsp/\libhal_bsp.a(alt_dcache_flush_all.o)
 .bss           0x0000000000015c30        0x0 ../firmware_bsp/\libhal_bsp.a(alt_dev.o)
 .bss           0x0000000000015c30        0x0 ../firmware_bsp/\libhal_bsp.a(alt_dev_llist_insert.o)
 .bss           0x0000000000015c30        0x0 ../firmware_bsp/\libhal_bsp.a(alt_do_ctors.o)
 .bss           0x0000000000015c30        0x0 ../firmware_bsp/\libhal_bsp.a(alt_do_dtors.o)
 .bss           0x0000000000015c30        0x0 ../firmware_bsp/\libhal_bsp.a(alt_errno.o)
 .bss           0x0000000000015c30        0x0 ../firmware_bsp/\libhal_bsp.a(alt_find_dev.o)
 .bss           0x0000000000015c30        0x0 ../firmware_bsp/\libhal_bsp.a(alt_icache_flush_all.o)
 .bss           0x0000000000015c30        0x0 ../firmware_bsp/\libhal_bsp.a(alt_io_redirect.o)
 .bss           0x0000000000015c30        0x0 ../firmware_bsp/\libhal_bsp.a(alt_irq_register.o)
 .bss           0x0000000000015c30        0x0 ../firmware_bsp/\libhal_bsp.a(alt_irq_vars.o)
 .bss           0x0000000000015c30        0x0 ../firmware_bsp/\libhal_bsp.a(alt_open.o)
 .bss           0x0000000000015c30        0x0 ../firmware_bsp/\libhal_bsp.a(alt_release_fd.o)
 .bss           0x0000000000015c30        0x0 ../firmware_bsp/\libhal_bsp.a(alt_tick.o)
 .bss           0x0000000000015c30        0x0 ../firmware_bsp/\libhal_bsp.a(altera_nios2_gen2_irq.o)
 .bss           0x0000000000015c30        0x0 ../firmware_bsp/\libhal_bsp.a(alt_find_file.o)
 .bss           0x0000000000015c30        0x0 ../firmware_bsp/\libhal_bsp.a(alt_get_fd.o)
 .bss           0x0000000000015c30        0x0 ../firmware_bsp/\libhal_bsp.a(alt_irq_entry.o)
 .bss           0x0000000000015c30        0x0 ../firmware_bsp/\libhal_bsp.a(alt_irq_handler.o)
 .bss           0x0000000000015c30        0x0 ../firmware_bsp/\libhal_bsp.a(alt_exception_entry.o)
 .bss           0x0000000000015c30        0x0 ../firmware_bsp/\libhal_bsp.a(alt_instruction_exception_entry.o)
 .bss           0x0000000000015c30        0x0 c:/intelfpga_lite/18.0/nios2eds/bin/gnu/h-x86_64-mingw32/bin/../lib/gcc/nios2-elf/5.3.0/../../../../../H-x86_64-mingw32/nios2-elf/lib/mno-hw-mul\libc.a(lib_a-atexit.o)
 .bss           0x0000000000015c30        0x0 c:/intelfpga_lite/18.0/nios2eds/bin/gnu/h-x86_64-mingw32/bin/../lib/gcc/nios2-elf/5.3.0/../../../../../H-x86_64-mingw32/nios2-elf/lib/mno-hw-mul\libc.a(lib_a-exit.o)
 .bss           0x0000000000015c30        0x0 c:/intelfpga_lite/18.0/nios2eds/bin/gnu/h-x86_64-mingw32/bin/../lib/gcc/nios2-elf/5.3.0/../../../../../H-x86_64-mingw32/nios2-elf/lib/mno-hw-mul\libc.a(lib_a-impure.o)
 .bss           0x0000000000015c30        0x0 c:/intelfpga_lite/18.0/nios2eds/bin/gnu/h-x86_64-mingw32/bin/../lib/gcc/nios2-elf/5.3.0/../../../../../H-x86_64-mingw32/nios2-elf/lib/mno-hw-mul\libc.a(lib_a-int_errno.o)
 .bss           0x0000000000015c30        0x0 c:/intelfpga_lite/18.0/nios2eds/bin/gnu/h-x86_64-mingw32/bin/../lib/gcc/nios2-elf/5.3.0/../../../../../H-x86_64-mingw32/nios2-elf/lib/mno-hw-mul\libc.a(lib_a-memcmp.o)
 .bss           0x0000000000015c30        0x0 c:/intelfpga_lite/18.0/nios2eds/bin/gnu/h-x86_64-mingw32/bin/../lib/gcc/nios2-elf/5.3.0/../../../../../H-x86_64-mingw32/nios2-elf/lib/mno-hw-mul\libc.a(lib_a-__atexit.o)
 .bss           0x0000000000015c30        0x0 c:/intelfpga_lite/18.0/nios2eds/bin/gnu/h-x86_64-mingw32/bin/../lib/gcc/nios2-elf/5.3.0/../../../../../H-x86_64-mingw32/nios2-elf/lib/mno-hw-mul\libc.a(lib_a-__call_atexit.o)
 .bss           0x0000000000015c30        0x0 c:/intelfpga_lite/18.0/nios2eds/bin/gnu/h-x86_64-mingw32/bin/../lib/gcc/nios2-elf/5.3.0/mno-hw-mul\libgcc.a(lib2-mul.o)
 .bss           0x0000000000015c30        0x0 ../firmware_bsp/\libhal_bsp.a(alt_exit.o)
 *(COMMON)
 COMMON         0x0000000000015c30      0x100 ../firmware_bsp/\libhal_bsp.a(alt_irq_handler.o)
                0x0000000000015c30                alt_irq
                0x0000000000015d30                . = ALIGN (0x4)
                0x0000000000015d30                __bss_end = ABSOLUTE (.)

.onchip_memory  0x0000000000015d30        0x0
                [!provide]                        PROVIDE (_alt_partition_onchip_memory_start, ABSOLUTE (.))
 *(.onchip_memory .onchip_memory. onchip_memory.*)
                0x0000000000015d30                . = ALIGN (0x4)
                [!provide]                        PROVIDE (_alt_partition_onchip_memory_end, ABSOLUTE (.))
                0x0000000000015d30                _end = ABSOLUTE (.)
                0x0000000000015d30                end = ABSOLUTE (.)
                0x0000000000015d30                __alt_stack_base = ABSOLUTE (.)
                [!provide]                        PROVIDE (_alt_partition_onchip_memory_load_addr, LOADADDR (.onchip_memory))

.stab
 *(.stab)

.stabstr
 *(.stabstr)

.stab.excl
 *(.stab.excl)

.stab.exclstr
 *(.stab.exclstr)

.stab.index
 *(.stab.index)

.stab.indexstr
 *(.stab.indexstr)

.comment        0x0000000000000000       0x23
 *(.comment)
 .comment       0x0000000000000000       0x23 obj/default/main.o
                                         0x24 (size before relaxing)
 .comment       0x0000000000000023       0x24 c:/intelfpga_lite/18.0/nios2eds/bin/gnu/h-x86_64-mingw32/bin/../lib/gcc/nios2-elf/5.3.0/../../../../../H-x86_64-mingw32/nios2-elf/lib/mno-hw-mul\libc.a(lib_a-memcpy.o)
 .comment       0x0000000000000023       0x24 c:/intelfpga_lite/18.0/nios2eds/bin/gnu/h-x86_64-mingw32/bin/../lib/gcc/nios2-elf/5.3.0/../../../../../H-x86_64-mingw32/nios2-elf/lib/mno-hw-mul\libc.a(lib_a-memset.o)
 .comment       0x0000000000000023       0x24 c:/intelfpga_lite/18.0/nios2eds/bin/gnu/h-x86_64-mingw32/bin/../lib/gcc/nios2-elf/5.3.0/../../../../../H-x86_64-mingw32/nios2-elf/lib/mno-hw-mul\libc.a(lib_a-strlen.o)
 .comment       0x0000000000000023       0x24 ../firmware_bsp/\libhal_bsp.a(alt_load.o)
 .comment       0x0000000000000023       0x24 ../firmware_bsp/\libhal_bsp.a(alt_main.o)
 .comment       0x0000000000000023       0x24 ../firmware_bsp/\libhal_bsp.a(alt_sys_init.o)
 .comment       0x0000000000000023       0x24 ../firmware_bsp/\libhal_bsp.a(altera_avalon_jtag_uart_fd.o)
 .comment       0x0000000000000023       0x24 ../firmware_bsp/\libhal_bsp.a(altera_avalon_jtag_uart_init.o)
 .comment       0x0000000000000023       0x24 ../firmware_bsp/\libhal_bsp.a(altera_avalon_jtag_uart_ioctl.o)
 .comment       0x0000000000000023       0x24 ../firmware_bsp/\libhal_bsp.a(altera_avalon_jtag_uart_read.o)
 .comment       0x0000000000000023       0x24 ../firmware_bsp/\libhal_bsp.a(altera_avalon_jtag_uart_write.o)
 .comment       0x0000000000000023       0x24 ../firmware_bsp/\libhal_bsp.a(altera_avalon_timer_sc.o)
 .comment       0x0000000000000023       0x24 ../firmware_bsp/\libhal_bsp.a(altera_up_avalon_accelerometer_spi.o)
 .comment       0x0000000000000023       0x24 ../firmware_bsp/\libhal_bsp.a(alt_alarm_start.o)
 .comment       0x0000000000000023       0x24 ../firmware_bsp/\libhal_bsp.a(alt_close.o)
 .comment       0x0000000000000023       0x24 ../firmware_bsp/\libhal_bsp.a(alt_dcache_flush_all.o)
 .comment       0x0000000000000023       0x24 ../firmware_bsp/\libhal_bsp.a(alt_dev.o)
 .comment       0x0000000000000023       0x24 ../firmware_bsp/\libhal_bsp.a(alt_dev_llist_insert.o)
 .comment       0x0000000000000023       0x24 ../firmware_bsp/\libhal_bsp.a(alt_do_ctors.o)
 .comment       0x0000000000000023       0x24 ../firmware_bsp/\libhal_bsp.a(alt_do_dtors.o)
 .comment       0x0000000000000023       0x24 ../firmware_bsp/\libhal_bsp.a(alt_errno.o)
 .comment       0x0000000000000023       0x24 ../firmware_bsp/\libhal_bsp.a(alt_find_dev.o)
 .comment       0x0000000000000023       0x24 ../firmware_bsp/\libhal_bsp.a(alt_icache_flush_all.o)
 .comment       0x0000000000000023       0x24 ../firmware_bsp/\libhal_bsp.a(alt_io_redirect.o)
 .comment       0x0000000000000023       0x24 ../firmware_bsp/\libhal_bsp.a(alt_irq_register.o)
 .comment       0x0000000000000023       0x24 ../firmware_bsp/\libhal_bsp.a(alt_irq_vars.o)
 .comment       0x0000000000000023       0x24 ../firmware_bsp/\libhal_bsp.a(alt_open.o)
 .comment       0x0000000000000023       0x24 ../firmware_bsp/\libhal_bsp.a(alt_release_fd.o)
 .comment       0x0000000000000023       0x24 ../firmware_bsp/\libhal_bsp.a(alt_tick.o)
 .comment       0x0000000000000023       0x24 ../firmware_bsp/\libhal_bsp.a(altera_nios2_gen2_irq.o)
 .comment       0x0000000000000023       0x24 ../firmware_bsp/\libhal_bsp.a(alt_find_file.o)
 .comment       0x0000000000000023       0x24 ../firmware_bsp/\libhal_bsp.a(alt_get_fd.o)
 .comment       0x0000000000000023       0x24 ../firmware_bsp/\libhal_bsp.a(alt_irq_handler.o)
 .comment       0x0000000000000023       0x24 ../firmware_bsp/\libhal_bsp.a(alt_instruction_exception_entry.o)
 .comment       0x0000000000000023       0x24 c:/intelfpga_lite/18.0/nios2eds/bin/gnu/h-x86_64-mingw32/bin/../lib/gcc/nios2-elf/5.3.0/../../../../../H-x86_64-mingw32/nios2-elf/lib/mno-hw-mul\libc.a(lib_a-atexit.o)
 .comment       0x0000000000000023       0x24 c:/intelfpga_lite/18.0/nios2eds/bin/gnu/h-x86_64-mingw32/bin/../lib/gcc/nios2-elf/5.3.0/../../../../../H-x86_64-mingw32/nios2-elf/lib/mno-hw-mul\libc.a(lib_a-exit.o)
 .comment       0x0000000000000023       0x24 c:/intelfpga_lite/18.0/nios2eds/bin/gnu/h-x86_64-mingw32/bin/../lib/gcc/nios2-elf/5.3.0/../../../../../H-x86_64-mingw32/nios2-elf/lib/mno-hw-mul\libc.a(lib_a-impure.o)
 .comment       0x0000000000000023       0x24 c:/intelfpga_lite/18.0/nios2eds/bin/gnu/h-x86_64-mingw32/bin/../lib/gcc/nios2-elf/5.3.0/../../../../../H-x86_64-mingw32/nios2-elf/lib/mno-hw-mul\libc.a(lib_a-int_errno.o)
 .comment       0x0000000000000023       0x24 c:/intelfpga_lite/18.0/nios2eds/bin/gnu/h-x86_64-mingw32/bin/../lib/gcc/nios2-elf/5.3.0/../../../../../H-x86_64-mingw32/nios2-elf/lib/mno-hw-mul\libc.a(lib_a-memcmp.o)
 .comment       0x0000000000000023       0x24 c:/intelfpga_lite/18.0/nios2eds/bin/gnu/h-x86_64-mingw32/bin/../lib/gcc/nios2-elf/5.3.0/../../../../../H-x86_64-mingw32/nios2-elf/lib/mno-hw-mul\libc.a(lib_a-__atexit.o)
 .comment       0x0000000000000023       0x24 c:/intelfpga_lite/18.0/nios2eds/bin/gnu/h-x86_64-mingw32/bin/../lib/gcc/nios2-elf/5.3.0/../../../../../H-x86_64-mingw32/nios2-elf/lib/mno-hw-mul\libc.a(lib_a-__call_atexit.o)
 .comment       0x0000000000000023       0x24 c:/intelfpga_lite/18.0/nios2eds/bin/gnu/h-x86_64-mingw32/bin/../lib/gcc/nios2-elf/5.3.0/mno-hw-mul\libgcc.a(lib2-mul.o)
 .comment       0x0000000000000023       0x24 ../firmware_bsp/\libhal_bsp.a(alt_exit.o)

.debug
 *(.debug)

.line
 *(.line)

.debug_srcinfo
 *(.debug_srcinfo)

.debug_sfnames
 *(.debug_sfnames)

.debug_aranges  0x0000000000000000      0x5f8
 *(.debug_aranges)
 .debug_aranges
                0x0000000000000000       0x28 ../firmware_bsp//obj/HAL/src/crt0.o
 .debug_aranges
                0x0000000000000028       0x20 obj/default/main.o
 .debug_aranges
                0x0000000000000048       0x20 c:/intelfpga_lite/18.0/nios2eds/bin/gnu/h-x86_64-mingw32/bin/../lib/gcc/nios2-elf/5.3.0/../../../../../H-x86_64-mingw32/nios2-elf/lib/mno-hw-mul\libc.a(lib_a-memcpy.o)
 .debug_aranges
                0x0000000000000068       0x20 c:/intelfpga_lite/18.0/nios2eds/bin/gnu/h-x86_64-mingw32/bin/../lib/gcc/nios2-elf/5.3.0/../../../../../H-x86_64-mingw32/nios2-elf/lib/mno-hw-mul\libc.a(lib_a-memset.o)
 .debug_aranges
                0x0000000000000088       0x20 c:/intelfpga_lite/18.0/nios2eds/bin/gnu/h-x86_64-mingw32/bin/../lib/gcc/nios2-elf/5.3.0/../../../../../H-x86_64-mingw32/nios2-elf/lib/mno-hw-mul\libc.a(lib_a-strlen.o)
 .debug_aranges
                0x00000000000000a8       0x20 ../firmware_bsp/\libhal_bsp.a(alt_load.o)
 .debug_aranges
                0x00000000000000c8       0x20 ../firmware_bsp/\libhal_bsp.a(alt_main.o)
 .debug_aranges
                0x00000000000000e8       0x20 ../firmware_bsp/\libhal_bsp.a(alt_sys_init.o)
 .debug_aranges
                0x0000000000000108       0x20 ../firmware_bsp/\libhal_bsp.a(altera_avalon_jtag_uart_fd.o)
 .debug_aranges
                0x0000000000000128       0x20 ../firmware_bsp/\libhal_bsp.a(altera_avalon_jtag_uart_init.o)
 .debug_aranges
                0x0000000000000148       0x20 ../firmware_bsp/\libhal_bsp.a(altera_avalon_jtag_uart_ioctl.o)
 .debug_aranges
                0x0000000000000168       0x20 ../firmware_bsp/\libhal_bsp.a(altera_avalon_jtag_uart_read.o)
 .debug_aranges
                0x0000000000000188       0x20 ../firmware_bsp/\libhal_bsp.a(altera_avalon_jtag_uart_write.o)
 .debug_aranges
                0x00000000000001a8       0x20 ../firmware_bsp/\libhal_bsp.a(altera_avalon_timer_sc.o)
 .debug_aranges
                0x00000000000001c8       0x20 ../firmware_bsp/\libhal_bsp.a(altera_up_avalon_accelerometer_spi.o)
 .debug_aranges
                0x00000000000001e8       0x20 ../firmware_bsp/\libhal_bsp.a(alt_alarm_start.o)
 .debug_aranges
                0x0000000000000208       0x20 ../firmware_bsp/\libhal_bsp.a(alt_close.o)
 .debug_aranges
                0x0000000000000228       0x20 ../firmware_bsp/\libhal_bsp.a(alt_dcache_flush_all.o)
 .debug_aranges
                0x0000000000000248       0x20 ../firmware_bsp/\libhal_bsp.a(alt_dev.o)
 .debug_aranges
                0x0000000000000268       0x20 ../firmware_bsp/\libhal_bsp.a(alt_dev_llist_insert.o)
 .debug_aranges
                0x0000000000000288       0x20 ../firmware_bsp/\libhal_bsp.a(alt_do_ctors.o)
 .debug_aranges
                0x00000000000002a8       0x20 ../firmware_bsp/\libhal_bsp.a(alt_do_dtors.o)
 .debug_aranges
                0x00000000000002c8       0x18 ../firmware_bsp/\libhal_bsp.a(alt_errno.o)
 .debug_aranges
                0x00000000000002e0       0x20 ../firmware_bsp/\libhal_bsp.a(alt_find_dev.o)
 .debug_aranges
                0x0000000000000300       0x20 ../firmware_bsp/\libhal_bsp.a(alt_icache_flush_all.o)
 .debug_aranges
                0x0000000000000320       0x20 ../firmware_bsp/\libhal_bsp.a(alt_io_redirect.o)
 .debug_aranges
                0x0000000000000340       0x20 ../firmware_bsp/\libhal_bsp.a(alt_irq_register.o)
 .debug_aranges
                0x0000000000000360       0x18 ../firmware_bsp/\libhal_bsp.a(alt_irq_vars.o)
 .debug_aranges
                0x0000000000000378       0x20 ../firmware_bsp/\libhal_bsp.a(alt_open.o)
 .debug_aranges
                0x0000000000000398       0x20 ../firmware_bsp/\libhal_bsp.a(alt_release_fd.o)
 .debug_aranges
                0x00000000000003b8       0x20 ../firmware_bsp/\libhal_bsp.a(alt_tick.o)
 .debug_aranges
                0x00000000000003d8       0x20 ../firmware_bsp/\libhal_bsp.a(altera_nios2_gen2_irq.o)
 .debug_aranges
                0x00000000000003f8       0x20 ../firmware_bsp/\libhal_bsp.a(alt_find_file.o)
 .debug_aranges
                0x0000000000000418       0x20 ../firmware_bsp/\libhal_bsp.a(alt_get_fd.o)
 .debug_aranges
                0x0000000000000438       0x30 ../firmware_bsp/\libhal_bsp.a(alt_irq_entry.o)
 .debug_aranges
                0x0000000000000468       0x20 ../firmware_bsp/\libhal_bsp.a(alt_irq_handler.o)
 .debug_aranges
                0x0000000000000488       0x38 ../firmware_bsp/\libhal_bsp.a(alt_exception_entry.o)
 .debug_aranges
                0x00000000000004c0       0x28 ../firmware_bsp/\libhal_bsp.a(alt_instruction_exception_entry.o)
 .debug_aranges
                0x00000000000004e8       0x20 c:/intelfpga_lite/18.0/nios2eds/bin/gnu/h-x86_64-mingw32/bin/../lib/gcc/nios2-elf/5.3.0/../../../../../H-x86_64-mingw32/nios2-elf/lib/mno-hw-mul\libc.a(lib_a-atexit.o)
 .debug_aranges
                0x0000000000000508       0x20 c:/intelfpga_lite/18.0/nios2eds/bin/gnu/h-x86_64-mingw32/bin/../lib/gcc/nios2-elf/5.3.0/../../../../../H-x86_64-mingw32/nios2-elf/lib/mno-hw-mul\libc.a(lib_a-exit.o)
 .debug_aranges
                0x0000000000000528       0x18 c:/intelfpga_lite/18.0/nios2eds/bin/gnu/h-x86_64-mingw32/bin/../lib/gcc/nios2-elf/5.3.0/../../../../../H-x86_64-mingw32/nios2-elf/lib/mno-hw-mul\libc.a(lib_a-impure.o)
 .debug_aranges
                0x0000000000000540       0x18 c:/intelfpga_lite/18.0/nios2eds/bin/gnu/h-x86_64-mingw32/bin/../lib/gcc/nios2-elf/5.3.0/../../../../../H-x86_64-mingw32/nios2-elf/lib/mno-hw-mul\libc.a(lib_a-int_errno.o)
 .debug_aranges
                0x0000000000000558       0x20 c:/intelfpga_lite/18.0/nios2eds/bin/gnu/h-x86_64-mingw32/bin/../lib/gcc/nios2-elf/5.3.0/../../../../../H-x86_64-mingw32/nios2-elf/lib/mno-hw-mul\libc.a(lib_a-memcmp.o)
 .debug_aranges
                0x0000000000000578       0x20 c:/intelfpga_lite/18.0/nios2eds/bin/gnu/h-x86_64-mingw32/bin/../lib/gcc/nios2-elf/5.3.0/../../../../../H-x86_64-mingw32/nios2-elf/lib/mno-hw-mul\libc.a(lib_a-__atexit.o)
 .debug_aranges
                0x0000000000000598       0x20 c:/intelfpga_lite/18.0/nios2eds/bin/gnu/h-x86_64-mingw32/bin/../lib/gcc/nios2-elf/5.3.0/../../../../../H-x86_64-mingw32/nios2-elf/lib/mno-hw-mul\libc.a(lib_a-__call_atexit.o)
 .debug_aranges
                0x00000000000005b8       0x20 c:/intelfpga_lite/18.0/nios2eds/bin/gnu/h-x86_64-mingw32/bin/../lib/gcc/nios2-elf/5.3.0/mno-hw-mul\libgcc.a(lib2-mul.o)
 .debug_aranges
                0x00000000000005d8       0x20 ../firmware_bsp/\libhal_bsp.a(alt_exit.o)

.debug_pubnames
 *(.debug_pubnames)

.debug_info     0x0000000000000000     0x80df
 *(.debug_info .gnu.linkonce.wi.*)
 .debug_info    0x0000000000000000       0x6c ../firmware_bsp//obj/HAL/src/crt0.o
 .debug_info    0x000000000000006c      0x565 obj/default/main.o
 .debug_info    0x00000000000005d1      0x144 c:/intelfpga_lite/18.0/nios2eds/bin/gnu/h-x86_64-mingw32/bin/../lib/gcc/nios2-elf/5.3.0/../../../../../H-x86_64-mingw32/nios2-elf/lib/mno-hw-mul\libc.a(lib_a-memcpy.o)
 .debug_info    0x0000000000000715      0x121 c:/intelfpga_lite/18.0/nios2eds/bin/gnu/h-x86_64-mingw32/bin/../lib/gcc/nios2-elf/5.3.0/../../../../../H-x86_64-mingw32/nios2-elf/lib/mno-hw-mul\libc.a(lib_a-memset.o)
 .debug_info    0x0000000000000836       0xe2 c:/intelfpga_lite/18.0/nios2eds/bin/gnu/h-x86_64-mingw32/bin/../lib/gcc/nios2-elf/5.3.0/../../../../../H-x86_64-mingw32/nios2-elf/lib/mno-hw-mul\libc.a(lib_a-strlen.o)
 .debug_info    0x0000000000000918      0x145 ../firmware_bsp/\libhal_bsp.a(alt_load.o)
 .debug_info    0x0000000000000a5d      0x157 ../firmware_bsp/\libhal_bsp.a(alt_main.o)
 .debug_info    0x0000000000000bb4      0x530 ../firmware_bsp/\libhal_bsp.a(alt_sys_init.o)
 .debug_info    0x00000000000010e4      0x52e ../firmware_bsp/\libhal_bsp.a(altera_avalon_jtag_uart_fd.o)
 .debug_info    0x0000000000001612      0x3c3 ../firmware_bsp/\libhal_bsp.a(altera_avalon_jtag_uart_init.o)
 .debug_info    0x00000000000019d5      0x280 ../firmware_bsp/\libhal_bsp.a(altera_avalon_jtag_uart_ioctl.o)
 .debug_info    0x0000000000001c55      0x35b ../firmware_bsp/\libhal_bsp.a(altera_avalon_jtag_uart_read.o)
 .debug_info    0x0000000000001fb0      0x356 ../firmware_bsp/\libhal_bsp.a(altera_avalon_jtag_uart_write.o)
 .debug_info    0x0000000000002306      0x249 ../firmware_bsp/\libhal_bsp.a(altera_avalon_timer_sc.o)
 .debug_info    0x000000000000254f      0x469 ../firmware_bsp/\libhal_bsp.a(altera_up_avalon_accelerometer_spi.o)
 .debug_info    0x00000000000029b8      0x2e2 ../firmware_bsp/\libhal_bsp.a(alt_alarm_start.o)
 .debug_info    0x0000000000002c9a      0x321 ../firmware_bsp/\libhal_bsp.a(alt_close.o)
 .debug_info    0x0000000000002fbb       0x92 ../firmware_bsp/\libhal_bsp.a(alt_dcache_flush_all.o)
 .debug_info    0x000000000000304d      0x49c ../firmware_bsp/\libhal_bsp.a(alt_dev.o)
 .debug_info    0x00000000000034e9      0x1a9 ../firmware_bsp/\libhal_bsp.a(alt_dev_llist_insert.o)
 .debug_info    0x0000000000003692       0x83 ../firmware_bsp/\libhal_bsp.a(alt_do_ctors.o)
 .debug_info    0x0000000000003715       0x83 ../firmware_bsp/\libhal_bsp.a(alt_do_dtors.o)
 .debug_info    0x0000000000003798       0xa6 ../firmware_bsp/\libhal_bsp.a(alt_errno.o)
 .debug_info    0x000000000000383e      0x2e9 ../firmware_bsp/\libhal_bsp.a(alt_find_dev.o)
 .debug_info    0x0000000000003b27       0x92 ../firmware_bsp/\libhal_bsp.a(alt_icache_flush_all.o)
 .debug_info    0x0000000000003bb9      0x4a5 ../firmware_bsp/\libhal_bsp.a(alt_io_redirect.o)
 .debug_info    0x000000000000405e      0x329 ../firmware_bsp/\libhal_bsp.a(alt_irq_register.o)
 .debug_info    0x0000000000004387       0x88 ../firmware_bsp/\libhal_bsp.a(alt_irq_vars.o)
 .debug_info    0x000000000000440f      0x3bb ../firmware_bsp/\libhal_bsp.a(alt_open.o)
 .debug_info    0x00000000000047ca      0x2b0 ../firmware_bsp/\libhal_bsp.a(alt_release_fd.o)
 .debug_info    0x0000000000004a7a      0x2af ../firmware_bsp/\libhal_bsp.a(alt_tick.o)
 .debug_info    0x0000000000004d29       0xb8 ../firmware_bsp/\libhal_bsp.a(altera_nios2_gen2_irq.o)
 .debug_info    0x0000000000004de1      0x2e6 ../firmware_bsp/\libhal_bsp.a(alt_find_file.o)
 .debug_info    0x00000000000050c7      0x310 ../firmware_bsp/\libhal_bsp.a(alt_get_fd.o)
 .debug_info    0x00000000000053d7       0x75 ../firmware_bsp/\libhal_bsp.a(alt_irq_entry.o)
 .debug_info    0x000000000000544c      0x1a7 ../firmware_bsp/\libhal_bsp.a(alt_irq_handler.o)
 .debug_info    0x00000000000055f3       0x7b ../firmware_bsp/\libhal_bsp.a(alt_exception_entry.o)
 .debug_info    0x000000000000566e      0x1e7 ../firmware_bsp/\libhal_bsp.a(alt_instruction_exception_entry.o)
 .debug_info    0x0000000000005855       0xfe c:/intelfpga_lite/18.0/nios2eds/bin/gnu/h-x86_64-mingw32/bin/../lib/gcc/nios2-elf/5.3.0/../../../../../H-x86_64-mingw32/nios2-elf/lib/mno-hw-mul\libc.a(lib_a-atexit.o)
 .debug_info    0x0000000000005953      0x8e4 c:/intelfpga_lite/18.0/nios2eds/bin/gnu/h-x86_64-mingw32/bin/../lib/gcc/nios2-elf/5.3.0/../../../../../H-x86_64-mingw32/nios2-elf/lib/mno-hw-mul\libc.a(lib_a-exit.o)
 .debug_info    0x0000000000006237      0x8a1 c:/intelfpga_lite/18.0/nios2eds/bin/gnu/h-x86_64-mingw32/bin/../lib/gcc/nios2-elf/5.3.0/../../../../../H-x86_64-mingw32/nios2-elf/lib/mno-hw-mul\libc.a(lib_a-impure.o)
 .debug_info    0x0000000000006ad8       0x8a c:/intelfpga_lite/18.0/nios2eds/bin/gnu/h-x86_64-mingw32/bin/../lib/gcc/nios2-elf/5.3.0/../../../../../H-x86_64-mingw32/nios2-elf/lib/mno-hw-mul\libc.a(lib_a-int_errno.o)
 .debug_info    0x0000000000006b62      0x11a c:/intelfpga_lite/18.0/nios2eds/bin/gnu/h-x86_64-mingw32/bin/../lib/gcc/nios2-elf/5.3.0/../../../../../H-x86_64-mingw32/nios2-elf/lib/mno-hw-mul\libc.a(lib_a-memcmp.o)
 .debug_info    0x0000000000006c7c      0x934 c:/intelfpga_lite/18.0/nios2eds/bin/gnu/h-x86_64-mingw32/bin/../lib/gcc/nios2-elf/5.3.0/../../../../../H-x86_64-mingw32/nios2-elf/lib/mno-hw-mul\libc.a(lib_a-__atexit.o)
 .debug_info    0x00000000000075b0      0x965 c:/intelfpga_lite/18.0/nios2eds/bin/gnu/h-x86_64-mingw32/bin/../lib/gcc/nios2-elf/5.3.0/../../../../../H-x86_64-mingw32/nios2-elf/lib/mno-hw-mul\libc.a(lib_a-__call_atexit.o)
 .debug_info    0x0000000000007f15       0xb4 c:/intelfpga_lite/18.0/nios2eds/bin/gnu/h-x86_64-mingw32/bin/../lib/gcc/nios2-elf/5.3.0/mno-hw-mul\libgcc.a(lib2-mul.o)
 .debug_info    0x0000000000007fc9      0x116 ../firmware_bsp/\libhal_bsp.a(alt_exit.o)

.debug_abbrev   0x0000000000000000     0x2c88
 *(.debug_abbrev)
 .debug_abbrev  0x0000000000000000       0x12 ../firmware_bsp//obj/HAL/src/crt0.o
 .debug_abbrev  0x0000000000000012      0x19e obj/default/main.o
 .debug_abbrev  0x00000000000001b0       0xa3 c:/intelfpga_lite/18.0/nios2eds/bin/gnu/h-x86_64-mingw32/bin/../lib/gcc/nios2-elf/5.3.0/../../../../../H-x86_64-mingw32/nios2-elf/lib/mno-hw-mul\libc.a(lib_a-memcpy.o)
 .debug_abbrev  0x0000000000000253       0xae c:/intelfpga_lite/18.0/nios2eds/bin/gnu/h-x86_64-mingw32/bin/../lib/gcc/nios2-elf/5.3.0/../../../../../H-x86_64-mingw32/nios2-elf/lib/mno-hw-mul\libc.a(lib_a-memset.o)
 .debug_abbrev  0x0000000000000301       0x90 c:/intelfpga_lite/18.0/nios2eds/bin/gnu/h-x86_64-mingw32/bin/../lib/gcc/nios2-elf/5.3.0/../../../../../H-x86_64-mingw32/nios2-elf/lib/mno-hw-mul\libc.a(lib_a-strlen.o)
 .debug_abbrev  0x0000000000000391       0x9f ../firmware_bsp/\libhal_bsp.a(alt_load.o)
 .debug_abbrev  0x0000000000000430       0xc1 ../firmware_bsp/\libhal_bsp.a(alt_main.o)
 .debug_abbrev  0x00000000000004f1      0x187 ../firmware_bsp/\libhal_bsp.a(alt_sys_init.o)
 .debug_abbrev  0x0000000000000678      0x127 ../firmware_bsp/\libhal_bsp.a(altera_avalon_jtag_uart_fd.o)
 .debug_abbrev  0x000000000000079f      0x19e ../firmware_bsp/\libhal_bsp.a(altera_avalon_jtag_uart_init.o)
 .debug_abbrev  0x000000000000093d      0x111 ../firmware_bsp/\libhal_bsp.a(altera_avalon_jtag_uart_ioctl.o)
 .debug_abbrev  0x0000000000000a4e      0x1aa ../firmware_bsp/\libhal_bsp.a(altera_avalon_jtag_uart_read.o)
 .debug_abbrev  0x0000000000000bf8      0x1a8 ../firmware_bsp/\libhal_bsp.a(altera_avalon_jtag_uart_write.o)
 .debug_abbrev  0x0000000000000da0      0x155 ../firmware_bsp/\libhal_bsp.a(altera_avalon_timer_sc.o)
 .debug_abbrev  0x0000000000000ef5       0xfd ../firmware_bsp/\libhal_bsp.a(altera_up_avalon_accelerometer_spi.o)
 .debug_abbrev  0x0000000000000ff2      0x162 ../firmware_bsp/\libhal_bsp.a(alt_alarm_start.o)
 .debug_abbrev  0x0000000000001154      0x11f ../firmware_bsp/\libhal_bsp.a(alt_close.o)
 .debug_abbrev  0x0000000000001273       0x42 ../firmware_bsp/\libhal_bsp.a(alt_dcache_flush_all.o)
 .debug_abbrev  0x00000000000012b5       0xd9 ../firmware_bsp/\libhal_bsp.a(alt_dev.o)
 .debug_abbrev  0x000000000000138e      0x114 ../firmware_bsp/\libhal_bsp.a(alt_dev_llist_insert.o)
 .debug_abbrev  0x00000000000014a2       0x79 ../firmware_bsp/\libhal_bsp.a(alt_do_ctors.o)
 .debug_abbrev  0x000000000000151b       0x79 ../firmware_bsp/\libhal_bsp.a(alt_do_dtors.o)
 .debug_abbrev  0x0000000000001594       0x5a ../firmware_bsp/\libhal_bsp.a(alt_errno.o)
 .debug_abbrev  0x00000000000015ee       0xf0 ../firmware_bsp/\libhal_bsp.a(alt_find_dev.o)
 .debug_abbrev  0x00000000000016de       0x42 ../firmware_bsp/\libhal_bsp.a(alt_icache_flush_all.o)
 .debug_abbrev  0x0000000000001720      0x114 ../firmware_bsp/\libhal_bsp.a(alt_io_redirect.o)
 .debug_abbrev  0x0000000000001834      0x186 ../firmware_bsp/\libhal_bsp.a(alt_irq_register.o)
 .debug_abbrev  0x00000000000019ba       0x40 ../firmware_bsp/\libhal_bsp.a(alt_irq_vars.o)
 .debug_abbrev  0x00000000000019fa      0x148 ../firmware_bsp/\libhal_bsp.a(alt_open.o)
 .debug_abbrev  0x0000000000001b42       0xde ../firmware_bsp/\libhal_bsp.a(alt_release_fd.o)
 .debug_abbrev  0x0000000000001c20      0x16b ../firmware_bsp/\libhal_bsp.a(alt_tick.o)
 .debug_abbrev  0x0000000000001d8b       0x67 ../firmware_bsp/\libhal_bsp.a(altera_nios2_gen2_irq.o)
 .debug_abbrev  0x0000000000001df2       0xf0 ../firmware_bsp/\libhal_bsp.a(alt_find_file.o)
 .debug_abbrev  0x0000000000001ee2      0x10d ../firmware_bsp/\libhal_bsp.a(alt_get_fd.o)
 .debug_abbrev  0x0000000000001fef       0x12 ../firmware_bsp/\libhal_bsp.a(alt_irq_entry.o)
 .debug_abbrev  0x0000000000002001      0x13a ../firmware_bsp/\libhal_bsp.a(alt_irq_handler.o)
 .debug_abbrev  0x000000000000213b       0x12 ../firmware_bsp/\libhal_bsp.a(alt_exception_entry.o)
 .debug_abbrev  0x000000000000214d       0xdc ../firmware_bsp/\libhal_bsp.a(alt_instruction_exception_entry.o)
 .debug_abbrev  0x0000000000002229       0xaa c:/intelfpga_lite/18.0/nios2eds/bin/gnu/h-x86_64-mingw32/bin/../lib/gcc/nios2-elf/5.3.0/../../../../../H-x86_64-mingw32/nios2-elf/lib/mno-hw-mul\libc.a(lib_a-atexit.o)
 .debug_abbrev  0x00000000000022d3      0x1e5 c:/intelfpga_lite/18.0/nios2eds/bin/gnu/h-x86_64-mingw32/bin/../lib/gcc/nios2-elf/5.3.0/../../../../../H-x86_64-mingw32/nios2-elf/lib/mno-hw-mul\libc.a(lib_a-exit.o)
 .debug_abbrev  0x00000000000024b8      0x18f c:/intelfpga_lite/18.0/nios2eds/bin/gnu/h-x86_64-mingw32/bin/../lib/gcc/nios2-elf/5.3.0/../../../../../H-x86_64-mingw32/nios2-elf/lib/mno-hw-mul\libc.a(lib_a-impure.o)
 .debug_abbrev  0x0000000000002647       0x37 c:/intelfpga_lite/18.0/nios2eds/bin/gnu/h-x86_64-mingw32/bin/../lib/gcc/nios2-elf/5.3.0/../../../../../H-x86_64-mingw32/nios2-elf/lib/mno-hw-mul\libc.a(lib_a-int_errno.o)
 .debug_abbrev  0x000000000000267e       0x7f c:/intelfpga_lite/18.0/nios2eds/bin/gnu/h-x86_64-mingw32/bin/../lib/gcc/nios2-elf/5.3.0/../../../../../H-x86_64-mingw32/nios2-elf/lib/mno-hw-mul\libc.a(lib_a-memcmp.o)
 .debug_abbrev  0x00000000000026fd      0x21e c:/intelfpga_lite/18.0/nios2eds/bin/gnu/h-x86_64-mingw32/bin/../lib/gcc/nios2-elf/5.3.0/../../../../../H-x86_64-mingw32/nios2-elf/lib/mno-hw-mul\libc.a(lib_a-__atexit.o)
 .debug_abbrev  0x000000000000291b      0x22e c:/intelfpga_lite/18.0/nios2eds/bin/gnu/h-x86_64-mingw32/bin/../lib/gcc/nios2-elf/5.3.0/../../../../../H-x86_64-mingw32/nios2-elf/lib/mno-hw-mul\libc.a(lib_a-__call_atexit.o)
 .debug_abbrev  0x0000000000002b49       0x6f c:/intelfpga_lite/18.0/nios2eds/bin/gnu/h-x86_64-mingw32/bin/../lib/gcc/nios2-elf/5.3.0/mno-hw-mul\libgcc.a(lib2-mul.o)
 .debug_abbrev  0x0000000000002bb8       0xd0 ../firmware_bsp/\libhal_bsp.a(alt_exit.o)

.debug_line     0x0000000000000000     0x2f87
 *(.debug_line)
 .debug_line    0x0000000000000000       0x66 ../firmware_bsp//obj/HAL/src/crt0.o
 .debug_line    0x0000000000000066      0x171 obj/default/main.o
 .debug_line    0x00000000000001d7      0x18c c:/intelfpga_lite/18.0/nios2eds/bin/gnu/h-x86_64-mingw32/bin/../lib/gcc/nios2-elf/5.3.0/../../../../../H-x86_64-mingw32/nios2-elf/lib/mno-hw-mul\libc.a(lib_a-memcpy.o)
 .debug_line    0x0000000000000363      0x18f c:/intelfpga_lite/18.0/nios2eds/bin/gnu/h-x86_64-mingw32/bin/../lib/gcc/nios2-elf/5.3.0/../../../../../H-x86_64-mingw32/nios2-elf/lib/mno-hw-mul\libc.a(lib_a-memset.o)
 .debug_line    0x00000000000004f2      0x16f c:/intelfpga_lite/18.0/nios2eds/bin/gnu/h-x86_64-mingw32/bin/../lib/gcc/nios2-elf/5.3.0/../../../../../H-x86_64-mingw32/nios2-elf/lib/mno-hw-mul\libc.a(lib_a-strlen.o)
 .debug_line    0x0000000000000661       0x8e ../firmware_bsp/\libhal_bsp.a(alt_load.o)
 .debug_line    0x00000000000006ef       0xd1 ../firmware_bsp/\libhal_bsp.a(alt_main.o)
 .debug_line    0x00000000000007c0      0x18f ../firmware_bsp/\libhal_bsp.a(alt_sys_init.o)
 .debug_line    0x000000000000094f      0x12f ../firmware_bsp/\libhal_bsp.a(altera_avalon_jtag_uart_fd.o)
 .debug_line    0x0000000000000a7e      0x19f ../firmware_bsp/\libhal_bsp.a(altera_avalon_jtag_uart_init.o)
 .debug_line    0x0000000000000c1d      0x131 ../firmware_bsp/\libhal_bsp.a(altera_avalon_jtag_uart_ioctl.o)
 .debug_line    0x0000000000000d4e      0x185 ../firmware_bsp/\libhal_bsp.a(altera_avalon_jtag_uart_read.o)
 .debug_line    0x0000000000000ed3      0x184 ../firmware_bsp/\libhal_bsp.a(altera_avalon_jtag_uart_write.o)
 .debug_line    0x0000000000001057      0x113 ../firmware_bsp/\libhal_bsp.a(altera_avalon_timer_sc.o)
 .debug_line    0x000000000000116a      0x14d ../firmware_bsp/\libhal_bsp.a(altera_up_avalon_accelerometer_spi.o)
 .debug_line    0x00000000000012b7      0x10d ../firmware_bsp/\libhal_bsp.a(alt_alarm_start.o)
 .debug_line    0x00000000000013c4      0x165 ../firmware_bsp/\libhal_bsp.a(alt_close.o)
 .debug_line    0x0000000000001529       0x51 ../firmware_bsp/\libhal_bsp.a(alt_dcache_flush_all.o)
 .debug_line    0x000000000000157a       0xf8 ../firmware_bsp/\libhal_bsp.a(alt_dev.o)
 .debug_line    0x0000000000001672       0xcf ../firmware_bsp/\libhal_bsp.a(alt_dev_llist_insert.o)
 .debug_line    0x0000000000001741       0x59 ../firmware_bsp/\libhal_bsp.a(alt_do_ctors.o)
 .debug_line    0x000000000000179a       0x59 ../firmware_bsp/\libhal_bsp.a(alt_do_dtors.o)
 .debug_line    0x00000000000017f3       0x51 ../firmware_bsp/\libhal_bsp.a(alt_errno.o)
 .debug_line    0x0000000000001844       0xb5 ../firmware_bsp/\libhal_bsp.a(alt_find_dev.o)
 .debug_line    0x00000000000018f9       0x4f ../firmware_bsp/\libhal_bsp.a(alt_icache_flush_all.o)
 .debug_line    0x0000000000001948      0x135 ../firmware_bsp/\libhal_bsp.a(alt_io_redirect.o)
 .debug_line    0x0000000000001a7d      0x155 ../firmware_bsp/\libhal_bsp.a(alt_irq_register.o)
 .debug_line    0x0000000000001bd2       0x50 ../firmware_bsp/\libhal_bsp.a(alt_irq_vars.o)
 .debug_line    0x0000000000001c22      0x12b ../firmware_bsp/\libhal_bsp.a(alt_open.o)
 .debug_line    0x0000000000001d4d       0xb0 ../firmware_bsp/\libhal_bsp.a(alt_release_fd.o)
 .debug_line    0x0000000000001dfd      0x113 ../firmware_bsp/\libhal_bsp.a(alt_tick.o)
 .debug_line    0x0000000000001f10       0x8d ../firmware_bsp/\libhal_bsp.a(altera_nios2_gen2_irq.o)
 .debug_line    0x0000000000001f9d       0xd1 ../firmware_bsp/\libhal_bsp.a(alt_find_file.o)
 .debug_line    0x000000000000206e       0xd7 ../firmware_bsp/\libhal_bsp.a(alt_get_fd.o)
 .debug_line    0x0000000000002145       0x6b ../firmware_bsp/\libhal_bsp.a(alt_irq_entry.o)
 .debug_line    0x00000000000021b0       0xcd ../firmware_bsp/\libhal_bsp.a(alt_irq_handler.o)
 .debug_line    0x000000000000227d       0xb3 ../firmware_bsp/\libhal_bsp.a(alt_exception_entry.o)
 .debug_line    0x0000000000002330       0xb9 ../firmware_bsp/\libhal_bsp.a(alt_instruction_exception_entry.o)
 .debug_line    0x00000000000023e9       0xe7 c:/intelfpga_lite/18.0/nios2eds/bin/gnu/h-x86_64-mingw32/bin/../lib/gcc/nios2-elf/5.3.0/../../../../../H-x86_64-mingw32/nios2-elf/lib/mno-hw-mul\libc.a(lib_a-atexit.o)
 .debug_line    0x00000000000024d0      0x1fc c:/intelfpga_lite/18.0/nios2eds/bin/gnu/h-x86_64-mingw32/bin/../lib/gcc/nios2-elf/5.3.0/../../../../../H-x86_64-mingw32/nios2-elf/lib/mno-hw-mul\libc.a(lib_a-exit.o)
 .debug_line    0x00000000000026cc      0x160 c:/intelfpga_lite/18.0/nios2eds/bin/gnu/h-x86_64-mingw32/bin/../lib/gcc/nios2-elf/5.3.0/../../../../../H-x86_64-mingw32/nios2-elf/lib/mno-hw-mul\libc.a(lib_a-impure.o)
 .debug_line    0x000000000000282c       0x5f c:/intelfpga_lite/18.0/nios2eds/bin/gnu/h-x86_64-mingw32/bin/../lib/gcc/nios2-elf/5.3.0/../../../../../H-x86_64-mingw32/nios2-elf/lib/mno-hw-mul\libc.a(lib_a-int_errno.o)
 .debug_line    0x000000000000288b      0x176 c:/intelfpga_lite/18.0/nios2eds/bin/gnu/h-x86_64-mingw32/bin/../lib/gcc/nios2-elf/5.3.0/../../../../../H-x86_64-mingw32/nios2-elf/lib/mno-hw-mul\libc.a(lib_a-memcmp.o)
 .debug_line    0x0000000000002a01      0x21f c:/intelfpga_lite/18.0/nios2eds/bin/gnu/h-x86_64-mingw32/bin/../lib/gcc/nios2-elf/5.3.0/../../../../../H-x86_64-mingw32/nios2-elf/lib/mno-hw-mul\libc.a(lib_a-__atexit.o)
 .debug_line    0x0000000000002c20      0x23a c:/intelfpga_lite/18.0/nios2eds/bin/gnu/h-x86_64-mingw32/bin/../lib/gcc/nios2-elf/5.3.0/../../../../../H-x86_64-mingw32/nios2-elf/lib/mno-hw-mul\libc.a(lib_a-__call_atexit.o)
 .debug_line    0x0000000000002e5a       0x80 c:/intelfpga_lite/18.0/nios2eds/bin/gnu/h-x86_64-mingw32/bin/../lib/gcc/nios2-elf/5.3.0/mno-hw-mul\libgcc.a(lib2-mul.o)
 .debug_line    0x0000000000002eda       0xad ../firmware_bsp/\libhal_bsp.a(alt_exit.o)

.debug_frame    0x0000000000000000      0xce8
 *(.debug_frame)
 .debug_frame   0x0000000000000000      0x188 obj/default/main.o
 .debug_frame   0x0000000000000188       0x38 c:/intelfpga_lite/18.0/nios2eds/bin/gnu/h-x86_64-mingw32/bin/../lib/gcc/nios2-elf/5.3.0/../../../../../H-x86_64-mingw32/nios2-elf/lib/mno-hw-mul\libc.a(lib_a-memcpy.o)
 .debug_frame   0x00000000000001c0       0x20 c:/intelfpga_lite/18.0/nios2eds/bin/gnu/h-x86_64-mingw32/bin/../lib/gcc/nios2-elf/5.3.0/../../../../../H-x86_64-mingw32/nios2-elf/lib/mno-hw-mul\libc.a(lib_a-memset.o)
 .debug_frame   0x00000000000001e0       0x20 c:/intelfpga_lite/18.0/nios2eds/bin/gnu/h-x86_64-mingw32/bin/../lib/gcc/nios2-elf/5.3.0/../../../../../H-x86_64-mingw32/nios2-elf/lib/mno-hw-mul\libc.a(lib_a-strlen.o)
 .debug_frame   0x0000000000000200       0x5c ../firmware_bsp/\libhal_bsp.a(alt_load.o)
 .debug_frame   0x000000000000025c       0x2c ../firmware_bsp/\libhal_bsp.a(alt_main.o)
 .debug_frame   0x0000000000000288       0x88 ../firmware_bsp/\libhal_bsp.a(alt_sys_init.o)
 .debug_frame   0x0000000000000310       0xb0 ../firmware_bsp/\libhal_bsp.a(altera_avalon_jtag_uart_fd.o)
 .debug_frame   0x00000000000003c0       0xa4 ../firmware_bsp/\libhal_bsp.a(altera_avalon_jtag_uart_init.o)
 .debug_frame   0x0000000000000464       0x34 ../firmware_bsp/\libhal_bsp.a(altera_avalon_jtag_uart_ioctl.o)
 .debug_frame   0x0000000000000498       0x38 ../firmware_bsp/\libhal_bsp.a(altera_avalon_jtag_uart_read.o)
 .debug_frame   0x00000000000004d0       0x38 ../firmware_bsp/\libhal_bsp.a(altera_avalon_jtag_uart_write.o)
 .debug_frame   0x0000000000000508       0x60 ../firmware_bsp/\libhal_bsp.a(altera_avalon_timer_sc.o)
 .debug_frame   0x0000000000000568      0x110 ../firmware_bsp/\libhal_bsp.a(altera_up_avalon_accelerometer_spi.o)
 .debug_frame   0x0000000000000678       0x34 ../firmware_bsp/\libhal_bsp.a(alt_alarm_start.o)
 .debug_frame   0x00000000000006ac       0x60 ../firmware_bsp/\libhal_bsp.a(alt_close.o)
 .debug_frame   0x000000000000070c       0x34 ../firmware_bsp/\libhal_bsp.a(alt_dcache_flush_all.o)
 .debug_frame   0x0000000000000740       0x34 ../firmware_bsp/\libhal_bsp.a(alt_dev.o)
 .debug_frame   0x0000000000000774       0x60 ../firmware_bsp/\libhal_bsp.a(alt_dev_llist_insert.o)
 .debug_frame   0x00000000000007d4       0x38 ../firmware_bsp/\libhal_bsp.a(alt_do_ctors.o)
 .debug_frame   0x000000000000080c       0x38 ../firmware_bsp/\libhal_bsp.a(alt_do_dtors.o)
 .debug_frame   0x0000000000000844       0x38 ../firmware_bsp/\libhal_bsp.a(alt_find_dev.o)
 .debug_frame   0x000000000000087c       0x34 ../firmware_bsp/\libhal_bsp.a(alt_icache_flush_all.o)
 .debug_frame   0x00000000000008b0       0x64 ../firmware_bsp/\libhal_bsp.a(alt_io_redirect.o)
 .debug_frame   0x0000000000000914       0x34 ../firmware_bsp/\libhal_bsp.a(alt_irq_register.o)
 .debug_frame   0x0000000000000948       0x8c ../firmware_bsp/\libhal_bsp.a(alt_open.o)
 .debug_frame   0x00000000000009d4       0x3c ../firmware_bsp/\libhal_bsp.a(alt_release_fd.o)
 .debug_frame   0x0000000000000a10       0x5c ../firmware_bsp/\libhal_bsp.a(alt_tick.o)
 .debug_frame   0x0000000000000a6c       0x34 ../firmware_bsp/\libhal_bsp.a(altera_nios2_gen2_irq.o)
 .debug_frame   0x0000000000000aa0       0x38 ../firmware_bsp/\libhal_bsp.a(alt_find_file.o)
 .debug_frame   0x0000000000000ad8       0x3c ../firmware_bsp/\libhal_bsp.a(alt_get_fd.o)
 .debug_frame   0x0000000000000b14       0x38 ../firmware_bsp/\libhal_bsp.a(alt_irq_handler.o)
 .debug_frame   0x0000000000000b4c       0x5c ../firmware_bsp/\libhal_bsp.a(alt_instruction_exception_entry.o)
 .debug_frame   0x0000000000000ba8       0x20 c:/intelfpga_lite/18.0/nios2eds/bin/gnu/h-x86_64-mingw32/bin/../lib/gcc/nios2-elf/5.3.0/../../../../../H-x86_64-mingw32/nios2-elf/lib/mno-hw-mul\libc.a(lib_a-atexit.o)
 .debug_frame   0x0000000000000bc8       0x28 c:/intelfpga_lite/18.0/nios2eds/bin/gnu/h-x86_64-mingw32/bin/../lib/gcc/nios2-elf/5.3.0/../../../../../H-x86_64-mingw32/nios2-elf/lib/mno-hw-mul\libc.a(lib_a-exit.o)
 .debug_frame   0x0000000000000bf0       0x20 c:/intelfpga_lite/18.0/nios2eds/bin/gnu/h-x86_64-mingw32/bin/../lib/gcc/nios2-elf/5.3.0/../../../../../H-x86_64-mingw32/nios2-elf/lib/mno-hw-mul\libc.a(lib_a-memcmp.o)
 .debug_frame   0x0000000000000c10       0x38 c:/intelfpga_lite/18.0/nios2eds/bin/gnu/h-x86_64-mingw32/bin/../lib/gcc/nios2-elf/5.3.0/../../../../../H-x86_64-mingw32/nios2-elf/lib/mno-hw-mul\libc.a(lib_a-__atexit.o)
 .debug_frame   0x0000000000000c48       0x54 c:/intelfpga_lite/18.0/nios2eds/bin/gnu/h-x86_64-mingw32/bin/../lib/gcc/nios2-elf/5.3.0/../../../../../H-x86_64-mingw32/nios2-elf/lib/mno-hw-mul\libc.a(lib_a-__call_atexit.o)
 .debug_frame   0x0000000000000c9c       0x20 c:/intelfpga_lite/18.0/nios2eds/bin/gnu/h-x86_64-mingw32/bin/../lib/gcc/nios2-elf/5.3.0/mno-hw-mul\libgcc.a(lib2-mul.o)
 .debug_frame   0x0000000000000cbc       0x2c ../firmware_bsp/\libhal_bsp.a(alt_exit.o)

.debug_str      0x0000000000000000     0x1df1
 *(.debug_str)
 .debug_str     0x0000000000000000      0x262 obj/default/main.o
                                        0x2e9 (size before relaxing)
 .debug_str     0x0000000000000262      0x16d c:/intelfpga_lite/18.0/nios2eds/bin/gnu/h-x86_64-mingw32/bin/../lib/gcc/nios2-elf/5.3.0/../../../../../H-x86_64-mingw32/nios2-elf/lib/mno-hw-mul\libc.a(lib_a-memcpy.o)
                                        0x20b (size before relaxing)
 .debug_str     0x00000000000003cf       0x51 c:/intelfpga_lite/18.0/nios2eds/bin/gnu/h-x86_64-mingw32/bin/../lib/gcc/nios2-elf/5.3.0/../../../../../H-x86_64-mingw32/nios2-elf/lib/mno-hw-mul\libc.a(lib_a-memset.o)
                                        0x1f8 (size before relaxing)
 .debug_str     0x0000000000000420       0x44 c:/intelfpga_lite/18.0/nios2eds/bin/gnu/h-x86_64-mingw32/bin/../lib/gcc/nios2-elf/5.3.0/../../../../../H-x86_64-mingw32/nios2-elf/lib/mno-hw-mul\libc.a(lib_a-strlen.o)
                                        0x1f7 (size before relaxing)
 .debug_str     0x0000000000000464      0x129 ../firmware_bsp/\libhal_bsp.a(alt_load.o)
                                        0x210 (size before relaxing)
 .debug_str     0x000000000000058d       0x65 ../firmware_bsp/\libhal_bsp.a(alt_main.o)
                                        0x1c4 (size before relaxing)
 .debug_str     0x00000000000005f2      0x19d ../firmware_bsp/\libhal_bsp.a(alt_sys_init.o)
                                        0x3dc (size before relaxing)
 .debug_str     0x000000000000078f       0xb2 ../firmware_bsp/\libhal_bsp.a(altera_avalon_jtag_uart_fd.o)
                                        0x3a2 (size before relaxing)
 .debug_str     0x0000000000000841       0xd1 ../firmware_bsp/\libhal_bsp.a(altera_avalon_jtag_uart_init.o)
                                        0x357 (size before relaxing)
 .debug_str     0x0000000000000912       0x4a ../firmware_bsp/\libhal_bsp.a(altera_avalon_jtag_uart_ioctl.o)
                                        0x291 (size before relaxing)
 .debug_str     0x000000000000095c       0x7f ../firmware_bsp/\libhal_bsp.a(altera_avalon_jtag_uart_read.o)
                                        0x307 (size before relaxing)
 .debug_str     0x00000000000009db       0x4a ../firmware_bsp/\libhal_bsp.a(altera_avalon_jtag_uart_write.o)
                                        0x308 (size before relaxing)
 .debug_str     0x0000000000000a25       0x6d ../firmware_bsp/\libhal_bsp.a(altera_avalon_timer_sc.o)
                                        0x26a (size before relaxing)
 .debug_str     0x0000000000000a92      0x138 ../firmware_bsp/\libhal_bsp.a(altera_up_avalon_accelerometer_spi.o)
                                        0x33f (size before relaxing)
 .debug_str     0x0000000000000bca       0x59 ../firmware_bsp/\libhal_bsp.a(alt_alarm_start.o)
                                        0x29d (size before relaxing)
 .debug_str     0x0000000000000c23       0x44 ../firmware_bsp/\libhal_bsp.a(alt_close.o)
                                        0x209 (size before relaxing)
 .debug_str     0x0000000000000c67       0x34 ../firmware_bsp/\libhal_bsp.a(alt_dcache_flush_all.o)
                                        0x153 (size before relaxing)
 .debug_str     0x0000000000000c9b      0x119 ../firmware_bsp/\libhal_bsp.a(alt_dev.o)
                                        0x303 (size before relaxing)
 .debug_str     0x0000000000000db4       0x34 ../firmware_bsp/\libhal_bsp.a(alt_dev_llist_insert.o)
                                        0x1ca (size before relaxing)
 .debug_str     0x0000000000000de8       0x48 ../firmware_bsp/\libhal_bsp.a(alt_do_ctors.o)
                                         0xce (size before relaxing)
 .debug_str     0x0000000000000e30       0x4c ../firmware_bsp/\libhal_bsp.a(alt_do_dtors.o)
                                         0xcd (size before relaxing)
 .debug_str     0x0000000000000e7c       0x14 ../firmware_bsp/\libhal_bsp.a(alt_errno.o)
                                        0x143 (size before relaxing)
 .debug_str     0x0000000000000e90       0x24 ../firmware_bsp/\libhal_bsp.a(alt_find_dev.o)
                                        0x1ea (size before relaxing)
 .debug_str     0x0000000000000eb4       0x34 ../firmware_bsp/\libhal_bsp.a(alt_icache_flush_all.o)
                                        0x153 (size before relaxing)
 .debug_str     0x0000000000000ee8       0x56 ../firmware_bsp/\libhal_bsp.a(alt_io_redirect.o)
                                        0x314 (size before relaxing)
 .debug_str     0x0000000000000f3e       0x77 ../firmware_bsp/\libhal_bsp.a(alt_irq_register.o)
                                        0x206 (size before relaxing)
 .debug_str     0x0000000000000fb5       0x17 ../firmware_bsp/\libhal_bsp.a(alt_irq_vars.o)
                                        0x138 (size before relaxing)
 .debug_str     0x0000000000000fcc       0x2f ../firmware_bsp/\libhal_bsp.a(alt_open.o)
                                        0x249 (size before relaxing)
 .debug_str     0x0000000000000ffb       0x28 ../firmware_bsp/\libhal_bsp.a(alt_release_fd.o)
                                        0x1d1 (size before relaxing)
 .debug_str     0x0000000000001023       0x4a ../firmware_bsp/\libhal_bsp.a(alt_tick.o)
                                        0x271 (size before relaxing)
 .debug_str     0x000000000000106d       0x3b ../firmware_bsp/\libhal_bsp.a(altera_nios2_gen2_irq.o)
                                        0x183 (size before relaxing)
 .debug_str     0x00000000000010a8       0x26 ../firmware_bsp/\libhal_bsp.a(alt_find_file.o)
                                        0x1f8 (size before relaxing)
 .debug_str     0x00000000000010ce       0x30 ../firmware_bsp/\libhal_bsp.a(alt_get_fd.o)
                                        0x21a (size before relaxing)
 .debug_str     0x00000000000010fe       0x3a ../firmware_bsp/\libhal_bsp.a(alt_irq_handler.o)
                                        0x1b6 (size before relaxing)
 .debug_str     0x0000000000001138      0x48b ../firmware_bsp/\libhal_bsp.a(alt_instruction_exception_entry.o)
                                        0x59e (size before relaxing)
 .debug_str     0x00000000000015c3      0x110 c:/intelfpga_lite/18.0/nios2eds/bin/gnu/h-x86_64-mingw32/bin/../lib/gcc/nios2-elf/5.3.0/../../../../../H-x86_64-mingw32/nios2-elf/lib/mno-hw-mul\libc.a(lib_a-atexit.o)
                                        0x221 (size before relaxing)
 .debug_str     0x00000000000016d3      0x3af c:/intelfpga_lite/18.0/nios2eds/bin/gnu/h-x86_64-mingw32/bin/../lib/gcc/nios2-elf/5.3.0/../../../../../H-x86_64-mingw32/nios2-elf/lib/mno-hw-mul\libc.a(lib_a-exit.o)
                                        0x5be (size before relaxing)
 .debug_str     0x0000000000001a82       0xd6 c:/intelfpga_lite/18.0/nios2eds/bin/gnu/h-x86_64-mingw32/bin/../lib/gcc/nios2-elf/5.3.0/../../../../../H-x86_64-mingw32/nios2-elf/lib/mno-hw-mul\libc.a(lib_a-impure.o)
                                        0x5b5 (size before relaxing)
 .debug_str     0x0000000000001b58       0x3f c:/intelfpga_lite/18.0/nios2eds/bin/gnu/h-x86_64-mingw32/bin/../lib/gcc/nios2-elf/5.3.0/../../../../../H-x86_64-mingw32/nios2-elf/lib/mno-hw-mul\libc.a(lib_a-int_errno.o)
                                        0x1dd (size before relaxing)
 .debug_str     0x0000000000001b97       0x44 c:/intelfpga_lite/18.0/nios2eds/bin/gnu/h-x86_64-mingw32/bin/../lib/gcc/nios2-elf/5.3.0/../../../../../H-x86_64-mingw32/nios2-elf/lib/mno-hw-mul\libc.a(lib_a-memcmp.o)
                                        0x1e4 (size before relaxing)
 .debug_str     0x0000000000001bdb       0x3f c:/intelfpga_lite/18.0/nios2eds/bin/gnu/h-x86_64-mingw32/bin/../lib/gcc/nios2-elf/5.3.0/../../../../../H-x86_64-mingw32/nios2-elf/lib/mno-hw-mul\libc.a(lib_a-__atexit.o)
                                        0x5f6 (size before relaxing)
 .debug_str     0x0000000000001c1a       0x65 c:/intelfpga_lite/18.0/nios2eds/bin/gnu/h-x86_64-mingw32/bin/../lib/gcc/nios2-elf/5.3.0/../../../../../H-x86_64-mingw32/nios2-elf/lib/mno-hw-mul\libc.a(lib_a-__call_atexit.o)
                                        0x5e2 (size before relaxing)
 .debug_str     0x0000000000001c7f      0x148 c:/intelfpga_lite/18.0/nios2eds/bin/gnu/h-x86_64-mingw32/bin/../lib/gcc/nios2-elf/5.3.0/mno-hw-mul\libgcc.a(lib2-mul.o)
                                        0x193 (size before relaxing)
 .debug_str     0x0000000000001dc7       0x2a ../firmware_bsp/\libhal_bsp.a(alt_exit.o)
                                        0x178 (size before relaxing)

.debug_loc      0x0000000000000000      0x9a9
 *(.debug_loc)
 .debug_loc     0x0000000000000000      0x266 c:/intelfpga_lite/18.0/nios2eds/bin/gnu/h-x86_64-mingw32/bin/../lib/gcc/nios2-elf/5.3.0/../../../../../H-x86_64-mingw32/nios2-elf/lib/mno-hw-mul\libc.a(lib_a-memcpy.o)
 .debug_loc     0x0000000000000266      0x1a6 c:/intelfpga_lite/18.0/nios2eds/bin/gnu/h-x86_64-mingw32/bin/../lib/gcc/nios2-elf/5.3.0/../../../../../H-x86_64-mingw32/nios2-elf/lib/mno-hw-mul\libc.a(lib_a-memset.o)
 .debug_loc     0x000000000000040c       0x47 c:/intelfpga_lite/18.0/nios2eds/bin/gnu/h-x86_64-mingw32/bin/../lib/gcc/nios2-elf/5.3.0/../../../../../H-x86_64-mingw32/nios2-elf/lib/mno-hw-mul\libc.a(lib_a-strlen.o)
 .debug_loc     0x0000000000000453       0x2c c:/intelfpga_lite/18.0/nios2eds/bin/gnu/h-x86_64-mingw32/bin/../lib/gcc/nios2-elf/5.3.0/../../../../../H-x86_64-mingw32/nios2-elf/lib/mno-hw-mul\libc.a(lib_a-atexit.o)
 .debug_loc     0x000000000000047f       0x1e c:/intelfpga_lite/18.0/nios2eds/bin/gnu/h-x86_64-mingw32/bin/../lib/gcc/nios2-elf/5.3.0/../../../../../H-x86_64-mingw32/nios2-elf/lib/mno-hw-mul\libc.a(lib_a-exit.o)
 .debug_loc     0x000000000000049d      0x126 c:/intelfpga_lite/18.0/nios2eds/bin/gnu/h-x86_64-mingw32/bin/../lib/gcc/nios2-elf/5.3.0/../../../../../H-x86_64-mingw32/nios2-elf/lib/mno-hw-mul\libc.a(lib_a-memcmp.o)
 .debug_loc     0x00000000000005c3      0x185 c:/intelfpga_lite/18.0/nios2eds/bin/gnu/h-x86_64-mingw32/bin/../lib/gcc/nios2-elf/5.3.0/../../../../../H-x86_64-mingw32/nios2-elf/lib/mno-hw-mul\libc.a(lib_a-__atexit.o)
 .debug_loc     0x0000000000000748      0x1ce c:/intelfpga_lite/18.0/nios2eds/bin/gnu/h-x86_64-mingw32/bin/../lib/gcc/nios2-elf/5.3.0/../../../../../H-x86_64-mingw32/nios2-elf/lib/mno-hw-mul\libc.a(lib_a-__call_atexit.o)
 .debug_loc     0x0000000000000916       0x93 c:/intelfpga_lite/18.0/nios2eds/bin/gnu/h-x86_64-mingw32/bin/../lib/gcc/nios2-elf/5.3.0/mno-hw-mul\libgcc.a(lib2-mul.o)

.debug_macinfo
 *(.debug_macinfo)

.debug_weaknames
 *(.debug_weaknames)

.debug_funcnames
 *(.debug_funcnames)

.debug_typenames
 *(.debug_typenames)

.debug_varnames
 *(.debug_varnames)

.debug_alt_sim_info
                0x0000000000000000       0x10
 *(.debug_alt_sim_info)
 .debug_alt_sim_info
                0x0000000000000000       0x10 ../firmware_bsp//obj/HAL/src/crt0.o
                0x0000000000020000                __alt_data_end = 0x20000
                0x0000000000020000                PROVIDE (__alt_stack_pointer, __alt_data_end)
                [!provide]                        PROVIDE (__alt_stack_limit, __alt_stack_base)
                [!provide]                        PROVIDE (__alt_heap_start, end)
                [!provide]                        PROVIDE (__alt_heap_limit, 0x20000)
OUTPUT(firmware.elf elf32-littlenios2)

.debug_ranges   0x0000000000000000      0x188
 .debug_ranges  0x0000000000000000       0x20 ../firmware_bsp//obj/HAL/src/crt0.o
 .debug_ranges  0x0000000000000020       0x10 c:/intelfpga_lite/18.0/nios2eds/bin/gnu/h-x86_64-mingw32/bin/../lib/gcc/nios2-elf/5.3.0/../../../../../H-x86_64-mingw32/nios2-elf/lib/mno-hw-mul\libc.a(lib_a-memcpy.o)
 .debug_ranges  0x0000000000000030       0x10 c:/intelfpga_lite/18.0/nios2eds/bin/gnu/h-x86_64-mingw32/bin/../lib/gcc/nios2-elf/5.3.0/../../../../../H-x86_64-mingw32/nios2-elf/lib/mno-hw-mul\libc.a(lib_a-memset.o)
 .debug_ranges  0x0000000000000040       0x10 c:/intelfpga_lite/18.0/nios2eds/bin/gnu/h-x86_64-mingw32/bin/../lib/gcc/nios2-elf/5.3.0/../../../../../H-x86_64-mingw32/nios2-elf/lib/mno-hw-mul\libc.a(lib_a-strlen.o)
 .debug_ranges  0x0000000000000050       0x30 ../firmware_bsp/\libhal_bsp.a(altera_avalon_jtag_uart_init.o)
 .debug_ranges  0x0000000000000080       0x18 ../firmware_bsp/\libhal_bsp.a(altera_avalon_jtag_uart_read.o)
 .debug_ranges  0x0000000000000098       0x28 ../firmware_bsp/\libhal_bsp.a(alt_irq_entry.o)
 .debug_ranges  0x00000000000000c0       0x10 ../firmware_bsp/\libhal_bsp.a(alt_irq_handler.o)
 .debug_ranges  0x00000000000000d0       0x30 ../firmware_bsp/\libhal_bsp.a(alt_exception_entry.o)
 .debug_ranges  0x0000000000000100       0x18 ../firmware_bsp/\libhal_bsp.a(alt_instruction_exception_entry.o)
 .debug_ranges  0x0000000000000118       0x10 c:/intelfpga_lite/18.0/nios2eds/bin/gnu/h-x86_64-mingw32/bin/../lib/gcc/nios2-elf/5.3.0/../../../../../H-x86_64-mingw32/nios2-elf/lib/mno-hw-mul\libc.a(lib_a-atexit.o)
 .debug_ranges  0x0000000000000128       0x10 c:/intelfpga_lite/18.0/nios2eds/bin/gnu/h-x86_64-mingw32/bin/../lib/gcc/nios2-elf/5.3.0/../../../../../H-x86_64-mingw32/nios2-elf/lib/mno-hw-mul\libc.a(lib_a-exit.o)
 .debug_ranges  0x0000000000000138       0x10 c:/intelfpga_lite/18.0/nios2eds/bin/gnu/h-x86_64-mingw32/bin/../lib/gcc/nios2-elf/5.3.0/../../../../../H-x86_64-mingw32/nios2-elf/lib/mno-hw-mul\libc.a(lib_a-memcmp.o)
 .debug_ranges  0x0000000000000148       0x10 c:/intelfpga_lite/18.0/nios2eds/bin/gnu/h-x86_64-mingw32/bin/../lib/gcc/nios2-elf/5.3.0/../../../../../H-x86_64-mingw32/nios2-elf/lib/mno-hw-mul\libc.a(lib_a-__atexit.o)
 .debug_ranges  0x0000000000000158       0x30 c:/intelfpga_lite/18.0/nios2eds/bin/gnu/h-x86_64-mingw32/bin/../lib/gcc/nios2-elf/5.3.0/../../../../../H-x86_64-mingw32/nios2-elf/lib/mno-hw-mul\libc.a(lib_a-__call_atexit.o)
