Flow report for sdram
Fri Feb 25 13:09:09 2022
Quartus Prime Version 18.0.0 Build 614 04/24/2018 SJ Lite Edition


---------------------
; Table of Contents ;
---------------------
  1. Legal Notice
  2. Flow Summary
  3. Flow Settings
  4. Flow Non-Default Global Settings
  5. Flow Elapsed Time
  6. Flow OS Summary
  7. Flow Log
  8. Flow Messages
  9. Flow Suppressed Messages



----------------
; Legal Notice ;
----------------
Copyright (C) 2018  Intel Corporation. All rights reserved.
Your use of Intel Corporation's design tools, logic functions 
and other software and tools, and its AMPP partner logic 
functions, and any output files from any of the foregoing 
(including device programming or simulation files), and any 
associated documentation or information are expressly subject 
to the terms and conditions of the Intel Program License 
Subscription Agreement, the Intel Quartus Prime License Agreement,
the Intel FPGA IP License Agreement, or other applicable license
agreement, including, without limitation, that your use is for
the sole purpose of programming logic devices manufactured by
Intel and sold by Intel or its authorized distributors.  Please
refer to the applicable agreement for further details.



+----------------------------------------------------------------------------------+
; Flow Summary                                                                     ;
+------------------------------------+---------------------------------------------+
; Flow Status                        ; Successful - Fri Feb 25 13:09:03 2022       ;
; Quartus Prime Version              ; 18.0.0 Build 614 04/24/2018 SJ Lite Edition ;
; Revision Name                      ; sdram                                       ;
; Top-level Entity Name              ; DE10_LITE_SDRAM_Nios_Test                   ;
; Family                             ; MAX 10                                      ;
; Device                             ; 10M50DAF484C6GES                            ;
; Timing Models                      ; Preliminary                                 ;
; Total logic elements               ; 3,177 / 49,760 ( 6 % )                      ;
;     Total combinational functions  ; 2,841 / 49,760 ( 6 % )                      ;
;     Dedicated logic registers      ; 1,959 / 49,760 ( 4 % )                      ;
; Total registers                    ; 2028                                        ;
; Total pins                         ; 187 / 360 ( 52 % )                          ;
; Total virtual pins                 ; 0                                           ;
; Total memory bits                  ; 11,264 / 1,677,312 ( < 1 % )                ;
; Embedded Multiplier 9-bit elements ; 0 / 288 ( 0 % )                             ;
; Total PLLs                         ; 1 / 4 ( 25 % )                              ;
; UFM blocks                         ; 0 / 1 ( 0 % )                               ;
; ADC blocks                         ; 0 / 2 ( 0 % )                               ;
+------------------------------------+---------------------------------------------+


+-----------------------------------------+
; Flow Settings                           ;
+-------------------+---------------------+
; Option            ; Setting             ;
+-------------------+---------------------+
; Start date & time ; 02/25/2022 13:06:16 ;
; Main task         ; Compilation         ;
; Revision Name     ; sdram               ;
+-------------------+---------------------+


+---------------------------------------------------------------------------------------------------------------------------------------+
; Flow Non-Default Global Settings                                                                                                      ;
+-------------------------------------+----------------------------------------+---------------+---------------------------+------------+
; Assignment Name                     ; Value                                  ; Default Value ; Entity Name               ; Section Id ;
+-------------------------------------+----------------------------------------+---------------+---------------------------+------------+
; COMPILER_SIGNATURE_ID               ; 134660531981041.164579437622036        ; --            ; --                        ; --         ;
; MAX_CORE_JUNCTION_TEMP              ; 85                                     ; --            ; --                        ; --         ;
; MIN_CORE_JUNCTION_TEMP              ; 0                                      ; --            ; --                        ; --         ;
; PARTITION_COLOR                     ; -- (Not supported for targeted family) ; --            ; DE10_LITE_SDRAM_Nios_Test ; Top        ;
; PARTITION_FITTER_PRESERVATION_LEVEL ; -- (Not supported for targeted family) ; --            ; DE10_LITE_SDRAM_Nios_Test ; Top        ;
; PARTITION_NETLIST_TYPE              ; -- (Not supported for targeted family) ; --            ; DE10_LITE_SDRAM_Nios_Test ; Top        ;
; POWER_BOARD_THERMAL_MODEL           ; None (CONSERVATIVE)                    ; --            ; --                        ; --         ;
; POWER_PRESET_COOLING_SOLUTION       ; 23 MM HEAT SINK WITH 200 LFPM AIRFLOW  ; --            ; --                        ; --         ;
; PROJECT_OUTPUT_DIRECTORY            ; output_files                           ; --            ; --                        ; --         ;
; TOP_LEVEL_ENTITY                    ; DE10_LITE_SDRAM_Nios_Test              ; sdram         ; --                        ; --         ;
+-------------------------------------+----------------------------------------+---------------+---------------------------+------------+


+--------------------------------------------------------------------------------------------------------------------------+
; Flow Elapsed Time                                                                                                        ;
+----------------------+--------------+-------------------------+---------------------+------------------------------------+
; Module Name          ; Elapsed Time ; Average Processors Used ; Peak Virtual Memory ; Total CPU Time (on all processors) ;
+----------------------+--------------+-------------------------+---------------------+------------------------------------+
; Analysis & Synthesis ; 00:02:20     ; 1.0                     ; 4979 MB             ; 00:02:19                           ;
; Fitter               ; 00:00:20     ; 1.5                     ; 5842 MB             ; 00:00:37                           ;
; Assembler            ; 00:00:03     ; 1.0                     ; 4695 MB             ; 00:00:03                           ;
; Timing Analyzer      ; 00:00:05     ; 2.1                     ; 4882 MB             ; 00:00:09                           ;
; Total                ; 00:02:48     ; --                      ; --                  ; 00:03:08                           ;
+----------------------+--------------+-------------------------+---------------------+------------------------------------+


+------------------------------------------------------------------------------------+
; Flow OS Summary                                                                    ;
+----------------------+------------------+------------+------------+----------------+
; Module Name          ; Machine Hostname ; OS Name    ; OS Version ; Processor type ;
+----------------------+------------------+------------+------------+----------------+
; Analysis & Synthesis ; Razer-Blade-15   ; Windows 10 ; 10.0       ; x86_64         ;
; Fitter               ; Razer-Blade-15   ; Windows 10 ; 10.0       ; x86_64         ;
; Assembler            ; Razer-Blade-15   ; Windows 10 ; 10.0       ; x86_64         ;
; Timing Analyzer      ; Razer-Blade-15   ; Windows 10 ; 10.0       ; x86_64         ;
+----------------------+------------------+------------+------------+----------------+


------------
; Flow Log ;
------------
quartus_map --read_settings_files=on --write_settings_files=off sdram -c sdram
quartus_fit --read_settings_files=off --write_settings_files=off sdram -c sdram
quartus_asm --read_settings_files=off --write_settings_files=off sdram -c sdram
quartus_sta sdram -c sdram



